=== RUN   TestAccMemberResource_SnmpSetting
=== PAUSE TestAccMemberResource_SnmpSetting
=== CONT  TestAccMemberResource_SnmpSetting
2026-03-03T16:32:16.338+0530 [DEBUG] sdk.helper_resource: Starting TestCase: test_name=TestAccMemberResource_SnmpSetting
2026-03-03T16:32:16.339+0530 [DEBUG] sdk.helper_resource: Calling TestCase PreCheck: test_name=TestAccMemberResource_SnmpSetting
2026-03-03T16:32:16.339+0530 [DEBUG] sdk.helper_resource: Called TestCase PreCheck: test_name=TestAccMemberResource_SnmpSetting
2026-03-03T16:32:16.339+0530 [DEBUG] sdk.helper_resource: Found Terraform CLI: test_name=TestAccMemberResource_SnmpSetting test_terraform_path=/usr/local/bin/terraform
2026-03-03T16:32:16.667+0530 [DEBUG] sdk.helper_resource: Starting TestStep: test_name=TestAccMemberResource_SnmpSetting test_terraform_path=/usr/local/bin/terraform test_working_directory=/var/folders/6m/7j_mmff502l5vfc9jp_db0l40000gp/T/plugintest2853927804 test_step_number=1
2026-03-03T16:32:16.668+0530 [DEBUG] sdk.helper_resource: Running Terraform CLI plan and apply: test_name=TestAccMemberResource_SnmpSetting test_terraform_path=/usr/local/bin/terraform test_working_directory=/var/folders/6m/7j_mmff502l5vfc9jp_db0l40000gp/T/plugintest2853927804 test_step_number=1
2026/03/03 16:32:16 
GET /wapi/v2.13.6/extensibleattributedef?_return_as_object=1&_return_fields%2B=allowed_object_types%2Ccomment%2Cdefault_value%2Cflags%2Clist_values%2Cmax%2Cmin%2Cname%2Cnamespace%2Ctype&name=Terraform+Internal+ID HTTP/1.1
Host: 172.28.83.110
User-Agent: nios-golang-sdk/0.1
Accept: application/json
X-Infoblox-Client: terraform/test#test
X-Infoblox-Sdk: golang-sdk
Accept-Encoding: gzip


2026/03/03 16:32:17 
HTTP/1.1 200 OK
Connection: close
Transfer-Encoding: chunked
Cache-Control: no-cache, no-store
Content-Security-Policy: default-src 'self' blob: *.splunk.com img-src 'self' 'unsafe-inline' 'unsafe-eval' data: https: style-src 'self' 'unsafe-inline' 'unsafe-eval'
Content-Type: application/json
Date: Tue, 03 Mar 2026 11:02:16 GMT
Pragma: no-cache
Referrer-Policy: no-referrer-when-downgrade
Server: Apache
Set-Cookie: ibapauth="ctime=1772535736,user=admin,group=admin-group,auth=LOCAL,client=API,mtime=1772535736,su=1,ip=10.195.21.137,timeout=3600,FmqkkC9FNmAsTE2ywZJf4Aoh4JAu9U9GAZ8"; HttpOnly; Path=/; secure; SameSite=Lax
Strict-Transport-Security: max-age=31536000; includeSubDomains
X-Content-Type-Options: nosniff
X-Frame-Options: SAMEORIGIN
X-Xss-Protection: 1; mode=block

144
{"result": [{"_ref": "extensibleattributedef/b25lLmV4dGVuc2libGVfYXR0cmlidXRlc19kZWYkLlRlcnJhZm9ybSBJbnRlcm5hbCBJRA:Terraform%20Internal%20ID", "comment": "Internal ID for Terraform Resource", "default_value": null, "flags": "CR", "list_values": [], "name": "Terraform Internal ID", "namespace": "CLOUD", "type": "STRING"}]}
0


2026-03-03T16:32:17.605+0530 [DEBUG] sdk.framework: Marking Computed attributes with null configuration values as unknown (known after apply) in the plan to prevent potential Terraform errors: tf_req_id=31ffcb89-c767-d412-50ac-020784728ccc tf_provider_addr=registry.terraform.io/hashicorp/nios tf_rpc=PlanResourceChange tf_resource_type=nios_grid_member
2026-03-03T16:32:17.605+0530 [DEBUG] sdk.framework: marking computed attribute that is null in the config as unknown: tf_rpc=PlanResourceChange tf_resource_type=nios_grid_member tf_req_id=31ffcb89-c767-d412-50ac-020784728ccc tf_attribute_path="AttributeName(\"ipv6_setting\").AttributeName(\"virtual_ip\")" tf_provider_addr=registry.terraform.io/hashicorp/nios
2026-03-03T16:32:17.605+0530 [DEBUG] sdk.framework: marking computed attribute that is null in the config as unknown: tf_provider_addr=registry.terraform.io/hashicorp/nios tf_rpc=PlanResourceChange tf_resource_type=nios_grid_member tf_req_id=31ffcb89-c767-d412-50ac-020784728ccc tf_attribute_path="AttributeName(\"ipv6_setting\").AttributeName(\"gateway\")"
2026-03-03T16:32:17.605+0530 [DEBUG] sdk.framework: marking computed attribute that is null in the config as unknown: tf_rpc=PlanResourceChange tf_resource_type=nios_grid_member tf_req_id=31ffcb89-c767-d412-50ac-020784728ccc tf_attribute_path="AttributeName(\"syslog_proxy_setting\")" tf_provider_addr=registry.terraform.io/hashicorp/nios
2026-03-03T16:32:17.605+0530 [DEBUG] sdk.framework: marking computed attribute that is null in the config as unknown: tf_rpc=PlanResourceChange tf_resource_type=nios_grid_member tf_req_id=31ffcb89-c767-d412-50ac-020784728ccc tf_attribute_path="AttributeName(\"mgmt_port_setting\")" tf_provider_addr=registry.terraform.io/hashicorp/nios
2026-03-03T16:32:17.605+0530 [DEBUG] sdk.framework: marking computed attribute that is null in the config as unknown: tf_req_id=31ffcb89-c767-d412-50ac-020784728ccc tf_attribute_path="AttributeName(\"node_info\")" tf_provider_addr=registry.terraform.io/hashicorp/nios tf_rpc=PlanResourceChange tf_resource_type=nios_grid_member
2026-03-03T16:32:17.605+0530 [DEBUG] sdk.framework: marking computed attribute that is null in the config as unknown: tf_attribute_path="AttributeName(\"dns_resolver_setting\")" tf_provider_addr=registry.terraform.io/hashicorp/nios tf_rpc=PlanResourceChange tf_resource_type=nios_grid_member tf_req_id=31ffcb89-c767-d412-50ac-020784728ccc
2026-03-03T16:32:17.605+0530 [DEBUG] sdk.framework: marking computed attribute that is null in the config as unknown: tf_req_id=31ffcb89-c767-d412-50ac-020784728ccc tf_attribute_path="AttributeName(\"lom_users\")" tf_provider_addr=registry.terraform.io/hashicorp/nios tf_rpc=PlanResourceChange tf_resource_type=nios_grid_member
2026-03-03T16:32:17.605+0530 [DEBUG] sdk.framework: marking computed attribute that is null in the config as unknown: tf_rpc=PlanResourceChange tf_resource_type=nios_grid_member tf_req_id=31ffcb89-c767-d412-50ac-020784728ccc tf_attribute_path="AttributeName(\"traffic_capture_rec_dns_setting\")" tf_provider_addr=registry.terraform.io/hashicorp/nios
2026-03-03T16:32:17.605+0530 [DEBUG] sdk.framework: marking computed attribute that is null in the config as unknown: tf_attribute_path="AttributeName(\"static_routes\")" tf_provider_addr=registry.terraform.io/hashicorp/nios tf_rpc=PlanResourceChange tf_resource_type=nios_grid_member tf_req_id=31ffcb89-c767-d412-50ac-020784728ccc
2026-03-03T16:32:17.605+0530 [DEBUG] sdk.framework: marking computed attribute that is null in the config as unknown: tf_rpc=PlanResourceChange tf_resource_type=nios_grid_member tf_req_id=31ffcb89-c767-d412-50ac-020784728ccc tf_attribute_path="AttributeName(\"ntp_setting\")" tf_provider_addr=registry.terraform.io/hashicorp/nios
2026-03-03T16:32:17.605+0530 [DEBUG] sdk.framework: marking computed attribute that is null in the config as unknown: tf_resource_type=nios_grid_member tf_req_id=31ffcb89-c767-d412-50ac-020784728ccc tf_attribute_path="AttributeName(\"trap_notifications\")" tf_provider_addr=registry.terraform.io/hashicorp/nios tf_rpc=PlanResourceChange
2026-03-03T16:32:17.605+0530 [DEBUG] sdk.framework: marking computed attribute that is null in the config as unknown: tf_resource_type=nios_grid_member tf_req_id=31ffcb89-c767-d412-50ac-020784728ccc tf_attribute_path="AttributeName(\"snmp_setting\").AttributeName(\"snmpv3_queries_users\")" tf_provider_addr=registry.terraform.io/hashicorp/nios tf_rpc=PlanResourceChange
2026-03-03T16:32:17.605+0530 [DEBUG] sdk.framework: marking computed attribute that is null in the config as unknown: tf_attribute_path="AttributeName(\"snmp_setting\").AttributeName(\"sysname\")" tf_provider_addr=registry.terraform.io/hashicorp/nios tf_rpc=PlanResourceChange tf_resource_type=nios_grid_member tf_req_id=31ffcb89-c767-d412-50ac-020784728ccc
2026-03-03T16:32:17.605+0530 [DEBUG] sdk.framework: marking computed attribute that is null in the config as unknown: tf_resource_type=nios_grid_member tf_req_id=31ffcb89-c767-d412-50ac-020784728ccc tf_attribute_path="AttributeName(\"snmp_setting\").AttributeName(\"trap_receivers\")" tf_provider_addr=registry.terraform.io/hashicorp/nios tf_rpc=PlanResourceChange
2026-03-03T16:32:17.605+0530 [DEBUG] sdk.framework: marking computed attribute that is null in the config as unknown: tf_resource_type=nios_grid_member tf_req_id=31ffcb89-c767-d412-50ac-020784728ccc tf_attribute_path="AttributeName(\"snmp_setting\").AttributeName(\"traps_community_string\")" tf_provider_addr=registry.terraform.io/hashicorp/nios tf_rpc=PlanResourceChange
2026-03-03T16:32:17.605+0530 [DEBUG] sdk.framework: marking computed attribute that is null in the config as unknown: tf_resource_type=nios_grid_member tf_req_id=31ffcb89-c767-d412-50ac-020784728ccc tf_attribute_path="AttributeName(\"snmp_setting\").AttributeName(\"syslocation\")" tf_provider_addr=registry.terraform.io/hashicorp/nios tf_rpc=PlanResourceChange
2026-03-03T16:32:17.605+0530 [DEBUG] sdk.framework: marking computed attribute that is null in the config as unknown: tf_attribute_path="AttributeName(\"snmp_setting\").AttributeName(\"queries_community_string\")" tf_provider_addr=registry.terraform.io/hashicorp/nios tf_rpc=PlanResourceChange tf_resource_type=nios_grid_member tf_req_id=31ffcb89-c767-d412-50ac-020784728ccc
2026-03-03T16:32:17.605+0530 [DEBUG] sdk.framework: marking computed attribute that is null in the config as unknown: tf_rpc=PlanResourceChange tf_resource_type=nios_grid_member tf_req_id=31ffcb89-c767-d412-50ac-020784728ccc tf_attribute_path="AttributeName(\"snmp_setting\").AttributeName(\"sysdescr\")" tf_provider_addr=registry.terraform.io/hashicorp/nios
2026-03-03T16:32:17.605+0530 [DEBUG] sdk.framework: marking computed attribute that is null in the config as unknown: tf_rpc=PlanResourceChange tf_resource_type=nios_grid_member tf_req_id=31ffcb89-c767-d412-50ac-020784728ccc tf_attribute_path="AttributeName(\"snmp_setting\").AttributeName(\"syscontact\")" tf_provider_addr=registry.terraform.io/hashicorp/nios
2026-03-03T16:32:17.605+0530 [DEBUG] sdk.framework: marking computed attribute that is null in the config as unknown: tf_req_id=31ffcb89-c767-d412-50ac-020784728ccc tf_attribute_path="AttributeName(\"snmp_setting\").AttributeName(\"engine_id\")" tf_provider_addr=registry.terraform.io/hashicorp/nios tf_rpc=PlanResourceChange tf_resource_type=nios_grid_member
2026-03-03T16:32:17.605+0530 [DEBUG] sdk.framework: marking computed attribute that is null in the config as unknown: tf_rpc=PlanResourceChange tf_resource_type=nios_grid_member tf_req_id=31ffcb89-c767-d412-50ac-020784728ccc tf_attribute_path="AttributeName(\"csp_access_key\")" tf_provider_addr=registry.terraform.io/hashicorp/nios
2026-03-03T16:32:17.605+0530 [DEBUG] sdk.framework: marking computed attribute that is null in the config as unknown: tf_rpc=PlanResourceChange tf_resource_type=nios_grid_member tf_req_id=31ffcb89-c767-d412-50ac-020784728ccc tf_attribute_path="AttributeName(\"mmdb_geoip_build_time\")" tf_provider_addr=registry.terraform.io/hashicorp/nios
2026-03-03T16:32:17.605+0530 [DEBUG] sdk.framework: marking computed attribute that is null in the config as unknown: tf_provider_addr=registry.terraform.io/hashicorp/nios tf_rpc=PlanResourceChange tf_resource_type=nios_grid_member tf_req_id=31ffcb89-c767-d412-50ac-020784728ccc tf_attribute_path="AttributeName(\"automated_traffic_capture_setting\")"
2026-03-03T16:32:17.605+0530 [DEBUG] sdk.framework: marking computed attribute that is null in the config as unknown: tf_attribute_path="AttributeName(\"pre_provisioning\")" tf_provider_addr=registry.terraform.io/hashicorp/nios tf_rpc=PlanResourceChange tf_resource_type=nios_grid_member tf_req_id=31ffcb89-c767-d412-50ac-020784728ccc
2026-03-03T16:32:17.605+0530 [DEBUG] sdk.framework: marking computed attribute that is null in the config as unknown: tf_resource_type=nios_grid_member tf_req_id=31ffcb89-c767-d412-50ac-020784728ccc tf_attribute_path="AttributeName(\"traffic_capture_auth_dns_setting\")" tf_provider_addr=registry.terraform.io/hashicorp/nios tf_rpc=PlanResourceChange
2026-03-03T16:32:17.605+0530 [DEBUG] sdk.framework: marking computed attribute that is null in the config as unknown: tf_attribute_path="AttributeName(\"mmdb_ea_build_time\")" tf_provider_addr=registry.terraform.io/hashicorp/nios tf_rpc=PlanResourceChange tf_resource_type=nios_grid_member tf_req_id=31ffcb89-c767-d412-50ac-020784728ccc
2026-03-03T16:32:17.605+0530 [DEBUG] sdk.framework: marking computed attribute that is null in the config as unknown: tf_provider_addr=registry.terraform.io/hashicorp/nios tf_rpc=PlanResourceChange tf_resource_type=nios_grid_member tf_req_id=31ffcb89-c767-d412-50ac-020784728ccc tf_attribute_path="AttributeName(\"external_syslog_backup_servers\")"
2026-03-03T16:32:17.605+0530 [DEBUG] sdk.framework: marking computed attribute that is null in the config as unknown: tf_provider_addr=registry.terraform.io/hashicorp/nios tf_rpc=PlanResourceChange tf_resource_type=nios_grid_member tf_req_id=31ffcb89-c767-d412-50ac-020784728ccc tf_attribute_path="AttributeName(\"csp_member_setting\")"
2026-03-03T16:32:17.605+0530 [DEBUG] sdk.framework: marking computed attribute that is null in the config as unknown: tf_provider_addr=registry.terraform.io/hashicorp/nios tf_rpc=PlanResourceChange tf_resource_type=nios_grid_member tf_req_id=31ffcb89-c767-d412-50ac-020784728ccc tf_attribute_path="AttributeName(\"ipv6_static_routes\")"
2026-03-03T16:32:17.605+0530 [DEBUG] sdk.framework: marking computed attribute that is null in the config as unknown: tf_attribute_path="AttributeName(\"ref\")" tf_provider_addr=registry.terraform.io/hashicorp/nios tf_rpc=PlanResourceChange tf_resource_type=nios_grid_member tf_req_id=31ffcb89-c767-d412-50ac-020784728ccc
2026-03-03T16:32:17.605+0530 [DEBUG] sdk.framework: marking computed attribute that is null in the config as unknown: tf_rpc=PlanResourceChange tf_resource_type=nios_grid_member tf_req_id=31ffcb89-c767-d412-50ac-020784728ccc tf_attribute_path="AttributeName(\"vip_setting\").AttributeName(\"lan_gateway\")" tf_provider_addr=registry.terraform.io/hashicorp/nios
2026-03-03T16:32:17.605+0530 [DEBUG] sdk.framework: marking computed attribute that is null in the config as unknown: tf_resource_type=nios_grid_member tf_req_id=31ffcb89-c767-d412-50ac-020784728ccc tf_attribute_path="AttributeName(\"vip_setting\").AttributeName(\"lan_subnet_mask\")" tf_provider_addr=registry.terraform.io/hashicorp/nios tf_rpc=PlanResourceChange
2026-03-03T16:32:17.605+0530 [DEBUG] sdk.framework: marking computed attribute that is null in the config as unknown: tf_req_id=31ffcb89-c767-d412-50ac-020784728ccc tf_attribute_path="AttributeName(\"lom_network_config\")" tf_provider_addr=registry.terraform.io/hashicorp/nios tf_rpc=PlanResourceChange tf_resource_type=nios_grid_member
2026-03-03T16:32:17.605+0530 [DEBUG] sdk.framework: marking computed attribute that is null in the config as unknown: tf_rpc=PlanResourceChange tf_resource_type=nios_grid_member tf_req_id=31ffcb89-c767-d412-50ac-020784728ccc tf_attribute_path="AttributeName(\"additional_ip_list\")" tf_provider_addr=registry.terraform.io/hashicorp/nios
2026-03-03T16:32:17.605+0530 [DEBUG] sdk.framework: marking computed attribute that is null in the config as unknown: tf_resource_type=nios_grid_member tf_req_id=31ffcb89-c767-d412-50ac-020784728ccc tf_attribute_path="AttributeName(\"email_setting\")" tf_provider_addr=registry.terraform.io/hashicorp/nios tf_rpc=PlanResourceChange
2026-03-03T16:32:17.605+0530 [DEBUG] sdk.framework: marking computed attribute that is null in the config as unknown: tf_rpc=PlanResourceChange tf_resource_type=nios_grid_member tf_req_id=31ffcb89-c767-d412-50ac-020784728ccc tf_attribute_path="AttributeName(\"traffic_capture_rec_queries_setting\")" tf_provider_addr=registry.terraform.io/hashicorp/nios
2026-03-03T16:32:17.605+0530 [DEBUG] sdk.framework: marking computed attribute that is null in the config as unknown: tf_rpc=PlanResourceChange tf_resource_type=nios_grid_member tf_req_id=31ffcb89-c767-d412-50ac-020784728ccc tf_attribute_path="AttributeName(\"ospf_list\")" tf_provider_addr=registry.terraform.io/hashicorp/nios
2026-03-03T16:32:17.605+0530 [DEBUG] sdk.framework: marking computed attribute that is null in the config as unknown: tf_attribute_path="AttributeName(\"service_status\")" tf_provider_addr=registry.terraform.io/hashicorp/nios tf_rpc=PlanResourceChange tf_resource_type=nios_grid_member tf_req_id=31ffcb89-c767-d412-50ac-020784728ccc
2026-03-03T16:32:17.605+0530 [DEBUG] sdk.framework: marking computed attribute that is null in the config as unknown: tf_attribute_path="AttributeName(\"active_position\")" tf_provider_addr=registry.terraform.io/hashicorp/nios tf_rpc=PlanResourceChange tf_resource_type=nios_grid_member tf_req_id=31ffcb89-c767-d412-50ac-020784728ccc
2026-03-03T16:32:17.605+0530 [DEBUG] sdk.framework: marking computed attribute that is null in the config as unknown: tf_resource_type=nios_grid_member tf_req_id=31ffcb89-c767-d412-50ac-020784728ccc tf_attribute_path="AttributeName(\"support_access_info\")" tf_provider_addr=registry.terraform.io/hashicorp/nios tf_rpc=PlanResourceChange
2026-03-03T16:32:17.605+0530 [DEBUG] sdk.framework: marking computed attribute that is null in the config as unknown: tf_provider_addr=registry.terraform.io/hashicorp/nios tf_rpc=PlanResourceChange tf_resource_type=nios_grid_member tf_req_id=31ffcb89-c767-d412-50ac-020784728ccc tf_attribute_path="AttributeName(\"bgp_as\")"
2026-03-03T16:32:17.605+0530 [DEBUG] sdk.framework: marking computed attribute that is null in the config as unknown: tf_rpc=PlanResourceChange tf_resource_type=nios_grid_member tf_req_id=31ffcb89-c767-d412-50ac-020784728ccc tf_attribute_path="AttributeName(\"threshold_traps\")" tf_provider_addr=registry.terraform.io/hashicorp/nios
2026-03-03T16:32:17.605+0530 [DEBUG] sdk.framework: marking computed attribute that is null in the config as unknown: tf_rpc=PlanResourceChange tf_resource_type=nios_grid_member tf_req_id=31ffcb89-c767-d412-50ac-020784728ccc tf_attribute_path="AttributeName(\"extattrs_all\")" tf_provider_addr=registry.terraform.io/hashicorp/nios
2026-03-03T16:32:17.605+0530 [DEBUG] sdk.framework: marking computed attribute that is null in the config as unknown: tf_rpc=PlanResourceChange tf_resource_type=nios_grid_member tf_req_id=31ffcb89-c767-d412-50ac-020784728ccc tf_attribute_path="AttributeName(\"lan2_port_setting\")" tf_provider_addr=registry.terraform.io/hashicorp/nios
2026-03-03T16:32:17.605+0530 [DEBUG] sdk.framework: marking computed attribute that is null in the config as unknown: tf_req_id=31ffcb89-c767-d412-50ac-020784728ccc tf_attribute_path="AttributeName(\"member_service_communication\")" tf_provider_addr=registry.terraform.io/hashicorp/nios tf_rpc=PlanResourceChange tf_resource_type=nios_grid_member
2026-03-03T16:32:17.605+0530 [DEBUG] sdk.framework: marking computed attribute that is null in the config as unknown: tf_provider_addr=registry.terraform.io/hashicorp/nios tf_rpc=PlanResourceChange tf_resource_type=nios_grid_member tf_req_id=31ffcb89-c767-d412-50ac-020784728ccc tf_attribute_path="AttributeName(\"traffic_capture_qps_setting\")"
2026-03-03T16:32:17.605+0530 [DEBUG] sdk.framework: marking computed attribute that is null in the config as unknown: tf_attribute_path="AttributeName(\"ha_cloud_platform\")" tf_provider_addr=registry.terraform.io/hashicorp/nios tf_rpc=PlanResourceChange tf_resource_type=nios_grid_member tf_req_id=31ffcb89-c767-d412-50ac-020784728ccc
2026-03-03T16:32:17.605+0530 [DEBUG] sdk.framework: marking computed attribute that is null in the config as unknown: tf_attribute_path="AttributeName(\"syslog_servers\")" tf_provider_addr=registry.terraform.io/hashicorp/nios tf_rpc=PlanResourceChange tf_resource_type=nios_grid_member tf_req_id=31ffcb89-c767-d412-50ac-020784728ccc
2026-03-03T16:32:17.605+0530 [DEBUG] sdk.framework: marking computed attribute that is null in the config as unknown: tf_req_id=31ffcb89-c767-d412-50ac-020784728ccc tf_attribute_path="AttributeName(\"traffic_capture_chr_setting\")" tf_provider_addr=registry.terraform.io/hashicorp/nios tf_rpc=PlanResourceChange tf_resource_type=nios_grid_member
2026-03-03T16:32:17.605+0530 [DEBUG] sdk.framework: marking computed attribute that is null in the config as unknown: tf_provider_addr=registry.terraform.io/hashicorp/nios tf_rpc=PlanResourceChange tf_resource_type=nios_grid_member tf_req_id=31ffcb89-c767-d412-50ac-020784728ccc tf_attribute_path="AttributeName(\"is_dscp_capable\")"
2026-03-03T16:32:17.605+0530 [DEBUG] sdk.framework: marking computed attribute that is null in the config as unknown: tf_req_id=31ffcb89-c767-d412-50ac-020784728ccc tf_attribute_path="AttributeName(\"nat_setting\")" tf_provider_addr=registry.terraform.io/hashicorp/nios tf_rpc=PlanResourceChange tf_resource_type=nios_grid_member
2026/03/03 16:32:17 
GET /wapi/v2.13.6/extensibleattributedef?_return_as_object=1&_return_fields%2B=allowed_object_types%2Ccomment%2Cdefault_value%2Cflags%2Clist_values%2Cmax%2Cmin%2Cname%2Cnamespace%2Ctype&name=Terraform+Internal+ID HTTP/1.1
Host: 172.28.83.110
User-Agent: nios-golang-sdk/0.1
Accept: application/json
X-Infoblox-Client: terraform/test#test
X-Infoblox-Sdk: golang-sdk
Accept-Encoding: gzip


2026/03/03 16:32:19 
HTTP/1.1 200 OK
Connection: close
Transfer-Encoding: chunked
Cache-Control: no-cache, no-store
Content-Security-Policy: default-src 'self' blob: *.splunk.com img-src 'self' 'unsafe-inline' 'unsafe-eval' data: https: style-src 'self' 'unsafe-inline' 'unsafe-eval'
Content-Type: application/json
Date: Tue, 03 Mar 2026 11:02:18 GMT
Pragma: no-cache
Referrer-Policy: no-referrer-when-downgrade
Server: Apache
Set-Cookie: ibapauth="ctime=1772535738,user=admin,group=admin-group,auth=LOCAL,client=API,mtime=1772535738,su=1,ip=10.195.21.137,timeout=3600,6b3vztCSVBrzgkVJaqEKEd8sxQXfPhJmQcg"; HttpOnly; Path=/; secure; SameSite=Lax
Strict-Transport-Security: max-age=31536000; includeSubDomains
X-Content-Type-Options: nosniff
X-Frame-Options: SAMEORIGIN
X-Xss-Protection: 1; mode=block

144
{"result": [{"_ref": "extensibleattributedef/b25lLmV4dGVuc2libGVfYXR0cmlidXRlc19kZWYkLlRlcnJhZm9ybSBJbnRlcm5hbCBJRA:Terraform%20Internal%20ID", "comment": "Internal ID for Terraform Resource", "default_value": null, "flags": "CR", "list_values": [], "name": "Terraform Internal ID", "namespace": "CLOUD", "type": "STRING"}]}
0


2026-03-03T16:32:19.991+0530 [DEBUG] sdk.framework: Marking Computed attributes with null configuration values as unknown (known after apply) in the plan to prevent potential Terraform errors: tf_provider_addr=registry.terraform.io/hashicorp/nios tf_rpc=PlanResourceChange tf_resource_type=nios_grid_member tf_req_id=df332ba3-ec88-45ea-4ba3-c61541171433
2026-03-03T16:32:19.991+0530 [DEBUG] sdk.framework: marking computed attribute that is null in the config as unknown: tf_req_id=df332ba3-ec88-45ea-4ba3-c61541171433 tf_provider_addr=registry.terraform.io/hashicorp/nios tf_rpc=PlanResourceChange tf_resource_type=nios_grid_member tf_attribute_path="AttributeName(\"dns_resolver_setting\")"
2026-03-03T16:32:19.991+0530 [DEBUG] sdk.framework: marking computed attribute that is null in the config as unknown: tf_provider_addr=registry.terraform.io/hashicorp/nios tf_rpc=PlanResourceChange tf_resource_type=nios_grid_member tf_attribute_path="AttributeName(\"csp_member_setting\")" tf_req_id=df332ba3-ec88-45ea-4ba3-c61541171433
2026-03-03T16:32:19.991+0530 [DEBUG] sdk.framework: marking computed attribute that is null in the config as unknown: tf_resource_type=nios_grid_member tf_attribute_path="AttributeName(\"traffic_capture_qps_setting\")" tf_req_id=df332ba3-ec88-45ea-4ba3-c61541171433 tf_provider_addr=registry.terraform.io/hashicorp/nios tf_rpc=PlanResourceChange
2026-03-03T16:32:19.991+0530 [DEBUG] sdk.framework: marking computed attribute that is null in the config as unknown: tf_rpc=PlanResourceChange tf_resource_type=nios_grid_member tf_attribute_path="AttributeName(\"threshold_traps\")" tf_req_id=df332ba3-ec88-45ea-4ba3-c61541171433 tf_provider_addr=registry.terraform.io/hashicorp/nios
2026-03-03T16:32:19.991+0530 [DEBUG] sdk.framework: marking computed attribute that is null in the config as unknown: tf_resource_type=nios_grid_member tf_attribute_path="AttributeName(\"bgp_as\")" tf_req_id=df332ba3-ec88-45ea-4ba3-c61541171433 tf_provider_addr=registry.terraform.io/hashicorp/nios tf_rpc=PlanResourceChange
2026-03-03T16:32:19.991+0530 [DEBUG] sdk.framework: marking computed attribute that is null in the config as unknown: tf_provider_addr=registry.terraform.io/hashicorp/nios tf_rpc=PlanResourceChange tf_resource_type=nios_grid_member tf_attribute_path="AttributeName(\"service_status\")" tf_req_id=df332ba3-ec88-45ea-4ba3-c61541171433
2026-03-03T16:32:19.991+0530 [DEBUG] sdk.framework: marking computed attribute that is null in the config as unknown: tf_provider_addr=registry.terraform.io/hashicorp/nios tf_rpc=PlanResourceChange tf_resource_type=nios_grid_member tf_attribute_path="AttributeName(\"lom_users\")" tf_req_id=df332ba3-ec88-45ea-4ba3-c61541171433
2026-03-03T16:32:19.991+0530 [DEBUG] sdk.framework: marking computed attribute that is null in the config as unknown: tf_provider_addr=registry.terraform.io/hashicorp/nios tf_rpc=PlanResourceChange tf_resource_type=nios_grid_member tf_attribute_path="AttributeName(\"ipv6_static_routes\")" tf_req_id=df332ba3-ec88-45ea-4ba3-c61541171433
2026-03-03T16:32:19.991+0530 [DEBUG] sdk.framework: marking computed attribute that is null in the config as unknown: tf_attribute_path="AttributeName(\"traffic_capture_rec_dns_setting\")" tf_req_id=df332ba3-ec88-45ea-4ba3-c61541171433 tf_provider_addr=registry.terraform.io/hashicorp/nios tf_rpc=PlanResourceChange tf_resource_type=nios_grid_member
2026-03-03T16:32:19.991+0530 [DEBUG] sdk.framework: marking computed attribute that is null in the config as unknown: tf_resource_type=nios_grid_member tf_attribute_path="AttributeName(\"static_routes\")" tf_req_id=df332ba3-ec88-45ea-4ba3-c61541171433 tf_provider_addr=registry.terraform.io/hashicorp/nios tf_rpc=PlanResourceChange
2026-03-03T16:32:19.991+0530 [DEBUG] sdk.framework: marking computed attribute that is null in the config as unknown: tf_rpc=PlanResourceChange tf_resource_type=nios_grid_member tf_attribute_path="AttributeName(\"active_position\")" tf_req_id=df332ba3-ec88-45ea-4ba3-c61541171433 tf_provider_addr=registry.terraform.io/hashicorp/nios
2026-03-03T16:32:19.991+0530 [DEBUG] sdk.framework: marking computed attribute that is null in the config as unknown: tf_req_id=df332ba3-ec88-45ea-4ba3-c61541171433 tf_provider_addr=registry.terraform.io/hashicorp/nios tf_rpc=PlanResourceChange tf_resource_type=nios_grid_member tf_attribute_path="AttributeName(\"is_dscp_capable\")"
2026-03-03T16:32:19.991+0530 [DEBUG] sdk.framework: marking computed attribute that is null in the config as unknown: tf_resource_type=nios_grid_member tf_attribute_path="AttributeName(\"automated_traffic_capture_setting\")" tf_req_id=df332ba3-ec88-45ea-4ba3-c61541171433 tf_provider_addr=registry.terraform.io/hashicorp/nios tf_rpc=PlanResourceChange
2026-03-03T16:32:19.991+0530 [DEBUG] sdk.framework: marking computed attribute that is null in the config as unknown: tf_resource_type=nios_grid_member tf_attribute_path="AttributeName(\"traffic_capture_rec_queries_setting\")" tf_req_id=df332ba3-ec88-45ea-4ba3-c61541171433 tf_provider_addr=registry.terraform.io/hashicorp/nios tf_rpc=PlanResourceChange
2026-03-03T16:32:19.991+0530 [DEBUG] sdk.framework: marking computed attribute that is null in the config as unknown: tf_provider_addr=registry.terraform.io/hashicorp/nios tf_rpc=PlanResourceChange tf_resource_type=nios_grid_member tf_attribute_path="AttributeName(\"lan2_port_setting\")" tf_req_id=df332ba3-ec88-45ea-4ba3-c61541171433
2026-03-03T16:32:19.991+0530 [DEBUG] sdk.framework: marking computed attribute that is null in the config as unknown: tf_attribute_path="AttributeName(\"lom_network_config\")" tf_req_id=df332ba3-ec88-45ea-4ba3-c61541171433 tf_provider_addr=registry.terraform.io/hashicorp/nios tf_rpc=PlanResourceChange tf_resource_type=nios_grid_member
2026-03-03T16:32:19.991+0530 [DEBUG] sdk.framework: marking computed attribute that is null in the config as unknown: tf_req_id=df332ba3-ec88-45ea-4ba3-c61541171433 tf_provider_addr=registry.terraform.io/hashicorp/nios tf_rpc=PlanResourceChange tf_resource_type=nios_grid_member tf_attribute_path="AttributeName(\"vip_setting\").AttributeName(\"lan_gateway\")"
2026-03-03T16:32:19.991+0530 [DEBUG] sdk.framework: marking computed attribute that is null in the config as unknown: tf_rpc=PlanResourceChange tf_resource_type=nios_grid_member tf_attribute_path="AttributeName(\"vip_setting\").AttributeName(\"lan_subnet_mask\")" tf_req_id=df332ba3-ec88-45ea-4ba3-c61541171433 tf_provider_addr=registry.terraform.io/hashicorp/nios
2026-03-03T16:32:19.991+0530 [DEBUG] sdk.framework: marking computed attribute that is null in the config as unknown: tf_req_id=df332ba3-ec88-45ea-4ba3-c61541171433 tf_provider_addr=registry.terraform.io/hashicorp/nios tf_rpc=PlanResourceChange tf_resource_type=nios_grid_member tf_attribute_path="AttributeName(\"mmdb_ea_build_time\")"
2026-03-03T16:32:19.991+0530 [DEBUG] sdk.framework: marking computed attribute that is null in the config as unknown: tf_req_id=df332ba3-ec88-45ea-4ba3-c61541171433 tf_provider_addr=registry.terraform.io/hashicorp/nios tf_rpc=PlanResourceChange tf_resource_type=nios_grid_member tf_attribute_path="AttributeName(\"email_setting\")"
2026-03-03T16:32:19.991+0530 [DEBUG] sdk.framework: marking computed attribute that is null in the config as unknown: tf_req_id=df332ba3-ec88-45ea-4ba3-c61541171433 tf_provider_addr=registry.terraform.io/hashicorp/nios tf_rpc=PlanResourceChange tf_resource_type=nios_grid_member tf_attribute_path="AttributeName(\"ipv6_setting\").AttributeName(\"gateway\")"
2026-03-03T16:32:19.991+0530 [DEBUG] sdk.framework: marking computed attribute that is null in the config as unknown: tf_provider_addr=registry.terraform.io/hashicorp/nios tf_rpc=PlanResourceChange tf_resource_type=nios_grid_member tf_attribute_path="AttributeName(\"ipv6_setting\").AttributeName(\"virtual_ip\")" tf_req_id=df332ba3-ec88-45ea-4ba3-c61541171433
2026-03-03T16:32:19.991+0530 [DEBUG] sdk.framework: marking computed attribute that is null in the config as unknown: tf_req_id=df332ba3-ec88-45ea-4ba3-c61541171433 tf_provider_addr=registry.terraform.io/hashicorp/nios tf_rpc=PlanResourceChange tf_resource_type=nios_grid_member tf_attribute_path="AttributeName(\"csp_access_key\")"
2026-03-03T16:32:19.991+0530 [DEBUG] sdk.framework: marking computed attribute that is null in the config as unknown: tf_provider_addr=registry.terraform.io/hashicorp/nios tf_rpc=PlanResourceChange tf_resource_type=nios_grid_member tf_attribute_path="AttributeName(\"traffic_capture_auth_dns_setting\")" tf_req_id=df332ba3-ec88-45ea-4ba3-c61541171433
2026-03-03T16:32:19.991+0530 [DEBUG] sdk.framework: marking computed attribute that is null in the config as unknown: tf_req_id=df332ba3-ec88-45ea-4ba3-c61541171433 tf_provider_addr=registry.terraform.io/hashicorp/nios tf_rpc=PlanResourceChange tf_resource_type=nios_grid_member tf_attribute_path="AttributeName(\"ha_cloud_platform\")"
2026-03-03T16:32:19.991+0530 [DEBUG] sdk.framework: marking computed attribute that is null in the config as unknown: tf_provider_addr=registry.terraform.io/hashicorp/nios tf_rpc=PlanResourceChange tf_resource_type=nios_grid_member tf_attribute_path="AttributeName(\"ntp_setting\")" tf_req_id=df332ba3-ec88-45ea-4ba3-c61541171433
2026-03-03T16:32:19.991+0530 [DEBUG] sdk.framework: marking computed attribute that is null in the config as unknown: tf_attribute_path="AttributeName(\"traffic_capture_chr_setting\")" tf_req_id=df332ba3-ec88-45ea-4ba3-c61541171433 tf_provider_addr=registry.terraform.io/hashicorp/nios tf_rpc=PlanResourceChange tf_resource_type=nios_grid_member
2026-03-03T16:32:19.991+0530 [DEBUG] sdk.framework: marking computed attribute that is null in the config as unknown: tf_resource_type=nios_grid_member tf_attribute_path="AttributeName(\"member_service_communication\")" tf_req_id=df332ba3-ec88-45ea-4ba3-c61541171433 tf_provider_addr=registry.terraform.io/hashicorp/nios tf_rpc=PlanResourceChange
2026-03-03T16:32:19.991+0530 [DEBUG] sdk.framework: marking computed attribute that is null in the config as unknown: tf_req_id=df332ba3-ec88-45ea-4ba3-c61541171433 tf_provider_addr=registry.terraform.io/hashicorp/nios tf_rpc=PlanResourceChange tf_resource_type=nios_grid_member tf_attribute_path="AttributeName(\"syslog_servers\")"
2026-03-03T16:32:19.991+0530 [DEBUG] sdk.framework: marking computed attribute that is null in the config as unknown: tf_provider_addr=registry.terraform.io/hashicorp/nios tf_rpc=PlanResourceChange tf_resource_type=nios_grid_member tf_attribute_path="AttributeName(\"mgmt_port_setting\")" tf_req_id=df332ba3-ec88-45ea-4ba3-c61541171433
2026-03-03T16:32:19.991+0530 [DEBUG] sdk.framework: marking computed attribute that is null in the config as unknown: tf_req_id=df332ba3-ec88-45ea-4ba3-c61541171433 tf_provider_addr=registry.terraform.io/hashicorp/nios tf_rpc=PlanResourceChange tf_resource_type=nios_grid_member tf_attribute_path="AttributeName(\"ref\")"
2026-03-03T16:32:19.991+0530 [DEBUG] sdk.framework: marking computed attribute that is null in the config as unknown: tf_resource_type=nios_grid_member tf_attribute_path="AttributeName(\"nat_setting\")" tf_req_id=df332ba3-ec88-45ea-4ba3-c61541171433 tf_provider_addr=registry.terraform.io/hashicorp/nios tf_rpc=PlanResourceChange
2026-03-03T16:32:19.991+0530 [DEBUG] sdk.framework: marking computed attribute that is null in the config as unknown: tf_attribute_path="AttributeName(\"node_info\")" tf_req_id=df332ba3-ec88-45ea-4ba3-c61541171433 tf_provider_addr=registry.terraform.io/hashicorp/nios tf_rpc=PlanResourceChange tf_resource_type=nios_grid_member
2026-03-03T16:32:19.991+0530 [DEBUG] sdk.framework: marking computed attribute that is null in the config as unknown: tf_provider_addr=registry.terraform.io/hashicorp/nios tf_rpc=PlanResourceChange tf_resource_type=nios_grid_member tf_attribute_path="AttributeName(\"ospf_list\")" tf_req_id=df332ba3-ec88-45ea-4ba3-c61541171433
2026-03-03T16:32:19.991+0530 [DEBUG] sdk.framework: marking computed attribute that is null in the config as unknown: tf_rpc=PlanResourceChange tf_resource_type=nios_grid_member tf_attribute_path="AttributeName(\"pre_provisioning\")" tf_req_id=df332ba3-ec88-45ea-4ba3-c61541171433 tf_provider_addr=registry.terraform.io/hashicorp/nios
2026-03-03T16:32:19.991+0530 [DEBUG] sdk.framework: marking computed attribute that is null in the config as unknown: tf_rpc=PlanResourceChange tf_resource_type=nios_grid_member tf_attribute_path="AttributeName(\"syslog_proxy_setting\")" tf_req_id=df332ba3-ec88-45ea-4ba3-c61541171433 tf_provider_addr=registry.terraform.io/hashicorp/nios
2026-03-03T16:32:19.991+0530 [DEBUG] sdk.framework: marking computed attribute that is null in the config as unknown: tf_req_id=df332ba3-ec88-45ea-4ba3-c61541171433 tf_provider_addr=registry.terraform.io/hashicorp/nios tf_rpc=PlanResourceChange tf_resource_type=nios_grid_member tf_attribute_path="AttributeName(\"snmp_setting\").AttributeName(\"syscontact\")"
2026-03-03T16:32:19.992+0530 [DEBUG] sdk.framework: marking computed attribute that is null in the config as unknown: tf_resource_type=nios_grid_member tf_attribute_path="AttributeName(\"snmp_setting\").AttributeName(\"queries_community_string\")" tf_req_id=df332ba3-ec88-45ea-4ba3-c61541171433 tf_provider_addr=registry.terraform.io/hashicorp/nios tf_rpc=PlanResourceChange
2026-03-03T16:32:19.992+0530 [DEBUG] sdk.framework: marking computed attribute that is null in the config as unknown: tf_req_id=df332ba3-ec88-45ea-4ba3-c61541171433 tf_provider_addr=registry.terraform.io/hashicorp/nios tf_rpc=PlanResourceChange tf_resource_type=nios_grid_member tf_attribute_path="AttributeName(\"snmp_setting\").AttributeName(\"sysname\")"
2026-03-03T16:32:19.992+0530 [DEBUG] sdk.framework: marking computed attribute that is null in the config as unknown: tf_req_id=df332ba3-ec88-45ea-4ba3-c61541171433 tf_provider_addr=registry.terraform.io/hashicorp/nios tf_rpc=PlanResourceChange tf_resource_type=nios_grid_member tf_attribute_path="AttributeName(\"snmp_setting\").AttributeName(\"engine_id\")"
2026-03-03T16:32:19.992+0530 [DEBUG] sdk.framework: marking computed attribute that is null in the config as unknown: tf_req_id=df332ba3-ec88-45ea-4ba3-c61541171433 tf_provider_addr=registry.terraform.io/hashicorp/nios tf_rpc=PlanResourceChange tf_resource_type=nios_grid_member tf_attribute_path="AttributeName(\"snmp_setting\").AttributeName(\"snmpv3_queries_users\")"
2026-03-03T16:32:19.992+0530 [DEBUG] sdk.framework: marking computed attribute that is null in the config as unknown: tf_resource_type=nios_grid_member tf_attribute_path="AttributeName(\"snmp_setting\").AttributeName(\"traps_community_string\")" tf_req_id=df332ba3-ec88-45ea-4ba3-c61541171433 tf_provider_addr=registry.terraform.io/hashicorp/nios tf_rpc=PlanResourceChange
2026-03-03T16:32:19.992+0530 [DEBUG] sdk.framework: marking computed attribute that is null in the config as unknown: tf_rpc=PlanResourceChange tf_resource_type=nios_grid_member tf_attribute_path="AttributeName(\"snmp_setting\").AttributeName(\"trap_receivers\")" tf_req_id=df332ba3-ec88-45ea-4ba3-c61541171433 tf_provider_addr=registry.terraform.io/hashicorp/nios
2026-03-03T16:32:19.992+0530 [DEBUG] sdk.framework: marking computed attribute that is null in the config as unknown: tf_rpc=PlanResourceChange tf_resource_type=nios_grid_member tf_attribute_path="AttributeName(\"snmp_setting\").AttributeName(\"syslocation\")" tf_req_id=df332ba3-ec88-45ea-4ba3-c61541171433 tf_provider_addr=registry.terraform.io/hashicorp/nios
2026-03-03T16:32:19.992+0530 [DEBUG] sdk.framework: marking computed attribute that is null in the config as unknown: tf_rpc=PlanResourceChange tf_resource_type=nios_grid_member tf_attribute_path="AttributeName(\"snmp_setting\").AttributeName(\"sysdescr\")" tf_req_id=df332ba3-ec88-45ea-4ba3-c61541171433 tf_provider_addr=registry.terraform.io/hashicorp/nios
2026-03-03T16:32:19.992+0530 [DEBUG] sdk.framework: marking computed attribute that is null in the config as unknown: tf_attribute_path="AttributeName(\"external_syslog_backup_servers\")" tf_req_id=df332ba3-ec88-45ea-4ba3-c61541171433 tf_provider_addr=registry.terraform.io/hashicorp/nios tf_rpc=PlanResourceChange tf_resource_type=nios_grid_member
2026-03-03T16:32:19.992+0530 [DEBUG] sdk.framework: marking computed attribute that is null in the config as unknown: tf_req_id=df332ba3-ec88-45ea-4ba3-c61541171433 tf_provider_addr=registry.terraform.io/hashicorp/nios tf_rpc=PlanResourceChange tf_resource_type=nios_grid_member tf_attribute_path="AttributeName(\"additional_ip_list\")"
2026-03-03T16:32:19.992+0530 [DEBUG] sdk.framework: marking computed attribute that is null in the config as unknown: tf_attribute_path="AttributeName(\"extattrs_all\")" tf_req_id=df332ba3-ec88-45ea-4ba3-c61541171433 tf_provider_addr=registry.terraform.io/hashicorp/nios tf_rpc=PlanResourceChange tf_resource_type=nios_grid_member
2026-03-03T16:32:19.992+0530 [DEBUG] sdk.framework: marking computed attribute that is null in the config as unknown: tf_resource_type=nios_grid_member tf_attribute_path="AttributeName(\"trap_notifications\")" tf_req_id=df332ba3-ec88-45ea-4ba3-c61541171433 tf_provider_addr=registry.terraform.io/hashicorp/nios tf_rpc=PlanResourceChange
2026-03-03T16:32:19.992+0530 [DEBUG] sdk.framework: marking computed attribute that is null in the config as unknown: tf_attribute_path="AttributeName(\"support_access_info\")" tf_req_id=df332ba3-ec88-45ea-4ba3-c61541171433 tf_provider_addr=registry.terraform.io/hashicorp/nios tf_rpc=PlanResourceChange tf_resource_type=nios_grid_member
2026-03-03T16:32:19.992+0530 [DEBUG] sdk.framework: marking computed attribute that is null in the config as unknown: tf_resource_type=nios_grid_member tf_attribute_path="AttributeName(\"mmdb_geoip_build_time\")" tf_req_id=df332ba3-ec88-45ea-4ba3-c61541171433 tf_provider_addr=registry.terraform.io/hashicorp/nios tf_rpc=PlanResourceChange
2026/03/03 16:32:20 
POST /wapi/v2.13.6/member?_return_as_object=1&_return_fields%2B=active_position%2Cadditional_ip_list%2Cautomated_traffic_capture_setting%2Cbgp_as%2Ccomment%2Cconfig_addr_type%2Ccsp_access_key%2Ccsp_member_setting%2Cdns_resolver_setting%2Cdscp%2Cemail_setting%2Cenable_ha%2Cenable_lom%2Cenable_member_redirect%2Cenable_ro_api_access%2Cextattrs%2Cexternal_syslog_backup_servers%2Cexternal_syslog_server_enable%2Cha_cloud_platform%2Cha_on_cloud%2Chost_name%2Cipv6_setting%2Cipv6_static_routes%2Cis_dscp_capable%2Clan2_enabled%2Clan2_port_setting%2Clom_network_config%2Clom_users%2Cmaster_candidate%2Cmember_service_communication%2Cmgmt_port_setting%2Cmmdb_ea_build_time%2Cmmdb_geoip_build_time%2Cnat_setting%2Cnode_info%2Cntp_setting%2Cospf_list%2Cpassive_ha_arp_enabled%2Cplatform%2Cpre_provisioning%2Cpreserve_if_owns_delegation%2Cremote_console_access_enable%2Crouter_id%2Cservice_status%2Cservice_type_configuration%2Csnmp_setting%2Cstatic_routes%2Csupport_access_enable%2Csupport_access_info%2Csyslog_proxy_setting%2Csyslog_servers%2Csyslog_size%2Cthreshold_traps%2Ctime_zone%2Ctraffic_capture_auth_dns_setting%2Ctraffic_capture_chr_setting%2Ctraffic_capture_qps_setting%2Ctraffic_capture_rec_dns_setting%2Ctraffic_capture_rec_queries_setting%2Ctrap_notifications%2Cupgrade_group%2Cuse_automated_traffic_capture%2Cuse_dns_resolver_setting%2Cuse_dscp%2Cuse_email_setting%2Cuse_enable_lom%2Cuse_enable_member_redirect%2Cuse_external_syslog_backup_servers%2Cuse_remote_console_access_enable%2Cuse_snmp_setting%2Cuse_support_access_enable%2Cuse_syslog_proxy_setting%2Cuse_threshold_traps%2Cuse_time_zone%2Cuse_traffic_capture_auth_dns%2Cuse_traffic_capture_chr%2Cuse_traffic_capture_qps%2Cuse_traffic_capture_rec_dns%2Cuse_traffic_capture_rec_queries%2Cuse_trap_notifications%2Cuse_v4_vrrp%2Cvip_setting%2Cvpn_mtu HTTP/1.1
Host: 172.28.83.110
User-Agent: nios-golang-sdk/0.1
Content-Length: 2023
Accept: application/json
Content-Type: application/json
X-Infoblox-Client: terraform/test#test
X-Infoblox-Sdk: golang-sdk
Accept-Encoding: gzip

{"additional_ip_list":[],"bgp_as":[],"comment":"","config_addr_type":"IPV4","dscp":0,"enable_ha":false,"enable_lom":true,"enable_member_redirect":false,"enable_ro_api_access":false,"extattrs":{"Terraform Internal ID":{"value":"cb9dbc67-f620-7708-3969-17df59ee8d3d"}},"external_syslog_backup_servers":[],"external_syslog_server_enable":false,"ha_on_cloud":false,"host_name":"infoblox-wxgoem.localdomain","ipv6_setting":{"auto_router_config_enabled":false,"dscp":0,"enabled":false,"primary":true,"use_dscp":false},"ipv6_static_routes":[],"lan2_enabled":false,"lom_network_config":[],"lom_users":[],"master_candidate":false,"member_service_communication":[],"node_info":[],"ospf_list":[],"passive_ha_arp_enabled":false,"platform":"VNIOS","preserve_if_owns_delegation":false,"remote_console_access_enable":false,"service_type_configuration":"ALL_V4","snmp_setting":{"queries_enable":false,"snmpv3_queries_enable":false,"snmpv3_queries_users":[],"snmpv3_traps_enable":false,"syscontact":[],"sysdescr":[],"syslocation":[],"sysname":[],"trap_receivers":[],"traps_enable":false},"static_routes":[],"support_access_enable":false,"syslog_servers":[],"syslog_size":300,"threshold_traps":[],"time_zone":"UTC","trap_notifications":[],"upgrade_group":"Default","use_automated_traffic_capture":false,"use_dns_resolver_setting":false,"use_dscp":false,"use_email_setting":false,"use_enable_lom":false,"use_enable_member_redirect":false,"use_external_syslog_backup_servers":false,"use_remote_console_access_enable":false,"use_snmp_setting":true,"use_support_access_enable":false,"use_syslog_proxy_setting":false,"use_threshold_traps":false,"use_time_zone":false,"use_traffic_capture_auth_dns":false,"use_traffic_capture_chr":false,"use_traffic_capture_qps":false,"use_traffic_capture_rec_dns":false,"use_traffic_capture_rec_queries":false,"use_trap_notifications":false,"use_v4_vrrp":true,"vip_setting":{"address":"172.28.83.17","dscp":0,"gateway":"172.28.82.1","primary":true,"subnet_mask":"255.255.254.0","use_dscp":false},"vpn_mtu":1450}

2026/03/03 16:32:20 
HTTP/1.1 201 Created
Connection: close
Transfer-Encoding: chunked
Cache-Control: no-cache, no-store
Content-Security-Policy: default-src 'self' blob: *.splunk.com img-src 'self' 'unsafe-inline' 'unsafe-eval' data: https: style-src 'self' 'unsafe-inline' 'unsafe-eval'
Content-Type: application/json
Date: Tue, 03 Mar 2026 11:02:19 GMT
Pragma: no-cache
Referrer-Policy: no-referrer-when-downgrade
Server: Apache
Strict-Transport-Security: max-age=31536000; includeSubDomains
X-Content-Type-Options: nosniff
X-Frame-Options: SAMEORIGIN
X-Xss-Protection: 1; mode=block

2d3d
{"result": {"_ref": "member/b25lLnZpcnR1YWxfbm9kZSQyMw:infoblox-wxgoem.localdomain", "active_position": "0", "additional_ip_list": [], "automated_traffic_capture_setting": {"destination": "NONE", "include_support_bundle": false, "keep_local_copy": false, "traffic_capture_enable": false}, "bgp_as": [], "config_addr_type": "IPV4", "csp_access_key": [], "csp_member_setting": {"csp_dns_resolver": "52.119.40.100", "use_csp_dns_resolver": false, "use_csp_https_proxy": false, "use_csp_join_token": false}, "dns_resolver_setting": {"resolvers": [], "search_domains": []}, "dscp": 0, "email_setting": {"enabled": false, "port_number": 25, "relay_enabled": false, "smtps": false, "use_authentication": false}, "enable_ha": false, "enable_lom": true, "enable_member_redirect": false, "enable_ro_api_access": false, "extattrs": {"Terraform Internal ID": {"value": "cb9dbc67-f620-7708-3969-17df59ee8d3d"}}, "external_syslog_backup_servers": [], "external_syslog_server_enable": false, "ha_cloud_platform": "None", "ha_on_cloud": false, "host_name": "infoblox-wxgoem.localdomain", "ipv6_setting": {"auto_router_config_enabled": false, "dscp": 0, "enabled": false, "primary": true, "use_dscp": false}, "ipv6_static_routes": [], "is_dscp_capable": false, "lan2_enabled": false, "lan2_port_setting": {"default_route_failover_enabled": false, "enabled": false, "nic_failover_enable_primary": false, "nic_failover_enabled": false}, "lom_network_config": [{"is_lom_capable": false}], "lom_users": [], "master_candidate": false, "member_service_communication": [], "mgmt_port_setting": {"enabled": false, "security_access_enabled": false, "vpn_enabled": false}, "nat_setting": {"enabled": false}, "node_info": [{"ha_status": "NOT_CONFIGURED", "host_platform": "UNKNOWN", "hwid": "Unknown", "hwmodel": "Unknown", "hwtype": "IB-UNKNOWN", "hypervisor": "UNKNOWN", "lan2_physical_setting": {"auto_port_setting_enabled": true}, "lan_ha_port_setting": {"ha_cloud_attribute": "UNK", "ha_port_setting": {"auto_port_setting_enabled": true, "speed": "10"}, "lan_port_setting": {"auto_port_setting_enabled": true}}, "mgmt_physical_setting": {"auto_port_setting_enabled": true}, "paid_nios": false, "physical_oid": "24", "service_status": [], "v6_mgmt_network_setting": {"auto_router_config_enabled": false, "enabled": false}}], "ntp_setting": {"enable_external_ntp_servers": false, "enable_ntp": false, "exclude_grid_master_ntp_server": false, "local_ntp_stratum": 15, "ntp_acl": {"ac_list": [], "acl_type": "NONE", "service": "TIME"}, "ntp_keys": [], "ntp_kod": false, "ntp_servers": [], "use_default_stratum": true, "use_local_ntp_stratum": false, "use_ntp_acl": false, "use_ntp_keys": false, "use_ntp_kod": false, "use_ntp_servers": false}, "ospf_list": [], "passive_ha_arp_enabled": false, "platform": "VNIOS", "preserve_if_owns_delegation": false, "remote_console_access_enable": false, "service_status": [{"service": "DFP", "status": "UNKNOWN"}, {"service": "DOT_DOH", "status": "UNKNOWN"}, {"service": "NTP", "status": "UNKNOWN"}, {"service": "TFTP", "status": "UNKNOWN"}, {"service": "HTTP_FILE_DIST", "status": "UNKNOWN"}, {"service": "FTP", "status": "UNKNOWN"}, {"service": "CAPTIVE_PORTAL", "status": "UNKNOWN"}, {"service": "HSM", "status": "UNKNOWN"}, {"service": "ATP", "status": "UNKNOWN"}, {"service": "IMC", "status": "UNKNOWN"}, {"service": "IMC_DCA_BWL", "status": "UNKNOWN"}, {"service": "CLOUD_DNS_SYNC", "status": "UNKNOWN"}], "service_type_configuration": "ALL_V4", "snmp_setting": {"engine_id": ["80:00:1E:63:05:06:9b:3c:d1:82:9b:ac:1c:53:11"], "queries_enable": false, "snmpv3_queries_enable": false, "snmpv3_traps_enable": false, "syscontact": [], "sysdescr": [], "syslocation": [], "sysname": ["infoblox-wxgoem.localdomain"], "trap_receivers": [], "traps_enable": false}, "static_routes": [], "support_access_enable": false, "support_access_info": "Not enabled (compat mode set)", "syslog_proxy_setting": {"client_acls": [], "enable": false, "tcp_enable": true, "tcp_port": 514, "udp_enable": true, "udp_port": 514}, "syslog_servers": [], "syslog_size": 300, "threshold_traps": [{"trap_reset": 0, "trap_trigger": 100, "trap_type": "CpuUsage"}, {"trap_reset": 70, "trap_trigger": 80, "trap_type": "DBObjects"}, {"trap_reset": 70, "trap_trigger": 85, "trap_type": "Disk"}, {"trap_reset": 89, "trap_trigger": 90, "trap_type": "ExtStorage"}, {"trap_reset": 70, "trap_trigger": 90, "trap_type": "FDUsage"}, {"trap_reset": 0, "trap_trigger": 0, "trap_type": "FastpathDroppedTraffic"}, {"trap_reset": 70, "trap_trigger": 90, "trap_type": "Fastpathmbuffdepletion"}, {"trap_reset": 80, "trap_trigger": 90, "trap_type": "Memory"}, {"trap_reset": 75, "trap_trigger": 85, "trap_type": "NetworkCapacity"}, {"trap_reset": 30, "trap_trigger": 80, "trap_type": "RecursiveClients"}, {"trap_reset": 70, "trap_trigger": 85, "trap_type": "Reporting"}, {"trap_reset": 71, "trap_trigger": 80, "trap_type": "ReportingVolume"}, {"trap_reset": 70, "trap_trigger": 85, "trap_type": "Rootfs"}, {"trap_reset": 10, "trap_trigger": 20, "trap_type": "SwapUsage"}, {"trap_reset": 0, "trap_trigger": 1, "trap_type": "TcpUdpFloodAlertRate"}, {"trap_reset": 0, "trap_trigger": 1, "trap_type": "TcpUdpFloodDropRate"}, {"trap_reset": 5, "trap_trigger": 10, "trap_type": "ThreatProtectionDroppedTraffic"}, {"trap_reset": 70, "trap_trigger": 90, "trap_type": "ThreatProtectionTotalTraffic"}, {"trap_reset": 70, "trap_trigger": 85, "trap_type": "Tmpfs"}], "time_zone": "UTC", "traffic_capture_auth_dns_setting": {"auth_dns_latency_listen_on_source": "VIP_V4", "auth_dns_latency_trigger_enable": false}, "traffic_capture_chr_setting": {"chr_trigger_enable": false}, "traffic_capture_qps_setting": {"qps_trigger_enable": false}, "traffic_capture_rec_dns_setting": {"kpi_monitored_domains": [], "rec_dns_latency_listen_on_source": "VIP_V4", "rec_dns_latency_trigger_enable": false}, "traffic_capture_rec_queries_setting": {"recursive_clients_count_trigger_enable": false}, "trap_notifications": [{"enable_email": false, "enable_trap": true, "trap_type": "AnalyticsRPZ"}, {"enable_email": false, "enable_trap": true, "trap_type": "AutomatedTrafficCapture"}, {"enable_email": false, "enable_trap": true, "trap_type": "BFD"}, {"enable_email": false, "enable_trap": true, "trap_type": "BGP"}, {"enable_email": false, "enable_trap": true, "trap_type": "Backup"}, {"enable_email": false, "enable_trap": true, "trap_type": "CPU"}, {"enable_email": false, "enable_trap": true, "trap_type": "CaptivePortal"}, {"enable_email": false, "enable_trap": true, "trap_type": "CiscoISEServer"}, {"enable_email": false, "enable_trap": true, "trap_type": "Clear"}, {"enable_email": false, "enable_trap": true, "trap_type": "CloudAPI"}, {"enable_email": false, "enable_trap": true, "trap_type": "CloudDNSsync"}, {"enable_email": false, "enable_trap": true, "trap_type": "Cluster"}, {"enable_email": false, "enable_trap": true, "trap_type": "Controld"}, {"enable_email": false, "enable_trap": true, "trap_type": "DHCP"}, {"enable_email": false, "enable_trap": true, "trap_type": "DNS"}, {"enable_email": false, "enable_trap": true, "trap_type": "DNSAttack"}, {"enable_email": false, "enable_trap": true, "trap_type": "DNSIntegrityCheck"}, {"enable_email": false, "enable_trap": true, "trap_type": "DNSIntegrityCheckConnection"}, {"enable_email": false, "enable_trap": true, "trap_type": "Database"}, {"enable_email": false, "enable_trap": true, "trap_type": "DisconnectedGrid"}, {"enable_email": false, "enable_trap": true, "trap_type": "Discovery"}, {"enable_email": false, "enable_trap": true, "trap_type": "DiscoveryConflict"}, {"enable_email": false, "enable_trap": true, "trap_type": "DiscoveryUnmanaged"}, {"enable_email": false, "enable_trap": true, "trap_type": "Disk"}, {"enable_email": false, "enable_trap": true, "trap_type": "DuplicateIP"}, {"enable_email": false, "enable_trap": true, "trap_type": "ENAT"}, {"enable_email": false, "enable_trap": true, "trap_type": "FDUsage"}, {"enable_email": false, "enable_trap": true, "trap_type": "FTP"}, {"enable_email": false, "enable_trap": true, "trap_type": "Fan"}, {"enable_email": false, "enable_trap": true, "trap_type": "HA"}, {"enable_email": false, "enable_trap": true, "trap_type": "HAOnCloud"}, {"enable_email": false, "enable_trap": true, "trap_type": "HSM"}, {"enable_email": false, "enable_trap": true, "trap_type": "HTTP"}, {"enable_email": false, "enable_trap": true, "trap_type": "IFMAP"}, {"enable_email": false, "enable_trap": true, "trap_type": "IMC"}, {"enable_email": false, "enable_trap": true, "trap_type": "IMCGRPCServer"}, {"enable_email": false, "enable_trap": true, "trap_type": "IPMIDevice"}, {"enable_email": false, "enable_trap": true, "trap_type": "LCD"}, {"enable_email": false, "enable_trap": true, "trap_type": "LDAPServers"}, {"enable_email": false, "enable_trap": true, "trap_type": "License"}, {"enable_email": false, "enable_trap": true, "trap_type": "Login"}, {"enable_email": false, "enable_trap": true, "trap_type": "MGM"}, {"enable_email": false, "enable_trap": true, "trap_type": "MSServer"}, {"enable_email": false, "enable_trap": true, "trap_type": "Memory"}, {"enable_email": false, "enable_trap": true, "trap_type": "NTP"}, {"enable_email": false, "enable_trap": true, "trap_type": "Network"}, {"enable_email": false, "enable_trap": true, "trap_type": "OCSPResponders"}, {"enable_email": false, "enable_trap": true, "trap_type": "OSPF"}, {"enable_email": false, "enable_trap": true, "trap_type": "OSPF6"}, {"enable_email": false, "enable_trap": true, "trap_type": "Outbound"}, {"enable_email": false, "enable_trap": true, "trap_type": "PowerSupply"}, {"enable_email": false, "enable_trap": true, "trap_type": "RAID"}, {"enable_email": false, "enable_trap": true, "trap_type": "RIRSWIP"}, {"enable_email": false, "enable_trap": true, "trap_type": "RecursiveClients"}, {"enable_email": false, "enable_trap": true, "trap_type": "Reporting"}, {"enable_email": false, "enable_trap": true, "trap_type": "RootFS"}, {"enable_email": false, "enable_trap": true, "trap_type": "SNMP"}, {"enable_email": false, "enable_trap": true, "trap_type": "SSH"}, {"enable_email": false, "enable_trap": true, "trap_type": "SerialConsole"}, {"enable_email": false, "enable_trap": true, "trap_type": "SwapUsage"}, {"enable_email": false, "enable_trap": true, "trap_type": "Syslog"}, {"enable_email": false, "enable_trap": true, "trap_type": "System"}, {"enable_email": false, "enable_trap": true, "trap_type": "TFTP"}, {"enable_email": false, "enable_trap": true, "trap_type": "Taxii"}, {"enable_email": false, "enable_trap": true, "trap_type": "ThreatInsight"}, {"enable_email": false, "enable_trap": true, "trap_type": "ThreatProtection"}, {"enable_email": false, "enable_trap": true, "trap_type": "TmpFS"}], "upgrade_group": "Default", "use_automated_traffic_capture": false, "use_dns_resolver_setting": false, "use_dscp": false, "use_email_setting": false, "use_enable_lom": false, "use_enable_member_redirect": false, "use_external_syslog_backup_servers": false, "use_remote_console_access_enable": false, "use_snmp_setting": true, "use_support_access_enable": false, "use_syslog_proxy_setting": false, "use_threshold_traps": false, "use_time_zone": false, "use_traffic_capture_auth_dns": false, "use_traffic_capture_chr": false, "use_traffic_capture_qps": false, "use_traffic_capture_rec_dns": false, "use_traffic_capture_rec_queries": false, "use_trap_notifications": false, "use_v4_vrrp": true, "vip_setting": {"address": "172.28.83.17", "dscp": 0, "gateway": "172.28.82.1", "primary": true, "subnet_mask": "255.255.254.0", "use_dscp": false}, "vpn_mtu": 1450}}
0


2026-03-03T16:32:20.782+0530 [DEBUG] sdk.framework: Value switched to prior value due to semantic equality logic: tf_provider_addr=registry.terraform.io/hashicorp/nios tf_rpc=ApplyResourceChange tf_attribute_path=use_syslog_proxy_setting tf_resource_type=nios_grid_member tf_req_id=52e69bb1-c864-faa3-3e2a-07f86e69f28d
2026-03-03T16:32:20.782+0530 [DEBUG] sdk.framework: Value switched to prior value due to semantic equality logic: tf_req_id=52e69bb1-c864-faa3-3e2a-07f86e69f28d tf_provider_addr=registry.terraform.io/hashicorp/nios tf_rpc=ApplyResourceChange tf_resource_type=nios_grid_member tf_attribute_path=use_traffic_capture_rec_dns
2026-03-03T16:32:20.782+0530 [DEBUG] sdk.framework: Value switched to prior value due to semantic equality logic: tf_req_id=52e69bb1-c864-faa3-3e2a-07f86e69f28d tf_attribute_path=use_enable_member_redirect tf_provider_addr=registry.terraform.io/hashicorp/nios tf_rpc=ApplyResourceChange tf_resource_type=nios_grid_member
2026-03-03T16:32:20.782+0530 [DEBUG] sdk.framework: Value switched to prior value due to semantic equality logic: tf_rpc=ApplyResourceChange tf_resource_type=nios_grid_member tf_attribute_path=use_automated_traffic_capture tf_req_id=52e69bb1-c864-faa3-3e2a-07f86e69f28d tf_provider_addr=registry.terraform.io/hashicorp/nios
2026-03-03T16:32:20.782+0530 [DEBUG] sdk.framework: Value switched to prior value due to semantic equality logic: tf_provider_addr=registry.terraform.io/hashicorp/nios tf_rpc=ApplyResourceChange tf_resource_type=nios_grid_member tf_attribute_path=use_external_syslog_backup_servers tf_req_id=52e69bb1-c864-faa3-3e2a-07f86e69f28d
2026-03-03T16:32:20.782+0530 [DEBUG] sdk.framework: Value switched to prior value due to semantic equality logic: tf_rpc=ApplyResourceChange tf_resource_type=nios_grid_member tf_req_id=52e69bb1-c864-faa3-3e2a-07f86e69f28d tf_provider_addr=registry.terraform.io/hashicorp/nios tf_attribute_path=use_time_zone
2026-03-03T16:32:20.782+0530 [DEBUG] sdk.framework: Value switched to prior value due to semantic equality logic: tf_req_id=52e69bb1-c864-faa3-3e2a-07f86e69f28d tf_provider_addr=registry.terraform.io/hashicorp/nios tf_rpc=ApplyResourceChange tf_resource_type=nios_grid_member tf_attribute_path=vpn_mtu
2026-03-03T16:32:20.782+0530 [DEBUG] sdk.framework: Value switched to prior value due to semantic equality logic: tf_rpc=ApplyResourceChange tf_resource_type=nios_grid_member tf_attribute_path=use_trap_notifications tf_req_id=52e69bb1-c864-faa3-3e2a-07f86e69f28d tf_provider_addr=registry.terraform.io/hashicorp/nios
2026-03-03T16:32:20.782+0530 [DEBUG] sdk.framework: Value switched to prior value due to semantic equality logic: tf_req_id=52e69bb1-c864-faa3-3e2a-07f86e69f28d tf_provider_addr=registry.terraform.io/hashicorp/nios tf_rpc=ApplyResourceChange tf_resource_type=nios_grid_member tf_attribute_path=use_dscp
2026-03-03T16:32:20.782+0530 [DEBUG] sdk.framework: Value switched to prior value due to semantic equality logic: tf_attribute_path=use_traffic_capture_auth_dns tf_req_id=52e69bb1-c864-faa3-3e2a-07f86e69f28d tf_provider_addr=registry.terraform.io/hashicorp/nios tf_rpc=ApplyResourceChange tf_resource_type=nios_grid_member
2026-03-03T16:32:20.782+0530 [DEBUG] sdk.framework: Value switched to prior value due to semantic equality logic: tf_provider_addr=registry.terraform.io/hashicorp/nios tf_rpc=ApplyResourceChange tf_resource_type=nios_grid_member tf_attribute_path=use_dns_resolver_setting tf_req_id=52e69bb1-c864-faa3-3e2a-07f86e69f28d
2026-03-03T16:32:20.782+0530 [DEBUG] sdk.framework: Value switched to prior value due to semantic equality logic: tf_req_id=52e69bb1-c864-faa3-3e2a-07f86e69f28d tf_provider_addr=registry.terraform.io/hashicorp/nios tf_rpc=ApplyResourceChange tf_resource_type=nios_grid_member tf_attribute_path=enable_ha
2026-03-03T16:32:20.782+0530 [DEBUG] sdk.framework: Value switched to prior value due to semantic equality logic: tf_req_id=52e69bb1-c864-faa3-3e2a-07f86e69f28d tf_provider_addr=registry.terraform.io/hashicorp/nios tf_rpc=ApplyResourceChange tf_resource_type=nios_grid_member tf_attribute_path=platform
2026-03-03T16:32:20.782+0530 [DEBUG] sdk.framework: Value switched to prior value due to semantic equality logic: tf_rpc=ApplyResourceChange tf_resource_type=nios_grid_member tf_attribute_path=use_remote_console_access_enable tf_req_id=52e69bb1-c864-faa3-3e2a-07f86e69f28d tf_provider_addr=registry.terraform.io/hashicorp/nios
2026-03-03T16:32:20.782+0530 [DEBUG] sdk.framework: Value switched to prior value due to semantic equality logic: tf_rpc=ApplyResourceChange tf_resource_type=nios_grid_member tf_attribute_path=use_snmp_setting tf_req_id=52e69bb1-c864-faa3-3e2a-07f86e69f28d tf_provider_addr=registry.terraform.io/hashicorp/nios
2026-03-03T16:32:20.782+0530 [DEBUG] sdk.framework: Value switched to prior value due to semantic equality logic: tf_attribute_path=comment tf_req_id=52e69bb1-c864-faa3-3e2a-07f86e69f28d tf_provider_addr=registry.terraform.io/hashicorp/nios tf_rpc=ApplyResourceChange tf_resource_type=nios_grid_member
2026-03-03T16:32:20.782+0530 [DEBUG] sdk.framework: Value switched to prior value due to semantic equality logic: tf_rpc=ApplyResourceChange tf_resource_type=nios_grid_member tf_attribute_path=upgrade_group tf_req_id=52e69bb1-c864-faa3-3e2a-07f86e69f28d tf_provider_addr=registry.terraform.io/hashicorp/nios
2026-03-03T16:32:20.782+0530 [DEBUG] sdk.framework: Value switched to prior value due to semantic equality logic: tf_rpc=ApplyResourceChange tf_resource_type=nios_grid_member tf_req_id=52e69bb1-c864-faa3-3e2a-07f86e69f28d tf_provider_addr=registry.terraform.io/hashicorp/nios tf_attribute_path=use_traffic_capture_rec_queries
2026-03-03T16:32:20.782+0530 [DEBUG] sdk.framework: Value switched to prior value due to semantic equality logic: tf_provider_addr=registry.terraform.io/hashicorp/nios tf_rpc=ApplyResourceChange tf_resource_type=nios_grid_member tf_req_id=52e69bb1-c864-faa3-3e2a-07f86e69f28d tf_attribute_path=external_syslog_server_enable
2026-03-03T16:32:20.782+0530 [DEBUG] sdk.framework: Value switched to prior value due to semantic equality logic: tf_resource_type=nios_grid_member tf_attribute_path=ipv6_setting.enabled tf_req_id=52e69bb1-c864-faa3-3e2a-07f86e69f28d tf_provider_addr=registry.terraform.io/hashicorp/nios tf_rpc=ApplyResourceChange
2026-03-03T16:32:20.782+0530 [DEBUG] sdk.framework: Value switched to prior value due to semantic equality logic: tf_provider_addr=registry.terraform.io/hashicorp/nios tf_rpc=ApplyResourceChange tf_resource_type=nios_grid_member tf_attribute_path=ipv6_setting.auto_router_config_enabled tf_req_id=52e69bb1-c864-faa3-3e2a-07f86e69f28d
2026-03-03T16:32:20.782+0530 [DEBUG] sdk.framework: Value switched to prior value due to semantic equality logic: tf_req_id=52e69bb1-c864-faa3-3e2a-07f86e69f28d tf_provider_addr=registry.terraform.io/hashicorp/nios tf_rpc=ApplyResourceChange tf_resource_type=nios_grid_member tf_attribute_path=ipv6_setting.use_dscp
2026-03-03T16:32:20.782+0530 [DEBUG] sdk.framework: Value switched to prior value due to semantic equality logic: tf_rpc=ApplyResourceChange tf_resource_type=nios_grid_member tf_attribute_path=ipv6_setting.primary tf_req_id=52e69bb1-c864-faa3-3e2a-07f86e69f28d tf_provider_addr=registry.terraform.io/hashicorp/nios
2026-03-03T16:32:20.782+0530 [DEBUG] sdk.framework: Value switched to prior value due to semantic equality logic: tf_provider_addr=registry.terraform.io/hashicorp/nios tf_rpc=ApplyResourceChange tf_resource_type=nios_grid_member tf_attribute_path=ipv6_setting.dscp tf_req_id=52e69bb1-c864-faa3-3e2a-07f86e69f28d
2026-03-03T16:32:20.782+0530 [DEBUG] sdk.framework: Value switched to prior value due to semantic equality logic: tf_resource_type=nios_grid_member tf_attribute_path=host_name tf_req_id=52e69bb1-c864-faa3-3e2a-07f86e69f28d tf_provider_addr=registry.terraform.io/hashicorp/nios tf_rpc=ApplyResourceChange
2026-03-03T16:32:20.782+0530 [DEBUG] sdk.framework: Value switched to prior value due to semantic equality logic: tf_req_id=52e69bb1-c864-faa3-3e2a-07f86e69f28d tf_provider_addr=registry.terraform.io/hashicorp/nios tf_attribute_path=use_v4_vrrp tf_rpc=ApplyResourceChange tf_resource_type=nios_grid_member
2026-03-03T16:32:20.782+0530 [DEBUG] sdk.framework: Value switched to prior value due to semantic equality logic: tf_rpc=ApplyResourceChange tf_resource_type=nios_grid_member tf_attribute_path=enable_member_redirect tf_req_id=52e69bb1-c864-faa3-3e2a-07f86e69f28d tf_provider_addr=registry.terraform.io/hashicorp/nios
2026-03-03T16:32:20.782+0530 [DEBUG] sdk.framework: Value switched to prior value due to semantic equality logic: tf_resource_type=nios_grid_member tf_attribute_path=enable_lom tf_req_id=52e69bb1-c864-faa3-3e2a-07f86e69f28d tf_provider_addr=registry.terraform.io/hashicorp/nios tf_rpc=ApplyResourceChange
2026-03-03T16:32:20.782+0530 [DEBUG] sdk.framework: Value switched to prior value due to semantic equality logic: tf_rpc=ApplyResourceChange tf_resource_type=nios_grid_member tf_attribute_path=use_traffic_capture_qps tf_req_id=52e69bb1-c864-faa3-3e2a-07f86e69f28d tf_provider_addr=registry.terraform.io/hashicorp/nios
2026-03-03T16:32:20.782+0530 [DEBUG] sdk.framework: Value switched to prior value due to semantic equality logic: tf_req_id=52e69bb1-c864-faa3-3e2a-07f86e69f28d tf_provider_addr=registry.terraform.io/hashicorp/nios tf_attribute_path=time_zone tf_rpc=ApplyResourceChange tf_resource_type=nios_grid_member
2026-03-03T16:32:20.782+0530 [DEBUG] sdk.framework: Value switched to prior value due to semantic equality logic: tf_rpc=ApplyResourceChange tf_resource_type=nios_grid_member tf_req_id=52e69bb1-c864-faa3-3e2a-07f86e69f28d tf_provider_addr=registry.terraform.io/hashicorp/nios tf_attribute_path=use_threshold_traps
2026-03-03T16:32:20.782+0530 [DEBUG] sdk.framework: Value switched to prior value due to semantic equality logic: tf_rpc=ApplyResourceChange tf_resource_type=nios_grid_member tf_req_id=52e69bb1-c864-faa3-3e2a-07f86e69f28d tf_provider_addr=registry.terraform.io/hashicorp/nios tf_attribute_path=dscp
2026-03-03T16:32:20.782+0530 [DEBUG] sdk.framework: Value switched to prior value due to semantic equality logic: tf_attribute_path=remote_console_access_enable tf_req_id=52e69bb1-c864-faa3-3e2a-07f86e69f28d tf_provider_addr=registry.terraform.io/hashicorp/nios tf_rpc=ApplyResourceChange tf_resource_type=nios_grid_member
2026-03-03T16:32:20.782+0530 [DEBUG] sdk.framework: Value switched to prior value due to semantic equality logic: tf_rpc=ApplyResourceChange tf_resource_type=nios_grid_member tf_req_id=52e69bb1-c864-faa3-3e2a-07f86e69f28d tf_attribute_path=support_access_enable tf_provider_addr=registry.terraform.io/hashicorp/nios
2026-03-03T16:32:20.783+0530 [DEBUG] sdk.framework: Value switched to prior value due to semantic equality logic: tf_attribute_path=lan2_enabled tf_rpc=ApplyResourceChange tf_resource_type=nios_grid_member tf_req_id=52e69bb1-c864-faa3-3e2a-07f86e69f28d tf_provider_addr=registry.terraform.io/hashicorp/nios
2026-03-03T16:32:20.783+0530 [DEBUG] sdk.framework: Value switched to prior value due to semantic equality logic: tf_attribute_path=service_type_configuration tf_rpc=ApplyResourceChange tf_resource_type=nios_grid_member tf_req_id=52e69bb1-c864-faa3-3e2a-07f86e69f28d tf_provider_addr=registry.terraform.io/hashicorp/nios
2026-03-03T16:32:20.783+0530 [DEBUG] sdk.framework: Value switched to prior value due to semantic equality logic: tf_req_id=52e69bb1-c864-faa3-3e2a-07f86e69f28d tf_provider_addr=registry.terraform.io/hashicorp/nios tf_rpc=ApplyResourceChange tf_resource_type=nios_grid_member tf_attribute_path=use_traffic_capture_chr
2026-03-03T16:32:20.783+0530 [DEBUG] sdk.framework: Value switched to prior value due to semantic equality logic: tf_rpc=ApplyResourceChange tf_resource_type=nios_grid_member tf_attribute_path=passive_ha_arp_enabled tf_req_id=52e69bb1-c864-faa3-3e2a-07f86e69f28d tf_provider_addr=registry.terraform.io/hashicorp/nios
2026-03-03T16:32:20.783+0530 [DEBUG] sdk.framework: Value switched to prior value due to semantic equality logic: tf_attribute_path=vip_setting.use_dscp tf_req_id=52e69bb1-c864-faa3-3e2a-07f86e69f28d tf_provider_addr=registry.terraform.io/hashicorp/nios tf_rpc=ApplyResourceChange tf_resource_type=nios_grid_member
2026-03-03T16:32:20.783+0530 [DEBUG] sdk.framework: Value switched to prior value due to semantic equality logic: tf_req_id=52e69bb1-c864-faa3-3e2a-07f86e69f28d tf_provider_addr=registry.terraform.io/hashicorp/nios tf_rpc=ApplyResourceChange tf_resource_type=nios_grid_member tf_attribute_path=vip_setting.subnet_mask
2026-03-03T16:32:20.783+0530 [DEBUG] sdk.framework: Value switched to prior value due to semantic equality logic: tf_req_id=52e69bb1-c864-faa3-3e2a-07f86e69f28d tf_provider_addr=registry.terraform.io/hashicorp/nios tf_rpc=ApplyResourceChange tf_resource_type=nios_grid_member tf_attribute_path=vip_setting.primary
2026-03-03T16:32:20.783+0530 [DEBUG] sdk.framework: Value switched to prior value due to semantic equality logic: tf_resource_type=nios_grid_member tf_attribute_path=vip_setting.gateway tf_req_id=52e69bb1-c864-faa3-3e2a-07f86e69f28d tf_provider_addr=registry.terraform.io/hashicorp/nios tf_rpc=ApplyResourceChange
2026-03-03T16:32:20.783+0530 [DEBUG] sdk.framework: Value switched to prior value due to semantic equality logic: tf_resource_type=nios_grid_member tf_attribute_path=vip_setting.address tf_req_id=52e69bb1-c864-faa3-3e2a-07f86e69f28d tf_provider_addr=registry.terraform.io/hashicorp/nios tf_rpc=ApplyResourceChange
2026-03-03T16:32:20.783+0530 [DEBUG] sdk.framework: Value switched to prior value due to semantic equality logic: tf_resource_type=nios_grid_member tf_attribute_path=vip_setting.dscp tf_req_id=52e69bb1-c864-faa3-3e2a-07f86e69f28d tf_provider_addr=registry.terraform.io/hashicorp/nios tf_rpc=ApplyResourceChange
2026-03-03T16:32:20.783+0530 [DEBUG] sdk.framework: Value switched to prior value due to semantic equality logic: tf_req_id=52e69bb1-c864-faa3-3e2a-07f86e69f28d tf_provider_addr=registry.terraform.io/hashicorp/nios tf_rpc=ApplyResourceChange tf_resource_type=nios_grid_member tf_attribute_path=use_support_access_enable
2026-03-03T16:32:20.783+0530 [DEBUG] sdk.framework: Value switched to prior value due to semantic equality logic: tf_rpc=ApplyResourceChange tf_resource_type=nios_grid_member tf_req_id=52e69bb1-c864-faa3-3e2a-07f86e69f28d tf_attribute_path=use_email_setting tf_provider_addr=registry.terraform.io/hashicorp/nios
2026-03-03T16:32:20.783+0530 [DEBUG] sdk.framework: Value switched to prior value due to semantic equality logic: tf_provider_addr=registry.terraform.io/hashicorp/nios tf_attribute_path=snmp_setting.snmpv3_traps_enable tf_rpc=ApplyResourceChange tf_resource_type=nios_grid_member tf_req_id=52e69bb1-c864-faa3-3e2a-07f86e69f28d
2026-03-03T16:32:20.783+0530 [DEBUG] sdk.framework: Value switched to prior value due to semantic equality logic: tf_rpc=ApplyResourceChange tf_resource_type=nios_grid_member tf_req_id=52e69bb1-c864-faa3-3e2a-07f86e69f28d tf_provider_addr=registry.terraform.io/hashicorp/nios tf_attribute_path=snmp_setting.snmpv3_queries_enable
2026-03-03T16:32:20.783+0530 [DEBUG] sdk.framework: Value switched to prior value due to semantic equality logic: tf_resource_type=nios_grid_member tf_req_id=52e69bb1-c864-faa3-3e2a-07f86e69f28d tf_provider_addr=registry.terraform.io/hashicorp/nios tf_attribute_path=snmp_setting.traps_enable tf_rpc=ApplyResourceChange
2026-03-03T16:32:20.783+0530 [DEBUG] sdk.framework: Value switched to prior value due to semantic equality logic: tf_attribute_path=snmp_setting.queries_enable tf_rpc=ApplyResourceChange tf_resource_type=nios_grid_member tf_req_id=52e69bb1-c864-faa3-3e2a-07f86e69f28d tf_provider_addr=registry.terraform.io/hashicorp/nios
2026-03-03T16:32:20.783+0530 [DEBUG] sdk.framework: Value switched to prior value due to semantic equality logic: tf_resource_type=nios_grid_member tf_attribute_path=syslog_size tf_req_id=52e69bb1-c864-faa3-3e2a-07f86e69f28d tf_provider_addr=registry.terraform.io/hashicorp/nios tf_rpc=ApplyResourceChange
2026-03-03T16:32:20.783+0530 [DEBUG] sdk.framework: Value switched to prior value due to semantic equality logic: tf_req_id=52e69bb1-c864-faa3-3e2a-07f86e69f28d tf_provider_addr=registry.terraform.io/hashicorp/nios tf_rpc=ApplyResourceChange tf_resource_type=nios_grid_member tf_attribute_path=enable_ro_api_access
2026-03-03T16:32:20.783+0530 [DEBUG] sdk.framework: Value switched to prior value due to semantic equality logic: tf_req_id=52e69bb1-c864-faa3-3e2a-07f86e69f28d tf_provider_addr=registry.terraform.io/hashicorp/nios tf_rpc=ApplyResourceChange tf_resource_type=nios_grid_member tf_attribute_path=ha_on_cloud
2026-03-03T16:32:20.783+0530 [DEBUG] sdk.framework: Value switched to prior value due to semantic equality logic: tf_req_id=52e69bb1-c864-faa3-3e2a-07f86e69f28d tf_attribute_path=config_addr_type tf_provider_addr=registry.terraform.io/hashicorp/nios tf_rpc=ApplyResourceChange tf_resource_type=nios_grid_member
2026-03-03T16:32:20.783+0530 [DEBUG] sdk.framework: Value switched to prior value due to semantic equality logic: tf_resource_type=nios_grid_member tf_attribute_path=use_enable_lom tf_req_id=52e69bb1-c864-faa3-3e2a-07f86e69f28d tf_provider_addr=registry.terraform.io/hashicorp/nios tf_rpc=ApplyResourceChange
2026-03-03T16:32:20.783+0530 [DEBUG] sdk.framework: Value switched to prior value due to semantic equality logic: tf_attribute_path=preserve_if_owns_delegation tf_req_id=52e69bb1-c864-faa3-3e2a-07f86e69f28d tf_provider_addr=registry.terraform.io/hashicorp/nios tf_rpc=ApplyResourceChange tf_resource_type=nios_grid_member
2026-03-03T16:32:20.783+0530 [DEBUG] sdk.framework: Value switched to prior value due to semantic equality logic: tf_resource_type=nios_grid_member tf_req_id=52e69bb1-c864-faa3-3e2a-07f86e69f28d tf_attribute_path=master_candidate tf_provider_addr=registry.terraform.io/hashicorp/nios tf_rpc=ApplyResourceChange
2026/03/03 16:32:20 
GET /wapi/v2.13.6/member/b25lLnZpcnR1YWxfbm9kZSQyMw:infoblox-wxgoem.localdomain?_return_as_object=1&_return_fields%2B=active_position%2Cadditional_ip_list%2Cautomated_traffic_capture_setting%2Cbgp_as%2Ccomment%2Cconfig_addr_type%2Ccsp_access_key%2Ccsp_member_setting%2Cdns_resolver_setting%2Cdscp%2Cemail_setting%2Cenable_ha%2Cenable_lom%2Cenable_member_redirect%2Cenable_ro_api_access%2Cextattrs%2Cexternal_syslog_backup_servers%2Cexternal_syslog_server_enable%2Cha_cloud_platform%2Cha_on_cloud%2Chost_name%2Cipv6_setting%2Cipv6_static_routes%2Cis_dscp_capable%2Clan2_enabled%2Clan2_port_setting%2Clom_network_config%2Clom_users%2Cmaster_candidate%2Cmember_service_communication%2Cmgmt_port_setting%2Cmmdb_ea_build_time%2Cmmdb_geoip_build_time%2Cnat_setting%2Cnode_info%2Cntp_setting%2Cospf_list%2Cpassive_ha_arp_enabled%2Cplatform%2Cpre_provisioning%2Cpreserve_if_owns_delegation%2Cremote_console_access_enable%2Crouter_id%2Cservice_status%2Cservice_type_configuration%2Csnmp_setting%2Cstatic_routes%2Csupport_access_enable%2Csupport_access_info%2Csyslog_proxy_setting%2Csyslog_servers%2Csyslog_size%2Cthreshold_traps%2Ctime_zone%2Ctraffic_capture_auth_dns_setting%2Ctraffic_capture_chr_setting%2Ctraffic_capture_qps_setting%2Ctraffic_capture_rec_dns_setting%2Ctraffic_capture_rec_queries_setting%2Ctrap_notifications%2Cupgrade_group%2Cuse_automated_traffic_capture%2Cuse_dns_resolver_setting%2Cuse_dscp%2Cuse_email_setting%2Cuse_enable_lom%2Cuse_enable_member_redirect%2Cuse_external_syslog_backup_servers%2Cuse_remote_console_access_enable%2Cuse_snmp_setting%2Cuse_support_access_enable%2Cuse_syslog_proxy_setting%2Cuse_threshold_traps%2Cuse_time_zone%2Cuse_traffic_capture_auth_dns%2Cuse_traffic_capture_chr%2Cuse_traffic_capture_qps%2Cuse_traffic_capture_rec_dns%2Cuse_traffic_capture_rec_queries%2Cuse_trap_notifications%2Cuse_v4_vrrp%2Cvip_setting%2Cvpn_mtu HTTP/1.1
Host: 172.28.83.110
User-Agent: nios-golang-sdk/0.1
Accept: application/json
X-Infoblox-Client: terraform-acceptance-tests
X-Infoblox-Sdk: golang-sdk
Accept-Encoding: gzip


2026/03/03 16:32:21 
HTTP/1.1 200 OK
Connection: close
Transfer-Encoding: chunked
Cache-Control: no-cache, no-store
Content-Security-Policy: default-src 'self' blob: *.splunk.com img-src 'self' 'unsafe-inline' 'unsafe-eval' data: https: style-src 'self' 'unsafe-inline' 'unsafe-eval'
Content-Type: application/json
Date: Tue, 03 Mar 2026 11:02:20 GMT
Pragma: no-cache
Referrer-Policy: no-referrer-when-downgrade
Server: Apache
Set-Cookie: ibapauth="ctime=1772535740,user=admin,group=admin-group,auth=LOCAL,client=API,mtime=1772535740,su=1,ip=10.195.21.137,timeout=3600,ud5WHHbKUxrFfTKtZ2Q/hBKOUlUUlrELhl8"; HttpOnly; Path=/; secure; SameSite=Lax
Strict-Transport-Security: max-age=31536000; includeSubDomains
X-Content-Type-Options: nosniff
X-Frame-Options: SAMEORIGIN
X-Xss-Protection: 1; mode=block

2d3d
{"result": {"_ref": "member/b25lLnZpcnR1YWxfbm9kZSQyMw:infoblox-wxgoem.localdomain", "active_position": "0", "additional_ip_list": [], "automated_traffic_capture_setting": {"destination": "NONE", "include_support_bundle": false, "keep_local_copy": false, "traffic_capture_enable": false}, "bgp_as": [], "config_addr_type": "IPV4", "csp_access_key": [], "csp_member_setting": {"csp_dns_resolver": "52.119.40.100", "use_csp_dns_resolver": false, "use_csp_https_proxy": false, "use_csp_join_token": false}, "dns_resolver_setting": {"resolvers": [], "search_domains": []}, "dscp": 0, "email_setting": {"enabled": false, "port_number": 25, "relay_enabled": false, "smtps": false, "use_authentication": false}, "enable_ha": false, "enable_lom": true, "enable_member_redirect": false, "enable_ro_api_access": false, "extattrs": {"Terraform Internal ID": {"value": "cb9dbc67-f620-7708-3969-17df59ee8d3d"}}, "external_syslog_backup_servers": [], "external_syslog_server_enable": false, "ha_cloud_platform": "None", "ha_on_cloud": false, "host_name": "infoblox-wxgoem.localdomain", "ipv6_setting": {"auto_router_config_enabled": false, "dscp": 0, "enabled": false, "primary": true, "use_dscp": false}, "ipv6_static_routes": [], "is_dscp_capable": false, "lan2_enabled": false, "lan2_port_setting": {"default_route_failover_enabled": false, "enabled": false, "nic_failover_enable_primary": false, "nic_failover_enabled": false}, "lom_network_config": [{"is_lom_capable": false}], "lom_users": [], "master_candidate": false, "member_service_communication": [], "mgmt_port_setting": {"enabled": false, "security_access_enabled": false, "vpn_enabled": false}, "nat_setting": {"enabled": false}, "node_info": [{"ha_status": "NOT_CONFIGURED", "host_platform": "UNKNOWN", "hwid": "Unknown", "hwmodel": "Unknown", "hwtype": "IB-UNKNOWN", "hypervisor": "UNKNOWN", "lan2_physical_setting": {"auto_port_setting_enabled": true}, "lan_ha_port_setting": {"ha_cloud_attribute": "UNK", "ha_port_setting": {"auto_port_setting_enabled": true, "speed": "10"}, "lan_port_setting": {"auto_port_setting_enabled": true}}, "mgmt_physical_setting": {"auto_port_setting_enabled": true}, "paid_nios": false, "physical_oid": "24", "service_status": [], "v6_mgmt_network_setting": {"auto_router_config_enabled": false, "enabled": false}}], "ntp_setting": {"enable_external_ntp_servers": false, "enable_ntp": false, "exclude_grid_master_ntp_server": false, "local_ntp_stratum": 15, "ntp_acl": {"ac_list": [], "acl_type": "NONE", "service": "TIME"}, "ntp_keys": [], "ntp_kod": false, "ntp_servers": [], "use_default_stratum": true, "use_local_ntp_stratum": false, "use_ntp_acl": false, "use_ntp_keys": false, "use_ntp_kod": false, "use_ntp_servers": false}, "ospf_list": [], "passive_ha_arp_enabled": false, "platform": "VNIOS", "preserve_if_owns_delegation": false, "remote_console_access_enable": false, "service_status": [{"service": "DFP", "status": "UNKNOWN"}, {"service": "DOT_DOH", "status": "UNKNOWN"}, {"service": "NTP", "status": "UNKNOWN"}, {"service": "TFTP", "status": "UNKNOWN"}, {"service": "HTTP_FILE_DIST", "status": "UNKNOWN"}, {"service": "FTP", "status": "UNKNOWN"}, {"service": "CAPTIVE_PORTAL", "status": "UNKNOWN"}, {"service": "HSM", "status": "UNKNOWN"}, {"service": "ATP", "status": "UNKNOWN"}, {"service": "IMC", "status": "UNKNOWN"}, {"service": "IMC_DCA_BWL", "status": "UNKNOWN"}, {"service": "CLOUD_DNS_SYNC", "status": "UNKNOWN"}], "service_type_configuration": "ALL_V4", "snmp_setting": {"engine_id": ["80:00:1E:63:05:06:9b:3c:d1:82:9b:ac:1c:53:11"], "queries_enable": false, "snmpv3_queries_enable": false, "snmpv3_traps_enable": false, "syscontact": [], "sysdescr": [], "syslocation": [], "sysname": ["infoblox-wxgoem.localdomain"], "trap_receivers": [], "traps_enable": false}, "static_routes": [], "support_access_enable": false, "support_access_info": "Not enabled (compat mode set)", "syslog_proxy_setting": {"client_acls": [], "enable": false, "tcp_enable": true, "tcp_port": 514, "udp_enable": true, "udp_port": 514}, "syslog_servers": [], "syslog_size": 300, "threshold_traps": [{"trap_reset": 0, "trap_trigger": 100, "trap_type": "CpuUsage"}, {"trap_reset": 70, "trap_trigger": 80, "trap_type": "DBObjects"}, {"trap_reset": 70, "trap_trigger": 85, "trap_type": "Disk"}, {"trap_reset": 89, "trap_trigger": 90, "trap_type": "ExtStorage"}, {"trap_reset": 70, "trap_trigger": 90, "trap_type": "FDUsage"}, {"trap_reset": 0, "trap_trigger": 0, "trap_type": "FastpathDroppedTraffic"}, {"trap_reset": 70, "trap_trigger": 90, "trap_type": "Fastpathmbuffdepletion"}, {"trap_reset": 80, "trap_trigger": 90, "trap_type": "Memory"}, {"trap_reset": 75, "trap_trigger": 85, "trap_type": "NetworkCapacity"}, {"trap_reset": 30, "trap_trigger": 80, "trap_type": "RecursiveClients"}, {"trap_reset": 70, "trap_trigger": 85, "trap_type": "Reporting"}, {"trap_reset": 71, "trap_trigger": 80, "trap_type": "ReportingVolume"}, {"trap_reset": 70, "trap_trigger": 85, "trap_type": "Rootfs"}, {"trap_reset": 10, "trap_trigger": 20, "trap_type": "SwapUsage"}, {"trap_reset": 0, "trap_trigger": 1, "trap_type": "TcpUdpFloodAlertRate"}, {"trap_reset": 0, "trap_trigger": 1, "trap_type": "TcpUdpFloodDropRate"}, {"trap_reset": 5, "trap_trigger": 10, "trap_type": "ThreatProtectionDroppedTraffic"}, {"trap_reset": 70, "trap_trigger": 90, "trap_type": "ThreatProtectionTotalTraffic"}, {"trap_reset": 70, "trap_trigger": 85, "trap_type": "Tmpfs"}], "time_zone": "UTC", "traffic_capture_auth_dns_setting": {"auth_dns_latency_listen_on_source": "VIP_V4", "auth_dns_latency_trigger_enable": false}, "traffic_capture_chr_setting": {"chr_trigger_enable": false}, "traffic_capture_qps_setting": {"qps_trigger_enable": false}, "traffic_capture_rec_dns_setting": {"kpi_monitored_domains": [], "rec_dns_latency_listen_on_source": "VIP_V4", "rec_dns_latency_trigger_enable": false}, "traffic_capture_rec_queries_setting": {"recursive_clients_count_trigger_enable": false}, "trap_notifications": [{"enable_email": false, "enable_trap": true, "trap_type": "AnalyticsRPZ"}, {"enable_email": false, "enable_trap": true, "trap_type": "AutomatedTrafficCapture"}, {"enable_email": false, "enable_trap": true, "trap_type": "BFD"}, {"enable_email": false, "enable_trap": true, "trap_type": "BGP"}, {"enable_email": false, "enable_trap": true, "trap_type": "Backup"}, {"enable_email": false, "enable_trap": true, "trap_type": "CPU"}, {"enable_email": false, "enable_trap": true, "trap_type": "CaptivePortal"}, {"enable_email": false, "enable_trap": true, "trap_type": "CiscoISEServer"}, {"enable_email": false, "enable_trap": true, "trap_type": "Clear"}, {"enable_email": false, "enable_trap": true, "trap_type": "CloudAPI"}, {"enable_email": false, "enable_trap": true, "trap_type": "CloudDNSsync"}, {"enable_email": false, "enable_trap": true, "trap_type": "Cluster"}, {"enable_email": false, "enable_trap": true, "trap_type": "Controld"}, {"enable_email": false, "enable_trap": true, "trap_type": "DHCP"}, {"enable_email": false, "enable_trap": true, "trap_type": "DNS"}, {"enable_email": false, "enable_trap": true, "trap_type": "DNSAttack"}, {"enable_email": false, "enable_trap": true, "trap_type": "DNSIntegrityCheck"}, {"enable_email": false, "enable_trap": true, "trap_type": "DNSIntegrityCheckConnection"}, {"enable_email": false, "enable_trap": true, "trap_type": "Database"}, {"enable_email": false, "enable_trap": true, "trap_type": "DisconnectedGrid"}, {"enable_email": false, "enable_trap": true, "trap_type": "Discovery"}, {"enable_email": false, "enable_trap": true, "trap_type": "DiscoveryConflict"}, {"enable_email": false, "enable_trap": true, "trap_type": "DiscoveryUnmanaged"}, {"enable_email": false, "enable_trap": true, "trap_type": "Disk"}, {"enable_email": false, "enable_trap": true, "trap_type": "DuplicateIP"}, {"enable_email": false, "enable_trap": true, "trap_type": "ENAT"}, {"enable_email": false, "enable_trap": true, "trap_type": "FDUsage"}, {"enable_email": false, "enable_trap": true, "trap_type": "FTP"}, {"enable_email": false, "enable_trap": true, "trap_type": "Fan"}, {"enable_email": false, "enable_trap": true, "trap_type": "HA"}, {"enable_email": false, "enable_trap": true, "trap_type": "HAOnCloud"}, {"enable_email": false, "enable_trap": true, "trap_type": "HSM"}, {"enable_email": false, "enable_trap": true, "trap_type": "HTTP"}, {"enable_email": false, "enable_trap": true, "trap_type": "IFMAP"}, {"enable_email": false, "enable_trap": true, "trap_type": "IMC"}, {"enable_email": false, "enable_trap": true, "trap_type": "IMCGRPCServer"}, {"enable_email": false, "enable_trap": true, "trap_type": "IPMIDevice"}, {"enable_email": false, "enable_trap": true, "trap_type": "LCD"}, {"enable_email": false, "enable_trap": true, "trap_type": "LDAPServers"}, {"enable_email": false, "enable_trap": true, "trap_type": "License"}, {"enable_email": false, "enable_trap": true, "trap_type": "Login"}, {"enable_email": false, "enable_trap": true, "trap_type": "MGM"}, {"enable_email": false, "enable_trap": true, "trap_type": "MSServer"}, {"enable_email": false, "enable_trap": true, "trap_type": "Memory"}, {"enable_email": false, "enable_trap": true, "trap_type": "NTP"}, {"enable_email": false, "enable_trap": true, "trap_type": "Network"}, {"enable_email": false, "enable_trap": true, "trap_type": "OCSPResponders"}, {"enable_email": false, "enable_trap": true, "trap_type": "OSPF"}, {"enable_email": false, "enable_trap": true, "trap_type": "OSPF6"}, {"enable_email": false, "enable_trap": true, "trap_type": "Outbound"}, {"enable_email": false, "enable_trap": true, "trap_type": "PowerSupply"}, {"enable_email": false, "enable_trap": true, "trap_type": "RAID"}, {"enable_email": false, "enable_trap": true, "trap_type": "RIRSWIP"}, {"enable_email": false, "enable_trap": true, "trap_type": "RecursiveClients"}, {"enable_email": false, "enable_trap": true, "trap_type": "Reporting"}, {"enable_email": false, "enable_trap": true, "trap_type": "RootFS"}, {"enable_email": false, "enable_trap": true, "trap_type": "SNMP"}, {"enable_email": false, "enable_trap": true, "trap_type": "SSH"}, {"enable_email": false, "enable_trap": true, "trap_type": "SerialConsole"}, {"enable_email": false, "enable_trap": true, "trap_type": "SwapUsage"}, {"enable_email": false, "enable_trap": true, "trap_type": "Syslog"}, {"enable_email": false, "enable_trap": true, "trap_type": "System"}, {"enable_email": false, "enable_trap": true, "trap_type": "TFTP"}, {"enable_email": false, "enable_trap": true, "trap_type": "Taxii"}, {"enable_email": false, "enable_trap": true, "trap_type": "ThreatInsight"}, {"enable_email": false, "enable_trap": true, "trap_type": "ThreatProtection"}, {"enable_email": false, "enable_trap": true, "trap_type": "TmpFS"}], "upgrade_group": "Default", "use_automated_traffic_capture": false, "use_dns_resolver_setting": false, "use_dscp": false, "use_email_setting": false, "use_enable_lom": false, "use_enable_member_redirect": false, "use_external_syslog_backup_servers": false, "use_remote_console_access_enable": false, "use_snmp_setting": true, "use_support_access_enable": false, "use_syslog_proxy_setting": false, "use_threshold_traps": false, "use_time_zone": false, "use_traffic_capture_auth_dns": false, "use_traffic_capture_chr": false, "use_traffic_capture_qps": false, "use_traffic_capture_rec_dns": false, "use_traffic_capture_rec_queries": false, "use_trap_notifications": false, "use_v4_vrrp": true, "vip_setting": {"address": "172.28.83.17", "dscp": 0, "gateway": "172.28.82.1", "primary": true, "subnet_mask": "255.255.254.0", "use_dscp": false}, "vpn_mtu": 1450}}
0


2026-03-03T16:32:21.564+0530 [DEBUG] sdk.helper_resource: Running Terraform CLI plan to check for perpetual differences: test_name=TestAccMemberResource_SnmpSetting test_terraform_path=/usr/local/bin/terraform test_working_directory=/var/folders/6m/7j_mmff502l5vfc9jp_db0l40000gp/T/plugintest2853927804 test_step_number=1
2026/03/03 16:32:21 
GET /wapi/v2.13.6/extensibleattributedef?_return_as_object=1&_return_fields%2B=allowed_object_types%2Ccomment%2Cdefault_value%2Cflags%2Clist_values%2Cmax%2Cmin%2Cname%2Cnamespace%2Ctype&name=Terraform+Internal+ID HTTP/1.1
Host: 172.28.83.110
User-Agent: nios-golang-sdk/0.1
Accept: application/json
X-Infoblox-Client: terraform/test#test
X-Infoblox-Sdk: golang-sdk
Accept-Encoding: gzip


2026/03/03 16:32:22 
HTTP/1.1 200 OK
Connection: close
Transfer-Encoding: chunked
Cache-Control: no-cache, no-store
Content-Security-Policy: default-src 'self' blob: *.splunk.com img-src 'self' 'unsafe-inline' 'unsafe-eval' data: https: style-src 'self' 'unsafe-inline' 'unsafe-eval'
Content-Type: application/json
Date: Tue, 03 Mar 2026 11:02:21 GMT
Pragma: no-cache
Referrer-Policy: no-referrer-when-downgrade
Server: Apache
Set-Cookie: ibapauth="ctime=1772535741,user=admin,group=admin-group,auth=LOCAL,client=API,mtime=1772535741,su=1,ip=10.195.21.137,timeout=3600,RugkF1cdKAiJqmcSDe5UOZ6gmtdstSOxmyA"; HttpOnly; Path=/; secure; SameSite=Lax
Strict-Transport-Security: max-age=31536000; includeSubDomains
X-Content-Type-Options: nosniff
X-Frame-Options: SAMEORIGIN
X-Xss-Protection: 1; mode=block

144
{"result": [{"_ref": "extensibleattributedef/b25lLmV4dGVuc2libGVfYXR0cmlidXRlc19kZWYkLlRlcnJhZm9ybSBJbnRlcm5hbCBJRA:Terraform%20Internal%20ID", "comment": "Internal ID for Terraform Resource", "default_value": null, "flags": "CR", "list_values": [], "name": "Terraform Internal ID", "namespace": "CLOUD", "type": "STRING"}]}
0


2026/03/03 16:32:22 
GET /wapi/v2.13.6/extensibleattributedef?_return_as_object=1&_return_fields%2B=allowed_object_types%2Ccomment%2Cdefault_value%2Cflags%2Clist_values%2Cmax%2Cmin%2Cname%2Cnamespace%2Ctype&name=Terraform+Internal+ID HTTP/1.1
Host: 172.28.83.110
User-Agent: nios-golang-sdk/0.1
Accept: application/json
X-Infoblox-Client: terraform/test#test
X-Infoblox-Sdk: golang-sdk
Accept-Encoding: gzip


2026/03/03 16:32:24 
HTTP/1.1 200 OK
Connection: close
Transfer-Encoding: chunked
Cache-Control: no-cache, no-store
Content-Security-Policy: default-src 'self' blob: *.splunk.com img-src 'self' 'unsafe-inline' 'unsafe-eval' data: https: style-src 'self' 'unsafe-inline' 'unsafe-eval'
Content-Type: application/json
Date: Tue, 03 Mar 2026 11:02:23 GMT
Pragma: no-cache
Referrer-Policy: no-referrer-when-downgrade
Server: Apache
Set-Cookie: ibapauth="ctime=1772535743,user=admin,group=admin-group,auth=LOCAL,client=API,mtime=1772535743,su=1,ip=10.195.21.137,timeout=3600,IMHwyIkeNRI1rYUd5+J9A7EXLwv51lBYm6Q"; HttpOnly; Path=/; secure; SameSite=Lax
Strict-Transport-Security: max-age=31536000; includeSubDomains
X-Content-Type-Options: nosniff
X-Frame-Options: SAMEORIGIN
X-Xss-Protection: 1; mode=block

144
{"result": [{"_ref": "extensibleattributedef/b25lLmV4dGVuc2libGVfYXR0cmlidXRlc19kZWYkLlRlcnJhZm9ybSBJbnRlcm5hbCBJRA:Terraform%20Internal%20ID", "comment": "Internal ID for Terraform Resource", "default_value": null, "flags": "CR", "list_values": [], "name": "Terraform Internal ID", "namespace": "CLOUD", "type": "STRING"}]}
0


2026/03/03 16:32:24 
GET /wapi/v2.13.6/member/b25lLnZpcnR1YWxfbm9kZSQyMw:infoblox-wxgoem.localdomain?_proxy_search=LOCAL&_return_as_object=1&_return_fields%2B=active_position%2Cadditional_ip_list%2Cautomated_traffic_capture_setting%2Cbgp_as%2Ccomment%2Cconfig_addr_type%2Ccsp_access_key%2Ccsp_member_setting%2Cdns_resolver_setting%2Cdscp%2Cemail_setting%2Cenable_ha%2Cenable_lom%2Cenable_member_redirect%2Cenable_ro_api_access%2Cextattrs%2Cexternal_syslog_backup_servers%2Cexternal_syslog_server_enable%2Cha_cloud_platform%2Cha_on_cloud%2Chost_name%2Cipv6_setting%2Cipv6_static_routes%2Cis_dscp_capable%2Clan2_enabled%2Clan2_port_setting%2Clom_network_config%2Clom_users%2Cmaster_candidate%2Cmember_service_communication%2Cmgmt_port_setting%2Cmmdb_ea_build_time%2Cmmdb_geoip_build_time%2Cnat_setting%2Cnode_info%2Cntp_setting%2Cospf_list%2Cpassive_ha_arp_enabled%2Cplatform%2Cpre_provisioning%2Cpreserve_if_owns_delegation%2Cremote_console_access_enable%2Crouter_id%2Cservice_status%2Cservice_type_configuration%2Csnmp_setting%2Cstatic_routes%2Csupport_access_enable%2Csupport_access_info%2Csyslog_proxy_setting%2Csyslog_servers%2Csyslog_size%2Cthreshold_traps%2Ctime_zone%2Ctraffic_capture_auth_dns_setting%2Ctraffic_capture_chr_setting%2Ctraffic_capture_qps_setting%2Ctraffic_capture_rec_dns_setting%2Ctraffic_capture_rec_queries_setting%2Ctrap_notifications%2Cupgrade_group%2Cuse_automated_traffic_capture%2Cuse_dns_resolver_setting%2Cuse_dscp%2Cuse_email_setting%2Cuse_enable_lom%2Cuse_enable_member_redirect%2Cuse_external_syslog_backup_servers%2Cuse_remote_console_access_enable%2Cuse_snmp_setting%2Cuse_support_access_enable%2Cuse_syslog_proxy_setting%2Cuse_threshold_traps%2Cuse_time_zone%2Cuse_traffic_capture_auth_dns%2Cuse_traffic_capture_chr%2Cuse_traffic_capture_qps%2Cuse_traffic_capture_rec_dns%2Cuse_traffic_capture_rec_queries%2Cuse_trap_notifications%2Cuse_v4_vrrp%2Cvip_setting%2Cvpn_mtu HTTP/1.1
Host: 172.28.83.110
User-Agent: nios-golang-sdk/0.1
Accept: application/json
X-Infoblox-Client: terraform/test#test
X-Infoblox-Sdk: golang-sdk
Accept-Encoding: gzip


2026/03/03 16:32:25 
HTTP/1.1 200 OK
Connection: close
Transfer-Encoding: chunked
Cache-Control: no-cache, no-store
Content-Security-Policy: default-src 'self' blob: *.splunk.com img-src 'self' 'unsafe-inline' 'unsafe-eval' data: https: style-src 'self' 'unsafe-inline' 'unsafe-eval'
Content-Type: application/json
Date: Tue, 03 Mar 2026 11:02:24 GMT
Pragma: no-cache
Referrer-Policy: no-referrer-when-downgrade
Server: Apache
Strict-Transport-Security: max-age=31536000; includeSubDomains
X-Content-Type-Options: nosniff
X-Frame-Options: SAMEORIGIN
X-Xss-Protection: 1; mode=block

2d3d
{"result": {"_ref": "member/b25lLnZpcnR1YWxfbm9kZSQyMw:infoblox-wxgoem.localdomain", "active_position": "0", "additional_ip_list": [], "automated_traffic_capture_setting": {"destination": "NONE", "include_support_bundle": false, "keep_local_copy": false, "traffic_capture_enable": false}, "bgp_as": [], "config_addr_type": "IPV4", "csp_access_key": [], "csp_member_setting": {"csp_dns_resolver": "52.119.40.100", "use_csp_dns_resolver": false, "use_csp_https_proxy": false, "use_csp_join_token": false}, "dns_resolver_setting": {"resolvers": [], "search_domains": []}, "dscp": 0, "email_setting": {"enabled": false, "port_number": 25, "relay_enabled": false, "smtps": false, "use_authentication": false}, "enable_ha": false, "enable_lom": true, "enable_member_redirect": false, "enable_ro_api_access": false, "extattrs": {"Terraform Internal ID": {"value": "cb9dbc67-f620-7708-3969-17df59ee8d3d"}}, "external_syslog_backup_servers": [], "external_syslog_server_enable": false, "ha_cloud_platform": "None", "ha_on_cloud": false, "host_name": "infoblox-wxgoem.localdomain", "ipv6_setting": {"auto_router_config_enabled": false, "dscp": 0, "enabled": false, "primary": true, "use_dscp": false}, "ipv6_static_routes": [], "is_dscp_capable": false, "lan2_enabled": false, "lan2_port_setting": {"default_route_failover_enabled": false, "enabled": false, "nic_failover_enable_primary": false, "nic_failover_enabled": false}, "lom_network_config": [{"is_lom_capable": false}], "lom_users": [], "master_candidate": false, "member_service_communication": [], "mgmt_port_setting": {"enabled": false, "security_access_enabled": false, "vpn_enabled": false}, "nat_setting": {"enabled": false}, "node_info": [{"ha_status": "NOT_CONFIGURED", "host_platform": "UNKNOWN", "hwid": "Unknown", "hwmodel": "Unknown", "hwtype": "IB-UNKNOWN", "hypervisor": "UNKNOWN", "lan2_physical_setting": {"auto_port_setting_enabled": true}, "lan_ha_port_setting": {"ha_cloud_attribute": "UNK", "ha_port_setting": {"auto_port_setting_enabled": true, "speed": "10"}, "lan_port_setting": {"auto_port_setting_enabled": true}}, "mgmt_physical_setting": {"auto_port_setting_enabled": true}, "paid_nios": false, "physical_oid": "24", "service_status": [], "v6_mgmt_network_setting": {"auto_router_config_enabled": false, "enabled": false}}], "ntp_setting": {"enable_external_ntp_servers": false, "enable_ntp": false, "exclude_grid_master_ntp_server": false, "local_ntp_stratum": 15, "ntp_acl": {"ac_list": [], "acl_type": "NONE", "service": "TIME"}, "ntp_keys": [], "ntp_kod": false, "ntp_servers": [], "use_default_stratum": true, "use_local_ntp_stratum": false, "use_ntp_acl": false, "use_ntp_keys": false, "use_ntp_kod": false, "use_ntp_servers": false}, "ospf_list": [], "passive_ha_arp_enabled": false, "platform": "VNIOS", "preserve_if_owns_delegation": false, "remote_console_access_enable": false, "service_status": [{"service": "DFP", "status": "UNKNOWN"}, {"service": "DOT_DOH", "status": "UNKNOWN"}, {"service": "NTP", "status": "UNKNOWN"}, {"service": "TFTP", "status": "UNKNOWN"}, {"service": "HTTP_FILE_DIST", "status": "UNKNOWN"}, {"service": "FTP", "status": "UNKNOWN"}, {"service": "CAPTIVE_PORTAL", "status": "UNKNOWN"}, {"service": "HSM", "status": "UNKNOWN"}, {"service": "ATP", "status": "UNKNOWN"}, {"service": "IMC", "status": "UNKNOWN"}, {"service": "IMC_DCA_BWL", "status": "UNKNOWN"}, {"service": "CLOUD_DNS_SYNC", "status": "UNKNOWN"}], "service_type_configuration": "ALL_V4", "snmp_setting": {"engine_id": ["80:00:1E:63:05:06:9b:3c:d1:82:9b:ac:1c:53:11"], "queries_enable": false, "snmpv3_queries_enable": false, "snmpv3_traps_enable": false, "syscontact": [], "sysdescr": [], "syslocation": [], "sysname": ["infoblox-wxgoem.localdomain"], "trap_receivers": [], "traps_enable": false}, "static_routes": [], "support_access_enable": false, "support_access_info": "Not enabled (compat mode set)", "syslog_proxy_setting": {"client_acls": [], "enable": false, "tcp_enable": true, "tcp_port": 514, "udp_enable": true, "udp_port": 514}, "syslog_servers": [], "syslog_size": 300, "threshold_traps": [{"trap_reset": 0, "trap_trigger": 100, "trap_type": "CpuUsage"}, {"trap_reset": 70, "trap_trigger": 80, "trap_type": "DBObjects"}, {"trap_reset": 70, "trap_trigger": 85, "trap_type": "Disk"}, {"trap_reset": 89, "trap_trigger": 90, "trap_type": "ExtStorage"}, {"trap_reset": 70, "trap_trigger": 90, "trap_type": "FDUsage"}, {"trap_reset": 0, "trap_trigger": 0, "trap_type": "FastpathDroppedTraffic"}, {"trap_reset": 70, "trap_trigger": 90, "trap_type": "Fastpathmbuffdepletion"}, {"trap_reset": 80, "trap_trigger": 90, "trap_type": "Memory"}, {"trap_reset": 75, "trap_trigger": 85, "trap_type": "NetworkCapacity"}, {"trap_reset": 30, "trap_trigger": 80, "trap_type": "RecursiveClients"}, {"trap_reset": 70, "trap_trigger": 85, "trap_type": "Reporting"}, {"trap_reset": 71, "trap_trigger": 80, "trap_type": "ReportingVolume"}, {"trap_reset": 70, "trap_trigger": 85, "trap_type": "Rootfs"}, {"trap_reset": 10, "trap_trigger": 20, "trap_type": "SwapUsage"}, {"trap_reset": 0, "trap_trigger": 1, "trap_type": "TcpUdpFloodAlertRate"}, {"trap_reset": 0, "trap_trigger": 1, "trap_type": "TcpUdpFloodDropRate"}, {"trap_reset": 5, "trap_trigger": 10, "trap_type": "ThreatProtectionDroppedTraffic"}, {"trap_reset": 70, "trap_trigger": 90, "trap_type": "ThreatProtectionTotalTraffic"}, {"trap_reset": 70, "trap_trigger": 85, "trap_type": "Tmpfs"}], "time_zone": "UTC", "traffic_capture_auth_dns_setting": {"auth_dns_latency_listen_on_source": "VIP_V4", "auth_dns_latency_trigger_enable": false}, "traffic_capture_chr_setting": {"chr_trigger_enable": false}, "traffic_capture_qps_setting": {"qps_trigger_enable": false}, "traffic_capture_rec_dns_setting": {"kpi_monitored_domains": [], "rec_dns_latency_listen_on_source": "VIP_V4", "rec_dns_latency_trigger_enable": false}, "traffic_capture_rec_queries_setting": {"recursive_clients_count_trigger_enable": false}, "trap_notifications": [{"enable_email": false, "enable_trap": true, "trap_type": "AnalyticsRPZ"}, {"enable_email": false, "enable_trap": true, "trap_type": "AutomatedTrafficCapture"}, {"enable_email": false, "enable_trap": true, "trap_type": "BFD"}, {"enable_email": false, "enable_trap": true, "trap_type": "BGP"}, {"enable_email": false, "enable_trap": true, "trap_type": "Backup"}, {"enable_email": false, "enable_trap": true, "trap_type": "CPU"}, {"enable_email": false, "enable_trap": true, "trap_type": "CaptivePortal"}, {"enable_email": false, "enable_trap": true, "trap_type": "CiscoISEServer"}, {"enable_email": false, "enable_trap": true, "trap_type": "Clear"}, {"enable_email": false, "enable_trap": true, "trap_type": "CloudAPI"}, {"enable_email": false, "enable_trap": true, "trap_type": "CloudDNSsync"}, {"enable_email": false, "enable_trap": true, "trap_type": "Cluster"}, {"enable_email": false, "enable_trap": true, "trap_type": "Controld"}, {"enable_email": false, "enable_trap": true, "trap_type": "DHCP"}, {"enable_email": false, "enable_trap": true, "trap_type": "DNS"}, {"enable_email": false, "enable_trap": true, "trap_type": "DNSAttack"}, {"enable_email": false, "enable_trap": true, "trap_type": "DNSIntegrityCheck"}, {"enable_email": false, "enable_trap": true, "trap_type": "DNSIntegrityCheckConnection"}, {"enable_email": false, "enable_trap": true, "trap_type": "Database"}, {"enable_email": false, "enable_trap": true, "trap_type": "DisconnectedGrid"}, {"enable_email": false, "enable_trap": true, "trap_type": "Discovery"}, {"enable_email": false, "enable_trap": true, "trap_type": "DiscoveryConflict"}, {"enable_email": false, "enable_trap": true, "trap_type": "DiscoveryUnmanaged"}, {"enable_email": false, "enable_trap": true, "trap_type": "Disk"}, {"enable_email": false, "enable_trap": true, "trap_type": "DuplicateIP"}, {"enable_email": false, "enable_trap": true, "trap_type": "ENAT"}, {"enable_email": false, "enable_trap": true, "trap_type": "FDUsage"}, {"enable_email": false, "enable_trap": true, "trap_type": "FTP"}, {"enable_email": false, "enable_trap": true, "trap_type": "Fan"}, {"enable_email": false, "enable_trap": true, "trap_type": "HA"}, {"enable_email": false, "enable_trap": true, "trap_type": "HAOnCloud"}, {"enable_email": false, "enable_trap": true, "trap_type": "HSM"}, {"enable_email": false, "enable_trap": true, "trap_type": "HTTP"}, {"enable_email": false, "enable_trap": true, "trap_type": "IFMAP"}, {"enable_email": false, "enable_trap": true, "trap_type": "IMC"}, {"enable_email": false, "enable_trap": true, "trap_type": "IMCGRPCServer"}, {"enable_email": false, "enable_trap": true, "trap_type": "IPMIDevice"}, {"enable_email": false, "enable_trap": true, "trap_type": "LCD"}, {"enable_email": false, "enable_trap": true, "trap_type": "LDAPServers"}, {"enable_email": false, "enable_trap": true, "trap_type": "License"}, {"enable_email": false, "enable_trap": true, "trap_type": "Login"}, {"enable_email": false, "enable_trap": true, "trap_type": "MGM"}, {"enable_email": false, "enable_trap": true, "trap_type": "MSServer"}, {"enable_email": false, "enable_trap": true, "trap_type": "Memory"}, {"enable_email": false, "enable_trap": true, "trap_type": "NTP"}, {"enable_email": false, "enable_trap": true, "trap_type": "Network"}, {"enable_email": false, "enable_trap": true, "trap_type": "OCSPResponders"}, {"enable_email": false, "enable_trap": true, "trap_type": "OSPF"}, {"enable_email": false, "enable_trap": true, "trap_type": "OSPF6"}, {"enable_email": false, "enable_trap": true, "trap_type": "Outbound"}, {"enable_email": false, "enable_trap": true, "trap_type": "PowerSupply"}, {"enable_email": false, "enable_trap": true, "trap_type": "RAID"}, {"enable_email": false, "enable_trap": true, "trap_type": "RIRSWIP"}, {"enable_email": false, "enable_trap": true, "trap_type": "RecursiveClients"}, {"enable_email": false, "enable_trap": true, "trap_type": "Reporting"}, {"enable_email": false, "enable_trap": true, "trap_type": "RootFS"}, {"enable_email": false, "enable_trap": true, "trap_type": "SNMP"}, {"enable_email": false, "enable_trap": true, "trap_type": "SSH"}, {"enable_email": false, "enable_trap": true, "trap_type": "SerialConsole"}, {"enable_email": false, "enable_trap": true, "trap_type": "SwapUsage"}, {"enable_email": false, "enable_trap": true, "trap_type": "Syslog"}, {"enable_email": false, "enable_trap": true, "trap_type": "System"}, {"enable_email": false, "enable_trap": true, "trap_type": "TFTP"}, {"enable_email": false, "enable_trap": true, "trap_type": "Taxii"}, {"enable_email": false, "enable_trap": true, "trap_type": "ThreatInsight"}, {"enable_email": false, "enable_trap": true, "trap_type": "ThreatProtection"}, {"enable_email": false, "enable_trap": true, "trap_type": "TmpFS"}], "upgrade_group": "Default", "use_automated_traffic_capture": false, "use_dns_resolver_setting": false, "use_dscp": false, "use_email_setting": false, "use_enable_lom": false, "use_enable_member_redirect": false, "use_external_syslog_backup_servers": false, "use_remote_console_access_enable": false, "use_snmp_setting": true, "use_support_access_enable": false, "use_syslog_proxy_setting": false, "use_threshold_traps": false, "use_time_zone": false, "use_traffic_capture_auth_dns": false, "use_traffic_capture_chr": false, "use_traffic_capture_qps": false, "use_traffic_capture_rec_dns": false, "use_traffic_capture_rec_queries": false, "use_trap_notifications": false, "use_v4_vrrp": true, "vip_setting": {"address": "172.28.83.17", "dscp": 0, "gateway": "172.28.82.1", "primary": true, "subnet_mask": "255.255.254.0", "use_dscp": false}, "vpn_mtu": 1450}}
0


2026-03-03T16:32:25.127+0530 [DEBUG] sdk.framework: Value switched to prior value due to semantic equality logic: tf_resource_type=nios_grid_member tf_provider_addr=registry.terraform.io/hashicorp/nios tf_rpc=ReadResource tf_req_id=d3b25069-bee0-e082-fa4a-dde52abec3c8 tf_attribute_path=enable_ro_api_access
2026-03-03T16:32:25.127+0530 [DEBUG] sdk.framework: Value switched to prior value due to semantic equality logic: tf_provider_addr=registry.terraform.io/hashicorp/nios tf_rpc=ReadResource tf_attribute_path=use_traffic_capture_qps tf_req_id=d3b25069-bee0-e082-fa4a-dde52abec3c8 tf_resource_type=nios_grid_member
2026-03-03T16:32:25.127+0530 [DEBUG] sdk.framework: Value switched to prior value due to semantic equality logic: tf_req_id=d3b25069-bee0-e082-fa4a-dde52abec3c8 tf_attribute_path=platform tf_resource_type=nios_grid_member tf_provider_addr=registry.terraform.io/hashicorp/nios tf_rpc=ReadResource
2026-03-03T16:32:25.127+0530 [DEBUG] sdk.framework: Value switched to prior value due to semantic equality logic: tf_attribute_path=use_automated_traffic_capture tf_resource_type=nios_grid_member tf_provider_addr=registry.terraform.io/hashicorp/nios tf_rpc=ReadResource tf_req_id=d3b25069-bee0-e082-fa4a-dde52abec3c8
2026-03-03T16:32:25.127+0530 [DEBUG] sdk.framework: Value switched to prior value due to semantic equality logic: tf_resource_type=nios_grid_member tf_provider_addr=registry.terraform.io/hashicorp/nios tf_rpc=ReadResource tf_req_id=d3b25069-bee0-e082-fa4a-dde52abec3c8 tf_attribute_path=master_candidate
2026-03-03T16:32:25.127+0530 [DEBUG] sdk.framework: Value switched to prior value due to semantic equality logic: tf_req_id=d3b25069-bee0-e082-fa4a-dde52abec3c8 tf_attribute_path=node_info[0].nat_external_ip tf_resource_type=nios_grid_member tf_provider_addr=registry.terraform.io/hashicorp/nios tf_rpc=ReadResource
2026-03-03T16:32:25.127+0530 [DEBUG] sdk.framework: Value switched to prior value due to semantic equality logic: tf_attribute_path=node_info[0].hwtype tf_resource_type=nios_grid_member tf_provider_addr=registry.terraform.io/hashicorp/nios tf_rpc=ReadResource tf_req_id=d3b25069-bee0-e082-fa4a-dde52abec3c8
2026-03-03T16:32:25.127+0530 [DEBUG] sdk.framework: Value switched to prior value due to semantic equality logic: tf_provider_addr=registry.terraform.io/hashicorp/nios tf_rpc=ReadResource tf_req_id=d3b25069-bee0-e082-fa4a-dde52abec3c8 tf_attribute_path=node_info[0].v6_mgmt_network_setting.gateway tf_resource_type=nios_grid_member
2026-03-03T16:32:25.127+0530 [DEBUG] sdk.framework: Value switched to prior value due to semantic equality logic: tf_attribute_path=node_info[0].v6_mgmt_network_setting.auto_router_config_enabled tf_resource_type=nios_grid_member tf_provider_addr=registry.terraform.io/hashicorp/nios tf_rpc=ReadResource tf_req_id=d3b25069-bee0-e082-fa4a-dde52abec3c8
2026-03-03T16:32:25.127+0530 [DEBUG] sdk.framework: Value switched to prior value due to semantic equality logic: tf_attribute_path=node_info[0].v6_mgmt_network_setting.enabled tf_resource_type=nios_grid_member tf_provider_addr=registry.terraform.io/hashicorp/nios tf_rpc=ReadResource tf_req_id=d3b25069-bee0-e082-fa4a-dde52abec3c8
2026-03-03T16:32:25.127+0530 [DEBUG] sdk.framework: Value switched to prior value due to semantic equality logic: tf_req_id=d3b25069-bee0-e082-fa4a-dde52abec3c8 tf_attribute_path=node_info[0].v6_mgmt_network_setting tf_resource_type=nios_grid_member tf_provider_addr=registry.terraform.io/hashicorp/nios tf_rpc=ReadResource
2026-03-03T16:32:25.127+0530 [DEBUG] sdk.framework: Value switched to prior value due to semantic equality logic: tf_attribute_path=node_info[0].lan_ha_port_setting.ha_port_setting.speed tf_resource_type=nios_grid_member tf_provider_addr=registry.terraform.io/hashicorp/nios tf_rpc=ReadResource tf_req_id=d3b25069-bee0-e082-fa4a-dde52abec3c8
2026-03-03T16:32:25.127+0530 [DEBUG] sdk.framework: Value switched to prior value due to semantic equality logic: tf_req_id=d3b25069-bee0-e082-fa4a-dde52abec3c8 tf_attribute_path=node_info[0].lan_ha_port_setting.ha_port_setting.duplex tf_resource_type=nios_grid_member tf_provider_addr=registry.terraform.io/hashicorp/nios tf_rpc=ReadResource
2026-03-03T16:32:25.127+0530 [DEBUG] sdk.framework: Value switched to prior value due to semantic equality logic: tf_rpc=ReadResource tf_req_id=d3b25069-bee0-e082-fa4a-dde52abec3c8 tf_attribute_path=node_info[0].lan_ha_port_setting.ha_port_setting.auto_port_setting_enabled tf_resource_type=nios_grid_member tf_provider_addr=registry.terraform.io/hashicorp/nios
2026-03-03T16:32:25.127+0530 [DEBUG] sdk.framework: Value switched to prior value due to semantic equality logic: tf_req_id=d3b25069-bee0-e082-fa4a-dde52abec3c8 tf_attribute_path=node_info[0].lan_ha_port_setting.ha_port_setting tf_resource_type=nios_grid_member tf_provider_addr=registry.terraform.io/hashicorp/nios tf_rpc=ReadResource
2026-03-03T16:32:25.127+0530 [DEBUG] sdk.framework: Value switched to prior value due to semantic equality logic: tf_resource_type=nios_grid_member tf_provider_addr=registry.terraform.io/hashicorp/nios tf_rpc=ReadResource tf_req_id=d3b25069-bee0-e082-fa4a-dde52abec3c8 tf_attribute_path=node_info[0].lan_ha_port_setting.ha_cloud_attribute
2026-03-03T16:32:25.127+0530 [DEBUG] sdk.framework: Value switched to prior value due to semantic equality logic: tf_resource_type=nios_grid_member tf_provider_addr=registry.terraform.io/hashicorp/nios tf_rpc=ReadResource tf_req_id=d3b25069-bee0-e082-fa4a-dde52abec3c8 tf_attribute_path=node_info[0].lan_ha_port_setting.lan_port_setting.duplex
2026-03-03T16:32:25.127+0530 [DEBUG] sdk.framework: Value switched to prior value due to semantic equality logic: tf_rpc=ReadResource tf_req_id=d3b25069-bee0-e082-fa4a-dde52abec3c8 tf_attribute_path=node_info[0].lan_ha_port_setting.lan_port_setting.auto_port_setting_enabled tf_resource_type=nios_grid_member tf_provider_addr=registry.terraform.io/hashicorp/nios
2026-03-03T16:32:25.127+0530 [DEBUG] sdk.framework: Value switched to prior value due to semantic equality logic: tf_attribute_path=node_info[0].lan_ha_port_setting.lan_port_setting.speed tf_resource_type=nios_grid_member tf_provider_addr=registry.terraform.io/hashicorp/nios tf_rpc=ReadResource tf_req_id=d3b25069-bee0-e082-fa4a-dde52abec3c8
2026-03-03T16:32:25.127+0530 [DEBUG] sdk.framework: Value switched to prior value due to semantic equality logic: tf_provider_addr=registry.terraform.io/hashicorp/nios tf_rpc=ReadResource tf_req_id=d3b25069-bee0-e082-fa4a-dde52abec3c8 tf_attribute_path=node_info[0].lan_ha_port_setting.lan_port_setting tf_resource_type=nios_grid_member
2026-03-03T16:32:25.127+0530 [DEBUG] sdk.framework: Value switched to prior value due to semantic equality logic: tf_req_id=d3b25069-bee0-e082-fa4a-dde52abec3c8 tf_attribute_path=node_info[0].lan_ha_port_setting tf_resource_type=nios_grid_member tf_provider_addr=registry.terraform.io/hashicorp/nios tf_rpc=ReadResource
2026-03-03T16:32:25.127+0530 [DEBUG] sdk.framework: Value switched to prior value due to semantic equality logic: tf_rpc=ReadResource tf_req_id=d3b25069-bee0-e082-fa4a-dde52abec3c8 tf_attribute_path=node_info[0].mgmt_physical_setting.speed tf_resource_type=nios_grid_member tf_provider_addr=registry.terraform.io/hashicorp/nios
2026-03-03T16:32:25.127+0530 [DEBUG] sdk.framework: Value switched to prior value due to semantic equality logic: tf_provider_addr=registry.terraform.io/hashicorp/nios tf_rpc=ReadResource tf_req_id=d3b25069-bee0-e082-fa4a-dde52abec3c8 tf_attribute_path=node_info[0].mgmt_physical_setting.duplex tf_resource_type=nios_grid_member
2026-03-03T16:32:25.127+0530 [DEBUG] sdk.framework: Value switched to prior value due to semantic equality logic: tf_provider_addr=registry.terraform.io/hashicorp/nios tf_rpc=ReadResource tf_req_id=d3b25069-bee0-e082-fa4a-dde52abec3c8 tf_attribute_path=node_info[0].mgmt_physical_setting.auto_port_setting_enabled tf_resource_type=nios_grid_member
2026-03-03T16:32:25.127+0530 [DEBUG] sdk.framework: Value switched to prior value due to semantic equality logic: tf_attribute_path=node_info[0].mgmt_physical_setting tf_resource_type=nios_grid_member tf_provider_addr=registry.terraform.io/hashicorp/nios tf_rpc=ReadResource tf_req_id=d3b25069-bee0-e082-fa4a-dde52abec3c8
2026-03-03T16:32:25.127+0530 [DEBUG] sdk.framework: Value switched to prior value due to semantic equality logic: tf_req_id=d3b25069-bee0-e082-fa4a-dde52abec3c8 tf_attribute_path=node_info[0].ha_status tf_resource_type=nios_grid_member tf_provider_addr=registry.terraform.io/hashicorp/nios tf_rpc=ReadResource
2026-03-03T16:32:25.127+0530 [DEBUG] sdk.framework: Value switched to prior value due to semantic equality logic: tf_attribute_path=node_info[0].lan2_physical_setting.speed tf_resource_type=nios_grid_member tf_provider_addr=registry.terraform.io/hashicorp/nios tf_rpc=ReadResource tf_req_id=d3b25069-bee0-e082-fa4a-dde52abec3c8
2026-03-03T16:32:25.127+0530 [DEBUG] sdk.framework: Value switched to prior value due to semantic equality logic: tf_resource_type=nios_grid_member tf_provider_addr=registry.terraform.io/hashicorp/nios tf_rpc=ReadResource tf_req_id=d3b25069-bee0-e082-fa4a-dde52abec3c8 tf_attribute_path=node_info[0].lan2_physical_setting.duplex
2026-03-03T16:32:25.127+0530 [DEBUG] sdk.framework: Value switched to prior value due to semantic equality logic: tf_provider_addr=registry.terraform.io/hashicorp/nios tf_rpc=ReadResource tf_req_id=d3b25069-bee0-e082-fa4a-dde52abec3c8 tf_attribute_path=node_info[0].lan2_physical_setting.auto_port_setting_enabled tf_resource_type=nios_grid_member
2026-03-03T16:32:25.127+0530 [DEBUG] sdk.framework: Value switched to prior value due to semantic equality logic: tf_attribute_path=node_info[0].lan2_physical_setting tf_resource_type=nios_grid_member tf_provider_addr=registry.terraform.io/hashicorp/nios tf_rpc=ReadResource tf_req_id=d3b25069-bee0-e082-fa4a-dde52abec3c8
2026-03-03T16:32:25.127+0530 [DEBUG] sdk.framework: Value switched to prior value due to semantic equality logic: tf_resource_type=nios_grid_member tf_provider_addr=registry.terraform.io/hashicorp/nios tf_rpc=ReadResource tf_req_id=d3b25069-bee0-e082-fa4a-dde52abec3c8 tf_attribute_path=node_info[0].hwmodel
2026-03-03T16:32:25.127+0530 [DEBUG] sdk.framework: Value switched to prior value due to semantic equality logic: tf_provider_addr=registry.terraform.io/hashicorp/nios tf_rpc=ReadResource tf_req_id=d3b25069-bee0-e082-fa4a-dde52abec3c8 tf_attribute_path=node_info[0].hwid tf_resource_type=nios_grid_member
2026-03-03T16:32:25.127+0530 [DEBUG] sdk.framework: Value switched to prior value due to semantic equality logic: tf_rpc=ReadResource tf_req_id=d3b25069-bee0-e082-fa4a-dde52abec3c8 tf_attribute_path=node_info[0].host_platform tf_resource_type=nios_grid_member tf_provider_addr=registry.terraform.io/hashicorp/nios
2026-03-03T16:32:25.127+0530 [DEBUG] sdk.framework: Value switched to prior value due to semantic equality logic: tf_req_id=d3b25069-bee0-e082-fa4a-dde52abec3c8 tf_attribute_path=node_info[0].hypervisor tf_resource_type=nios_grid_member tf_provider_addr=registry.terraform.io/hashicorp/nios tf_rpc=ReadResource
2026-03-03T16:32:25.127+0530 [DEBUG] sdk.framework: Value switched to prior value due to semantic equality logic: tf_resource_type=nios_grid_member tf_provider_addr=registry.terraform.io/hashicorp/nios tf_rpc=ReadResource tf_req_id=d3b25069-bee0-e082-fa4a-dde52abec3c8 tf_attribute_path=node_info[0].paid_nios
2026-03-03T16:32:25.127+0530 [DEBUG] sdk.framework: Value switched to prior value due to semantic equality logic: tf_rpc=ReadResource tf_req_id=d3b25069-bee0-e082-fa4a-dde52abec3c8 tf_attribute_path=node_info[0].physical_oid tf_resource_type=nios_grid_member tf_provider_addr=registry.terraform.io/hashicorp/nios
2026-03-03T16:32:25.127+0530 [DEBUG] sdk.framework: Value switched to prior value due to semantic equality logic: tf_rpc=ReadResource tf_req_id=d3b25069-bee0-e082-fa4a-dde52abec3c8 tf_attribute_path=node_info[0] tf_resource_type=nios_grid_member tf_provider_addr=registry.terraform.io/hashicorp/nios
2026-03-03T16:32:25.127+0530 [DEBUG] sdk.framework: Value switched to prior value due to semantic equality logic: tf_req_id=d3b25069-bee0-e082-fa4a-dde52abec3c8 tf_attribute_path=node_info tf_resource_type=nios_grid_member tf_provider_addr=registry.terraform.io/hashicorp/nios tf_rpc=ReadResource
2026-03-03T16:32:25.127+0530 [DEBUG] sdk.framework: Value switched to prior value due to semantic equality logic: tf_provider_addr=registry.terraform.io/hashicorp/nios tf_rpc=ReadResource tf_req_id=d3b25069-bee0-e082-fa4a-dde52abec3c8 tf_attribute_path=nat_setting.external_virtual_ip tf_resource_type=nios_grid_member
2026-03-03T16:32:25.127+0530 [DEBUG] sdk.framework: Value switched to prior value due to semantic equality logic: tf_req_id=d3b25069-bee0-e082-fa4a-dde52abec3c8 tf_attribute_path=nat_setting.group tf_resource_type=nios_grid_member tf_provider_addr=registry.terraform.io/hashicorp/nios tf_rpc=ReadResource
2026-03-03T16:32:25.127+0530 [DEBUG] sdk.framework: Value switched to prior value due to semantic equality logic: tf_resource_type=nios_grid_member tf_provider_addr=registry.terraform.io/hashicorp/nios tf_rpc=ReadResource tf_req_id=d3b25069-bee0-e082-fa4a-dde52abec3c8 tf_attribute_path=nat_setting
2026-03-03T16:32:25.127+0530 [DEBUG] sdk.framework: Value switched to prior value due to semantic equality logic: tf_rpc=ReadResource tf_req_id=d3b25069-bee0-e082-fa4a-dde52abec3c8 tf_attribute_path=use_dscp tf_resource_type=nios_grid_member tf_provider_addr=registry.terraform.io/hashicorp/nios
2026-03-03T16:32:25.127+0530 [DEBUG] sdk.framework: Value switched to prior value due to semantic equality logic: tf_provider_addr=registry.terraform.io/hashicorp/nios tf_rpc=ReadResource tf_req_id=d3b25069-bee0-e082-fa4a-dde52abec3c8 tf_attribute_path=snmp_setting.queries_community_string tf_resource_type=nios_grid_member
2026-03-03T16:32:25.127+0530 [DEBUG] sdk.framework: Value switched to prior value due to semantic equality logic: tf_rpc=ReadResource tf_req_id=d3b25069-bee0-e082-fa4a-dde52abec3c8 tf_attribute_path=snmp_setting.traps_community_string tf_resource_type=nios_grid_member tf_provider_addr=registry.terraform.io/hashicorp/nios
2026-03-03T16:32:25.127+0530 [DEBUG] sdk.framework: Value switched to prior value due to semantic equality logic: tf_attribute_path=snmp_setting.snmpv3_queries_enable tf_resource_type=nios_grid_member tf_provider_addr=registry.terraform.io/hashicorp/nios tf_rpc=ReadResource tf_req_id=d3b25069-bee0-e082-fa4a-dde52abec3c8
2026-03-03T16:32:25.127+0530 [DEBUG] sdk.framework: Value switched to prior value due to semantic equality logic: tf_attribute_path=snmp_setting.snmpv3_traps_enable tf_resource_type=nios_grid_member tf_provider_addr=registry.terraform.io/hashicorp/nios tf_rpc=ReadResource tf_req_id=d3b25069-bee0-e082-fa4a-dde52abec3c8
2026-03-03T16:32:25.127+0530 [DEBUG] sdk.framework: Value switched to prior value due to semantic equality logic: tf_req_id=d3b25069-bee0-e082-fa4a-dde52abec3c8 tf_attribute_path=snmp_setting.traps_enable tf_resource_type=nios_grid_member tf_provider_addr=registry.terraform.io/hashicorp/nios tf_rpc=ReadResource
2026-03-03T16:32:25.127+0530 [DEBUG] sdk.framework: Value switched to prior value due to semantic equality logic: tf_rpc=ReadResource tf_req_id=d3b25069-bee0-e082-fa4a-dde52abec3c8 tf_attribute_path=snmp_setting.queries_enable tf_resource_type=nios_grid_member tf_provider_addr=registry.terraform.io/hashicorp/nios
2026-03-03T16:32:25.127+0530 [DEBUG] sdk.framework: Value switched to prior value due to semantic equality logic: tf_rpc=ReadResource tf_req_id=d3b25069-bee0-e082-fa4a-dde52abec3c8 tf_attribute_path=snmp_setting.engine_id[0] tf_resource_type=nios_grid_member tf_provider_addr=registry.terraform.io/hashicorp/nios
2026-03-03T16:32:25.127+0530 [DEBUG] sdk.framework: Value switched to prior value due to semantic equality logic: tf_req_id=d3b25069-bee0-e082-fa4a-dde52abec3c8 tf_attribute_path=snmp_setting.engine_id tf_resource_type=nios_grid_member tf_provider_addr=registry.terraform.io/hashicorp/nios tf_rpc=ReadResource
2026-03-03T16:32:25.127+0530 [DEBUG] sdk.framework: Value switched to prior value due to semantic equality logic: tf_resource_type=nios_grid_member tf_provider_addr=registry.terraform.io/hashicorp/nios tf_rpc=ReadResource tf_req_id=d3b25069-bee0-e082-fa4a-dde52abec3c8 tf_attribute_path=snmp_setting.sysname[0]
2026-03-03T16:32:25.127+0530 [DEBUG] sdk.framework: Value switched to prior value due to semantic equality logic: tf_resource_type=nios_grid_member tf_provider_addr=registry.terraform.io/hashicorp/nios tf_rpc=ReadResource tf_req_id=d3b25069-bee0-e082-fa4a-dde52abec3c8 tf_attribute_path=snmp_setting.sysname
2026-03-03T16:32:25.127+0530 [DEBUG] sdk.framework: Value switched to prior value due to semantic equality logic: tf_provider_addr=registry.terraform.io/hashicorp/nios tf_rpc=ReadResource tf_req_id=d3b25069-bee0-e082-fa4a-dde52abec3c8 tf_attribute_path=snmp_setting tf_resource_type=nios_grid_member
2026-03-03T16:32:25.127+0530 [DEBUG] sdk.framework: Value switched to prior value due to semantic equality logic: tf_rpc=ReadResource tf_req_id=d3b25069-bee0-e082-fa4a-dde52abec3c8 tf_resource_type=nios_grid_member tf_provider_addr=registry.terraform.io/hashicorp/nios tf_attribute_path=traffic_capture_auth_dns_setting.auth_dns_latency_listen_on_ip
2026-03-03T16:32:25.127+0530 [DEBUG] sdk.framework: Value switched to prior value due to semantic equality logic: tf_rpc=ReadResource tf_req_id=d3b25069-bee0-e082-fa4a-dde52abec3c8 tf_resource_type=nios_grid_member tf_provider_addr=registry.terraform.io/hashicorp/nios tf_attribute_path=traffic_capture_auth_dns_setting.auth_dns_latency_trigger_enable
2026-03-03T16:32:25.128+0530 [DEBUG] sdk.framework: Value switched to prior value due to semantic equality logic: tf_req_id=d3b25069-bee0-e082-fa4a-dde52abec3c8 tf_resource_type=nios_grid_member tf_provider_addr=registry.terraform.io/hashicorp/nios tf_attribute_path=traffic_capture_auth_dns_setting.auth_dns_latency_listen_on_source tf_rpc=ReadResource
2026-03-03T16:32:25.128+0530 [DEBUG] sdk.framework: Value switched to prior value due to semantic equality logic: tf_attribute_path=traffic_capture_auth_dns_setting tf_rpc=ReadResource tf_req_id=d3b25069-bee0-e082-fa4a-dde52abec3c8 tf_resource_type=nios_grid_member tf_provider_addr=registry.terraform.io/hashicorp/nios
2026-03-03T16:32:25.128+0530 [DEBUG] sdk.framework: Value switched to prior value due to semantic equality logic: tf_rpc=ReadResource tf_req_id=d3b25069-bee0-e082-fa4a-dde52abec3c8 tf_resource_type=nios_grid_member tf_provider_addr=registry.terraform.io/hashicorp/nios tf_attribute_path=use_support_access_enable
2026-03-03T16:32:25.128+0530 [DEBUG] sdk.framework: Value switched to prior value due to semantic equality logic: tf_resource_type=nios_grid_member tf_provider_addr=registry.terraform.io/hashicorp/nios tf_rpc=ReadResource tf_attribute_path=service_type_configuration tf_req_id=d3b25069-bee0-e082-fa4a-dde52abec3c8
2026-03-03T16:32:25.128+0530 [DEBUG] sdk.framework: Value switched to prior value due to semantic equality logic: tf_resource_type=nios_grid_member tf_provider_addr=registry.terraform.io/hashicorp/nios tf_rpc=ReadResource tf_req_id=d3b25069-bee0-e082-fa4a-dde52abec3c8 tf_attribute_path=syslog_size
2026-03-03T16:32:25.128+0530 [DEBUG] sdk.framework: Value switched to prior value due to semantic equality logic: tf_resource_type=nios_grid_member tf_attribute_path=ntp_setting.use_ntp_acl tf_provider_addr=registry.terraform.io/hashicorp/nios tf_rpc=ReadResource tf_req_id=d3b25069-bee0-e082-fa4a-dde52abec3c8
2026-03-03T16:32:25.128+0530 [DEBUG] sdk.framework: Value switched to prior value due to semantic equality logic: tf_attribute_path=ntp_setting.exclude_grid_master_ntp_server tf_provider_addr=registry.terraform.io/hashicorp/nios tf_rpc=ReadResource tf_req_id=d3b25069-bee0-e082-fa4a-dde52abec3c8 tf_resource_type=nios_grid_member
2026-03-03T16:32:25.128+0530 [DEBUG] sdk.framework: Value switched to prior value due to semantic equality logic: tf_provider_addr=registry.terraform.io/hashicorp/nios tf_rpc=ReadResource tf_req_id=d3b25069-bee0-e082-fa4a-dde52abec3c8 tf_resource_type=nios_grid_member tf_attribute_path=ntp_setting.use_local_ntp_stratum
2026-03-03T16:32:25.128+0530 [DEBUG] sdk.framework: Value switched to prior value due to semantic equality logic: tf_provider_addr=registry.terraform.io/hashicorp/nios tf_rpc=ReadResource tf_req_id=d3b25069-bee0-e082-fa4a-dde52abec3c8 tf_resource_type=nios_grid_member tf_attribute_path=ntp_setting.use_ntp_servers
2026-03-03T16:32:25.128+0530 [DEBUG] sdk.framework: Value switched to prior value due to semantic equality logic: tf_resource_type=nios_grid_member tf_attribute_path=ntp_setting.enable_external_ntp_servers tf_provider_addr=registry.terraform.io/hashicorp/nios tf_rpc=ReadResource tf_req_id=d3b25069-bee0-e082-fa4a-dde52abec3c8
2026-03-03T16:32:25.128+0530 [DEBUG] sdk.framework: Value switched to prior value due to semantic equality logic: tf_req_id=d3b25069-bee0-e082-fa4a-dde52abec3c8 tf_resource_type=nios_grid_member tf_attribute_path=ntp_setting.use_ntp_kod tf_provider_addr=registry.terraform.io/hashicorp/nios tf_rpc=ReadResource
2026-03-03T16:32:25.128+0530 [DEBUG] sdk.framework: Value switched to prior value due to semantic equality logic: tf_resource_type=nios_grid_member tf_attribute_path=ntp_setting.ntp_acl.service tf_provider_addr=registry.terraform.io/hashicorp/nios tf_rpc=ReadResource tf_req_id=d3b25069-bee0-e082-fa4a-dde52abec3c8
2026-03-03T16:32:25.128+0530 [DEBUG] sdk.framework: Value switched to prior value due to semantic equality logic: tf_provider_addr=registry.terraform.io/hashicorp/nios tf_rpc=ReadResource tf_req_id=d3b25069-bee0-e082-fa4a-dde52abec3c8 tf_resource_type=nios_grid_member tf_attribute_path=ntp_setting.ntp_acl.acl_type
2026-03-03T16:32:25.128+0530 [DEBUG] sdk.framework: Value switched to prior value due to semantic equality logic: tf_attribute_path=ntp_setting.ntp_acl.named_acl tf_provider_addr=registry.terraform.io/hashicorp/nios tf_rpc=ReadResource tf_req_id=d3b25069-bee0-e082-fa4a-dde52abec3c8 tf_resource_type=nios_grid_member
2026-03-03T16:32:25.128+0530 [DEBUG] sdk.framework: Value switched to prior value due to semantic equality logic: tf_rpc=ReadResource tf_req_id=d3b25069-bee0-e082-fa4a-dde52abec3c8 tf_resource_type=nios_grid_member tf_attribute_path=ntp_setting.ntp_acl tf_provider_addr=registry.terraform.io/hashicorp/nios
2026-03-03T16:32:25.128+0530 [DEBUG] sdk.framework: Value switched to prior value due to semantic equality logic: tf_resource_type=nios_grid_member tf_attribute_path=ntp_setting.use_default_stratum tf_provider_addr=registry.terraform.io/hashicorp/nios tf_rpc=ReadResource tf_req_id=d3b25069-bee0-e082-fa4a-dde52abec3c8
2026-03-03T16:32:25.128+0530 [DEBUG] sdk.framework: Value switched to prior value due to semantic equality logic: tf_attribute_path=ntp_setting.local_ntp_stratum tf_provider_addr=registry.terraform.io/hashicorp/nios tf_rpc=ReadResource tf_req_id=d3b25069-bee0-e082-fa4a-dde52abec3c8 tf_resource_type=nios_grid_member
2026-03-03T16:32:25.128+0530 [DEBUG] sdk.framework: Value switched to prior value due to semantic equality logic: tf_resource_type=nios_grid_member tf_attribute_path=ntp_setting.use_ntp_keys tf_provider_addr=registry.terraform.io/hashicorp/nios tf_rpc=ReadResource tf_req_id=d3b25069-bee0-e082-fa4a-dde52abec3c8
2026-03-03T16:32:25.128+0530 [DEBUG] sdk.framework: Value switched to prior value due to semantic equality logic: tf_rpc=ReadResource tf_req_id=d3b25069-bee0-e082-fa4a-dde52abec3c8 tf_resource_type=nios_grid_member tf_attribute_path=ntp_setting.enable_ntp tf_provider_addr=registry.terraform.io/hashicorp/nios
2026-03-03T16:32:25.128+0530 [DEBUG] sdk.framework: Value switched to prior value due to semantic equality logic: tf_req_id=d3b25069-bee0-e082-fa4a-dde52abec3c8 tf_resource_type=nios_grid_member tf_attribute_path=ntp_setting.ntp_kod tf_provider_addr=registry.terraform.io/hashicorp/nios tf_rpc=ReadResource
2026-03-03T16:32:25.128+0530 [DEBUG] sdk.framework: Value switched to prior value due to semantic equality logic: tf_provider_addr=registry.terraform.io/hashicorp/nios tf_rpc=ReadResource tf_req_id=d3b25069-bee0-e082-fa4a-dde52abec3c8 tf_resource_type=nios_grid_member tf_attribute_path=ntp_setting
2026-03-03T16:32:25.128+0530 [DEBUG] sdk.framework: Value switched to prior value due to semantic equality logic: tf_rpc=ReadResource tf_req_id=d3b25069-bee0-e082-fa4a-dde52abec3c8 tf_attribute_path=use_traffic_capture_rec_dns tf_resource_type=nios_grid_member tf_provider_addr=registry.terraform.io/hashicorp/nios
2026-03-03T16:32:25.128+0530 [DEBUG] sdk.framework: Value switched to prior value due to semantic equality logic: tf_req_id=d3b25069-bee0-e082-fa4a-dde52abec3c8 tf_attribute_path=email_setting.relay_enabled tf_resource_type=nios_grid_member tf_provider_addr=registry.terraform.io/hashicorp/nios tf_rpc=ReadResource
2026-03-03T16:32:25.128+0530 [DEBUG] sdk.framework: Value switched to prior value due to semantic equality logic: tf_attribute_path=email_setting.smtps tf_resource_type=nios_grid_member tf_provider_addr=registry.terraform.io/hashicorp/nios tf_rpc=ReadResource tf_req_id=d3b25069-bee0-e082-fa4a-dde52abec3c8
2026-03-03T16:32:25.128+0530 [DEBUG] sdk.framework: Value switched to prior value due to semantic equality logic: tf_attribute_path=email_setting.use_authentication tf_resource_type=nios_grid_member tf_provider_addr=registry.terraform.io/hashicorp/nios tf_rpc=ReadResource tf_req_id=d3b25069-bee0-e082-fa4a-dde52abec3c8
2026-03-03T16:32:25.128+0530 [DEBUG] sdk.framework: Value switched to prior value due to semantic equality logic: tf_resource_type=nios_grid_member tf_provider_addr=registry.terraform.io/hashicorp/nios tf_rpc=ReadResource tf_req_id=d3b25069-bee0-e082-fa4a-dde52abec3c8 tf_attribute_path=email_setting.from_address
2026-03-03T16:32:25.128+0530 [DEBUG] sdk.framework: Value switched to prior value due to semantic equality logic: tf_rpc=ReadResource tf_req_id=d3b25069-bee0-e082-fa4a-dde52abec3c8 tf_attribute_path=email_setting.port_number tf_resource_type=nios_grid_member tf_provider_addr=registry.terraform.io/hashicorp/nios
2026-03-03T16:32:25.128+0530 [DEBUG] sdk.framework: Value switched to prior value due to semantic equality logic: tf_provider_addr=registry.terraform.io/hashicorp/nios tf_rpc=ReadResource tf_req_id=d3b25069-bee0-e082-fa4a-dde52abec3c8 tf_attribute_path=email_setting.relay tf_resource_type=nios_grid_member
2026-03-03T16:32:25.128+0530 [DEBUG] sdk.framework: Value switched to prior value due to semantic equality logic: tf_attribute_path=email_setting.enabled tf_resource_type=nios_grid_member tf_provider_addr=registry.terraform.io/hashicorp/nios tf_rpc=ReadResource tf_req_id=d3b25069-bee0-e082-fa4a-dde52abec3c8
2026-03-03T16:32:25.128+0530 [DEBUG] sdk.framework: Value switched to prior value due to semantic equality logic: tf_req_id=d3b25069-bee0-e082-fa4a-dde52abec3c8 tf_attribute_path=email_setting.address tf_resource_type=nios_grid_member tf_provider_addr=registry.terraform.io/hashicorp/nios tf_rpc=ReadResource
2026-03-03T16:32:25.128+0530 [DEBUG] sdk.framework: Value switched to prior value due to semantic equality logic: tf_attribute_path=email_setting tf_resource_type=nios_grid_member tf_provider_addr=registry.terraform.io/hashicorp/nios tf_rpc=ReadResource tf_req_id=d3b25069-bee0-e082-fa4a-dde52abec3c8
2026-03-03T16:32:25.128+0530 [DEBUG] sdk.framework: Value switched to prior value due to semantic equality logic: tf_attribute_path=enable_member_redirect tf_resource_type=nios_grid_member tf_provider_addr=registry.terraform.io/hashicorp/nios tf_rpc=ReadResource tf_req_id=d3b25069-bee0-e082-fa4a-dde52abec3c8
2026-03-03T16:32:25.128+0530 [DEBUG] sdk.framework: Value switched to prior value due to semantic equality logic: tf_req_id=d3b25069-bee0-e082-fa4a-dde52abec3c8 tf_resource_type=nios_grid_member tf_provider_addr=registry.terraform.io/hashicorp/nios tf_rpc=ReadResource tf_attribute_path=support_access_enable
2026-03-03T16:32:25.128+0530 [DEBUG] sdk.framework: Value switched to prior value due to semantic equality logic: tf_attribute_path="extattrs_all[\"Terraform Internal ID\"]" tf_resource_type=nios_grid_member tf_provider_addr=registry.terraform.io/hashicorp/nios tf_rpc=ReadResource tf_req_id=d3b25069-bee0-e082-fa4a-dde52abec3c8
2026-03-03T16:32:25.128+0530 [DEBUG] sdk.framework: Value switched to prior value due to semantic equality logic: tf_rpc=ReadResource tf_req_id=d3b25069-bee0-e082-fa4a-dde52abec3c8 tf_attribute_path=extattrs_all tf_resource_type=nios_grid_member tf_provider_addr=registry.terraform.io/hashicorp/nios
2026-03-03T16:32:25.128+0530 [DEBUG] sdk.framework: Value switched to prior value due to semantic equality logic: tf_rpc=ReadResource tf_req_id=d3b25069-bee0-e082-fa4a-dde52abec3c8 tf_attribute_path=is_dscp_capable tf_resource_type=nios_grid_member tf_provider_addr=registry.terraform.io/hashicorp/nios
2026-03-03T16:32:25.128+0530 [DEBUG] sdk.framework: Value switched to prior value due to semantic equality logic: tf_req_id=d3b25069-bee0-e082-fa4a-dde52abec3c8 tf_attribute_path=enable_ha tf_resource_type=nios_grid_member tf_provider_addr=registry.terraform.io/hashicorp/nios tf_rpc=ReadResource
2026-03-03T16:32:25.128+0530 [DEBUG] sdk.framework: Value switched to prior value due to semantic equality logic: tf_provider_addr=registry.terraform.io/hashicorp/nios tf_rpc=ReadResource tf_req_id=d3b25069-bee0-e082-fa4a-dde52abec3c8 tf_attribute_path=use_snmp_setting tf_resource_type=nios_grid_member
2026-03-03T16:32:25.128+0530 [DEBUG] sdk.framework: Value switched to prior value due to semantic equality logic: tf_attribute_path=trap_notifications[0].enable_trap tf_resource_type=nios_grid_member tf_provider_addr=registry.terraform.io/hashicorp/nios tf_rpc=ReadResource tf_req_id=d3b25069-bee0-e082-fa4a-dde52abec3c8
2026-03-03T16:32:25.128+0530 [DEBUG] sdk.framework: Value switched to prior value due to semantic equality logic: tf_rpc=ReadResource tf_req_id=d3b25069-bee0-e082-fa4a-dde52abec3c8 tf_attribute_path=trap_notifications[0].trap_type tf_resource_type=nios_grid_member tf_provider_addr=registry.terraform.io/hashicorp/nios
2026-03-03T16:32:25.128+0530 [DEBUG] sdk.framework: Value switched to prior value due to semantic equality logic: tf_rpc=ReadResource tf_req_id=d3b25069-bee0-e082-fa4a-dde52abec3c8 tf_attribute_path=trap_notifications[0].enable_email tf_resource_type=nios_grid_member tf_provider_addr=registry.terraform.io/hashicorp/nios
2026-03-03T16:32:25.128+0530 [DEBUG] sdk.framework: Value switched to prior value due to semantic equality logic: tf_provider_addr=registry.terraform.io/hashicorp/nios tf_rpc=ReadResource tf_req_id=d3b25069-bee0-e082-fa4a-dde52abec3c8 tf_attribute_path=trap_notifications[0] tf_resource_type=nios_grid_member
2026-03-03T16:32:25.128+0530 [DEBUG] sdk.framework: Value switched to prior value due to semantic equality logic: tf_attribute_path=trap_notifications[1].enable_email tf_resource_type=nios_grid_member tf_provider_addr=registry.terraform.io/hashicorp/nios tf_rpc=ReadResource tf_req_id=d3b25069-bee0-e082-fa4a-dde52abec3c8
2026-03-03T16:32:25.128+0530 [DEBUG] sdk.framework: Value switched to prior value due to semantic equality logic: tf_resource_type=nios_grid_member tf_provider_addr=registry.terraform.io/hashicorp/nios tf_rpc=ReadResource tf_req_id=d3b25069-bee0-e082-fa4a-dde52abec3c8 tf_attribute_path=trap_notifications[1].enable_trap
2026-03-03T16:32:25.128+0530 [DEBUG] sdk.framework: Value switched to prior value due to semantic equality logic: tf_attribute_path=trap_notifications[1].trap_type tf_resource_type=nios_grid_member tf_provider_addr=registry.terraform.io/hashicorp/nios tf_rpc=ReadResource tf_req_id=d3b25069-bee0-e082-fa4a-dde52abec3c8
2026-03-03T16:32:25.128+0530 [DEBUG] sdk.framework: Value switched to prior value due to semantic equality logic: tf_resource_type=nios_grid_member tf_provider_addr=registry.terraform.io/hashicorp/nios tf_rpc=ReadResource tf_req_id=d3b25069-bee0-e082-fa4a-dde52abec3c8 tf_attribute_path=trap_notifications[1]
2026-03-03T16:32:25.128+0530 [DEBUG] sdk.framework: Value switched to prior value due to semantic equality logic: tf_attribute_path=trap_notifications[2].enable_email tf_resource_type=nios_grid_member tf_provider_addr=registry.terraform.io/hashicorp/nios tf_rpc=ReadResource tf_req_id=d3b25069-bee0-e082-fa4a-dde52abec3c8
2026-03-03T16:32:25.128+0530 [DEBUG] sdk.framework: Value switched to prior value due to semantic equality logic: tf_rpc=ReadResource tf_req_id=d3b25069-bee0-e082-fa4a-dde52abec3c8 tf_attribute_path=trap_notifications[2].enable_trap tf_resource_type=nios_grid_member tf_provider_addr=registry.terraform.io/hashicorp/nios
2026-03-03T16:32:25.128+0530 [DEBUG] sdk.framework: Value switched to prior value due to semantic equality logic: tf_req_id=d3b25069-bee0-e082-fa4a-dde52abec3c8 tf_attribute_path=trap_notifications[2].trap_type tf_resource_type=nios_grid_member tf_provider_addr=registry.terraform.io/hashicorp/nios tf_rpc=ReadResource
2026-03-03T16:32:25.128+0530 [DEBUG] sdk.framework: Value switched to prior value due to semantic equality logic: tf_req_id=d3b25069-bee0-e082-fa4a-dde52abec3c8 tf_attribute_path=trap_notifications[2] tf_resource_type=nios_grid_member tf_provider_addr=registry.terraform.io/hashicorp/nios tf_rpc=ReadResource
2026-03-03T16:32:25.128+0530 [DEBUG] sdk.framework: Value switched to prior value due to semantic equality logic: tf_rpc=ReadResource tf_req_id=d3b25069-bee0-e082-fa4a-dde52abec3c8 tf_attribute_path=trap_notifications[3].enable_email tf_resource_type=nios_grid_member tf_provider_addr=registry.terraform.io/hashicorp/nios
2026-03-03T16:32:25.128+0530 [DEBUG] sdk.framework: Value switched to prior value due to semantic equality logic: tf_attribute_path=trap_notifications[3].enable_trap tf_resource_type=nios_grid_member tf_provider_addr=registry.terraform.io/hashicorp/nios tf_rpc=ReadResource tf_req_id=d3b25069-bee0-e082-fa4a-dde52abec3c8
2026-03-03T16:32:25.128+0530 [DEBUG] sdk.framework: Value switched to prior value due to semantic equality logic: tf_attribute_path=trap_notifications[3].trap_type tf_resource_type=nios_grid_member tf_provider_addr=registry.terraform.io/hashicorp/nios tf_rpc=ReadResource tf_req_id=d3b25069-bee0-e082-fa4a-dde52abec3c8
2026-03-03T16:32:25.128+0530 [DEBUG] sdk.framework: Value switched to prior value due to semantic equality logic: tf_rpc=ReadResource tf_req_id=d3b25069-bee0-e082-fa4a-dde52abec3c8 tf_attribute_path=trap_notifications[3] tf_resource_type=nios_grid_member tf_provider_addr=registry.terraform.io/hashicorp/nios
2026-03-03T16:32:25.128+0530 [DEBUG] sdk.framework: Value switched to prior value due to semantic equality logic: tf_attribute_path=trap_notifications[4].trap_type tf_resource_type=nios_grid_member tf_provider_addr=registry.terraform.io/hashicorp/nios tf_rpc=ReadResource tf_req_id=d3b25069-bee0-e082-fa4a-dde52abec3c8
2026-03-03T16:32:25.128+0530 [DEBUG] sdk.framework: Value switched to prior value due to semantic equality logic: tf_resource_type=nios_grid_member tf_provider_addr=registry.terraform.io/hashicorp/nios tf_rpc=ReadResource tf_req_id=d3b25069-bee0-e082-fa4a-dde52abec3c8 tf_attribute_path=trap_notifications[4].enable_email
2026-03-03T16:32:25.128+0530 [DEBUG] sdk.framework: Value switched to prior value due to semantic equality logic: tf_provider_addr=registry.terraform.io/hashicorp/nios tf_rpc=ReadResource tf_req_id=d3b25069-bee0-e082-fa4a-dde52abec3c8 tf_attribute_path=trap_notifications[4].enable_trap tf_resource_type=nios_grid_member
2026-03-03T16:32:25.128+0530 [DEBUG] sdk.framework: Value switched to prior value due to semantic equality logic: tf_provider_addr=registry.terraform.io/hashicorp/nios tf_rpc=ReadResource tf_req_id=d3b25069-bee0-e082-fa4a-dde52abec3c8 tf_attribute_path=trap_notifications[4] tf_resource_type=nios_grid_member
2026-03-03T16:32:25.128+0530 [DEBUG] sdk.framework: Value switched to prior value due to semantic equality logic: tf_req_id=d3b25069-bee0-e082-fa4a-dde52abec3c8 tf_attribute_path=trap_notifications[5].trap_type tf_resource_type=nios_grid_member tf_provider_addr=registry.terraform.io/hashicorp/nios tf_rpc=ReadResource
2026-03-03T16:32:25.128+0530 [DEBUG] sdk.framework: Value switched to prior value due to semantic equality logic: tf_resource_type=nios_grid_member tf_provider_addr=registry.terraform.io/hashicorp/nios tf_rpc=ReadResource tf_req_id=d3b25069-bee0-e082-fa4a-dde52abec3c8 tf_attribute_path=trap_notifications[5].enable_email
2026-03-03T16:32:25.128+0530 [DEBUG] sdk.framework: Value switched to prior value due to semantic equality logic: tf_provider_addr=registry.terraform.io/hashicorp/nios tf_rpc=ReadResource tf_req_id=d3b25069-bee0-e082-fa4a-dde52abec3c8 tf_attribute_path=trap_notifications[5].enable_trap tf_resource_type=nios_grid_member
2026-03-03T16:32:25.128+0530 [DEBUG] sdk.framework: Value switched to prior value due to semantic equality logic: tf_resource_type=nios_grid_member tf_provider_addr=registry.terraform.io/hashicorp/nios tf_rpc=ReadResource tf_req_id=d3b25069-bee0-e082-fa4a-dde52abec3c8 tf_attribute_path=trap_notifications[5]
2026-03-03T16:32:25.128+0530 [DEBUG] sdk.framework: Value switched to prior value due to semantic equality logic: tf_rpc=ReadResource tf_req_id=d3b25069-bee0-e082-fa4a-dde52abec3c8 tf_attribute_path=trap_notifications[6].enable_email tf_resource_type=nios_grid_member tf_provider_addr=registry.terraform.io/hashicorp/nios
2026-03-03T16:32:25.128+0530 [DEBUG] sdk.framework: Value switched to prior value due to semantic equality logic: tf_attribute_path=trap_notifications[6].enable_trap tf_resource_type=nios_grid_member tf_provider_addr=registry.terraform.io/hashicorp/nios tf_rpc=ReadResource tf_req_id=d3b25069-bee0-e082-fa4a-dde52abec3c8
2026-03-03T16:32:25.128+0530 [DEBUG] sdk.framework: Value switched to prior value due to semantic equality logic: tf_provider_addr=registry.terraform.io/hashicorp/nios tf_rpc=ReadResource tf_req_id=d3b25069-bee0-e082-fa4a-dde52abec3c8 tf_attribute_path=trap_notifications[6].trap_type tf_resource_type=nios_grid_member
2026-03-03T16:32:25.128+0530 [DEBUG] sdk.framework: Value switched to prior value due to semantic equality logic: tf_attribute_path=trap_notifications[6] tf_resource_type=nios_grid_member tf_provider_addr=registry.terraform.io/hashicorp/nios tf_rpc=ReadResource tf_req_id=d3b25069-bee0-e082-fa4a-dde52abec3c8
2026-03-03T16:32:25.128+0530 [DEBUG] sdk.framework: Value switched to prior value due to semantic equality logic: tf_resource_type=nios_grid_member tf_provider_addr=registry.terraform.io/hashicorp/nios tf_rpc=ReadResource tf_req_id=d3b25069-bee0-e082-fa4a-dde52abec3c8 tf_attribute_path=trap_notifications[7].enable_email
2026-03-03T16:32:25.128+0530 [DEBUG] sdk.framework: Value switched to prior value due to semantic equality logic: tf_rpc=ReadResource tf_req_id=d3b25069-bee0-e082-fa4a-dde52abec3c8 tf_attribute_path=trap_notifications[7].enable_trap tf_resource_type=nios_grid_member tf_provider_addr=registry.terraform.io/hashicorp/nios
2026-03-03T16:32:25.128+0530 [DEBUG] sdk.framework: Value switched to prior value due to semantic equality logic: tf_resource_type=nios_grid_member tf_provider_addr=registry.terraform.io/hashicorp/nios tf_rpc=ReadResource tf_req_id=d3b25069-bee0-e082-fa4a-dde52abec3c8 tf_attribute_path=trap_notifications[7].trap_type
2026-03-03T16:32:25.128+0530 [DEBUG] sdk.framework: Value switched to prior value due to semantic equality logic: tf_provider_addr=registry.terraform.io/hashicorp/nios tf_rpc=ReadResource tf_req_id=d3b25069-bee0-e082-fa4a-dde52abec3c8 tf_attribute_path=trap_notifications[7] tf_resource_type=nios_grid_member
2026-03-03T16:32:25.128+0530 [DEBUG] sdk.framework: Value switched to prior value due to semantic equality logic: tf_attribute_path=trap_notifications[8].trap_type tf_resource_type=nios_grid_member tf_provider_addr=registry.terraform.io/hashicorp/nios tf_rpc=ReadResource tf_req_id=d3b25069-bee0-e082-fa4a-dde52abec3c8
2026-03-03T16:32:25.128+0530 [DEBUG] sdk.framework: Value switched to prior value due to semantic equality logic: tf_rpc=ReadResource tf_req_id=d3b25069-bee0-e082-fa4a-dde52abec3c8 tf_attribute_path=trap_notifications[8].enable_email tf_resource_type=nios_grid_member tf_provider_addr=registry.terraform.io/hashicorp/nios
2026-03-03T16:32:25.128+0530 [DEBUG] sdk.framework: Value switched to prior value due to semantic equality logic: tf_rpc=ReadResource tf_req_id=d3b25069-bee0-e082-fa4a-dde52abec3c8 tf_attribute_path=trap_notifications[8].enable_trap tf_resource_type=nios_grid_member tf_provider_addr=registry.terraform.io/hashicorp/nios
2026-03-03T16:32:25.128+0530 [DEBUG] sdk.framework: Value switched to prior value due to semantic equality logic: tf_rpc=ReadResource tf_req_id=d3b25069-bee0-e082-fa4a-dde52abec3c8 tf_attribute_path=trap_notifications[8] tf_resource_type=nios_grid_member tf_provider_addr=registry.terraform.io/hashicorp/nios
2026-03-03T16:32:25.128+0530 [DEBUG] sdk.framework: Value switched to prior value due to semantic equality logic: tf_resource_type=nios_grid_member tf_provider_addr=registry.terraform.io/hashicorp/nios tf_rpc=ReadResource tf_req_id=d3b25069-bee0-e082-fa4a-dde52abec3c8 tf_attribute_path=trap_notifications[9].enable_trap
2026-03-03T16:32:25.128+0530 [DEBUG] sdk.framework: Value switched to prior value due to semantic equality logic: tf_attribute_path=trap_notifications[9].trap_type tf_resource_type=nios_grid_member tf_provider_addr=registry.terraform.io/hashicorp/nios tf_rpc=ReadResource tf_req_id=d3b25069-bee0-e082-fa4a-dde52abec3c8
2026-03-03T16:32:25.128+0530 [DEBUG] sdk.framework: Value switched to prior value due to semantic equality logic: tf_rpc=ReadResource tf_req_id=d3b25069-bee0-e082-fa4a-dde52abec3c8 tf_attribute_path=trap_notifications[9].enable_email tf_resource_type=nios_grid_member tf_provider_addr=registry.terraform.io/hashicorp/nios
2026-03-03T16:32:25.128+0530 [DEBUG] sdk.framework: Value switched to prior value due to semantic equality logic: tf_req_id=d3b25069-bee0-e082-fa4a-dde52abec3c8 tf_attribute_path=trap_notifications[9] tf_resource_type=nios_grid_member tf_provider_addr=registry.terraform.io/hashicorp/nios tf_rpc=ReadResource
2026-03-03T16:32:25.128+0530 [DEBUG] sdk.framework: Value switched to prior value due to semantic equality logic: tf_provider_addr=registry.terraform.io/hashicorp/nios tf_rpc=ReadResource tf_req_id=d3b25069-bee0-e082-fa4a-dde52abec3c8 tf_attribute_path=trap_notifications[10].enable_email tf_resource_type=nios_grid_member
2026-03-03T16:32:25.128+0530 [DEBUG] sdk.framework: Value switched to prior value due to semantic equality logic: tf_provider_addr=registry.terraform.io/hashicorp/nios tf_rpc=ReadResource tf_req_id=d3b25069-bee0-e082-fa4a-dde52abec3c8 tf_attribute_path=trap_notifications[10].enable_trap tf_resource_type=nios_grid_member
2026-03-03T16:32:25.128+0530 [DEBUG] sdk.framework: Value switched to prior value due to semantic equality logic: tf_attribute_path=trap_notifications[10].trap_type tf_resource_type=nios_grid_member tf_provider_addr=registry.terraform.io/hashicorp/nios tf_rpc=ReadResource tf_req_id=d3b25069-bee0-e082-fa4a-dde52abec3c8
2026-03-03T16:32:25.128+0530 [DEBUG] sdk.framework: Value switched to prior value due to semantic equality logic: tf_rpc=ReadResource tf_req_id=d3b25069-bee0-e082-fa4a-dde52abec3c8 tf_attribute_path=trap_notifications[10] tf_resource_type=nios_grid_member tf_provider_addr=registry.terraform.io/hashicorp/nios
2026-03-03T16:32:25.128+0530 [DEBUG] sdk.framework: Value switched to prior value due to semantic equality logic: tf_rpc=ReadResource tf_req_id=d3b25069-bee0-e082-fa4a-dde52abec3c8 tf_attribute_path=trap_notifications[11].enable_trap tf_resource_type=nios_grid_member tf_provider_addr=registry.terraform.io/hashicorp/nios
2026-03-03T16:32:25.128+0530 [DEBUG] sdk.framework: Value switched to prior value due to semantic equality logic: tf_provider_addr=registry.terraform.io/hashicorp/nios tf_rpc=ReadResource tf_req_id=d3b25069-bee0-e082-fa4a-dde52abec3c8 tf_attribute_path=trap_notifications[11].trap_type tf_resource_type=nios_grid_member
2026-03-03T16:32:25.128+0530 [DEBUG] sdk.framework: Value switched to prior value due to semantic equality logic: tf_provider_addr=registry.terraform.io/hashicorp/nios tf_rpc=ReadResource tf_req_id=d3b25069-bee0-e082-fa4a-dde52abec3c8 tf_attribute_path=trap_notifications[11].enable_email tf_resource_type=nios_grid_member
2026-03-03T16:32:25.128+0530 [DEBUG] sdk.framework: Value switched to prior value due to semantic equality logic: tf_rpc=ReadResource tf_req_id=d3b25069-bee0-e082-fa4a-dde52abec3c8 tf_attribute_path=trap_notifications[11] tf_resource_type=nios_grid_member tf_provider_addr=registry.terraform.io/hashicorp/nios
2026-03-03T16:32:25.128+0530 [DEBUG] sdk.framework: Value switched to prior value due to semantic equality logic: tf_resource_type=nios_grid_member tf_provider_addr=registry.terraform.io/hashicorp/nios tf_rpc=ReadResource tf_req_id=d3b25069-bee0-e082-fa4a-dde52abec3c8 tf_attribute_path=trap_notifications[12].trap_type
2026-03-03T16:32:25.128+0530 [DEBUG] sdk.framework: Value switched to prior value due to semantic equality logic: tf_attribute_path=trap_notifications[12].enable_email tf_resource_type=nios_grid_member tf_provider_addr=registry.terraform.io/hashicorp/nios tf_rpc=ReadResource tf_req_id=d3b25069-bee0-e082-fa4a-dde52abec3c8
2026-03-03T16:32:25.128+0530 [DEBUG] sdk.framework: Value switched to prior value due to semantic equality logic: tf_req_id=d3b25069-bee0-e082-fa4a-dde52abec3c8 tf_attribute_path=trap_notifications[12].enable_trap tf_resource_type=nios_grid_member tf_provider_addr=registry.terraform.io/hashicorp/nios tf_rpc=ReadResource
2026-03-03T16:32:25.128+0530 [DEBUG] sdk.framework: Value switched to prior value due to semantic equality logic: tf_resource_type=nios_grid_member tf_provider_addr=registry.terraform.io/hashicorp/nios tf_rpc=ReadResource tf_req_id=d3b25069-bee0-e082-fa4a-dde52abec3c8 tf_attribute_path=trap_notifications[12]
2026-03-03T16:32:25.128+0530 [DEBUG] sdk.framework: Value switched to prior value due to semantic equality logic: tf_req_id=d3b25069-bee0-e082-fa4a-dde52abec3c8 tf_attribute_path=trap_notifications[13].enable_trap tf_resource_type=nios_grid_member tf_provider_addr=registry.terraform.io/hashicorp/nios tf_rpc=ReadResource
2026-03-03T16:32:25.128+0530 [DEBUG] sdk.framework: Value switched to prior value due to semantic equality logic: tf_attribute_path=trap_notifications[13].trap_type tf_resource_type=nios_grid_member tf_provider_addr=registry.terraform.io/hashicorp/nios tf_rpc=ReadResource tf_req_id=d3b25069-bee0-e082-fa4a-dde52abec3c8
2026-03-03T16:32:25.128+0530 [DEBUG] sdk.framework: Value switched to prior value due to semantic equality logic: tf_rpc=ReadResource tf_req_id=d3b25069-bee0-e082-fa4a-dde52abec3c8 tf_attribute_path=trap_notifications[13].enable_email tf_resource_type=nios_grid_member tf_provider_addr=registry.terraform.io/hashicorp/nios
2026-03-03T16:32:25.128+0530 [DEBUG] sdk.framework: Value switched to prior value due to semantic equality logic: tf_resource_type=nios_grid_member tf_provider_addr=registry.terraform.io/hashicorp/nios tf_rpc=ReadResource tf_req_id=d3b25069-bee0-e082-fa4a-dde52abec3c8 tf_attribute_path=trap_notifications[13]
2026-03-03T16:32:25.128+0530 [DEBUG] sdk.framework: Value switched to prior value due to semantic equality logic: tf_rpc=ReadResource tf_req_id=d3b25069-bee0-e082-fa4a-dde52abec3c8 tf_attribute_path=trap_notifications[14].trap_type tf_resource_type=nios_grid_member tf_provider_addr=registry.terraform.io/hashicorp/nios
2026-03-03T16:32:25.128+0530 [DEBUG] sdk.framework: Value switched to prior value due to semantic equality logic: tf_attribute_path=trap_notifications[14].enable_email tf_resource_type=nios_grid_member tf_provider_addr=registry.terraform.io/hashicorp/nios tf_rpc=ReadResource tf_req_id=d3b25069-bee0-e082-fa4a-dde52abec3c8
2026-03-03T16:32:25.128+0530 [DEBUG] sdk.framework: Value switched to prior value due to semantic equality logic: tf_req_id=d3b25069-bee0-e082-fa4a-dde52abec3c8 tf_attribute_path=trap_notifications[14].enable_trap tf_resource_type=nios_grid_member tf_provider_addr=registry.terraform.io/hashicorp/nios tf_rpc=ReadResource
2026-03-03T16:32:25.128+0530 [DEBUG] sdk.framework: Value switched to prior value due to semantic equality logic: tf_rpc=ReadResource tf_req_id=d3b25069-bee0-e082-fa4a-dde52abec3c8 tf_attribute_path=trap_notifications[14] tf_resource_type=nios_grid_member tf_provider_addr=registry.terraform.io/hashicorp/nios
2026-03-03T16:32:25.128+0530 [DEBUG] sdk.framework: Value switched to prior value due to semantic equality logic: tf_provider_addr=registry.terraform.io/hashicorp/nios tf_rpc=ReadResource tf_req_id=d3b25069-bee0-e082-fa4a-dde52abec3c8 tf_attribute_path=trap_notifications[15].enable_email tf_resource_type=nios_grid_member
2026-03-03T16:32:25.128+0530 [DEBUG] sdk.framework: Value switched to prior value due to semantic equality logic: tf_resource_type=nios_grid_member tf_provider_addr=registry.terraform.io/hashicorp/nios tf_rpc=ReadResource tf_req_id=d3b25069-bee0-e082-fa4a-dde52abec3c8 tf_attribute_path=trap_notifications[15].enable_trap
2026-03-03T16:32:25.128+0530 [DEBUG] sdk.framework: Value switched to prior value due to semantic equality logic: tf_attribute_path=trap_notifications[15].trap_type tf_resource_type=nios_grid_member tf_provider_addr=registry.terraform.io/hashicorp/nios tf_rpc=ReadResource tf_req_id=d3b25069-bee0-e082-fa4a-dde52abec3c8
2026-03-03T16:32:25.128+0530 [DEBUG] sdk.framework: Value switched to prior value due to semantic equality logic: tf_req_id=d3b25069-bee0-e082-fa4a-dde52abec3c8 tf_attribute_path=trap_notifications[15] tf_resource_type=nios_grid_member tf_provider_addr=registry.terraform.io/hashicorp/nios tf_rpc=ReadResource
2026-03-03T16:32:25.128+0530 [DEBUG] sdk.framework: Value switched to prior value due to semantic equality logic: tf_req_id=d3b25069-bee0-e082-fa4a-dde52abec3c8 tf_attribute_path=trap_notifications[16].enable_trap tf_resource_type=nios_grid_member tf_provider_addr=registry.terraform.io/hashicorp/nios tf_rpc=ReadResource
2026-03-03T16:32:25.128+0530 [DEBUG] sdk.framework: Value switched to prior value due to semantic equality logic: tf_req_id=d3b25069-bee0-e082-fa4a-dde52abec3c8 tf_attribute_path=trap_notifications[16].trap_type tf_resource_type=nios_grid_member tf_provider_addr=registry.terraform.io/hashicorp/nios tf_rpc=ReadResource
2026-03-03T16:32:25.128+0530 [DEBUG] sdk.framework: Value switched to prior value due to semantic equality logic: tf_req_id=d3b25069-bee0-e082-fa4a-dde52abec3c8 tf_attribute_path=trap_notifications[16].enable_email tf_resource_type=nios_grid_member tf_provider_addr=registry.terraform.io/hashicorp/nios tf_rpc=ReadResource
2026-03-03T16:32:25.128+0530 [DEBUG] sdk.framework: Value switched to prior value due to semantic equality logic: tf_attribute_path=trap_notifications[16] tf_resource_type=nios_grid_member tf_provider_addr=registry.terraform.io/hashicorp/nios tf_rpc=ReadResource tf_req_id=d3b25069-bee0-e082-fa4a-dde52abec3c8
2026-03-03T16:32:25.128+0530 [DEBUG] sdk.framework: Value switched to prior value due to semantic equality logic: tf_provider_addr=registry.terraform.io/hashicorp/nios tf_rpc=ReadResource tf_req_id=d3b25069-bee0-e082-fa4a-dde52abec3c8 tf_attribute_path=trap_notifications[17].enable_email tf_resource_type=nios_grid_member
2026-03-03T16:32:25.128+0530 [DEBUG] sdk.framework: Value switched to prior value due to semantic equality logic: tf_provider_addr=registry.terraform.io/hashicorp/nios tf_rpc=ReadResource tf_req_id=d3b25069-bee0-e082-fa4a-dde52abec3c8 tf_attribute_path=trap_notifications[17].enable_trap tf_resource_type=nios_grid_member
2026-03-03T16:32:25.128+0530 [DEBUG] sdk.framework: Value switched to prior value due to semantic equality logic: tf_req_id=d3b25069-bee0-e082-fa4a-dde52abec3c8 tf_attribute_path=trap_notifications[17].trap_type tf_resource_type=nios_grid_member tf_provider_addr=registry.terraform.io/hashicorp/nios tf_rpc=ReadResource
2026-03-03T16:32:25.128+0530 [DEBUG] sdk.framework: Value switched to prior value due to semantic equality logic: tf_attribute_path=trap_notifications[17] tf_resource_type=nios_grid_member tf_provider_addr=registry.terraform.io/hashicorp/nios tf_rpc=ReadResource tf_req_id=d3b25069-bee0-e082-fa4a-dde52abec3c8
2026-03-03T16:32:25.128+0530 [DEBUG] sdk.framework: Value switched to prior value due to semantic equality logic: tf_rpc=ReadResource tf_req_id=d3b25069-bee0-e082-fa4a-dde52abec3c8 tf_attribute_path=trap_notifications[18].enable_trap tf_resource_type=nios_grid_member tf_provider_addr=registry.terraform.io/hashicorp/nios
2026-03-03T16:32:25.128+0530 [DEBUG] sdk.framework: Value switched to prior value due to semantic equality logic: tf_provider_addr=registry.terraform.io/hashicorp/nios tf_rpc=ReadResource tf_req_id=d3b25069-bee0-e082-fa4a-dde52abec3c8 tf_attribute_path=trap_notifications[18].trap_type tf_resource_type=nios_grid_member
2026-03-03T16:32:25.128+0530 [DEBUG] sdk.framework: Value switched to prior value due to semantic equality logic: tf_rpc=ReadResource tf_req_id=d3b25069-bee0-e082-fa4a-dde52abec3c8 tf_attribute_path=trap_notifications[18].enable_email tf_resource_type=nios_grid_member tf_provider_addr=registry.terraform.io/hashicorp/nios
2026-03-03T16:32:25.128+0530 [DEBUG] sdk.framework: Value switched to prior value due to semantic equality logic: tf_req_id=d3b25069-bee0-e082-fa4a-dde52abec3c8 tf_attribute_path=trap_notifications[18] tf_resource_type=nios_grid_member tf_provider_addr=registry.terraform.io/hashicorp/nios tf_rpc=ReadResource
2026-03-03T16:32:25.128+0530 [DEBUG] sdk.framework: Value switched to prior value due to semantic equality logic: tf_rpc=ReadResource tf_req_id=d3b25069-bee0-e082-fa4a-dde52abec3c8 tf_attribute_path=trap_notifications[19].enable_trap tf_resource_type=nios_grid_member tf_provider_addr=registry.terraform.io/hashicorp/nios
2026-03-03T16:32:25.128+0530 [DEBUG] sdk.framework: Value switched to prior value due to semantic equality logic: tf_req_id=d3b25069-bee0-e082-fa4a-dde52abec3c8 tf_attribute_path=trap_notifications[19].trap_type tf_resource_type=nios_grid_member tf_provider_addr=registry.terraform.io/hashicorp/nios tf_rpc=ReadResource
2026-03-03T16:32:25.128+0530 [DEBUG] sdk.framework: Value switched to prior value due to semantic equality logic: tf_provider_addr=registry.terraform.io/hashicorp/nios tf_rpc=ReadResource tf_req_id=d3b25069-bee0-e082-fa4a-dde52abec3c8 tf_attribute_path=trap_notifications[19].enable_email tf_resource_type=nios_grid_member
2026-03-03T16:32:25.128+0530 [DEBUG] sdk.framework: Value switched to prior value due to semantic equality logic: tf_attribute_path=trap_notifications[19] tf_resource_type=nios_grid_member tf_provider_addr=registry.terraform.io/hashicorp/nios tf_rpc=ReadResource tf_req_id=d3b25069-bee0-e082-fa4a-dde52abec3c8
2026-03-03T16:32:25.128+0530 [DEBUG] sdk.framework: Value switched to prior value due to semantic equality logic: tf_req_id=d3b25069-bee0-e082-fa4a-dde52abec3c8 tf_attribute_path=trap_notifications[20].enable_email tf_resource_type=nios_grid_member tf_provider_addr=registry.terraform.io/hashicorp/nios tf_rpc=ReadResource
2026-03-03T16:32:25.128+0530 [DEBUG] sdk.framework: Value switched to prior value due to semantic equality logic: tf_req_id=d3b25069-bee0-e082-fa4a-dde52abec3c8 tf_attribute_path=trap_notifications[20].enable_trap tf_resource_type=nios_grid_member tf_provider_addr=registry.terraform.io/hashicorp/nios tf_rpc=ReadResource
2026-03-03T16:32:25.128+0530 [DEBUG] sdk.framework: Value switched to prior value due to semantic equality logic: tf_resource_type=nios_grid_member tf_provider_addr=registry.terraform.io/hashicorp/nios tf_rpc=ReadResource tf_req_id=d3b25069-bee0-e082-fa4a-dde52abec3c8 tf_attribute_path=trap_notifications[20].trap_type
2026-03-03T16:32:25.128+0530 [DEBUG] sdk.framework: Value switched to prior value due to semantic equality logic: tf_resource_type=nios_grid_member tf_provider_addr=registry.terraform.io/hashicorp/nios tf_rpc=ReadResource tf_req_id=d3b25069-bee0-e082-fa4a-dde52abec3c8 tf_attribute_path=trap_notifications[20]
2026-03-03T16:32:25.128+0530 [DEBUG] sdk.framework: Value switched to prior value due to semantic equality logic: tf_resource_type=nios_grid_member tf_provider_addr=registry.terraform.io/hashicorp/nios tf_rpc=ReadResource tf_req_id=d3b25069-bee0-e082-fa4a-dde52abec3c8 tf_attribute_path=trap_notifications[21].enable_email
2026-03-03T16:32:25.128+0530 [DEBUG] sdk.framework: Value switched to prior value due to semantic equality logic: tf_resource_type=nios_grid_member tf_provider_addr=registry.terraform.io/hashicorp/nios tf_rpc=ReadResource tf_req_id=d3b25069-bee0-e082-fa4a-dde52abec3c8 tf_attribute_path=trap_notifications[21].enable_trap
2026-03-03T16:32:25.128+0530 [DEBUG] sdk.framework: Value switched to prior value due to semantic equality logic: tf_resource_type=nios_grid_member tf_provider_addr=registry.terraform.io/hashicorp/nios tf_rpc=ReadResource tf_req_id=d3b25069-bee0-e082-fa4a-dde52abec3c8 tf_attribute_path=trap_notifications[21].trap_type
2026-03-03T16:32:25.128+0530 [DEBUG] sdk.framework: Value switched to prior value due to semantic equality logic: tf_provider_addr=registry.terraform.io/hashicorp/nios tf_rpc=ReadResource tf_req_id=d3b25069-bee0-e082-fa4a-dde52abec3c8 tf_attribute_path=trap_notifications[21] tf_resource_type=nios_grid_member
2026-03-03T16:32:25.128+0530 [DEBUG] sdk.framework: Value switched to prior value due to semantic equality logic: tf_provider_addr=registry.terraform.io/hashicorp/nios tf_rpc=ReadResource tf_req_id=d3b25069-bee0-e082-fa4a-dde52abec3c8 tf_attribute_path=trap_notifications[22].enable_email tf_resource_type=nios_grid_member
2026-03-03T16:32:25.128+0530 [DEBUG] sdk.framework: Value switched to prior value due to semantic equality logic: tf_attribute_path=trap_notifications[22].enable_trap tf_resource_type=nios_grid_member tf_provider_addr=registry.terraform.io/hashicorp/nios tf_rpc=ReadResource tf_req_id=d3b25069-bee0-e082-fa4a-dde52abec3c8
2026-03-03T16:32:25.128+0530 [DEBUG] sdk.framework: Value switched to prior value due to semantic equality logic: tf_resource_type=nios_grid_member tf_provider_addr=registry.terraform.io/hashicorp/nios tf_rpc=ReadResource tf_req_id=d3b25069-bee0-e082-fa4a-dde52abec3c8 tf_attribute_path=trap_notifications[22].trap_type
2026-03-03T16:32:25.128+0530 [DEBUG] sdk.framework: Value switched to prior value due to semantic equality logic: tf_rpc=ReadResource tf_req_id=d3b25069-bee0-e082-fa4a-dde52abec3c8 tf_attribute_path=trap_notifications[22] tf_resource_type=nios_grid_member tf_provider_addr=registry.terraform.io/hashicorp/nios
2026-03-03T16:32:25.128+0530 [DEBUG] sdk.framework: Value switched to prior value due to semantic equality logic: tf_req_id=d3b25069-bee0-e082-fa4a-dde52abec3c8 tf_attribute_path=trap_notifications[23].enable_trap tf_resource_type=nios_grid_member tf_provider_addr=registry.terraform.io/hashicorp/nios tf_rpc=ReadResource
2026-03-03T16:32:25.128+0530 [DEBUG] sdk.framework: Value switched to prior value due to semantic equality logic: tf_rpc=ReadResource tf_req_id=d3b25069-bee0-e082-fa4a-dde52abec3c8 tf_attribute_path=trap_notifications[23].trap_type tf_resource_type=nios_grid_member tf_provider_addr=registry.terraform.io/hashicorp/nios
2026-03-03T16:32:25.128+0530 [DEBUG] sdk.framework: Value switched to prior value due to semantic equality logic: tf_provider_addr=registry.terraform.io/hashicorp/nios tf_rpc=ReadResource tf_req_id=d3b25069-bee0-e082-fa4a-dde52abec3c8 tf_attribute_path=trap_notifications[23].enable_email tf_resource_type=nios_grid_member
2026-03-03T16:32:25.128+0530 [DEBUG] sdk.framework: Value switched to prior value due to semantic equality logic: tf_req_id=d3b25069-bee0-e082-fa4a-dde52abec3c8 tf_attribute_path=trap_notifications[23] tf_resource_type=nios_grid_member tf_provider_addr=registry.terraform.io/hashicorp/nios tf_rpc=ReadResource
2026-03-03T16:32:25.128+0530 [DEBUG] sdk.framework: Value switched to prior value due to semantic equality logic: tf_rpc=ReadResource tf_req_id=d3b25069-bee0-e082-fa4a-dde52abec3c8 tf_attribute_path=trap_notifications[24].enable_trap tf_resource_type=nios_grid_member tf_provider_addr=registry.terraform.io/hashicorp/nios
2026-03-03T16:32:25.128+0530 [DEBUG] sdk.framework: Value switched to prior value due to semantic equality logic: tf_rpc=ReadResource tf_req_id=d3b25069-bee0-e082-fa4a-dde52abec3c8 tf_attribute_path=trap_notifications[24].trap_type tf_resource_type=nios_grid_member tf_provider_addr=registry.terraform.io/hashicorp/nios
2026-03-03T16:32:25.128+0530 [DEBUG] sdk.framework: Value switched to prior value due to semantic equality logic: tf_rpc=ReadResource tf_req_id=d3b25069-bee0-e082-fa4a-dde52abec3c8 tf_attribute_path=trap_notifications[24].enable_email tf_resource_type=nios_grid_member tf_provider_addr=registry.terraform.io/hashicorp/nios
2026-03-03T16:32:25.128+0530 [DEBUG] sdk.framework: Value switched to prior value due to semantic equality logic: tf_provider_addr=registry.terraform.io/hashicorp/nios tf_rpc=ReadResource tf_req_id=d3b25069-bee0-e082-fa4a-dde52abec3c8 tf_attribute_path=trap_notifications[24] tf_resource_type=nios_grid_member
2026-03-03T16:32:25.128+0530 [DEBUG] sdk.framework: Value switched to prior value due to semantic equality logic: tf_provider_addr=registry.terraform.io/hashicorp/nios tf_rpc=ReadResource tf_req_id=d3b25069-bee0-e082-fa4a-dde52abec3c8 tf_attribute_path=trap_notifications[25].trap_type tf_resource_type=nios_grid_member
2026-03-03T16:32:25.128+0530 [DEBUG] sdk.framework: Value switched to prior value due to semantic equality logic: tf_resource_type=nios_grid_member tf_provider_addr=registry.terraform.io/hashicorp/nios tf_rpc=ReadResource tf_req_id=d3b25069-bee0-e082-fa4a-dde52abec3c8 tf_attribute_path=trap_notifications[25].enable_email
2026-03-03T16:32:25.128+0530 [DEBUG] sdk.framework: Value switched to prior value due to semantic equality logic: tf_rpc=ReadResource tf_req_id=d3b25069-bee0-e082-fa4a-dde52abec3c8 tf_attribute_path=trap_notifications[25].enable_trap tf_resource_type=nios_grid_member tf_provider_addr=registry.terraform.io/hashicorp/nios
2026-03-03T16:32:25.128+0530 [DEBUG] sdk.framework: Value switched to prior value due to semantic equality logic: tf_rpc=ReadResource tf_req_id=d3b25069-bee0-e082-fa4a-dde52abec3c8 tf_attribute_path=trap_notifications[25] tf_resource_type=nios_grid_member tf_provider_addr=registry.terraform.io/hashicorp/nios
2026-03-03T16:32:25.128+0530 [DEBUG] sdk.framework: Value switched to prior value due to semantic equality logic: tf_resource_type=nios_grid_member tf_provider_addr=registry.terraform.io/hashicorp/nios tf_rpc=ReadResource tf_req_id=d3b25069-bee0-e082-fa4a-dde52abec3c8 tf_attribute_path=trap_notifications[26].trap_type
2026-03-03T16:32:25.128+0530 [DEBUG] sdk.framework: Value switched to prior value due to semantic equality logic: tf_attribute_path=trap_notifications[26].enable_email tf_resource_type=nios_grid_member tf_provider_addr=registry.terraform.io/hashicorp/nios tf_rpc=ReadResource tf_req_id=d3b25069-bee0-e082-fa4a-dde52abec3c8
2026-03-03T16:32:25.128+0530 [DEBUG] sdk.framework: Value switched to prior value due to semantic equality logic: tf_provider_addr=registry.terraform.io/hashicorp/nios tf_rpc=ReadResource tf_req_id=d3b25069-bee0-e082-fa4a-dde52abec3c8 tf_attribute_path=trap_notifications[26].enable_trap tf_resource_type=nios_grid_member
2026-03-03T16:32:25.128+0530 [DEBUG] sdk.framework: Value switched to prior value due to semantic equality logic: tf_req_id=d3b25069-bee0-e082-fa4a-dde52abec3c8 tf_attribute_path=trap_notifications[26] tf_resource_type=nios_grid_member tf_provider_addr=registry.terraform.io/hashicorp/nios tf_rpc=ReadResource
2026-03-03T16:32:25.128+0530 [DEBUG] sdk.framework: Value switched to prior value due to semantic equality logic: tf_rpc=ReadResource tf_req_id=d3b25069-bee0-e082-fa4a-dde52abec3c8 tf_attribute_path=trap_notifications[27].trap_type tf_resource_type=nios_grid_member tf_provider_addr=registry.terraform.io/hashicorp/nios
2026-03-03T16:32:25.128+0530 [DEBUG] sdk.framework: Value switched to prior value due to semantic equality logic: tf_resource_type=nios_grid_member tf_provider_addr=registry.terraform.io/hashicorp/nios tf_rpc=ReadResource tf_req_id=d3b25069-bee0-e082-fa4a-dde52abec3c8 tf_attribute_path=trap_notifications[27].enable_email
2026-03-03T16:32:25.128+0530 [DEBUG] sdk.framework: Value switched to prior value due to semantic equality logic: tf_req_id=d3b25069-bee0-e082-fa4a-dde52abec3c8 tf_attribute_path=trap_notifications[27].enable_trap tf_resource_type=nios_grid_member tf_provider_addr=registry.terraform.io/hashicorp/nios tf_rpc=ReadResource
2026-03-03T16:32:25.128+0530 [DEBUG] sdk.framework: Value switched to prior value due to semantic equality logic: tf_rpc=ReadResource tf_req_id=d3b25069-bee0-e082-fa4a-dde52abec3c8 tf_attribute_path=trap_notifications[27] tf_resource_type=nios_grid_member tf_provider_addr=registry.terraform.io/hashicorp/nios
2026-03-03T16:32:25.128+0530 [DEBUG] sdk.framework: Value switched to prior value due to semantic equality logic: tf_provider_addr=registry.terraform.io/hashicorp/nios tf_rpc=ReadResource tf_req_id=d3b25069-bee0-e082-fa4a-dde52abec3c8 tf_attribute_path=trap_notifications[28].trap_type tf_resource_type=nios_grid_member
2026-03-03T16:32:25.128+0530 [DEBUG] sdk.framework: Value switched to prior value due to semantic equality logic: tf_resource_type=nios_grid_member tf_provider_addr=registry.terraform.io/hashicorp/nios tf_rpc=ReadResource tf_req_id=d3b25069-bee0-e082-fa4a-dde52abec3c8 tf_attribute_path=trap_notifications[28].enable_email
2026-03-03T16:32:25.128+0530 [DEBUG] sdk.framework: Value switched to prior value due to semantic equality logic: tf_rpc=ReadResource tf_req_id=d3b25069-bee0-e082-fa4a-dde52abec3c8 tf_attribute_path=trap_notifications[28].enable_trap tf_resource_type=nios_grid_member tf_provider_addr=registry.terraform.io/hashicorp/nios
2026-03-03T16:32:25.128+0530 [DEBUG] sdk.framework: Value switched to prior value due to semantic equality logic: tf_rpc=ReadResource tf_req_id=d3b25069-bee0-e082-fa4a-dde52abec3c8 tf_attribute_path=trap_notifications[28] tf_resource_type=nios_grid_member tf_provider_addr=registry.terraform.io/hashicorp/nios
2026-03-03T16:32:25.128+0530 [DEBUG] sdk.framework: Value switched to prior value due to semantic equality logic: tf_rpc=ReadResource tf_req_id=d3b25069-bee0-e082-fa4a-dde52abec3c8 tf_attribute_path=trap_notifications[29].enable_email tf_resource_type=nios_grid_member tf_provider_addr=registry.terraform.io/hashicorp/nios
2026-03-03T16:32:25.128+0530 [DEBUG] sdk.framework: Value switched to prior value due to semantic equality logic: tf_attribute_path=trap_notifications[29].enable_trap tf_resource_type=nios_grid_member tf_provider_addr=registry.terraform.io/hashicorp/nios tf_rpc=ReadResource tf_req_id=d3b25069-bee0-e082-fa4a-dde52abec3c8
2026-03-03T16:32:25.128+0530 [DEBUG] sdk.framework: Value switched to prior value due to semantic equality logic: tf_rpc=ReadResource tf_req_id=d3b25069-bee0-e082-fa4a-dde52abec3c8 tf_attribute_path=trap_notifications[29].trap_type tf_resource_type=nios_grid_member tf_provider_addr=registry.terraform.io/hashicorp/nios
2026-03-03T16:32:25.128+0530 [DEBUG] sdk.framework: Value switched to prior value due to semantic equality logic: tf_req_id=d3b25069-bee0-e082-fa4a-dde52abec3c8 tf_attribute_path=trap_notifications[29] tf_resource_type=nios_grid_member tf_provider_addr=registry.terraform.io/hashicorp/nios tf_rpc=ReadResource
2026-03-03T16:32:25.128+0530 [DEBUG] sdk.framework: Value switched to prior value due to semantic equality logic: tf_provider_addr=registry.terraform.io/hashicorp/nios tf_rpc=ReadResource tf_req_id=d3b25069-bee0-e082-fa4a-dde52abec3c8 tf_attribute_path=trap_notifications[30].enable_email tf_resource_type=nios_grid_member
2026-03-03T16:32:25.128+0530 [DEBUG] sdk.framework: Value switched to prior value due to semantic equality logic: tf_resource_type=nios_grid_member tf_provider_addr=registry.terraform.io/hashicorp/nios tf_rpc=ReadResource tf_req_id=d3b25069-bee0-e082-fa4a-dde52abec3c8 tf_attribute_path=trap_notifications[30].enable_trap
2026-03-03T16:32:25.128+0530 [DEBUG] sdk.framework: Value switched to prior value due to semantic equality logic: tf_req_id=d3b25069-bee0-e082-fa4a-dde52abec3c8 tf_attribute_path=trap_notifications[30].trap_type tf_resource_type=nios_grid_member tf_provider_addr=registry.terraform.io/hashicorp/nios tf_rpc=ReadResource
2026-03-03T16:32:25.128+0530 [DEBUG] sdk.framework: Value switched to prior value due to semantic equality logic: tf_attribute_path=trap_notifications[30] tf_resource_type=nios_grid_member tf_provider_addr=registry.terraform.io/hashicorp/nios tf_rpc=ReadResource tf_req_id=d3b25069-bee0-e082-fa4a-dde52abec3c8
2026-03-03T16:32:25.128+0530 [DEBUG] sdk.framework: Value switched to prior value due to semantic equality logic: tf_rpc=ReadResource tf_req_id=d3b25069-bee0-e082-fa4a-dde52abec3c8 tf_attribute_path=trap_notifications[31].enable_email tf_resource_type=nios_grid_member tf_provider_addr=registry.terraform.io/hashicorp/nios
2026-03-03T16:32:25.128+0530 [DEBUG] sdk.framework: Value switched to prior value due to semantic equality logic: tf_attribute_path=trap_notifications[31].enable_trap tf_resource_type=nios_grid_member tf_provider_addr=registry.terraform.io/hashicorp/nios tf_rpc=ReadResource tf_req_id=d3b25069-bee0-e082-fa4a-dde52abec3c8
2026-03-03T16:32:25.128+0530 [DEBUG] sdk.framework: Value switched to prior value due to semantic equality logic: tf_attribute_path=trap_notifications[31].trap_type tf_resource_type=nios_grid_member tf_provider_addr=registry.terraform.io/hashicorp/nios tf_rpc=ReadResource tf_req_id=d3b25069-bee0-e082-fa4a-dde52abec3c8
2026-03-03T16:32:25.128+0530 [DEBUG] sdk.framework: Value switched to prior value due to semantic equality logic: tf_attribute_path=trap_notifications[31] tf_resource_type=nios_grid_member tf_provider_addr=registry.terraform.io/hashicorp/nios tf_rpc=ReadResource tf_req_id=d3b25069-bee0-e082-fa4a-dde52abec3c8
2026-03-03T16:32:25.128+0530 [DEBUG] sdk.framework: Value switched to prior value due to semantic equality logic: tf_attribute_path=trap_notifications[32].enable_trap tf_resource_type=nios_grid_member tf_provider_addr=registry.terraform.io/hashicorp/nios tf_rpc=ReadResource tf_req_id=d3b25069-bee0-e082-fa4a-dde52abec3c8
2026-03-03T16:32:25.128+0530 [DEBUG] sdk.framework: Value switched to prior value due to semantic equality logic: tf_attribute_path=trap_notifications[32].trap_type tf_resource_type=nios_grid_member tf_provider_addr=registry.terraform.io/hashicorp/nios tf_rpc=ReadResource tf_req_id=d3b25069-bee0-e082-fa4a-dde52abec3c8
2026-03-03T16:32:25.128+0530 [DEBUG] sdk.framework: Value switched to prior value due to semantic equality logic: tf_rpc=ReadResource tf_req_id=d3b25069-bee0-e082-fa4a-dde52abec3c8 tf_attribute_path=trap_notifications[32].enable_email tf_resource_type=nios_grid_member tf_provider_addr=registry.terraform.io/hashicorp/nios
2026-03-03T16:32:25.128+0530 [DEBUG] sdk.framework: Value switched to prior value due to semantic equality logic: tf_provider_addr=registry.terraform.io/hashicorp/nios tf_rpc=ReadResource tf_req_id=d3b25069-bee0-e082-fa4a-dde52abec3c8 tf_attribute_path=trap_notifications[32] tf_resource_type=nios_grid_member
2026-03-03T16:32:25.128+0530 [DEBUG] sdk.framework: Value switched to prior value due to semantic equality logic: tf_provider_addr=registry.terraform.io/hashicorp/nios tf_rpc=ReadResource tf_req_id=d3b25069-bee0-e082-fa4a-dde52abec3c8 tf_attribute_path=trap_notifications[33].enable_email tf_resource_type=nios_grid_member
2026-03-03T16:32:25.128+0530 [DEBUG] sdk.framework: Value switched to prior value due to semantic equality logic: tf_req_id=d3b25069-bee0-e082-fa4a-dde52abec3c8 tf_attribute_path=trap_notifications[33].enable_trap tf_resource_type=nios_grid_member tf_provider_addr=registry.terraform.io/hashicorp/nios tf_rpc=ReadResource
2026-03-03T16:32:25.128+0530 [DEBUG] sdk.framework: Value switched to prior value due to semantic equality logic: tf_req_id=d3b25069-bee0-e082-fa4a-dde52abec3c8 tf_attribute_path=trap_notifications[33].trap_type tf_resource_type=nios_grid_member tf_provider_addr=registry.terraform.io/hashicorp/nios tf_rpc=ReadResource
2026-03-03T16:32:25.128+0530 [DEBUG] sdk.framework: Value switched to prior value due to semantic equality logic: tf_resource_type=nios_grid_member tf_provider_addr=registry.terraform.io/hashicorp/nios tf_rpc=ReadResource tf_req_id=d3b25069-bee0-e082-fa4a-dde52abec3c8 tf_attribute_path=trap_notifications[33]
2026-03-03T16:32:25.128+0530 [DEBUG] sdk.framework: Value switched to prior value due to semantic equality logic: tf_attribute_path=trap_notifications[34].enable_email tf_resource_type=nios_grid_member tf_provider_addr=registry.terraform.io/hashicorp/nios tf_rpc=ReadResource tf_req_id=d3b25069-bee0-e082-fa4a-dde52abec3c8
2026-03-03T16:32:25.128+0530 [DEBUG] sdk.framework: Value switched to prior value due to semantic equality logic: tf_attribute_path=trap_notifications[34].enable_trap tf_resource_type=nios_grid_member tf_provider_addr=registry.terraform.io/hashicorp/nios tf_rpc=ReadResource tf_req_id=d3b25069-bee0-e082-fa4a-dde52abec3c8
2026-03-03T16:32:25.128+0530 [DEBUG] sdk.framework: Value switched to prior value due to semantic equality logic: tf_attribute_path=trap_notifications[34].trap_type tf_resource_type=nios_grid_member tf_provider_addr=registry.terraform.io/hashicorp/nios tf_rpc=ReadResource tf_req_id=d3b25069-bee0-e082-fa4a-dde52abec3c8
2026-03-03T16:32:25.128+0530 [DEBUG] sdk.framework: Value switched to prior value due to semantic equality logic: tf_resource_type=nios_grid_member tf_provider_addr=registry.terraform.io/hashicorp/nios tf_rpc=ReadResource tf_req_id=d3b25069-bee0-e082-fa4a-dde52abec3c8 tf_attribute_path=trap_notifications[34]
2026-03-03T16:32:25.128+0530 [DEBUG] sdk.framework: Value switched to prior value due to semantic equality logic: tf_resource_type=nios_grid_member tf_provider_addr=registry.terraform.io/hashicorp/nios tf_rpc=ReadResource tf_req_id=d3b25069-bee0-e082-fa4a-dde52abec3c8 tf_attribute_path=trap_notifications[35].enable_email
2026-03-03T16:32:25.128+0530 [DEBUG] sdk.framework: Value switched to prior value due to semantic equality logic: tf_req_id=d3b25069-bee0-e082-fa4a-dde52abec3c8 tf_attribute_path=trap_notifications[35].enable_trap tf_resource_type=nios_grid_member tf_provider_addr=registry.terraform.io/hashicorp/nios tf_rpc=ReadResource
2026-03-03T16:32:25.128+0530 [DEBUG] sdk.framework: Value switched to prior value due to semantic equality logic: tf_provider_addr=registry.terraform.io/hashicorp/nios tf_rpc=ReadResource tf_req_id=d3b25069-bee0-e082-fa4a-dde52abec3c8 tf_attribute_path=trap_notifications[35].trap_type tf_resource_type=nios_grid_member
2026-03-03T16:32:25.128+0530 [DEBUG] sdk.framework: Value switched to prior value due to semantic equality logic: tf_req_id=d3b25069-bee0-e082-fa4a-dde52abec3c8 tf_attribute_path=trap_notifications[35] tf_resource_type=nios_grid_member tf_provider_addr=registry.terraform.io/hashicorp/nios tf_rpc=ReadResource
2026-03-03T16:32:25.128+0530 [DEBUG] sdk.framework: Value switched to prior value due to semantic equality logic: tf_rpc=ReadResource tf_req_id=d3b25069-bee0-e082-fa4a-dde52abec3c8 tf_attribute_path=trap_notifications[36].trap_type tf_resource_type=nios_grid_member tf_provider_addr=registry.terraform.io/hashicorp/nios
2026-03-03T16:32:25.128+0530 [DEBUG] sdk.framework: Value switched to prior value due to semantic equality logic: tf_req_id=d3b25069-bee0-e082-fa4a-dde52abec3c8 tf_attribute_path=trap_notifications[36].enable_email tf_resource_type=nios_grid_member tf_provider_addr=registry.terraform.io/hashicorp/nios tf_rpc=ReadResource
2026-03-03T16:32:25.128+0530 [DEBUG] sdk.framework: Value switched to prior value due to semantic equality logic: tf_rpc=ReadResource tf_req_id=d3b25069-bee0-e082-fa4a-dde52abec3c8 tf_attribute_path=trap_notifications[36].enable_trap tf_resource_type=nios_grid_member tf_provider_addr=registry.terraform.io/hashicorp/nios
2026-03-03T16:32:25.128+0530 [DEBUG] sdk.framework: Value switched to prior value due to semantic equality logic: tf_req_id=d3b25069-bee0-e082-fa4a-dde52abec3c8 tf_attribute_path=trap_notifications[36] tf_resource_type=nios_grid_member tf_provider_addr=registry.terraform.io/hashicorp/nios tf_rpc=ReadResource
2026-03-03T16:32:25.128+0530 [DEBUG] sdk.framework: Value switched to prior value due to semantic equality logic: tf_provider_addr=registry.terraform.io/hashicorp/nios tf_rpc=ReadResource tf_req_id=d3b25069-bee0-e082-fa4a-dde52abec3c8 tf_attribute_path=trap_notifications[37].enable_trap tf_resource_type=nios_grid_member
2026-03-03T16:32:25.128+0530 [DEBUG] sdk.framework: Value switched to prior value due to semantic equality logic: tf_provider_addr=registry.terraform.io/hashicorp/nios tf_rpc=ReadResource tf_req_id=d3b25069-bee0-e082-fa4a-dde52abec3c8 tf_attribute_path=trap_notifications[37].trap_type tf_resource_type=nios_grid_member
2026-03-03T16:32:25.128+0530 [DEBUG] sdk.framework: Value switched to prior value due to semantic equality logic: tf_rpc=ReadResource tf_req_id=d3b25069-bee0-e082-fa4a-dde52abec3c8 tf_attribute_path=trap_notifications[37].enable_email tf_resource_type=nios_grid_member tf_provider_addr=registry.terraform.io/hashicorp/nios
2026-03-03T16:32:25.128+0530 [DEBUG] sdk.framework: Value switched to prior value due to semantic equality logic: tf_resource_type=nios_grid_member tf_provider_addr=registry.terraform.io/hashicorp/nios tf_rpc=ReadResource tf_req_id=d3b25069-bee0-e082-fa4a-dde52abec3c8 tf_attribute_path=trap_notifications[37]
2026-03-03T16:32:25.128+0530 [DEBUG] sdk.framework: Value switched to prior value due to semantic equality logic: tf_resource_type=nios_grid_member tf_provider_addr=registry.terraform.io/hashicorp/nios tf_rpc=ReadResource tf_req_id=d3b25069-bee0-e082-fa4a-dde52abec3c8 tf_attribute_path=trap_notifications[38].enable_trap
2026-03-03T16:32:25.128+0530 [DEBUG] sdk.framework: Value switched to prior value due to semantic equality logic: tf_resource_type=nios_grid_member tf_provider_addr=registry.terraform.io/hashicorp/nios tf_rpc=ReadResource tf_req_id=d3b25069-bee0-e082-fa4a-dde52abec3c8 tf_attribute_path=trap_notifications[38].trap_type
2026-03-03T16:32:25.128+0530 [DEBUG] sdk.framework: Value switched to prior value due to semantic equality logic: tf_resource_type=nios_grid_member tf_provider_addr=registry.terraform.io/hashicorp/nios tf_rpc=ReadResource tf_req_id=d3b25069-bee0-e082-fa4a-dde52abec3c8 tf_attribute_path=trap_notifications[38].enable_email
2026-03-03T16:32:25.128+0530 [DEBUG] sdk.framework: Value switched to prior value due to semantic equality logic: tf_rpc=ReadResource tf_req_id=d3b25069-bee0-e082-fa4a-dde52abec3c8 tf_attribute_path=trap_notifications[38] tf_resource_type=nios_grid_member tf_provider_addr=registry.terraform.io/hashicorp/nios
2026-03-03T16:32:25.128+0530 [DEBUG] sdk.framework: Value switched to prior value due to semantic equality logic: tf_provider_addr=registry.terraform.io/hashicorp/nios tf_rpc=ReadResource tf_req_id=d3b25069-bee0-e082-fa4a-dde52abec3c8 tf_attribute_path=trap_notifications[39].enable_email tf_resource_type=nios_grid_member
2026-03-03T16:32:25.128+0530 [DEBUG] sdk.framework: Value switched to prior value due to semantic equality logic: tf_resource_type=nios_grid_member tf_provider_addr=registry.terraform.io/hashicorp/nios tf_rpc=ReadResource tf_req_id=d3b25069-bee0-e082-fa4a-dde52abec3c8 tf_attribute_path=trap_notifications[39].enable_trap
2026-03-03T16:32:25.128+0530 [DEBUG] sdk.framework: Value switched to prior value due to semantic equality logic: tf_provider_addr=registry.terraform.io/hashicorp/nios tf_rpc=ReadResource tf_req_id=d3b25069-bee0-e082-fa4a-dde52abec3c8 tf_attribute_path=trap_notifications[39].trap_type tf_resource_type=nios_grid_member
2026-03-03T16:32:25.128+0530 [DEBUG] sdk.framework: Value switched to prior value due to semantic equality logic: tf_attribute_path=trap_notifications[39] tf_resource_type=nios_grid_member tf_provider_addr=registry.terraform.io/hashicorp/nios tf_rpc=ReadResource tf_req_id=d3b25069-bee0-e082-fa4a-dde52abec3c8
2026-03-03T16:32:25.128+0530 [DEBUG] sdk.framework: Value switched to prior value due to semantic equality logic: tf_attribute_path=trap_notifications[40].enable_trap tf_resource_type=nios_grid_member tf_provider_addr=registry.terraform.io/hashicorp/nios tf_rpc=ReadResource tf_req_id=d3b25069-bee0-e082-fa4a-dde52abec3c8
2026-03-03T16:32:25.128+0530 [DEBUG] sdk.framework: Value switched to prior value due to semantic equality logic: tf_attribute_path=trap_notifications[40].trap_type tf_resource_type=nios_grid_member tf_provider_addr=registry.terraform.io/hashicorp/nios tf_rpc=ReadResource tf_req_id=d3b25069-bee0-e082-fa4a-dde52abec3c8
2026-03-03T16:32:25.128+0530 [DEBUG] sdk.framework: Value switched to prior value due to semantic equality logic: tf_attribute_path=trap_notifications[40].enable_email tf_resource_type=nios_grid_member tf_provider_addr=registry.terraform.io/hashicorp/nios tf_rpc=ReadResource tf_req_id=d3b25069-bee0-e082-fa4a-dde52abec3c8
2026-03-03T16:32:25.128+0530 [DEBUG] sdk.framework: Value switched to prior value due to semantic equality logic: tf_req_id=d3b25069-bee0-e082-fa4a-dde52abec3c8 tf_attribute_path=trap_notifications[40] tf_resource_type=nios_grid_member tf_provider_addr=registry.terraform.io/hashicorp/nios tf_rpc=ReadResource
2026-03-03T16:32:25.128+0530 [DEBUG] sdk.framework: Value switched to prior value due to semantic equality logic: tf_rpc=ReadResource tf_req_id=d3b25069-bee0-e082-fa4a-dde52abec3c8 tf_attribute_path=trap_notifications[41].enable_trap tf_resource_type=nios_grid_member tf_provider_addr=registry.terraform.io/hashicorp/nios
2026-03-03T16:32:25.128+0530 [DEBUG] sdk.framework: Value switched to prior value due to semantic equality logic: tf_provider_addr=registry.terraform.io/hashicorp/nios tf_rpc=ReadResource tf_req_id=d3b25069-bee0-e082-fa4a-dde52abec3c8 tf_attribute_path=trap_notifications[41].trap_type tf_resource_type=nios_grid_member
2026-03-03T16:32:25.128+0530 [DEBUG] sdk.framework: Value switched to prior value due to semantic equality logic: tf_resource_type=nios_grid_member tf_provider_addr=registry.terraform.io/hashicorp/nios tf_rpc=ReadResource tf_req_id=d3b25069-bee0-e082-fa4a-dde52abec3c8 tf_attribute_path=trap_notifications[41].enable_email
2026-03-03T16:32:25.128+0530 [DEBUG] sdk.framework: Value switched to prior value due to semantic equality logic: tf_resource_type=nios_grid_member tf_provider_addr=registry.terraform.io/hashicorp/nios tf_rpc=ReadResource tf_req_id=d3b25069-bee0-e082-fa4a-dde52abec3c8 tf_attribute_path=trap_notifications[41]
2026-03-03T16:32:25.129+0530 [DEBUG] sdk.framework: Value switched to prior value due to semantic equality logic: tf_req_id=d3b25069-bee0-e082-fa4a-dde52abec3c8 tf_attribute_path=trap_notifications[42].enable_email tf_resource_type=nios_grid_member tf_provider_addr=registry.terraform.io/hashicorp/nios tf_rpc=ReadResource
2026-03-03T16:32:25.129+0530 [DEBUG] sdk.framework: Value switched to prior value due to semantic equality logic: tf_provider_addr=registry.terraform.io/hashicorp/nios tf_rpc=ReadResource tf_req_id=d3b25069-bee0-e082-fa4a-dde52abec3c8 tf_attribute_path=trap_notifications[42].enable_trap tf_resource_type=nios_grid_member
2026-03-03T16:32:25.129+0530 [DEBUG] sdk.framework: Value switched to prior value due to semantic equality logic: tf_rpc=ReadResource tf_req_id=d3b25069-bee0-e082-fa4a-dde52abec3c8 tf_attribute_path=trap_notifications[42].trap_type tf_resource_type=nios_grid_member tf_provider_addr=registry.terraform.io/hashicorp/nios
2026-03-03T16:32:25.129+0530 [DEBUG] sdk.framework: Value switched to prior value due to semantic equality logic: tf_resource_type=nios_grid_member tf_provider_addr=registry.terraform.io/hashicorp/nios tf_rpc=ReadResource tf_req_id=d3b25069-bee0-e082-fa4a-dde52abec3c8 tf_attribute_path=trap_notifications[42]
2026-03-03T16:32:25.129+0530 [DEBUG] sdk.framework: Value switched to prior value due to semantic equality logic: tf_req_id=d3b25069-bee0-e082-fa4a-dde52abec3c8 tf_attribute_path=trap_notifications[43].enable_trap tf_resource_type=nios_grid_member tf_provider_addr=registry.terraform.io/hashicorp/nios tf_rpc=ReadResource
2026-03-03T16:32:25.129+0530 [DEBUG] sdk.framework: Value switched to prior value due to semantic equality logic: tf_rpc=ReadResource tf_req_id=d3b25069-bee0-e082-fa4a-dde52abec3c8 tf_attribute_path=trap_notifications[43].trap_type tf_resource_type=nios_grid_member tf_provider_addr=registry.terraform.io/hashicorp/nios
2026-03-03T16:32:25.129+0530 [DEBUG] sdk.framework: Value switched to prior value due to semantic equality logic: tf_provider_addr=registry.terraform.io/hashicorp/nios tf_rpc=ReadResource tf_req_id=d3b25069-bee0-e082-fa4a-dde52abec3c8 tf_attribute_path=trap_notifications[43].enable_email tf_resource_type=nios_grid_member
2026-03-03T16:32:25.129+0530 [DEBUG] sdk.framework: Value switched to prior value due to semantic equality logic: tf_req_id=d3b25069-bee0-e082-fa4a-dde52abec3c8 tf_attribute_path=trap_notifications[43] tf_resource_type=nios_grid_member tf_provider_addr=registry.terraform.io/hashicorp/nios tf_rpc=ReadResource
2026-03-03T16:32:25.129+0530 [DEBUG] sdk.framework: Value switched to prior value due to semantic equality logic: tf_rpc=ReadResource tf_req_id=d3b25069-bee0-e082-fa4a-dde52abec3c8 tf_attribute_path=trap_notifications[44].enable_email tf_resource_type=nios_grid_member tf_provider_addr=registry.terraform.io/hashicorp/nios
2026-03-03T16:32:25.129+0530 [DEBUG] sdk.framework: Value switched to prior value due to semantic equality logic: tf_rpc=ReadResource tf_req_id=d3b25069-bee0-e082-fa4a-dde52abec3c8 tf_attribute_path=trap_notifications[44].enable_trap tf_resource_type=nios_grid_member tf_provider_addr=registry.terraform.io/hashicorp/nios
2026-03-03T16:32:25.129+0530 [DEBUG] sdk.framework: Value switched to prior value due to semantic equality logic: tf_resource_type=nios_grid_member tf_provider_addr=registry.terraform.io/hashicorp/nios tf_rpc=ReadResource tf_req_id=d3b25069-bee0-e082-fa4a-dde52abec3c8 tf_attribute_path=trap_notifications[44].trap_type
2026-03-03T16:32:25.129+0530 [DEBUG] sdk.framework: Value switched to prior value due to semantic equality logic: tf_resource_type=nios_grid_member tf_provider_addr=registry.terraform.io/hashicorp/nios tf_rpc=ReadResource tf_req_id=d3b25069-bee0-e082-fa4a-dde52abec3c8 tf_attribute_path=trap_notifications[44]
2026-03-03T16:32:25.129+0530 [DEBUG] sdk.framework: Value switched to prior value due to semantic equality logic: tf_provider_addr=registry.terraform.io/hashicorp/nios tf_rpc=ReadResource tf_req_id=d3b25069-bee0-e082-fa4a-dde52abec3c8 tf_attribute_path=trap_notifications[45].trap_type tf_resource_type=nios_grid_member
2026-03-03T16:32:25.129+0530 [DEBUG] sdk.framework: Value switched to prior value due to semantic equality logic: tf_req_id=d3b25069-bee0-e082-fa4a-dde52abec3c8 tf_attribute_path=trap_notifications[45].enable_email tf_resource_type=nios_grid_member tf_provider_addr=registry.terraform.io/hashicorp/nios tf_rpc=ReadResource
2026-03-03T16:32:25.129+0530 [DEBUG] sdk.framework: Value switched to prior value due to semantic equality logic: tf_provider_addr=registry.terraform.io/hashicorp/nios tf_rpc=ReadResource tf_req_id=d3b25069-bee0-e082-fa4a-dde52abec3c8 tf_attribute_path=trap_notifications[45].enable_trap tf_resource_type=nios_grid_member
2026-03-03T16:32:25.129+0530 [DEBUG] sdk.framework: Value switched to prior value due to semantic equality logic: tf_provider_addr=registry.terraform.io/hashicorp/nios tf_rpc=ReadResource tf_req_id=d3b25069-bee0-e082-fa4a-dde52abec3c8 tf_attribute_path=trap_notifications[45] tf_resource_type=nios_grid_member
2026-03-03T16:32:25.129+0530 [DEBUG] sdk.framework: Value switched to prior value due to semantic equality logic: tf_rpc=ReadResource tf_req_id=d3b25069-bee0-e082-fa4a-dde52abec3c8 tf_attribute_path=trap_notifications[46].trap_type tf_resource_type=nios_grid_member tf_provider_addr=registry.terraform.io/hashicorp/nios
2026-03-03T16:32:25.129+0530 [DEBUG] sdk.framework: Value switched to prior value due to semantic equality logic: tf_provider_addr=registry.terraform.io/hashicorp/nios tf_rpc=ReadResource tf_req_id=d3b25069-bee0-e082-fa4a-dde52abec3c8 tf_attribute_path=trap_notifications[46].enable_email tf_resource_type=nios_grid_member
2026-03-03T16:32:25.129+0530 [DEBUG] sdk.framework: Value switched to prior value due to semantic equality logic: tf_provider_addr=registry.terraform.io/hashicorp/nios tf_rpc=ReadResource tf_req_id=d3b25069-bee0-e082-fa4a-dde52abec3c8 tf_attribute_path=trap_notifications[46].enable_trap tf_resource_type=nios_grid_member
2026-03-03T16:32:25.129+0530 [DEBUG] sdk.framework: Value switched to prior value due to semantic equality logic: tf_resource_type=nios_grid_member tf_provider_addr=registry.terraform.io/hashicorp/nios tf_rpc=ReadResource tf_req_id=d3b25069-bee0-e082-fa4a-dde52abec3c8 tf_attribute_path=trap_notifications[46]
2026-03-03T16:32:25.129+0530 [DEBUG] sdk.framework: Value switched to prior value due to semantic equality logic: tf_attribute_path=trap_notifications[47].trap_type tf_resource_type=nios_grid_member tf_provider_addr=registry.terraform.io/hashicorp/nios tf_rpc=ReadResource tf_req_id=d3b25069-bee0-e082-fa4a-dde52abec3c8
2026-03-03T16:32:25.129+0530 [DEBUG] sdk.framework: Value switched to prior value due to semantic equality logic: tf_req_id=d3b25069-bee0-e082-fa4a-dde52abec3c8 tf_attribute_path=trap_notifications[47].enable_email tf_resource_type=nios_grid_member tf_provider_addr=registry.terraform.io/hashicorp/nios tf_rpc=ReadResource
2026-03-03T16:32:25.129+0530 [DEBUG] sdk.framework: Value switched to prior value due to semantic equality logic: tf_rpc=ReadResource tf_req_id=d3b25069-bee0-e082-fa4a-dde52abec3c8 tf_attribute_path=trap_notifications[47].enable_trap tf_resource_type=nios_grid_member tf_provider_addr=registry.terraform.io/hashicorp/nios
2026-03-03T16:32:25.129+0530 [DEBUG] sdk.framework: Value switched to prior value due to semantic equality logic: tf_attribute_path=trap_notifications[47] tf_resource_type=nios_grid_member tf_provider_addr=registry.terraform.io/hashicorp/nios tf_rpc=ReadResource tf_req_id=d3b25069-bee0-e082-fa4a-dde52abec3c8
2026-03-03T16:32:25.129+0530 [DEBUG] sdk.framework: Value switched to prior value due to semantic equality logic: tf_provider_addr=registry.terraform.io/hashicorp/nios tf_rpc=ReadResource tf_req_id=d3b25069-bee0-e082-fa4a-dde52abec3c8 tf_attribute_path=trap_notifications[48].trap_type tf_resource_type=nios_grid_member
2026-03-03T16:32:25.129+0530 [DEBUG] sdk.framework: Value switched to prior value due to semantic equality logic: tf_attribute_path=trap_notifications[48].enable_email tf_resource_type=nios_grid_member tf_provider_addr=registry.terraform.io/hashicorp/nios tf_rpc=ReadResource tf_req_id=d3b25069-bee0-e082-fa4a-dde52abec3c8
2026-03-03T16:32:25.129+0530 [DEBUG] sdk.framework: Value switched to prior value due to semantic equality logic: tf_req_id=d3b25069-bee0-e082-fa4a-dde52abec3c8 tf_attribute_path=trap_notifications[48].enable_trap tf_resource_type=nios_grid_member tf_provider_addr=registry.terraform.io/hashicorp/nios tf_rpc=ReadResource
2026-03-03T16:32:25.129+0530 [DEBUG] sdk.framework: Value switched to prior value due to semantic equality logic: tf_attribute_path=trap_notifications[48] tf_resource_type=nios_grid_member tf_provider_addr=registry.terraform.io/hashicorp/nios tf_rpc=ReadResource tf_req_id=d3b25069-bee0-e082-fa4a-dde52abec3c8
2026-03-03T16:32:25.129+0530 [DEBUG] sdk.framework: Value switched to prior value due to semantic equality logic: tf_req_id=d3b25069-bee0-e082-fa4a-dde52abec3c8 tf_attribute_path=trap_notifications[49].enable_trap tf_resource_type=nios_grid_member tf_provider_addr=registry.terraform.io/hashicorp/nios tf_rpc=ReadResource
2026-03-03T16:32:25.129+0530 [DEBUG] sdk.framework: Value switched to prior value due to semantic equality logic: tf_req_id=d3b25069-bee0-e082-fa4a-dde52abec3c8 tf_attribute_path=trap_notifications[49].trap_type tf_resource_type=nios_grid_member tf_provider_addr=registry.terraform.io/hashicorp/nios tf_rpc=ReadResource
2026-03-03T16:32:25.129+0530 [DEBUG] sdk.framework: Value switched to prior value due to semantic equality logic: tf_resource_type=nios_grid_member tf_provider_addr=registry.terraform.io/hashicorp/nios tf_rpc=ReadResource tf_req_id=d3b25069-bee0-e082-fa4a-dde52abec3c8 tf_attribute_path=trap_notifications[49].enable_email
2026-03-03T16:32:25.129+0530 [DEBUG] sdk.framework: Value switched to prior value due to semantic equality logic: tf_rpc=ReadResource tf_req_id=d3b25069-bee0-e082-fa4a-dde52abec3c8 tf_attribute_path=trap_notifications[49] tf_resource_type=nios_grid_member tf_provider_addr=registry.terraform.io/hashicorp/nios
2026-03-03T16:32:25.129+0530 [DEBUG] sdk.framework: Value switched to prior value due to semantic equality logic: tf_resource_type=nios_grid_member tf_provider_addr=registry.terraform.io/hashicorp/nios tf_rpc=ReadResource tf_req_id=d3b25069-bee0-e082-fa4a-dde52abec3c8 tf_attribute_path=trap_notifications[50].trap_type
2026-03-03T16:32:25.129+0530 [DEBUG] sdk.framework: Value switched to prior value due to semantic equality logic: tf_resource_type=nios_grid_member tf_provider_addr=registry.terraform.io/hashicorp/nios tf_rpc=ReadResource tf_req_id=d3b25069-bee0-e082-fa4a-dde52abec3c8 tf_attribute_path=trap_notifications[50].enable_email
2026-03-03T16:32:25.129+0530 [DEBUG] sdk.framework: Value switched to prior value due to semantic equality logic: tf_provider_addr=registry.terraform.io/hashicorp/nios tf_rpc=ReadResource tf_req_id=d3b25069-bee0-e082-fa4a-dde52abec3c8 tf_attribute_path=trap_notifications[50].enable_trap tf_resource_type=nios_grid_member
2026-03-03T16:32:25.129+0530 [DEBUG] sdk.framework: Value switched to prior value due to semantic equality logic: tf_rpc=ReadResource tf_req_id=d3b25069-bee0-e082-fa4a-dde52abec3c8 tf_attribute_path=trap_notifications[50] tf_resource_type=nios_grid_member tf_provider_addr=registry.terraform.io/hashicorp/nios
2026-03-03T16:32:25.129+0530 [DEBUG] sdk.framework: Value switched to prior value due to semantic equality logic: tf_rpc=ReadResource tf_req_id=d3b25069-bee0-e082-fa4a-dde52abec3c8 tf_attribute_path=trap_notifications[51].trap_type tf_resource_type=nios_grid_member tf_provider_addr=registry.terraform.io/hashicorp/nios
2026-03-03T16:32:25.129+0530 [DEBUG] sdk.framework: Value switched to prior value due to semantic equality logic: tf_attribute_path=trap_notifications[51].enable_email tf_resource_type=nios_grid_member tf_provider_addr=registry.terraform.io/hashicorp/nios tf_rpc=ReadResource tf_req_id=d3b25069-bee0-e082-fa4a-dde52abec3c8
2026-03-03T16:32:25.129+0530 [DEBUG] sdk.framework: Value switched to prior value due to semantic equality logic: tf_provider_addr=registry.terraform.io/hashicorp/nios tf_rpc=ReadResource tf_req_id=d3b25069-bee0-e082-fa4a-dde52abec3c8 tf_attribute_path=trap_notifications[51].enable_trap tf_resource_type=nios_grid_member
2026-03-03T16:32:25.129+0530 [DEBUG] sdk.framework: Value switched to prior value due to semantic equality logic: tf_rpc=ReadResource tf_req_id=d3b25069-bee0-e082-fa4a-dde52abec3c8 tf_attribute_path=trap_notifications[51] tf_resource_type=nios_grid_member tf_provider_addr=registry.terraform.io/hashicorp/nios
2026-03-03T16:32:25.129+0530 [DEBUG] sdk.framework: Value switched to prior value due to semantic equality logic: tf_rpc=ReadResource tf_req_id=d3b25069-bee0-e082-fa4a-dde52abec3c8 tf_attribute_path=trap_notifications[52].trap_type tf_resource_type=nios_grid_member tf_provider_addr=registry.terraform.io/hashicorp/nios
2026-03-03T16:32:25.129+0530 [DEBUG] sdk.framework: Value switched to prior value due to semantic equality logic: tf_provider_addr=registry.terraform.io/hashicorp/nios tf_rpc=ReadResource tf_req_id=d3b25069-bee0-e082-fa4a-dde52abec3c8 tf_attribute_path=trap_notifications[52].enable_email tf_resource_type=nios_grid_member
2026-03-03T16:32:25.129+0530 [DEBUG] sdk.framework: Value switched to prior value due to semantic equality logic: tf_resource_type=nios_grid_member tf_provider_addr=registry.terraform.io/hashicorp/nios tf_rpc=ReadResource tf_req_id=d3b25069-bee0-e082-fa4a-dde52abec3c8 tf_attribute_path=trap_notifications[52].enable_trap
2026-03-03T16:32:25.129+0530 [DEBUG] sdk.framework: Value switched to prior value due to semantic equality logic: tf_attribute_path=trap_notifications[52] tf_resource_type=nios_grid_member tf_provider_addr=registry.terraform.io/hashicorp/nios tf_rpc=ReadResource tf_req_id=d3b25069-bee0-e082-fa4a-dde52abec3c8
2026-03-03T16:32:25.129+0530 [DEBUG] sdk.framework: Value switched to prior value due to semantic equality logic: tf_attribute_path=trap_notifications[53].enable_email tf_resource_type=nios_grid_member tf_provider_addr=registry.terraform.io/hashicorp/nios tf_rpc=ReadResource tf_req_id=d3b25069-bee0-e082-fa4a-dde52abec3c8
2026-03-03T16:32:25.129+0530 [DEBUG] sdk.framework: Value switched to prior value due to semantic equality logic: tf_rpc=ReadResource tf_req_id=d3b25069-bee0-e082-fa4a-dde52abec3c8 tf_attribute_path=trap_notifications[53].enable_trap tf_resource_type=nios_grid_member tf_provider_addr=registry.terraform.io/hashicorp/nios
2026-03-03T16:32:25.129+0530 [DEBUG] sdk.framework: Value switched to prior value due to semantic equality logic: tf_rpc=ReadResource tf_req_id=d3b25069-bee0-e082-fa4a-dde52abec3c8 tf_attribute_path=trap_notifications[53].trap_type tf_resource_type=nios_grid_member tf_provider_addr=registry.terraform.io/hashicorp/nios
2026-03-03T16:32:25.129+0530 [DEBUG] sdk.framework: Value switched to prior value due to semantic equality logic: tf_attribute_path=trap_notifications[53] tf_resource_type=nios_grid_member tf_provider_addr=registry.terraform.io/hashicorp/nios tf_rpc=ReadResource tf_req_id=d3b25069-bee0-e082-fa4a-dde52abec3c8
2026-03-03T16:32:25.129+0530 [DEBUG] sdk.framework: Value switched to prior value due to semantic equality logic: tf_provider_addr=registry.terraform.io/hashicorp/nios tf_rpc=ReadResource tf_req_id=d3b25069-bee0-e082-fa4a-dde52abec3c8 tf_attribute_path=trap_notifications[54].enable_trap tf_resource_type=nios_grid_member
2026-03-03T16:32:25.129+0530 [DEBUG] sdk.framework: Value switched to prior value due to semantic equality logic: tf_provider_addr=registry.terraform.io/hashicorp/nios tf_rpc=ReadResource tf_req_id=d3b25069-bee0-e082-fa4a-dde52abec3c8 tf_attribute_path=trap_notifications[54].trap_type tf_resource_type=nios_grid_member
2026-03-03T16:32:25.129+0530 [DEBUG] sdk.framework: Value switched to prior value due to semantic equality logic: tf_provider_addr=registry.terraform.io/hashicorp/nios tf_rpc=ReadResource tf_req_id=d3b25069-bee0-e082-fa4a-dde52abec3c8 tf_attribute_path=trap_notifications[54].enable_email tf_resource_type=nios_grid_member
2026-03-03T16:32:25.129+0530 [DEBUG] sdk.framework: Value switched to prior value due to semantic equality logic: tf_rpc=ReadResource tf_req_id=d3b25069-bee0-e082-fa4a-dde52abec3c8 tf_attribute_path=trap_notifications[54] tf_resource_type=nios_grid_member tf_provider_addr=registry.terraform.io/hashicorp/nios
2026-03-03T16:32:25.129+0530 [DEBUG] sdk.framework: Value switched to prior value due to semantic equality logic: tf_provider_addr=registry.terraform.io/hashicorp/nios tf_rpc=ReadResource tf_req_id=d3b25069-bee0-e082-fa4a-dde52abec3c8 tf_attribute_path=trap_notifications[55].enable_email tf_resource_type=nios_grid_member
2026-03-03T16:32:25.129+0530 [DEBUG] sdk.framework: Value switched to prior value due to semantic equality logic: tf_resource_type=nios_grid_member tf_provider_addr=registry.terraform.io/hashicorp/nios tf_rpc=ReadResource tf_req_id=d3b25069-bee0-e082-fa4a-dde52abec3c8 tf_attribute_path=trap_notifications[55].enable_trap
2026-03-03T16:32:25.129+0530 [DEBUG] sdk.framework: Value switched to prior value due to semantic equality logic: tf_rpc=ReadResource tf_req_id=d3b25069-bee0-e082-fa4a-dde52abec3c8 tf_attribute_path=trap_notifications[55].trap_type tf_resource_type=nios_grid_member tf_provider_addr=registry.terraform.io/hashicorp/nios
2026-03-03T16:32:25.129+0530 [DEBUG] sdk.framework: Value switched to prior value due to semantic equality logic: tf_attribute_path=trap_notifications[55] tf_resource_type=nios_grid_member tf_provider_addr=registry.terraform.io/hashicorp/nios tf_rpc=ReadResource tf_req_id=d3b25069-bee0-e082-fa4a-dde52abec3c8
2026-03-03T16:32:25.129+0530 [DEBUG] sdk.framework: Value switched to prior value due to semantic equality logic: tf_attribute_path=trap_notifications[56].enable_trap tf_resource_type=nios_grid_member tf_provider_addr=registry.terraform.io/hashicorp/nios tf_rpc=ReadResource tf_req_id=d3b25069-bee0-e082-fa4a-dde52abec3c8
2026-03-03T16:32:25.129+0530 [DEBUG] sdk.framework: Value switched to prior value due to semantic equality logic: tf_attribute_path=trap_notifications[56].trap_type tf_resource_type=nios_grid_member tf_provider_addr=registry.terraform.io/hashicorp/nios tf_rpc=ReadResource tf_req_id=d3b25069-bee0-e082-fa4a-dde52abec3c8
2026-03-03T16:32:25.129+0530 [DEBUG] sdk.framework: Value switched to prior value due to semantic equality logic: tf_rpc=ReadResource tf_req_id=d3b25069-bee0-e082-fa4a-dde52abec3c8 tf_attribute_path=trap_notifications[56].enable_email tf_resource_type=nios_grid_member tf_provider_addr=registry.terraform.io/hashicorp/nios
2026-03-03T16:32:25.129+0530 [DEBUG] sdk.framework: Value switched to prior value due to semantic equality logic: tf_resource_type=nios_grid_member tf_provider_addr=registry.terraform.io/hashicorp/nios tf_rpc=ReadResource tf_req_id=d3b25069-bee0-e082-fa4a-dde52abec3c8 tf_attribute_path=trap_notifications[56]
2026-03-03T16:32:25.129+0530 [DEBUG] sdk.framework: Value switched to prior value due to semantic equality logic: tf_rpc=ReadResource tf_req_id=d3b25069-bee0-e082-fa4a-dde52abec3c8 tf_attribute_path=trap_notifications[57].trap_type tf_resource_type=nios_grid_member tf_provider_addr=registry.terraform.io/hashicorp/nios
2026-03-03T16:32:25.129+0530 [DEBUG] sdk.framework: Value switched to prior value due to semantic equality logic: tf_provider_addr=registry.terraform.io/hashicorp/nios tf_rpc=ReadResource tf_req_id=d3b25069-bee0-e082-fa4a-dde52abec3c8 tf_attribute_path=trap_notifications[57].enable_email tf_resource_type=nios_grid_member
2026-03-03T16:32:25.129+0530 [DEBUG] sdk.framework: Value switched to prior value due to semantic equality logic: tf_rpc=ReadResource tf_req_id=d3b25069-bee0-e082-fa4a-dde52abec3c8 tf_attribute_path=trap_notifications[57].enable_trap tf_resource_type=nios_grid_member tf_provider_addr=registry.terraform.io/hashicorp/nios
2026-03-03T16:32:25.129+0530 [DEBUG] sdk.framework: Value switched to prior value due to semantic equality logic: tf_req_id=d3b25069-bee0-e082-fa4a-dde52abec3c8 tf_attribute_path=trap_notifications[57] tf_resource_type=nios_grid_member tf_provider_addr=registry.terraform.io/hashicorp/nios tf_rpc=ReadResource
2026-03-03T16:32:25.129+0530 [DEBUG] sdk.framework: Value switched to prior value due to semantic equality logic: tf_resource_type=nios_grid_member tf_provider_addr=registry.terraform.io/hashicorp/nios tf_rpc=ReadResource tf_req_id=d3b25069-bee0-e082-fa4a-dde52abec3c8 tf_attribute_path=trap_notifications[58].enable_trap
2026-03-03T16:32:25.129+0530 [DEBUG] sdk.framework: Value switched to prior value due to semantic equality logic: tf_req_id=d3b25069-bee0-e082-fa4a-dde52abec3c8 tf_attribute_path=trap_notifications[58].trap_type tf_resource_type=nios_grid_member tf_provider_addr=registry.terraform.io/hashicorp/nios tf_rpc=ReadResource
2026-03-03T16:32:25.129+0530 [DEBUG] sdk.framework: Value switched to prior value due to semantic equality logic: tf_resource_type=nios_grid_member tf_provider_addr=registry.terraform.io/hashicorp/nios tf_rpc=ReadResource tf_req_id=d3b25069-bee0-e082-fa4a-dde52abec3c8 tf_attribute_path=trap_notifications[58].enable_email
2026-03-03T16:32:25.129+0530 [DEBUG] sdk.framework: Value switched to prior value due to semantic equality logic: tf_attribute_path=trap_notifications[58] tf_resource_type=nios_grid_member tf_provider_addr=registry.terraform.io/hashicorp/nios tf_rpc=ReadResource tf_req_id=d3b25069-bee0-e082-fa4a-dde52abec3c8
2026-03-03T16:32:25.129+0530 [DEBUG] sdk.framework: Value switched to prior value due to semantic equality logic: tf_attribute_path=trap_notifications[59].enable_trap tf_resource_type=nios_grid_member tf_provider_addr=registry.terraform.io/hashicorp/nios tf_rpc=ReadResource tf_req_id=d3b25069-bee0-e082-fa4a-dde52abec3c8
2026-03-03T16:32:25.129+0530 [DEBUG] sdk.framework: Value switched to prior value due to semantic equality logic: tf_provider_addr=registry.terraform.io/hashicorp/nios tf_rpc=ReadResource tf_req_id=d3b25069-bee0-e082-fa4a-dde52abec3c8 tf_attribute_path=trap_notifications[59].trap_type tf_resource_type=nios_grid_member
2026-03-03T16:32:25.129+0530 [DEBUG] sdk.framework: Value switched to prior value due to semantic equality logic: tf_resource_type=nios_grid_member tf_provider_addr=registry.terraform.io/hashicorp/nios tf_rpc=ReadResource tf_req_id=d3b25069-bee0-e082-fa4a-dde52abec3c8 tf_attribute_path=trap_notifications[59].enable_email
2026-03-03T16:32:25.129+0530 [DEBUG] sdk.framework: Value switched to prior value due to semantic equality logic: tf_rpc=ReadResource tf_req_id=d3b25069-bee0-e082-fa4a-dde52abec3c8 tf_attribute_path=trap_notifications[59] tf_resource_type=nios_grid_member tf_provider_addr=registry.terraform.io/hashicorp/nios
2026-03-03T16:32:25.129+0530 [DEBUG] sdk.framework: Value switched to prior value due to semantic equality logic: tf_resource_type=nios_grid_member tf_provider_addr=registry.terraform.io/hashicorp/nios tf_rpc=ReadResource tf_req_id=d3b25069-bee0-e082-fa4a-dde52abec3c8 tf_attribute_path=trap_notifications[60].trap_type
2026-03-03T16:32:25.129+0530 [DEBUG] sdk.framework: Value switched to prior value due to semantic equality logic: tf_resource_type=nios_grid_member tf_provider_addr=registry.terraform.io/hashicorp/nios tf_rpc=ReadResource tf_req_id=d3b25069-bee0-e082-fa4a-dde52abec3c8 tf_attribute_path=trap_notifications[60].enable_email
2026-03-03T16:32:25.129+0530 [DEBUG] sdk.framework: Value switched to prior value due to semantic equality logic: tf_rpc=ReadResource tf_req_id=d3b25069-bee0-e082-fa4a-dde52abec3c8 tf_attribute_path=trap_notifications[60].enable_trap tf_resource_type=nios_grid_member tf_provider_addr=registry.terraform.io/hashicorp/nios
2026-03-03T16:32:25.129+0530 [DEBUG] sdk.framework: Value switched to prior value due to semantic equality logic: tf_rpc=ReadResource tf_req_id=d3b25069-bee0-e082-fa4a-dde52abec3c8 tf_attribute_path=trap_notifications[60] tf_resource_type=nios_grid_member tf_provider_addr=registry.terraform.io/hashicorp/nios
2026-03-03T16:32:25.129+0530 [DEBUG] sdk.framework: Value switched to prior value due to semantic equality logic: tf_resource_type=nios_grid_member tf_provider_addr=registry.terraform.io/hashicorp/nios tf_rpc=ReadResource tf_req_id=d3b25069-bee0-e082-fa4a-dde52abec3c8 tf_attribute_path=trap_notifications[61].trap_type
2026-03-03T16:32:25.129+0530 [DEBUG] sdk.framework: Value switched to prior value due to semantic equality logic: tf_resource_type=nios_grid_member tf_provider_addr=registry.terraform.io/hashicorp/nios tf_rpc=ReadResource tf_req_id=d3b25069-bee0-e082-fa4a-dde52abec3c8 tf_attribute_path=trap_notifications[61].enable_email
2026-03-03T16:32:25.129+0530 [DEBUG] sdk.framework: Value switched to prior value due to semantic equality logic: tf_attribute_path=trap_notifications[61].enable_trap tf_resource_type=nios_grid_member tf_provider_addr=registry.terraform.io/hashicorp/nios tf_rpc=ReadResource tf_req_id=d3b25069-bee0-e082-fa4a-dde52abec3c8
2026-03-03T16:32:25.129+0530 [DEBUG] sdk.framework: Value switched to prior value due to semantic equality logic: tf_req_id=d3b25069-bee0-e082-fa4a-dde52abec3c8 tf_attribute_path=trap_notifications[61] tf_resource_type=nios_grid_member tf_provider_addr=registry.terraform.io/hashicorp/nios tf_rpc=ReadResource
2026-03-03T16:32:25.129+0530 [DEBUG] sdk.framework: Value switched to prior value due to semantic equality logic: tf_rpc=ReadResource tf_req_id=d3b25069-bee0-e082-fa4a-dde52abec3c8 tf_attribute_path=trap_notifications[62].enable_email tf_resource_type=nios_grid_member tf_provider_addr=registry.terraform.io/hashicorp/nios
2026-03-03T16:32:25.129+0530 [DEBUG] sdk.framework: Value switched to prior value due to semantic equality logic: tf_resource_type=nios_grid_member tf_provider_addr=registry.terraform.io/hashicorp/nios tf_rpc=ReadResource tf_req_id=d3b25069-bee0-e082-fa4a-dde52abec3c8 tf_attribute_path=trap_notifications[62].enable_trap
2026-03-03T16:32:25.129+0530 [DEBUG] sdk.framework: Value switched to prior value due to semantic equality logic: tf_rpc=ReadResource tf_req_id=d3b25069-bee0-e082-fa4a-dde52abec3c8 tf_attribute_path=trap_notifications[62].trap_type tf_resource_type=nios_grid_member tf_provider_addr=registry.terraform.io/hashicorp/nios
2026-03-03T16:32:25.129+0530 [DEBUG] sdk.framework: Value switched to prior value due to semantic equality logic: tf_provider_addr=registry.terraform.io/hashicorp/nios tf_rpc=ReadResource tf_req_id=d3b25069-bee0-e082-fa4a-dde52abec3c8 tf_attribute_path=trap_notifications[62] tf_resource_type=nios_grid_member
2026-03-03T16:32:25.129+0530 [DEBUG] sdk.framework: Value switched to prior value due to semantic equality logic: tf_attribute_path=trap_notifications[63].enable_email tf_resource_type=nios_grid_member tf_provider_addr=registry.terraform.io/hashicorp/nios tf_rpc=ReadResource tf_req_id=d3b25069-bee0-e082-fa4a-dde52abec3c8
2026-03-03T16:32:25.129+0530 [DEBUG] sdk.framework: Value switched to prior value due to semantic equality logic: tf_attribute_path=trap_notifications[63].enable_trap tf_resource_type=nios_grid_member tf_provider_addr=registry.terraform.io/hashicorp/nios tf_rpc=ReadResource tf_req_id=d3b25069-bee0-e082-fa4a-dde52abec3c8
2026-03-03T16:32:25.129+0530 [DEBUG] sdk.framework: Value switched to prior value due to semantic equality logic: tf_resource_type=nios_grid_member tf_provider_addr=registry.terraform.io/hashicorp/nios tf_rpc=ReadResource tf_req_id=d3b25069-bee0-e082-fa4a-dde52abec3c8 tf_attribute_path=trap_notifications[63].trap_type
2026-03-03T16:32:25.129+0530 [DEBUG] sdk.framework: Value switched to prior value due to semantic equality logic: tf_rpc=ReadResource tf_req_id=d3b25069-bee0-e082-fa4a-dde52abec3c8 tf_attribute_path=trap_notifications[63] tf_resource_type=nios_grid_member tf_provider_addr=registry.terraform.io/hashicorp/nios
2026-03-03T16:32:25.129+0530 [DEBUG] sdk.framework: Value switched to prior value due to semantic equality logic: tf_resource_type=nios_grid_member tf_provider_addr=registry.terraform.io/hashicorp/nios tf_rpc=ReadResource tf_req_id=d3b25069-bee0-e082-fa4a-dde52abec3c8 tf_attribute_path=trap_notifications[64].enable_trap
2026-03-03T16:32:25.129+0530 [DEBUG] sdk.framework: Value switched to prior value due to semantic equality logic: tf_attribute_path=trap_notifications[64].trap_type tf_resource_type=nios_grid_member tf_provider_addr=registry.terraform.io/hashicorp/nios tf_rpc=ReadResource tf_req_id=d3b25069-bee0-e082-fa4a-dde52abec3c8
2026-03-03T16:32:25.129+0530 [DEBUG] sdk.framework: Value switched to prior value due to semantic equality logic: tf_provider_addr=registry.terraform.io/hashicorp/nios tf_rpc=ReadResource tf_req_id=d3b25069-bee0-e082-fa4a-dde52abec3c8 tf_attribute_path=trap_notifications[64].enable_email tf_resource_type=nios_grid_member
2026-03-03T16:32:25.129+0530 [DEBUG] sdk.framework: Value switched to prior value due to semantic equality logic: tf_resource_type=nios_grid_member tf_provider_addr=registry.terraform.io/hashicorp/nios tf_rpc=ReadResource tf_req_id=d3b25069-bee0-e082-fa4a-dde52abec3c8 tf_attribute_path=trap_notifications[64]
2026-03-03T16:32:25.129+0530 [DEBUG] sdk.framework: Value switched to prior value due to semantic equality logic: tf_resource_type=nios_grid_member tf_provider_addr=registry.terraform.io/hashicorp/nios tf_rpc=ReadResource tf_req_id=d3b25069-bee0-e082-fa4a-dde52abec3c8 tf_attribute_path=trap_notifications[65].enable_trap
2026-03-03T16:32:25.129+0530 [DEBUG] sdk.framework: Value switched to prior value due to semantic equality logic: tf_provider_addr=registry.terraform.io/hashicorp/nios tf_rpc=ReadResource tf_req_id=d3b25069-bee0-e082-fa4a-dde52abec3c8 tf_attribute_path=trap_notifications[65].trap_type tf_resource_type=nios_grid_member
2026-03-03T16:32:25.129+0530 [DEBUG] sdk.framework: Value switched to prior value due to semantic equality logic: tf_resource_type=nios_grid_member tf_provider_addr=registry.terraform.io/hashicorp/nios tf_rpc=ReadResource tf_req_id=d3b25069-bee0-e082-fa4a-dde52abec3c8 tf_attribute_path=trap_notifications[65].enable_email
2026-03-03T16:32:25.129+0530 [DEBUG] sdk.framework: Value switched to prior value due to semantic equality logic: tf_rpc=ReadResource tf_req_id=d3b25069-bee0-e082-fa4a-dde52abec3c8 tf_attribute_path=trap_notifications[65] tf_resource_type=nios_grid_member tf_provider_addr=registry.terraform.io/hashicorp/nios
2026-03-03T16:32:25.129+0530 [DEBUG] sdk.framework: Value switched to prior value due to semantic equality logic: tf_req_id=d3b25069-bee0-e082-fa4a-dde52abec3c8 tf_attribute_path=trap_notifications[66].enable_trap tf_resource_type=nios_grid_member tf_provider_addr=registry.terraform.io/hashicorp/nios tf_rpc=ReadResource
2026-03-03T16:32:25.129+0530 [DEBUG] sdk.framework: Value switched to prior value due to semantic equality logic: tf_attribute_path=trap_notifications[66].trap_type tf_resource_type=nios_grid_member tf_provider_addr=registry.terraform.io/hashicorp/nios tf_rpc=ReadResource tf_req_id=d3b25069-bee0-e082-fa4a-dde52abec3c8
2026-03-03T16:32:25.129+0530 [DEBUG] sdk.framework: Value switched to prior value due to semantic equality logic: tf_rpc=ReadResource tf_req_id=d3b25069-bee0-e082-fa4a-dde52abec3c8 tf_attribute_path=trap_notifications[66].enable_email tf_resource_type=nios_grid_member tf_provider_addr=registry.terraform.io/hashicorp/nios
2026-03-03T16:32:25.129+0530 [DEBUG] sdk.framework: Value switched to prior value due to semantic equality logic: tf_attribute_path=trap_notifications[66] tf_resource_type=nios_grid_member tf_provider_addr=registry.terraform.io/hashicorp/nios tf_rpc=ReadResource tf_req_id=d3b25069-bee0-e082-fa4a-dde52abec3c8
2026-03-03T16:32:25.129+0530 [DEBUG] sdk.framework: Value switched to prior value due to semantic equality logic: tf_provider_addr=registry.terraform.io/hashicorp/nios tf_rpc=ReadResource tf_req_id=d3b25069-bee0-e082-fa4a-dde52abec3c8 tf_attribute_path=trap_notifications tf_resource_type=nios_grid_member
2026-03-03T16:32:25.129+0530 [DEBUG] sdk.framework: Value switched to prior value due to semantic equality logic: tf_attribute_path=use_remote_console_access_enable tf_resource_type=nios_grid_member tf_provider_addr=registry.terraform.io/hashicorp/nios tf_rpc=ReadResource tf_req_id=d3b25069-bee0-e082-fa4a-dde52abec3c8
2026-03-03T16:32:25.129+0530 [DEBUG] sdk.framework: Value switched to prior value due to semantic equality logic: tf_req_id=d3b25069-bee0-e082-fa4a-dde52abec3c8 tf_attribute_path=external_syslog_server_enable tf_resource_type=nios_grid_member tf_provider_addr=registry.terraform.io/hashicorp/nios tf_rpc=ReadResource
2026-03-03T16:32:25.129+0530 [DEBUG] sdk.framework: Value switched to prior value due to semantic equality logic: tf_req_id=d3b25069-bee0-e082-fa4a-dde52abec3c8 tf_attribute_path=traffic_capture_qps_setting.qps_trigger_enable tf_resource_type=nios_grid_member tf_provider_addr=registry.terraform.io/hashicorp/nios tf_rpc=ReadResource
2026-03-03T16:32:25.129+0530 [DEBUG] sdk.framework: Value switched to prior value due to semantic equality logic: tf_attribute_path=traffic_capture_qps_setting tf_resource_type=nios_grid_member tf_provider_addr=registry.terraform.io/hashicorp/nios tf_rpc=ReadResource tf_req_id=d3b25069-bee0-e082-fa4a-dde52abec3c8
2026-03-03T16:32:25.129+0530 [DEBUG] sdk.framework: Value switched to prior value due to semantic equality logic: tf_resource_type=nios_grid_member tf_provider_addr=registry.terraform.io/hashicorp/nios tf_rpc=ReadResource tf_req_id=d3b25069-bee0-e082-fa4a-dde52abec3c8 tf_attribute_path=use_syslog_proxy_setting
2026-03-03T16:32:25.129+0530 [DEBUG] sdk.framework: Value switched to prior value due to semantic equality logic: tf_rpc=ReadResource tf_req_id=d3b25069-bee0-e082-fa4a-dde52abec3c8 tf_resource_type=nios_grid_member tf_provider_addr=registry.terraform.io/hashicorp/nios tf_attribute_path=enable_lom
2026-03-03T16:32:25.129+0530 [DEBUG] sdk.framework: Value switched to prior value due to semantic equality logic: tf_provider_addr=registry.terraform.io/hashicorp/nios tf_rpc=ReadResource tf_req_id=d3b25069-bee0-e082-fa4a-dde52abec3c8 tf_attribute_path=lan2_port_setting.nic_failover_enabled tf_resource_type=nios_grid_member
2026-03-03T16:32:25.129+0530 [DEBUG] sdk.framework: Value switched to prior value due to semantic equality logic: tf_resource_type=nios_grid_member tf_provider_addr=registry.terraform.io/hashicorp/nios tf_rpc=ReadResource tf_req_id=d3b25069-bee0-e082-fa4a-dde52abec3c8 tf_attribute_path=lan2_port_setting.nic_failover_enable_primary
2026-03-03T16:32:25.129+0530 [DEBUG] sdk.framework: Value switched to prior value due to semantic equality logic: tf_attribute_path=lan2_port_setting.default_route_failover_enabled tf_resource_type=nios_grid_member tf_provider_addr=registry.terraform.io/hashicorp/nios tf_rpc=ReadResource tf_req_id=d3b25069-bee0-e082-fa4a-dde52abec3c8
2026-03-03T16:32:25.129+0530 [DEBUG] sdk.framework: Value switched to prior value due to semantic equality logic: tf_resource_type=nios_grid_member tf_provider_addr=registry.terraform.io/hashicorp/nios tf_rpc=ReadResource tf_req_id=d3b25069-bee0-e082-fa4a-dde52abec3c8 tf_attribute_path=lan2_port_setting.enabled
2026-03-03T16:32:25.129+0530 [DEBUG] sdk.framework: Value switched to prior value due to semantic equality logic: tf_rpc=ReadResource tf_req_id=d3b25069-bee0-e082-fa4a-dde52abec3c8 tf_attribute_path=lan2_port_setting tf_resource_type=nios_grid_member tf_provider_addr=registry.terraform.io/hashicorp/nios
2026-03-03T16:32:25.129+0530 [DEBUG] sdk.framework: Value switched to prior value due to semantic equality logic: tf_req_id=d3b25069-bee0-e082-fa4a-dde52abec3c8 tf_attribute_path=automated_traffic_capture_setting.traffic_capture_directory tf_resource_type=nios_grid_member tf_provider_addr=registry.terraform.io/hashicorp/nios tf_rpc=ReadResource
2026-03-03T16:32:25.129+0530 [DEBUG] sdk.framework: Value switched to prior value due to semantic equality logic: tf_req_id=d3b25069-bee0-e082-fa4a-dde52abec3c8 tf_attribute_path=automated_traffic_capture_setting.keep_local_copy tf_resource_type=nios_grid_member tf_provider_addr=registry.terraform.io/hashicorp/nios tf_rpc=ReadResource
2026-03-03T16:32:25.129+0530 [DEBUG] sdk.framework: Value switched to prior value due to semantic equality logic: tf_resource_type=nios_grid_member tf_provider_addr=registry.terraform.io/hashicorp/nios tf_rpc=ReadResource tf_req_id=d3b25069-bee0-e082-fa4a-dde52abec3c8 tf_attribute_path=automated_traffic_capture_setting.traffic_capture_enable
2026-03-03T16:32:25.129+0530 [DEBUG] sdk.framework: Value switched to prior value due to semantic equality logic: tf_provider_addr=registry.terraform.io/hashicorp/nios tf_rpc=ReadResource tf_req_id=d3b25069-bee0-e082-fa4a-dde52abec3c8 tf_attribute_path=automated_traffic_capture_setting.support_bundle_directory tf_resource_type=nios_grid_member
2026-03-03T16:32:25.129+0530 [DEBUG] sdk.framework: Value switched to prior value due to semantic equality logic: tf_attribute_path=automated_traffic_capture_setting.include_support_bundle tf_resource_type=nios_grid_member tf_provider_addr=registry.terraform.io/hashicorp/nios tf_rpc=ReadResource tf_req_id=d3b25069-bee0-e082-fa4a-dde52abec3c8
2026-03-03T16:32:25.129+0530 [DEBUG] sdk.framework: Value switched to prior value due to semantic equality logic: tf_rpc=ReadResource tf_req_id=d3b25069-bee0-e082-fa4a-dde52abec3c8 tf_attribute_path=automated_traffic_capture_setting.destination_host tf_resource_type=nios_grid_member tf_provider_addr=registry.terraform.io/hashicorp/nios
2026-03-03T16:32:25.129+0530 [DEBUG] sdk.framework: Value switched to prior value due to semantic equality logic: tf_rpc=ReadResource tf_req_id=d3b25069-bee0-e082-fa4a-dde52abec3c8 tf_attribute_path=automated_traffic_capture_setting.destination tf_resource_type=nios_grid_member tf_provider_addr=registry.terraform.io/hashicorp/nios
2026-03-03T16:32:25.129+0530 [DEBUG] sdk.framework: Value switched to prior value due to semantic equality logic: tf_req_id=d3b25069-bee0-e082-fa4a-dde52abec3c8 tf_attribute_path=automated_traffic_capture_setting.password tf_resource_type=nios_grid_member tf_provider_addr=registry.terraform.io/hashicorp/nios tf_rpc=ReadResource
2026-03-03T16:32:25.129+0530 [DEBUG] sdk.framework: Value switched to prior value due to semantic equality logic: tf_req_id=d3b25069-bee0-e082-fa4a-dde52abec3c8 tf_attribute_path=automated_traffic_capture_setting.username tf_resource_type=nios_grid_member tf_provider_addr=registry.terraform.io/hashicorp/nios tf_rpc=ReadResource
2026-03-03T16:32:25.129+0530 [DEBUG] sdk.framework: Value switched to prior value due to semantic equality logic: tf_provider_addr=registry.terraform.io/hashicorp/nios tf_rpc=ReadResource tf_req_id=d3b25069-bee0-e082-fa4a-dde52abec3c8 tf_attribute_path=automated_traffic_capture_setting tf_resource_type=nios_grid_member
2026-03-03T16:32:25.129+0530 [DEBUG] sdk.framework: Value switched to prior value due to semantic equality logic: tf_attribute_path=use_threshold_traps tf_resource_type=nios_grid_member tf_provider_addr=registry.terraform.io/hashicorp/nios tf_rpc=ReadResource tf_req_id=d3b25069-bee0-e082-fa4a-dde52abec3c8
2026-03-03T16:32:25.129+0530 [DEBUG] sdk.framework: Value switched to prior value due to semantic equality logic: tf_resource_type=nios_grid_member tf_provider_addr=registry.terraform.io/hashicorp/nios tf_rpc=ReadResource tf_req_id=d3b25069-bee0-e082-fa4a-dde52abec3c8 tf_attribute_path=use_v4_vrrp
2026-03-03T16:32:25.129+0530 [DEBUG] sdk.framework: Value switched to prior value due to semantic equality logic: tf_attribute_path=use_enable_member_redirect tf_provider_addr=registry.terraform.io/hashicorp/nios tf_rpc=ReadResource tf_req_id=d3b25069-bee0-e082-fa4a-dde52abec3c8 tf_resource_type=nios_grid_member
2026-03-03T16:32:25.129+0530 [DEBUG] sdk.framework: Value switched to prior value due to semantic equality logic: tf_provider_addr=registry.terraform.io/hashicorp/nios tf_rpc=ReadResource tf_attribute_path=use_dns_resolver_setting tf_req_id=d3b25069-bee0-e082-fa4a-dde52abec3c8 tf_resource_type=nios_grid_member
2026-03-03T16:32:25.129+0530 [DEBUG] sdk.framework: Value switched to prior value due to semantic equality logic: tf_attribute_path=vpn_mtu tf_resource_type=nios_grid_member tf_provider_addr=registry.terraform.io/hashicorp/nios tf_rpc=ReadResource tf_req_id=d3b25069-bee0-e082-fa4a-dde52abec3c8
2026-03-03T16:32:25.129+0530 [DEBUG] sdk.framework: Value switched to prior value due to semantic equality logic: tf_rpc=ReadResource tf_req_id=d3b25069-bee0-e082-fa4a-dde52abec3c8 tf_resource_type=nios_grid_member tf_attribute_path=config_addr_type tf_provider_addr=registry.terraform.io/hashicorp/nios
2026-03-03T16:32:25.129+0530 [DEBUG] sdk.framework: Value switched to prior value due to semantic equality logic: tf_provider_addr=registry.terraform.io/hashicorp/nios tf_rpc=ReadResource tf_req_id=d3b25069-bee0-e082-fa4a-dde52abec3c8 tf_attribute_path=host_name tf_resource_type=nios_grid_member
2026-03-03T16:32:25.129+0530 [DEBUG] sdk.framework: Value switched to prior value due to semantic equality logic: tf_rpc=ReadResource tf_req_id=d3b25069-bee0-e082-fa4a-dde52abec3c8 tf_attribute_path=csp_member_setting.csp_dns_resolver tf_resource_type=nios_grid_member tf_provider_addr=registry.terraform.io/hashicorp/nios
2026-03-03T16:32:25.129+0530 [DEBUG] sdk.framework: Value switched to prior value due to semantic equality logic: tf_provider_addr=registry.terraform.io/hashicorp/nios tf_rpc=ReadResource tf_req_id=d3b25069-bee0-e082-fa4a-dde52abec3c8 tf_attribute_path=csp_member_setting.csp_https_proxy tf_resource_type=nios_grid_member
2026-03-03T16:32:25.129+0530 [DEBUG] sdk.framework: Value switched to prior value due to semantic equality logic: tf_rpc=ReadResource tf_req_id=d3b25069-bee0-e082-fa4a-dde52abec3c8 tf_attribute_path=csp_member_setting.use_csp_join_token tf_resource_type=nios_grid_member tf_provider_addr=registry.terraform.io/hashicorp/nios
2026-03-03T16:32:25.129+0530 [DEBUG] sdk.framework: Value switched to prior value due to semantic equality logic: tf_provider_addr=registry.terraform.io/hashicorp/nios tf_rpc=ReadResource tf_req_id=d3b25069-bee0-e082-fa4a-dde52abec3c8 tf_attribute_path=csp_member_setting.use_csp_dns_resolver tf_resource_type=nios_grid_member
2026-03-03T16:32:25.129+0530 [DEBUG] sdk.framework: Value switched to prior value due to semantic equality logic: tf_resource_type=nios_grid_member tf_provider_addr=registry.terraform.io/hashicorp/nios tf_rpc=ReadResource tf_req_id=d3b25069-bee0-e082-fa4a-dde52abec3c8 tf_attribute_path=csp_member_setting.use_csp_https_proxy
2026-03-03T16:32:25.129+0530 [DEBUG] sdk.framework: Value switched to prior value due to semantic equality logic: tf_rpc=ReadResource tf_req_id=d3b25069-bee0-e082-fa4a-dde52abec3c8 tf_attribute_path=csp_member_setting.csp_join_token tf_resource_type=nios_grid_member tf_provider_addr=registry.terraform.io/hashicorp/nios
2026-03-03T16:32:25.129+0530 [DEBUG] sdk.framework: Value switched to prior value due to semantic equality logic: tf_resource_type=nios_grid_member tf_provider_addr=registry.terraform.io/hashicorp/nios tf_rpc=ReadResource tf_req_id=d3b25069-bee0-e082-fa4a-dde52abec3c8 tf_attribute_path=csp_member_setting
2026-03-03T16:32:25.129+0530 [DEBUG] sdk.framework: Value switched to prior value due to semantic equality logic: tf_attribute_path=dscp tf_resource_type=nios_grid_member tf_provider_addr=registry.terraform.io/hashicorp/nios tf_rpc=ReadResource tf_req_id=d3b25069-bee0-e082-fa4a-dde52abec3c8
2026-03-03T16:32:25.129+0530 [DEBUG] sdk.framework: Value switched to prior value due to semantic equality logic: tf_rpc=ReadResource tf_req_id=d3b25069-bee0-e082-fa4a-dde52abec3c8 tf_resource_type=nios_grid_member tf_provider_addr=registry.terraform.io/hashicorp/nios tf_attribute_path=use_email_setting
2026-03-03T16:32:25.129+0530 [DEBUG] sdk.framework: Value switched to prior value due to semantic equality logic: tf_resource_type=nios_grid_member tf_provider_addr=registry.terraform.io/hashicorp/nios tf_rpc=ReadResource tf_req_id=d3b25069-bee0-e082-fa4a-dde52abec3c8 tf_attribute_path=remote_console_access_enable
2026-03-03T16:32:25.129+0530 [DEBUG] sdk.framework: Value switched to prior value due to semantic equality logic: tf_attribute_path=traffic_capture_chr_setting.chr_trigger_enable tf_resource_type=nios_grid_member tf_provider_addr=registry.terraform.io/hashicorp/nios tf_rpc=ReadResource tf_req_id=d3b25069-bee0-e082-fa4a-dde52abec3c8
2026-03-03T16:32:25.129+0530 [DEBUG] sdk.framework: Value switched to prior value due to semantic equality logic: tf_provider_addr=registry.terraform.io/hashicorp/nios tf_rpc=ReadResource tf_req_id=d3b25069-bee0-e082-fa4a-dde52abec3c8 tf_attribute_path=traffic_capture_chr_setting tf_resource_type=nios_grid_member
2026-03-03T16:32:25.129+0530 [DEBUG] sdk.framework: Value switched to prior value due to semantic equality logic: tf_req_id=d3b25069-bee0-e082-fa4a-dde52abec3c8 tf_attribute_path=use_time_zone tf_resource_type=nios_grid_member tf_provider_addr=registry.terraform.io/hashicorp/nios tf_rpc=ReadResource
2026-03-03T16:32:25.129+0530 [DEBUG] sdk.framework: Value switched to prior value due to semantic equality logic: tf_resource_type=nios_grid_member tf_provider_addr=registry.terraform.io/hashicorp/nios tf_rpc=ReadResource tf_attribute_path=ha_cloud_platform tf_req_id=d3b25069-bee0-e082-fa4a-dde52abec3c8
2026-03-03T16:32:25.129+0530 [DEBUG] sdk.framework: Value switched to prior value due to semantic equality logic: tf_provider_addr=registry.terraform.io/hashicorp/nios tf_rpc=ReadResource tf_req_id=d3b25069-bee0-e082-fa4a-dde52abec3c8 tf_attribute_path=syslog_proxy_setting.tcp_enable tf_resource_type=nios_grid_member
2026-03-03T16:32:25.129+0530 [DEBUG] sdk.framework: Value switched to prior value due to semantic equality logic: tf_provider_addr=registry.terraform.io/hashicorp/nios tf_rpc=ReadResource tf_req_id=d3b25069-bee0-e082-fa4a-dde52abec3c8 tf_attribute_path=syslog_proxy_setting.tcp_port tf_resource_type=nios_grid_member
2026-03-03T16:32:25.129+0530 [DEBUG] sdk.framework: Value switched to prior value due to semantic equality logic: tf_resource_type=nios_grid_member tf_provider_addr=registry.terraform.io/hashicorp/nios tf_rpc=ReadResource tf_req_id=d3b25069-bee0-e082-fa4a-dde52abec3c8 tf_attribute_path=syslog_proxy_setting.udp_enable
2026-03-03T16:32:25.129+0530 [DEBUG] sdk.framework: Value switched to prior value due to semantic equality logic: tf_resource_type=nios_grid_member tf_provider_addr=registry.terraform.io/hashicorp/nios tf_rpc=ReadResource tf_req_id=d3b25069-bee0-e082-fa4a-dde52abec3c8 tf_attribute_path=syslog_proxy_setting.udp_port
2026-03-03T16:32:25.129+0530 [DEBUG] sdk.framework: Value switched to prior value due to semantic equality logic: tf_req_id=d3b25069-bee0-e082-fa4a-dde52abec3c8 tf_attribute_path=syslog_proxy_setting.enable tf_resource_type=nios_grid_member tf_provider_addr=registry.terraform.io/hashicorp/nios tf_rpc=ReadResource
2026-03-03T16:32:25.129+0530 [DEBUG] sdk.framework: Value switched to prior value due to semantic equality logic: tf_resource_type=nios_grid_member tf_provider_addr=registry.terraform.io/hashicorp/nios tf_rpc=ReadResource tf_req_id=d3b25069-bee0-e082-fa4a-dde52abec3c8 tf_attribute_path=syslog_proxy_setting
2026-03-03T16:32:25.129+0530 [DEBUG] sdk.framework: Value switched to prior value due to semantic equality logic: tf_resource_type=nios_grid_member tf_provider_addr=registry.terraform.io/hashicorp/nios tf_rpc=ReadResource tf_req_id=d3b25069-bee0-e082-fa4a-dde52abec3c8 tf_attribute_path=support_access_info
2026-03-03T16:32:25.129+0530 [DEBUG] sdk.framework: Value switched to prior value due to semantic equality logic: tf_req_id=d3b25069-bee0-e082-fa4a-dde52abec3c8 tf_resource_type=nios_grid_member tf_provider_addr=registry.terraform.io/hashicorp/nios tf_rpc=ReadResource tf_attribute_path=use_traffic_capture_chr
2026-03-03T16:32:25.129+0530 [DEBUG] sdk.framework: Value switched to prior value due to semantic equality logic: tf_rpc=ReadResource tf_req_id=d3b25069-bee0-e082-fa4a-dde52abec3c8 tf_attribute_path=lom_network_config[0].subnet_mask tf_resource_type=nios_grid_member tf_provider_addr=registry.terraform.io/hashicorp/nios
2026-03-03T16:32:25.129+0530 [DEBUG] sdk.framework: Value switched to prior value due to semantic equality logic: tf_attribute_path=lom_network_config[0].is_lom_capable tf_resource_type=nios_grid_member tf_provider_addr=registry.terraform.io/hashicorp/nios tf_rpc=ReadResource tf_req_id=d3b25069-bee0-e082-fa4a-dde52abec3c8
2026-03-03T16:32:25.129+0530 [DEBUG] sdk.framework: Value switched to prior value due to semantic equality logic: tf_resource_type=nios_grid_member tf_provider_addr=registry.terraform.io/hashicorp/nios tf_rpc=ReadResource tf_req_id=d3b25069-bee0-e082-fa4a-dde52abec3c8 tf_attribute_path=lom_network_config[0].gateway
2026-03-03T16:32:25.129+0530 [DEBUG] sdk.framework: Value switched to prior value due to semantic equality logic: tf_attribute_path=lom_network_config[0] tf_resource_type=nios_grid_member tf_provider_addr=registry.terraform.io/hashicorp/nios tf_rpc=ReadResource tf_req_id=d3b25069-bee0-e082-fa4a-dde52abec3c8
2026-03-03T16:32:25.129+0530 [DEBUG] sdk.framework: Value switched to prior value due to semantic equality logic: tf_resource_type=nios_grid_member tf_provider_addr=registry.terraform.io/hashicorp/nios tf_rpc=ReadResource tf_req_id=d3b25069-bee0-e082-fa4a-dde52abec3c8 tf_attribute_path=lom_network_config
2026-03-03T16:32:25.129+0530 [DEBUG] sdk.framework: Value switched to prior value due to semantic equality logic: tf_resource_type=nios_grid_member tf_provider_addr=registry.terraform.io/hashicorp/nios tf_rpc=ReadResource tf_attribute_path=comment tf_req_id=d3b25069-bee0-e082-fa4a-dde52abec3c8
2026-03-03T16:32:25.129+0530 [DEBUG] sdk.framework: Value switched to prior value due to semantic equality logic: tf_resource_type=nios_grid_member tf_provider_addr=registry.terraform.io/hashicorp/nios tf_attribute_path=traffic_capture_rec_dns_setting.rec_dns_latency_listen_on_source tf_rpc=ReadResource tf_req_id=d3b25069-bee0-e082-fa4a-dde52abec3c8
2026-03-03T16:32:25.129+0530 [DEBUG] sdk.framework: Value switched to prior value due to semantic equality logic: tf_rpc=ReadResource tf_req_id=d3b25069-bee0-e082-fa4a-dde52abec3c8 tf_resource_type=nios_grid_member tf_provider_addr=registry.terraform.io/hashicorp/nios tf_attribute_path=traffic_capture_rec_dns_setting.rec_dns_latency_listen_on_ip
2026-03-03T16:32:25.129+0530 [DEBUG] sdk.framework: Value switched to prior value due to semantic equality logic: tf_resource_type=nios_grid_member tf_provider_addr=registry.terraform.io/hashicorp/nios tf_attribute_path=traffic_capture_rec_dns_setting.rec_dns_latency_trigger_enable tf_rpc=ReadResource tf_req_id=d3b25069-bee0-e082-fa4a-dde52abec3c8
2026-03-03T16:32:25.129+0530 [DEBUG] sdk.framework: Value switched to prior value due to semantic equality logic: tf_provider_addr=registry.terraform.io/hashicorp/nios tf_attribute_path=traffic_capture_rec_dns_setting tf_rpc=ReadResource tf_req_id=d3b25069-bee0-e082-fa4a-dde52abec3c8 tf_resource_type=nios_grid_member
2026-03-03T16:32:25.129+0530 [DEBUG] sdk.framework: Value switched to prior value due to semantic equality logic: tf_provider_addr=registry.terraform.io/hashicorp/nios tf_rpc=ReadResource tf_req_id=d3b25069-bee0-e082-fa4a-dde52abec3c8 tf_attribute_path=upgrade_group tf_resource_type=nios_grid_member
2026-03-03T16:32:25.129+0530 [DEBUG] sdk.framework: Value switched to prior value due to semantic equality logic: tf_attribute_path=use_enable_lom tf_resource_type=nios_grid_member tf_provider_addr=registry.terraform.io/hashicorp/nios tf_rpc=ReadResource tf_req_id=d3b25069-bee0-e082-fa4a-dde52abec3c8
2026-03-03T16:32:25.129+0530 [DEBUG] sdk.framework: Value switched to prior value due to semantic equality logic: tf_req_id=d3b25069-bee0-e082-fa4a-dde52abec3c8 tf_attribute_path=vip_setting.gateway tf_resource_type=nios_grid_member tf_provider_addr=registry.terraform.io/hashicorp/nios tf_rpc=ReadResource
2026-03-03T16:32:25.129+0530 [DEBUG] sdk.framework: Value switched to prior value due to semantic equality logic: tf_resource_type=nios_grid_member tf_provider_addr=registry.terraform.io/hashicorp/nios tf_rpc=ReadResource tf_req_id=d3b25069-bee0-e082-fa4a-dde52abec3c8 tf_attribute_path=vip_setting.lan_subnet_mask
2026-03-03T16:32:25.129+0530 [DEBUG] sdk.framework: Value switched to prior value due to semantic equality logic: tf_resource_type=nios_grid_member tf_provider_addr=registry.terraform.io/hashicorp/nios tf_rpc=ReadResource tf_req_id=d3b25069-bee0-e082-fa4a-dde52abec3c8 tf_attribute_path=vip_setting.subnet_mask
2026-03-03T16:32:25.129+0530 [DEBUG] sdk.framework: Value switched to prior value due to semantic equality logic: tf_resource_type=nios_grid_member tf_provider_addr=registry.terraform.io/hashicorp/nios tf_rpc=ReadResource tf_req_id=d3b25069-bee0-e082-fa4a-dde52abec3c8 tf_attribute_path=vip_setting.lan_gateway
2026-03-03T16:32:25.129+0530 [DEBUG] sdk.framework: Value switched to prior value due to semantic equality logic: tf_req_id=d3b25069-bee0-e082-fa4a-dde52abec3c8 tf_attribute_path=vip_setting.use_dscp tf_resource_type=nios_grid_member tf_provider_addr=registry.terraform.io/hashicorp/nios tf_rpc=ReadResource
2026-03-03T16:32:25.129+0530 [DEBUG] sdk.framework: Value switched to prior value due to semantic equality logic: tf_provider_addr=registry.terraform.io/hashicorp/nios tf_rpc=ReadResource tf_req_id=d3b25069-bee0-e082-fa4a-dde52abec3c8 tf_attribute_path=vip_setting.address tf_resource_type=nios_grid_member
2026-03-03T16:32:25.129+0530 [DEBUG] sdk.framework: Value switched to prior value due to semantic equality logic: tf_rpc=ReadResource tf_req_id=d3b25069-bee0-e082-fa4a-dde52abec3c8 tf_attribute_path=vip_setting.dscp tf_resource_type=nios_grid_member tf_provider_addr=registry.terraform.io/hashicorp/nios
2026-03-03T16:32:25.129+0530 [DEBUG] sdk.framework: Value switched to prior value due to semantic equality logic: tf_req_id=d3b25069-bee0-e082-fa4a-dde52abec3c8 tf_attribute_path=vip_setting.primary tf_resource_type=nios_grid_member tf_provider_addr=registry.terraform.io/hashicorp/nios tf_rpc=ReadResource
2026-03-03T16:32:25.129+0530 [DEBUG] sdk.framework: Value switched to prior value due to semantic equality logic: tf_rpc=ReadResource tf_req_id=d3b25069-bee0-e082-fa4a-dde52abec3c8 tf_attribute_path=vip_setting tf_resource_type=nios_grid_member tf_provider_addr=registry.terraform.io/hashicorp/nios
2026-03-03T16:32:25.129+0530 [DEBUG] sdk.framework: Value switched to prior value due to semantic equality logic: tf_req_id=d3b25069-bee0-e082-fa4a-dde52abec3c8 tf_resource_type=nios_grid_member tf_provider_addr=registry.terraform.io/hashicorp/nios tf_rpc=ReadResource tf_attribute_path=ref
2026-03-03T16:32:25.129+0530 [DEBUG] sdk.framework: Value switched to prior value due to semantic equality logic: tf_resource_type=nios_grid_member tf_provider_addr=registry.terraform.io/hashicorp/nios tf_rpc=ReadResource tf_req_id=d3b25069-bee0-e082-fa4a-dde52abec3c8 tf_attribute_path=dns_resolver_setting
2026-03-03T16:32:25.129+0530 [DEBUG] sdk.framework: Value switched to prior value due to semantic equality logic: tf_resource_type=nios_grid_member tf_provider_addr=registry.terraform.io/hashicorp/nios tf_rpc=ReadResource tf_req_id=d3b25069-bee0-e082-fa4a-dde52abec3c8 tf_attribute_path=use_external_syslog_backup_servers
2026-03-03T16:32:25.129+0530 [DEBUG] sdk.framework: Value switched to prior value due to semantic equality logic: tf_provider_addr=registry.terraform.io/hashicorp/nios tf_rpc=ReadResource tf_req_id=d3b25069-bee0-e082-fa4a-dde52abec3c8 tf_resource_type=nios_grid_member tf_attribute_path=use_traffic_capture_rec_queries
2026-03-03T16:32:25.130+0530 [DEBUG] sdk.framework: Value switched to prior value due to semantic equality logic: tf_resource_type=nios_grid_member tf_attribute_path=threshold_traps[0].trap_type tf_provider_addr=registry.terraform.io/hashicorp/nios tf_rpc=ReadResource tf_req_id=d3b25069-bee0-e082-fa4a-dde52abec3c8
2026-03-03T16:32:25.130+0530 [DEBUG] sdk.framework: Value switched to prior value due to semantic equality logic: tf_attribute_path=threshold_traps[0].trap_reset tf_provider_addr=registry.terraform.io/hashicorp/nios tf_rpc=ReadResource tf_req_id=d3b25069-bee0-e082-fa4a-dde52abec3c8 tf_resource_type=nios_grid_member
2026-03-03T16:32:25.130+0530 [DEBUG] sdk.framework: Value switched to prior value due to semantic equality logic: tf_attribute_path=threshold_traps[0].trap_trigger tf_provider_addr=registry.terraform.io/hashicorp/nios tf_rpc=ReadResource tf_req_id=d3b25069-bee0-e082-fa4a-dde52abec3c8 tf_resource_type=nios_grid_member
2026-03-03T16:32:25.130+0530 [DEBUG] sdk.framework: Value switched to prior value due to semantic equality logic: tf_resource_type=nios_grid_member tf_attribute_path=threshold_traps[0] tf_provider_addr=registry.terraform.io/hashicorp/nios tf_rpc=ReadResource tf_req_id=d3b25069-bee0-e082-fa4a-dde52abec3c8
2026-03-03T16:32:25.130+0530 [DEBUG] sdk.framework: Value switched to prior value due to semantic equality logic: tf_attribute_path=threshold_traps[1].trap_type tf_provider_addr=registry.terraform.io/hashicorp/nios tf_rpc=ReadResource tf_req_id=d3b25069-bee0-e082-fa4a-dde52abec3c8 tf_resource_type=nios_grid_member
2026-03-03T16:32:25.130+0530 [DEBUG] sdk.framework: Value switched to prior value due to semantic equality logic: tf_provider_addr=registry.terraform.io/hashicorp/nios tf_rpc=ReadResource tf_req_id=d3b25069-bee0-e082-fa4a-dde52abec3c8 tf_resource_type=nios_grid_member tf_attribute_path=threshold_traps[1].trap_reset
2026-03-03T16:32:25.130+0530 [DEBUG] sdk.framework: Value switched to prior value due to semantic equality logic: tf_resource_type=nios_grid_member tf_attribute_path=threshold_traps[1].trap_trigger tf_provider_addr=registry.terraform.io/hashicorp/nios tf_rpc=ReadResource tf_req_id=d3b25069-bee0-e082-fa4a-dde52abec3c8
2026-03-03T16:32:25.130+0530 [DEBUG] sdk.framework: Value switched to prior value due to semantic equality logic: tf_provider_addr=registry.terraform.io/hashicorp/nios tf_rpc=ReadResource tf_req_id=d3b25069-bee0-e082-fa4a-dde52abec3c8 tf_resource_type=nios_grid_member tf_attribute_path=threshold_traps[1]
2026-03-03T16:32:25.130+0530 [DEBUG] sdk.framework: Value switched to prior value due to semantic equality logic: tf_rpc=ReadResource tf_req_id=d3b25069-bee0-e082-fa4a-dde52abec3c8 tf_resource_type=nios_grid_member tf_attribute_path=threshold_traps[2].trap_trigger tf_provider_addr=registry.terraform.io/hashicorp/nios
2026-03-03T16:32:25.130+0530 [DEBUG] sdk.framework: Value switched to prior value due to semantic equality logic: tf_req_id=d3b25069-bee0-e082-fa4a-dde52abec3c8 tf_resource_type=nios_grid_member tf_attribute_path=threshold_traps[2].trap_type tf_provider_addr=registry.terraform.io/hashicorp/nios tf_rpc=ReadResource
2026-03-03T16:32:25.130+0530 [DEBUG] sdk.framework: Value switched to prior value due to semantic equality logic: tf_req_id=d3b25069-bee0-e082-fa4a-dde52abec3c8 tf_resource_type=nios_grid_member tf_attribute_path=threshold_traps[2].trap_reset tf_provider_addr=registry.terraform.io/hashicorp/nios tf_rpc=ReadResource
2026-03-03T16:32:25.130+0530 [DEBUG] sdk.framework: Value switched to prior value due to semantic equality logic: tf_provider_addr=registry.terraform.io/hashicorp/nios tf_rpc=ReadResource tf_req_id=d3b25069-bee0-e082-fa4a-dde52abec3c8 tf_resource_type=nios_grid_member tf_attribute_path=threshold_traps[2]
2026-03-03T16:32:25.130+0530 [DEBUG] sdk.framework: Value switched to prior value due to semantic equality logic: tf_req_id=d3b25069-bee0-e082-fa4a-dde52abec3c8 tf_resource_type=nios_grid_member tf_attribute_path=threshold_traps[3].trap_type tf_provider_addr=registry.terraform.io/hashicorp/nios tf_rpc=ReadResource
2026-03-03T16:32:25.130+0530 [DEBUG] sdk.framework: Value switched to prior value due to semantic equality logic: tf_req_id=d3b25069-bee0-e082-fa4a-dde52abec3c8 tf_resource_type=nios_grid_member tf_attribute_path=threshold_traps[3].trap_reset tf_provider_addr=registry.terraform.io/hashicorp/nios tf_rpc=ReadResource
2026-03-03T16:32:25.130+0530 [DEBUG] sdk.framework: Value switched to prior value due to semantic equality logic: tf_resource_type=nios_grid_member tf_attribute_path=threshold_traps[3].trap_trigger tf_provider_addr=registry.terraform.io/hashicorp/nios tf_rpc=ReadResource tf_req_id=d3b25069-bee0-e082-fa4a-dde52abec3c8
2026-03-03T16:32:25.130+0530 [DEBUG] sdk.framework: Value switched to prior value due to semantic equality logic: tf_rpc=ReadResource tf_req_id=d3b25069-bee0-e082-fa4a-dde52abec3c8 tf_resource_type=nios_grid_member tf_attribute_path=threshold_traps[3] tf_provider_addr=registry.terraform.io/hashicorp/nios
2026-03-03T16:32:25.130+0530 [DEBUG] sdk.framework: Value switched to prior value due to semantic equality logic: tf_provider_addr=registry.terraform.io/hashicorp/nios tf_rpc=ReadResource tf_req_id=d3b25069-bee0-e082-fa4a-dde52abec3c8 tf_resource_type=nios_grid_member tf_attribute_path=threshold_traps[4].trap_trigger
2026-03-03T16:32:25.130+0530 [DEBUG] sdk.framework: Value switched to prior value due to semantic equality logic: tf_resource_type=nios_grid_member tf_attribute_path=threshold_traps[4].trap_type tf_provider_addr=registry.terraform.io/hashicorp/nios tf_rpc=ReadResource tf_req_id=d3b25069-bee0-e082-fa4a-dde52abec3c8
2026-03-03T16:32:25.130+0530 [DEBUG] sdk.framework: Value switched to prior value due to semantic equality logic: tf_req_id=d3b25069-bee0-e082-fa4a-dde52abec3c8 tf_resource_type=nios_grid_member tf_attribute_path=threshold_traps[4].trap_reset tf_provider_addr=registry.terraform.io/hashicorp/nios tf_rpc=ReadResource
2026-03-03T16:32:25.130+0530 [DEBUG] sdk.framework: Value switched to prior value due to semantic equality logic: tf_provider_addr=registry.terraform.io/hashicorp/nios tf_rpc=ReadResource tf_req_id=d3b25069-bee0-e082-fa4a-dde52abec3c8 tf_resource_type=nios_grid_member tf_attribute_path=threshold_traps[4]
2026-03-03T16:32:25.130+0530 [DEBUG] sdk.framework: Value switched to prior value due to semantic equality logic: tf_rpc=ReadResource tf_req_id=d3b25069-bee0-e082-fa4a-dde52abec3c8 tf_resource_type=nios_grid_member tf_attribute_path=threshold_traps[5].trap_trigger tf_provider_addr=registry.terraform.io/hashicorp/nios
2026-03-03T16:32:25.130+0530 [DEBUG] sdk.framework: Value switched to prior value due to semantic equality logic: tf_resource_type=nios_grid_member tf_attribute_path=threshold_traps[5].trap_type tf_provider_addr=registry.terraform.io/hashicorp/nios tf_rpc=ReadResource tf_req_id=d3b25069-bee0-e082-fa4a-dde52abec3c8
2026-03-03T16:32:25.130+0530 [DEBUG] sdk.framework: Value switched to prior value due to semantic equality logic: tf_resource_type=nios_grid_member tf_attribute_path=threshold_traps[5].trap_reset tf_provider_addr=registry.terraform.io/hashicorp/nios tf_rpc=ReadResource tf_req_id=d3b25069-bee0-e082-fa4a-dde52abec3c8
2026-03-03T16:32:25.130+0530 [DEBUG] sdk.framework: Value switched to prior value due to semantic equality logic: tf_resource_type=nios_grid_member tf_attribute_path=threshold_traps[5] tf_provider_addr=registry.terraform.io/hashicorp/nios tf_rpc=ReadResource tf_req_id=d3b25069-bee0-e082-fa4a-dde52abec3c8
2026-03-03T16:32:25.130+0530 [DEBUG] sdk.framework: Value switched to prior value due to semantic equality logic: tf_resource_type=nios_grid_member tf_attribute_path=threshold_traps[6].trap_trigger tf_provider_addr=registry.terraform.io/hashicorp/nios tf_rpc=ReadResource tf_req_id=d3b25069-bee0-e082-fa4a-dde52abec3c8
2026-03-03T16:32:25.130+0530 [DEBUG] sdk.framework: Value switched to prior value due to semantic equality logic: tf_resource_type=nios_grid_member tf_attribute_path=threshold_traps[6].trap_type tf_provider_addr=registry.terraform.io/hashicorp/nios tf_rpc=ReadResource tf_req_id=d3b25069-bee0-e082-fa4a-dde52abec3c8
2026-03-03T16:32:25.130+0530 [DEBUG] sdk.framework: Value switched to prior value due to semantic equality logic: tf_resource_type=nios_grid_member tf_attribute_path=threshold_traps[6].trap_reset tf_provider_addr=registry.terraform.io/hashicorp/nios tf_rpc=ReadResource tf_req_id=d3b25069-bee0-e082-fa4a-dde52abec3c8
2026-03-03T16:32:25.130+0530 [DEBUG] sdk.framework: Value switched to prior value due to semantic equality logic: tf_req_id=d3b25069-bee0-e082-fa4a-dde52abec3c8 tf_resource_type=nios_grid_member tf_attribute_path=threshold_traps[6] tf_provider_addr=registry.terraform.io/hashicorp/nios tf_rpc=ReadResource
2026-03-03T16:32:25.130+0530 [DEBUG] sdk.framework: Value switched to prior value due to semantic equality logic: tf_req_id=d3b25069-bee0-e082-fa4a-dde52abec3c8 tf_resource_type=nios_grid_member tf_attribute_path=threshold_traps[7].trap_reset tf_provider_addr=registry.terraform.io/hashicorp/nios tf_rpc=ReadResource
2026-03-03T16:32:25.130+0530 [DEBUG] sdk.framework: Value switched to prior value due to semantic equality logic: tf_provider_addr=registry.terraform.io/hashicorp/nios tf_rpc=ReadResource tf_req_id=d3b25069-bee0-e082-fa4a-dde52abec3c8 tf_resource_type=nios_grid_member tf_attribute_path=threshold_traps[7].trap_trigger
2026-03-03T16:32:25.130+0530 [DEBUG] sdk.framework: Value switched to prior value due to semantic equality logic: tf_attribute_path=threshold_traps[7].trap_type tf_provider_addr=registry.terraform.io/hashicorp/nios tf_rpc=ReadResource tf_req_id=d3b25069-bee0-e082-fa4a-dde52abec3c8 tf_resource_type=nios_grid_member
2026-03-03T16:32:25.130+0530 [DEBUG] sdk.framework: Value switched to prior value due to semantic equality logic: tf_provider_addr=registry.terraform.io/hashicorp/nios tf_rpc=ReadResource tf_req_id=d3b25069-bee0-e082-fa4a-dde52abec3c8 tf_resource_type=nios_grid_member tf_attribute_path=threshold_traps[7]
2026-03-03T16:32:25.130+0530 [DEBUG] sdk.framework: Value switched to prior value due to semantic equality logic: tf_provider_addr=registry.terraform.io/hashicorp/nios tf_rpc=ReadResource tf_req_id=d3b25069-bee0-e082-fa4a-dde52abec3c8 tf_resource_type=nios_grid_member tf_attribute_path=threshold_traps[8].trap_type
2026-03-03T16:32:25.130+0530 [DEBUG] sdk.framework: Value switched to prior value due to semantic equality logic: tf_attribute_path=threshold_traps[8].trap_reset tf_provider_addr=registry.terraform.io/hashicorp/nios tf_rpc=ReadResource tf_req_id=d3b25069-bee0-e082-fa4a-dde52abec3c8 tf_resource_type=nios_grid_member
2026-03-03T16:32:25.130+0530 [DEBUG] sdk.framework: Value switched to prior value due to semantic equality logic: tf_provider_addr=registry.terraform.io/hashicorp/nios tf_rpc=ReadResource tf_req_id=d3b25069-bee0-e082-fa4a-dde52abec3c8 tf_resource_type=nios_grid_member tf_attribute_path=threshold_traps[8].trap_trigger
2026-03-03T16:32:25.130+0530 [DEBUG] sdk.framework: Value switched to prior value due to semantic equality logic: tf_resource_type=nios_grid_member tf_attribute_path=threshold_traps[8] tf_provider_addr=registry.terraform.io/hashicorp/nios tf_rpc=ReadResource tf_req_id=d3b25069-bee0-e082-fa4a-dde52abec3c8
2026-03-03T16:32:25.130+0530 [DEBUG] sdk.framework: Value switched to prior value due to semantic equality logic: tf_req_id=d3b25069-bee0-e082-fa4a-dde52abec3c8 tf_resource_type=nios_grid_member tf_attribute_path=threshold_traps[9].trap_reset tf_provider_addr=registry.terraform.io/hashicorp/nios tf_rpc=ReadResource
2026-03-03T16:32:25.130+0530 [DEBUG] sdk.framework: Value switched to prior value due to semantic equality logic: tf_provider_addr=registry.terraform.io/hashicorp/nios tf_rpc=ReadResource tf_req_id=d3b25069-bee0-e082-fa4a-dde52abec3c8 tf_resource_type=nios_grid_member tf_attribute_path=threshold_traps[9].trap_trigger
2026-03-03T16:32:25.130+0530 [DEBUG] sdk.framework: Value switched to prior value due to semantic equality logic: tf_req_id=d3b25069-bee0-e082-fa4a-dde52abec3c8 tf_resource_type=nios_grid_member tf_attribute_path=threshold_traps[9].trap_type tf_provider_addr=registry.terraform.io/hashicorp/nios tf_rpc=ReadResource
2026-03-03T16:32:25.130+0530 [DEBUG] sdk.framework: Value switched to prior value due to semantic equality logic: tf_resource_type=nios_grid_member tf_attribute_path=threshold_traps[9] tf_provider_addr=registry.terraform.io/hashicorp/nios tf_rpc=ReadResource tf_req_id=d3b25069-bee0-e082-fa4a-dde52abec3c8
2026-03-03T16:32:25.130+0530 [DEBUG] sdk.framework: Value switched to prior value due to semantic equality logic: tf_provider_addr=registry.terraform.io/hashicorp/nios tf_rpc=ReadResource tf_req_id=d3b25069-bee0-e082-fa4a-dde52abec3c8 tf_resource_type=nios_grid_member tf_attribute_path=threshold_traps[10].trap_reset
2026-03-03T16:32:25.130+0530 [DEBUG] sdk.framework: Value switched to prior value due to semantic equality logic: tf_attribute_path=threshold_traps[10].trap_trigger tf_provider_addr=registry.terraform.io/hashicorp/nios tf_rpc=ReadResource tf_req_id=d3b25069-bee0-e082-fa4a-dde52abec3c8 tf_resource_type=nios_grid_member
2026-03-03T16:32:25.130+0530 [DEBUG] sdk.framework: Value switched to prior value due to semantic equality logic: tf_attribute_path=threshold_traps[10].trap_type tf_provider_addr=registry.terraform.io/hashicorp/nios tf_rpc=ReadResource tf_req_id=d3b25069-bee0-e082-fa4a-dde52abec3c8 tf_resource_type=nios_grid_member
2026-03-03T16:32:25.130+0530 [DEBUG] sdk.framework: Value switched to prior value due to semantic equality logic: tf_provider_addr=registry.terraform.io/hashicorp/nios tf_rpc=ReadResource tf_req_id=d3b25069-bee0-e082-fa4a-dde52abec3c8 tf_resource_type=nios_grid_member tf_attribute_path=threshold_traps[10]
2026-03-03T16:32:25.130+0530 [DEBUG] sdk.framework: Value switched to prior value due to semantic equality logic: tf_attribute_path=threshold_traps[11].trap_trigger tf_provider_addr=registry.terraform.io/hashicorp/nios tf_rpc=ReadResource tf_req_id=d3b25069-bee0-e082-fa4a-dde52abec3c8 tf_resource_type=nios_grid_member
2026-03-03T16:32:25.130+0530 [DEBUG] sdk.framework: Value switched to prior value due to semantic equality logic: tf_req_id=d3b25069-bee0-e082-fa4a-dde52abec3c8 tf_resource_type=nios_grid_member tf_attribute_path=threshold_traps[11].trap_type tf_provider_addr=registry.terraform.io/hashicorp/nios tf_rpc=ReadResource
2026-03-03T16:32:25.130+0530 [DEBUG] sdk.framework: Value switched to prior value due to semantic equality logic: tf_provider_addr=registry.terraform.io/hashicorp/nios tf_rpc=ReadResource tf_req_id=d3b25069-bee0-e082-fa4a-dde52abec3c8 tf_resource_type=nios_grid_member tf_attribute_path=threshold_traps[11].trap_reset
2026-03-03T16:32:25.130+0530 [DEBUG] sdk.framework: Value switched to prior value due to semantic equality logic: tf_provider_addr=registry.terraform.io/hashicorp/nios tf_rpc=ReadResource tf_req_id=d3b25069-bee0-e082-fa4a-dde52abec3c8 tf_resource_type=nios_grid_member tf_attribute_path=threshold_traps[11]
2026-03-03T16:32:25.130+0530 [DEBUG] sdk.framework: Value switched to prior value due to semantic equality logic: tf_attribute_path=threshold_traps[12].trap_trigger tf_provider_addr=registry.terraform.io/hashicorp/nios tf_rpc=ReadResource tf_req_id=d3b25069-bee0-e082-fa4a-dde52abec3c8 tf_resource_type=nios_grid_member
2026-03-03T16:32:25.130+0530 [DEBUG] sdk.framework: Value switched to prior value due to semantic equality logic: tf_attribute_path=threshold_traps[12].trap_type tf_provider_addr=registry.terraform.io/hashicorp/nios tf_rpc=ReadResource tf_req_id=d3b25069-bee0-e082-fa4a-dde52abec3c8 tf_resource_type=nios_grid_member
2026-03-03T16:32:25.130+0530 [DEBUG] sdk.framework: Value switched to prior value due to semantic equality logic: tf_resource_type=nios_grid_member tf_attribute_path=threshold_traps[12].trap_reset tf_provider_addr=registry.terraform.io/hashicorp/nios tf_rpc=ReadResource tf_req_id=d3b25069-bee0-e082-fa4a-dde52abec3c8
2026-03-03T16:32:25.130+0530 [DEBUG] sdk.framework: Value switched to prior value due to semantic equality logic: tf_attribute_path=threshold_traps[12] tf_provider_addr=registry.terraform.io/hashicorp/nios tf_rpc=ReadResource tf_req_id=d3b25069-bee0-e082-fa4a-dde52abec3c8 tf_resource_type=nios_grid_member
2026-03-03T16:32:25.130+0530 [DEBUG] sdk.framework: Value switched to prior value due to semantic equality logic: tf_provider_addr=registry.terraform.io/hashicorp/nios tf_rpc=ReadResource tf_req_id=d3b25069-bee0-e082-fa4a-dde52abec3c8 tf_resource_type=nios_grid_member tf_attribute_path=threshold_traps[13].trap_type
2026-03-03T16:32:25.130+0530 [DEBUG] sdk.framework: Value switched to prior value due to semantic equality logic: tf_provider_addr=registry.terraform.io/hashicorp/nios tf_rpc=ReadResource tf_req_id=d3b25069-bee0-e082-fa4a-dde52abec3c8 tf_resource_type=nios_grid_member tf_attribute_path=threshold_traps[13].trap_reset
2026-03-03T16:32:25.130+0530 [DEBUG] sdk.framework: Value switched to prior value due to semantic equality logic: tf_rpc=ReadResource tf_req_id=d3b25069-bee0-e082-fa4a-dde52abec3c8 tf_resource_type=nios_grid_member tf_attribute_path=threshold_traps[13].trap_trigger tf_provider_addr=registry.terraform.io/hashicorp/nios
2026-03-03T16:32:25.130+0530 [DEBUG] sdk.framework: Value switched to prior value due to semantic equality logic: tf_req_id=d3b25069-bee0-e082-fa4a-dde52abec3c8 tf_resource_type=nios_grid_member tf_attribute_path=threshold_traps[13] tf_provider_addr=registry.terraform.io/hashicorp/nios tf_rpc=ReadResource
2026-03-03T16:32:25.130+0530 [DEBUG] sdk.framework: Value switched to prior value due to semantic equality logic: tf_provider_addr=registry.terraform.io/hashicorp/nios tf_rpc=ReadResource tf_req_id=d3b25069-bee0-e082-fa4a-dde52abec3c8 tf_resource_type=nios_grid_member tf_attribute_path=threshold_traps[14].trap_trigger
2026-03-03T16:32:25.130+0530 [DEBUG] sdk.framework: Value switched to prior value due to semantic equality logic: tf_provider_addr=registry.terraform.io/hashicorp/nios tf_rpc=ReadResource tf_req_id=d3b25069-bee0-e082-fa4a-dde52abec3c8 tf_resource_type=nios_grid_member tf_attribute_path=threshold_traps[14].trap_type
2026-03-03T16:32:25.130+0530 [DEBUG] sdk.framework: Value switched to prior value due to semantic equality logic: tf_rpc=ReadResource tf_req_id=d3b25069-bee0-e082-fa4a-dde52abec3c8 tf_resource_type=nios_grid_member tf_attribute_path=threshold_traps[14].trap_reset tf_provider_addr=registry.terraform.io/hashicorp/nios
2026-03-03T16:32:25.130+0530 [DEBUG] sdk.framework: Value switched to prior value due to semantic equality logic: tf_attribute_path=threshold_traps[14] tf_provider_addr=registry.terraform.io/hashicorp/nios tf_rpc=ReadResource tf_req_id=d3b25069-bee0-e082-fa4a-dde52abec3c8 tf_resource_type=nios_grid_member
2026-03-03T16:32:25.130+0530 [DEBUG] sdk.framework: Value switched to prior value due to semantic equality logic: tf_rpc=ReadResource tf_req_id=d3b25069-bee0-e082-fa4a-dde52abec3c8 tf_resource_type=nios_grid_member tf_attribute_path=threshold_traps[15].trap_reset tf_provider_addr=registry.terraform.io/hashicorp/nios
2026-03-03T16:32:25.130+0530 [DEBUG] sdk.framework: Value switched to prior value due to semantic equality logic: tf_resource_type=nios_grid_member tf_attribute_path=threshold_traps[15].trap_trigger tf_provider_addr=registry.terraform.io/hashicorp/nios tf_rpc=ReadResource tf_req_id=d3b25069-bee0-e082-fa4a-dde52abec3c8
2026-03-03T16:32:25.130+0530 [DEBUG] sdk.framework: Value switched to prior value due to semantic equality logic: tf_provider_addr=registry.terraform.io/hashicorp/nios tf_rpc=ReadResource tf_req_id=d3b25069-bee0-e082-fa4a-dde52abec3c8 tf_resource_type=nios_grid_member tf_attribute_path=threshold_traps[15].trap_type
2026-03-03T16:32:25.130+0530 [DEBUG] sdk.framework: Value switched to prior value due to semantic equality logic: tf_attribute_path=threshold_traps[15] tf_provider_addr=registry.terraform.io/hashicorp/nios tf_rpc=ReadResource tf_req_id=d3b25069-bee0-e082-fa4a-dde52abec3c8 tf_resource_type=nios_grid_member
2026-03-03T16:32:25.130+0530 [DEBUG] sdk.framework: Value switched to prior value due to semantic equality logic: tf_resource_type=nios_grid_member tf_attribute_path=threshold_traps[16].trap_reset tf_provider_addr=registry.terraform.io/hashicorp/nios tf_rpc=ReadResource tf_req_id=d3b25069-bee0-e082-fa4a-dde52abec3c8
2026-03-03T16:32:25.130+0530 [DEBUG] sdk.framework: Value switched to prior value due to semantic equality logic: tf_provider_addr=registry.terraform.io/hashicorp/nios tf_rpc=ReadResource tf_req_id=d3b25069-bee0-e082-fa4a-dde52abec3c8 tf_resource_type=nios_grid_member tf_attribute_path=threshold_traps[16].trap_trigger
2026-03-03T16:32:25.130+0530 [DEBUG] sdk.framework: Value switched to prior value due to semantic equality logic: tf_req_id=d3b25069-bee0-e082-fa4a-dde52abec3c8 tf_resource_type=nios_grid_member tf_attribute_path=threshold_traps[16].trap_type tf_provider_addr=registry.terraform.io/hashicorp/nios tf_rpc=ReadResource
2026-03-03T16:32:25.130+0530 [DEBUG] sdk.framework: Value switched to prior value due to semantic equality logic: tf_resource_type=nios_grid_member tf_attribute_path=threshold_traps[16] tf_provider_addr=registry.terraform.io/hashicorp/nios tf_rpc=ReadResource tf_req_id=d3b25069-bee0-e082-fa4a-dde52abec3c8
2026-03-03T16:32:25.130+0530 [DEBUG] sdk.framework: Value switched to prior value due to semantic equality logic: tf_resource_type=nios_grid_member tf_attribute_path=threshold_traps[17].trap_reset tf_provider_addr=registry.terraform.io/hashicorp/nios tf_rpc=ReadResource tf_req_id=d3b25069-bee0-e082-fa4a-dde52abec3c8
2026-03-03T16:32:25.130+0530 [DEBUG] sdk.framework: Value switched to prior value due to semantic equality logic: tf_attribute_path=threshold_traps[17].trap_trigger tf_provider_addr=registry.terraform.io/hashicorp/nios tf_rpc=ReadResource tf_req_id=d3b25069-bee0-e082-fa4a-dde52abec3c8 tf_resource_type=nios_grid_member
2026-03-03T16:32:25.130+0530 [DEBUG] sdk.framework: Value switched to prior value due to semantic equality logic: tf_rpc=ReadResource tf_req_id=d3b25069-bee0-e082-fa4a-dde52abec3c8 tf_resource_type=nios_grid_member tf_attribute_path=threshold_traps[17].trap_type tf_provider_addr=registry.terraform.io/hashicorp/nios
2026-03-03T16:32:25.130+0530 [DEBUG] sdk.framework: Value switched to prior value due to semantic equality logic: tf_req_id=d3b25069-bee0-e082-fa4a-dde52abec3c8 tf_resource_type=nios_grid_member tf_attribute_path=threshold_traps[17] tf_provider_addr=registry.terraform.io/hashicorp/nios tf_rpc=ReadResource
2026-03-03T16:32:25.130+0530 [DEBUG] sdk.framework: Value switched to prior value due to semantic equality logic: tf_rpc=ReadResource tf_req_id=d3b25069-bee0-e082-fa4a-dde52abec3c8 tf_resource_type=nios_grid_member tf_attribute_path=threshold_traps[18].trap_trigger tf_provider_addr=registry.terraform.io/hashicorp/nios
2026-03-03T16:32:25.130+0530 [DEBUG] sdk.framework: Value switched to prior value due to semantic equality logic: tf_attribute_path=threshold_traps[18].trap_type tf_provider_addr=registry.terraform.io/hashicorp/nios tf_rpc=ReadResource tf_req_id=d3b25069-bee0-e082-fa4a-dde52abec3c8 tf_resource_type=nios_grid_member
2026-03-03T16:32:25.130+0530 [DEBUG] sdk.framework: Value switched to prior value due to semantic equality logic: tf_attribute_path=threshold_traps[18].trap_reset tf_provider_addr=registry.terraform.io/hashicorp/nios tf_rpc=ReadResource tf_req_id=d3b25069-bee0-e082-fa4a-dde52abec3c8 tf_resource_type=nios_grid_member
2026-03-03T16:32:25.130+0530 [DEBUG] sdk.framework: Value switched to prior value due to semantic equality logic: tf_req_id=d3b25069-bee0-e082-fa4a-dde52abec3c8 tf_resource_type=nios_grid_member tf_attribute_path=threshold_traps[18] tf_provider_addr=registry.terraform.io/hashicorp/nios tf_rpc=ReadResource
2026-03-03T16:32:25.130+0530 [DEBUG] sdk.framework: Value switched to prior value due to semantic equality logic: tf_provider_addr=registry.terraform.io/hashicorp/nios tf_rpc=ReadResource tf_req_id=d3b25069-bee0-e082-fa4a-dde52abec3c8 tf_resource_type=nios_grid_member tf_attribute_path=threshold_traps
2026-03-03T16:32:25.130+0530 [DEBUG] sdk.framework: Value switched to prior value due to semantic equality logic: tf_resource_type=nios_grid_member tf_provider_addr=registry.terraform.io/hashicorp/nios tf_rpc=ReadResource tf_req_id=d3b25069-bee0-e082-fa4a-dde52abec3c8 tf_attribute_path=use_trap_notifications
2026-03-03T16:32:25.130+0530 [DEBUG] sdk.framework: Value switched to prior value due to semantic equality logic: tf_resource_type=nios_grid_member tf_provider_addr=registry.terraform.io/hashicorp/nios tf_rpc=ReadResource tf_req_id=d3b25069-bee0-e082-fa4a-dde52abec3c8 tf_attribute_path=use_traffic_capture_auth_dns
2026-03-03T16:32:25.130+0530 [DEBUG] sdk.framework: Value switched to prior value due to semantic equality logic: tf_provider_addr=registry.terraform.io/hashicorp/nios tf_rpc=ReadResource tf_req_id=d3b25069-bee0-e082-fa4a-dde52abec3c8 tf_resource_type=nios_grid_member tf_attribute_path=lan2_enabled
2026-03-03T16:32:25.130+0530 [DEBUG] sdk.framework: Value switched to prior value due to semantic equality logic: tf_rpc=ReadResource tf_req_id=d3b25069-bee0-e082-fa4a-dde52abec3c8 tf_resource_type=nios_grid_member tf_attribute_path=ha_on_cloud tf_provider_addr=registry.terraform.io/hashicorp/nios
2026-03-03T16:32:25.130+0530 [DEBUG] sdk.framework: Value switched to prior value due to semantic equality logic: tf_provider_addr=registry.terraform.io/hashicorp/nios tf_rpc=ReadResource tf_req_id=d3b25069-bee0-e082-fa4a-dde52abec3c8 tf_attribute_path=service_status[0].service tf_resource_type=nios_grid_member
2026-03-03T16:32:25.130+0530 [DEBUG] sdk.framework: Value switched to prior value due to semantic equality logic: tf_attribute_path=service_status[0].description tf_resource_type=nios_grid_member tf_provider_addr=registry.terraform.io/hashicorp/nios tf_rpc=ReadResource tf_req_id=d3b25069-bee0-e082-fa4a-dde52abec3c8
2026-03-03T16:32:25.130+0530 [DEBUG] sdk.framework: Value switched to prior value due to semantic equality logic: tf_resource_type=nios_grid_member tf_provider_addr=registry.terraform.io/hashicorp/nios tf_rpc=ReadResource tf_req_id=d3b25069-bee0-e082-fa4a-dde52abec3c8 tf_attribute_path=service_status[0].status
2026-03-03T16:32:25.130+0530 [DEBUG] sdk.framework: Value switched to prior value due to semantic equality logic: tf_provider_addr=registry.terraform.io/hashicorp/nios tf_rpc=ReadResource tf_req_id=d3b25069-bee0-e082-fa4a-dde52abec3c8 tf_attribute_path=service_status[0] tf_resource_type=nios_grid_member
2026-03-03T16:32:25.130+0530 [DEBUG] sdk.framework: Value switched to prior value due to semantic equality logic: tf_rpc=ReadResource tf_req_id=d3b25069-bee0-e082-fa4a-dde52abec3c8 tf_attribute_path=service_status[1].status tf_resource_type=nios_grid_member tf_provider_addr=registry.terraform.io/hashicorp/nios
2026-03-03T16:32:25.130+0530 [DEBUG] sdk.framework: Value switched to prior value due to semantic equality logic: tf_rpc=ReadResource tf_req_id=d3b25069-bee0-e082-fa4a-dde52abec3c8 tf_attribute_path=service_status[1].service tf_resource_type=nios_grid_member tf_provider_addr=registry.terraform.io/hashicorp/nios
2026-03-03T16:32:25.130+0530 [DEBUG] sdk.framework: Value switched to prior value due to semantic equality logic: tf_resource_type=nios_grid_member tf_provider_addr=registry.terraform.io/hashicorp/nios tf_rpc=ReadResource tf_req_id=d3b25069-bee0-e082-fa4a-dde52abec3c8 tf_attribute_path=service_status[1].description
2026-03-03T16:32:25.130+0530 [DEBUG] sdk.framework: Value switched to prior value due to semantic equality logic: tf_req_id=d3b25069-bee0-e082-fa4a-dde52abec3c8 tf_attribute_path=service_status[1] tf_resource_type=nios_grid_member tf_provider_addr=registry.terraform.io/hashicorp/nios tf_rpc=ReadResource
2026-03-03T16:32:25.130+0530 [DEBUG] sdk.framework: Value switched to prior value due to semantic equality logic: tf_req_id=d3b25069-bee0-e082-fa4a-dde52abec3c8 tf_attribute_path=service_status[2].description tf_resource_type=nios_grid_member tf_provider_addr=registry.terraform.io/hashicorp/nios tf_rpc=ReadResource
2026-03-03T16:32:25.130+0530 [DEBUG] sdk.framework: Value switched to prior value due to semantic equality logic: tf_req_id=d3b25069-bee0-e082-fa4a-dde52abec3c8 tf_attribute_path=service_status[2].status tf_resource_type=nios_grid_member tf_provider_addr=registry.terraform.io/hashicorp/nios tf_rpc=ReadResource
2026-03-03T16:32:25.130+0530 [DEBUG] sdk.framework: Value switched to prior value due to semantic equality logic: tf_attribute_path=service_status[2].service tf_resource_type=nios_grid_member tf_provider_addr=registry.terraform.io/hashicorp/nios tf_rpc=ReadResource tf_req_id=d3b25069-bee0-e082-fa4a-dde52abec3c8
2026-03-03T16:32:25.130+0530 [DEBUG] sdk.framework: Value switched to prior value due to semantic equality logic: tf_attribute_path=service_status[2] tf_resource_type=nios_grid_member tf_provider_addr=registry.terraform.io/hashicorp/nios tf_rpc=ReadResource tf_req_id=d3b25069-bee0-e082-fa4a-dde52abec3c8
2026-03-03T16:32:25.130+0530 [DEBUG] sdk.framework: Value switched to prior value due to semantic equality logic: tf_attribute_path=service_status[3].description tf_resource_type=nios_grid_member tf_provider_addr=registry.terraform.io/hashicorp/nios tf_rpc=ReadResource tf_req_id=d3b25069-bee0-e082-fa4a-dde52abec3c8
2026-03-03T16:32:25.130+0530 [DEBUG] sdk.framework: Value switched to prior value due to semantic equality logic: tf_resource_type=nios_grid_member tf_provider_addr=registry.terraform.io/hashicorp/nios tf_rpc=ReadResource tf_req_id=d3b25069-bee0-e082-fa4a-dde52abec3c8 tf_attribute_path=service_status[3].status
2026-03-03T16:32:25.130+0530 [DEBUG] sdk.framework: Value switched to prior value due to semantic equality logic: tf_attribute_path=service_status[3].service tf_resource_type=nios_grid_member tf_provider_addr=registry.terraform.io/hashicorp/nios tf_rpc=ReadResource tf_req_id=d3b25069-bee0-e082-fa4a-dde52abec3c8
2026-03-03T16:32:25.130+0530 [DEBUG] sdk.framework: Value switched to prior value due to semantic equality logic: tf_attribute_path=service_status[3] tf_resource_type=nios_grid_member tf_provider_addr=registry.terraform.io/hashicorp/nios tf_rpc=ReadResource tf_req_id=d3b25069-bee0-e082-fa4a-dde52abec3c8
2026-03-03T16:32:25.130+0530 [DEBUG] sdk.framework: Value switched to prior value due to semantic equality logic: tf_req_id=d3b25069-bee0-e082-fa4a-dde52abec3c8 tf_attribute_path=service_status[4].status tf_resource_type=nios_grid_member tf_provider_addr=registry.terraform.io/hashicorp/nios tf_rpc=ReadResource
2026-03-03T16:32:25.130+0530 [DEBUG] sdk.framework: Value switched to prior value due to semantic equality logic: tf_resource_type=nios_grid_member tf_provider_addr=registry.terraform.io/hashicorp/nios tf_rpc=ReadResource tf_req_id=d3b25069-bee0-e082-fa4a-dde52abec3c8 tf_attribute_path=service_status[4].service
2026-03-03T16:32:25.130+0530 [DEBUG] sdk.framework: Value switched to prior value due to semantic equality logic: tf_attribute_path=service_status[4].description tf_resource_type=nios_grid_member tf_provider_addr=registry.terraform.io/hashicorp/nios tf_rpc=ReadResource tf_req_id=d3b25069-bee0-e082-fa4a-dde52abec3c8
2026-03-03T16:32:25.130+0530 [DEBUG] sdk.framework: Value switched to prior value due to semantic equality logic: tf_req_id=d3b25069-bee0-e082-fa4a-dde52abec3c8 tf_attribute_path=service_status[4] tf_resource_type=nios_grid_member tf_provider_addr=registry.terraform.io/hashicorp/nios tf_rpc=ReadResource
2026-03-03T16:32:25.130+0530 [DEBUG] sdk.framework: Value switched to prior value due to semantic equality logic: tf_resource_type=nios_grid_member tf_provider_addr=registry.terraform.io/hashicorp/nios tf_rpc=ReadResource tf_req_id=d3b25069-bee0-e082-fa4a-dde52abec3c8 tf_attribute_path=service_status[5].status
2026-03-03T16:32:25.130+0530 [DEBUG] sdk.framework: Value switched to prior value due to semantic equality logic: tf_rpc=ReadResource tf_req_id=d3b25069-bee0-e082-fa4a-dde52abec3c8 tf_attribute_path=service_status[5].service tf_resource_type=nios_grid_member tf_provider_addr=registry.terraform.io/hashicorp/nios
2026-03-03T16:32:25.130+0530 [DEBUG] sdk.framework: Value switched to prior value due to semantic equality logic: tf_req_id=d3b25069-bee0-e082-fa4a-dde52abec3c8 tf_attribute_path=service_status[5].description tf_resource_type=nios_grid_member tf_provider_addr=registry.terraform.io/hashicorp/nios tf_rpc=ReadResource
2026-03-03T16:32:25.130+0530 [DEBUG] sdk.framework: Value switched to prior value due to semantic equality logic: tf_attribute_path=service_status[5] tf_resource_type=nios_grid_member tf_provider_addr=registry.terraform.io/hashicorp/nios tf_rpc=ReadResource tf_req_id=d3b25069-bee0-e082-fa4a-dde52abec3c8
2026-03-03T16:32:25.130+0530 [DEBUG] sdk.framework: Value switched to prior value due to semantic equality logic: tf_rpc=ReadResource tf_req_id=d3b25069-bee0-e082-fa4a-dde52abec3c8 tf_attribute_path=service_status[6].service tf_resource_type=nios_grid_member tf_provider_addr=registry.terraform.io/hashicorp/nios
2026-03-03T16:32:25.130+0530 [DEBUG] sdk.framework: Value switched to prior value due to semantic equality logic: tf_provider_addr=registry.terraform.io/hashicorp/nios tf_rpc=ReadResource tf_req_id=d3b25069-bee0-e082-fa4a-dde52abec3c8 tf_attribute_path=service_status[6].description tf_resource_type=nios_grid_member
2026-03-03T16:32:25.130+0530 [DEBUG] sdk.framework: Value switched to prior value due to semantic equality logic: tf_resource_type=nios_grid_member tf_provider_addr=registry.terraform.io/hashicorp/nios tf_rpc=ReadResource tf_req_id=d3b25069-bee0-e082-fa4a-dde52abec3c8 tf_attribute_path=service_status[6].status
2026-03-03T16:32:25.130+0530 [DEBUG] sdk.framework: Value switched to prior value due to semantic equality logic: tf_req_id=d3b25069-bee0-e082-fa4a-dde52abec3c8 tf_attribute_path=service_status[6] tf_resource_type=nios_grid_member tf_provider_addr=registry.terraform.io/hashicorp/nios tf_rpc=ReadResource
2026-03-03T16:32:25.130+0530 [DEBUG] sdk.framework: Value switched to prior value due to semantic equality logic: tf_rpc=ReadResource tf_req_id=d3b25069-bee0-e082-fa4a-dde52abec3c8 tf_attribute_path=service_status[7].service tf_resource_type=nios_grid_member tf_provider_addr=registry.terraform.io/hashicorp/nios
2026-03-03T16:32:25.130+0530 [DEBUG] sdk.framework: Value switched to prior value due to semantic equality logic: tf_resource_type=nios_grid_member tf_provider_addr=registry.terraform.io/hashicorp/nios tf_rpc=ReadResource tf_req_id=d3b25069-bee0-e082-fa4a-dde52abec3c8 tf_attribute_path=service_status[7].description
2026-03-03T16:32:25.130+0530 [DEBUG] sdk.framework: Value switched to prior value due to semantic equality logic: tf_attribute_path=service_status[7].status tf_resource_type=nios_grid_member tf_provider_addr=registry.terraform.io/hashicorp/nios tf_rpc=ReadResource tf_req_id=d3b25069-bee0-e082-fa4a-dde52abec3c8
2026-03-03T16:32:25.130+0530 [DEBUG] sdk.framework: Value switched to prior value due to semantic equality logic: tf_rpc=ReadResource tf_req_id=d3b25069-bee0-e082-fa4a-dde52abec3c8 tf_attribute_path=service_status[7] tf_resource_type=nios_grid_member tf_provider_addr=registry.terraform.io/hashicorp/nios
2026-03-03T16:32:25.131+0530 [DEBUG] sdk.framework: Value switched to prior value due to semantic equality logic: tf_provider_addr=registry.terraform.io/hashicorp/nios tf_rpc=ReadResource tf_req_id=d3b25069-bee0-e082-fa4a-dde52abec3c8 tf_attribute_path=service_status[8].status tf_resource_type=nios_grid_member
2026-03-03T16:32:25.131+0530 [DEBUG] sdk.framework: Value switched to prior value due to semantic equality logic: tf_req_id=d3b25069-bee0-e082-fa4a-dde52abec3c8 tf_attribute_path=service_status[8].service tf_resource_type=nios_grid_member tf_provider_addr=registry.terraform.io/hashicorp/nios tf_rpc=ReadResource
2026-03-03T16:32:25.131+0530 [DEBUG] sdk.framework: Value switched to prior value due to semantic equality logic: tf_resource_type=nios_grid_member tf_provider_addr=registry.terraform.io/hashicorp/nios tf_rpc=ReadResource tf_req_id=d3b25069-bee0-e082-fa4a-dde52abec3c8 tf_attribute_path=service_status[8].description
2026-03-03T16:32:25.131+0530 [DEBUG] sdk.framework: Value switched to prior value due to semantic equality logic: tf_provider_addr=registry.terraform.io/hashicorp/nios tf_rpc=ReadResource tf_req_id=d3b25069-bee0-e082-fa4a-dde52abec3c8 tf_attribute_path=service_status[8] tf_resource_type=nios_grid_member
2026-03-03T16:32:25.131+0530 [DEBUG] sdk.framework: Value switched to prior value due to semantic equality logic: tf_req_id=d3b25069-bee0-e082-fa4a-dde52abec3c8 tf_attribute_path=service_status[9].status tf_resource_type=nios_grid_member tf_provider_addr=registry.terraform.io/hashicorp/nios tf_rpc=ReadResource
2026-03-03T16:32:25.131+0530 [DEBUG] sdk.framework: Value switched to prior value due to semantic equality logic: tf_attribute_path=service_status[9].service tf_resource_type=nios_grid_member tf_provider_addr=registry.terraform.io/hashicorp/nios tf_rpc=ReadResource tf_req_id=d3b25069-bee0-e082-fa4a-dde52abec3c8
2026-03-03T16:32:25.131+0530 [DEBUG] sdk.framework: Value switched to prior value due to semantic equality logic: tf_provider_addr=registry.terraform.io/hashicorp/nios tf_rpc=ReadResource tf_req_id=d3b25069-bee0-e082-fa4a-dde52abec3c8 tf_attribute_path=service_status[9].description tf_resource_type=nios_grid_member
2026-03-03T16:32:25.131+0530 [DEBUG] sdk.framework: Value switched to prior value due to semantic equality logic: tf_attribute_path=service_status[9] tf_resource_type=nios_grid_member tf_provider_addr=registry.terraform.io/hashicorp/nios tf_rpc=ReadResource tf_req_id=d3b25069-bee0-e082-fa4a-dde52abec3c8
2026-03-03T16:32:25.131+0530 [DEBUG] sdk.framework: Value switched to prior value due to semantic equality logic: tf_rpc=ReadResource tf_req_id=d3b25069-bee0-e082-fa4a-dde52abec3c8 tf_attribute_path=service_status[10].service tf_resource_type=nios_grid_member tf_provider_addr=registry.terraform.io/hashicorp/nios
2026-03-03T16:32:25.131+0530 [DEBUG] sdk.framework: Value switched to prior value due to semantic equality logic: tf_provider_addr=registry.terraform.io/hashicorp/nios tf_rpc=ReadResource tf_req_id=d3b25069-bee0-e082-fa4a-dde52abec3c8 tf_attribute_path=service_status[10].description tf_resource_type=nios_grid_member
2026-03-03T16:32:25.131+0530 [DEBUG] sdk.framework: Value switched to prior value due to semantic equality logic: tf_rpc=ReadResource tf_req_id=d3b25069-bee0-e082-fa4a-dde52abec3c8 tf_attribute_path=service_status[10].status tf_resource_type=nios_grid_member tf_provider_addr=registry.terraform.io/hashicorp/nios
2026-03-03T16:32:25.131+0530 [DEBUG] sdk.framework: Value switched to prior value due to semantic equality logic: tf_resource_type=nios_grid_member tf_provider_addr=registry.terraform.io/hashicorp/nios tf_rpc=ReadResource tf_req_id=d3b25069-bee0-e082-fa4a-dde52abec3c8 tf_attribute_path=service_status[10]
2026-03-03T16:32:25.131+0530 [DEBUG] sdk.framework: Value switched to prior value due to semantic equality logic: tf_rpc=ReadResource tf_req_id=d3b25069-bee0-e082-fa4a-dde52abec3c8 tf_attribute_path=service_status[11].status tf_resource_type=nios_grid_member tf_provider_addr=registry.terraform.io/hashicorp/nios
2026-03-03T16:32:25.131+0530 [DEBUG] sdk.framework: Value switched to prior value due to semantic equality logic: tf_attribute_path=service_status[11].service tf_resource_type=nios_grid_member tf_provider_addr=registry.terraform.io/hashicorp/nios tf_rpc=ReadResource tf_req_id=d3b25069-bee0-e082-fa4a-dde52abec3c8
2026-03-03T16:32:25.131+0530 [DEBUG] sdk.framework: Value switched to prior value due to semantic equality logic: tf_req_id=d3b25069-bee0-e082-fa4a-dde52abec3c8 tf_attribute_path=service_status[11].description tf_resource_type=nios_grid_member tf_provider_addr=registry.terraform.io/hashicorp/nios tf_rpc=ReadResource
2026-03-03T16:32:25.131+0530 [DEBUG] sdk.framework: Value switched to prior value due to semantic equality logic: tf_req_id=d3b25069-bee0-e082-fa4a-dde52abec3c8 tf_attribute_path=service_status[11] tf_resource_type=nios_grid_member tf_provider_addr=registry.terraform.io/hashicorp/nios tf_rpc=ReadResource
2026-03-03T16:32:25.131+0530 [DEBUG] sdk.framework: Value switched to prior value due to semantic equality logic: tf_provider_addr=registry.terraform.io/hashicorp/nios tf_rpc=ReadResource tf_req_id=d3b25069-bee0-e082-fa4a-dde52abec3c8 tf_attribute_path=service_status tf_resource_type=nios_grid_member
2026-03-03T16:32:25.131+0530 [DEBUG] sdk.framework: Value switched to prior value due to semantic equality logic: tf_provider_addr=registry.terraform.io/hashicorp/nios tf_rpc=ReadResource tf_req_id=d3b25069-bee0-e082-fa4a-dde52abec3c8 tf_resource_type=nios_grid_member tf_attribute_path=time_zone
2026-03-03T16:32:25.131+0530 [DEBUG] sdk.framework: Value switched to prior value due to semantic equality logic: tf_attribute_path=traffic_capture_rec_queries_setting.recursive_clients_count_trigger_enable tf_provider_addr=registry.terraform.io/hashicorp/nios tf_rpc=ReadResource tf_req_id=d3b25069-bee0-e082-fa4a-dde52abec3c8 tf_resource_type=nios_grid_member
2026-03-03T16:32:25.131+0530 [DEBUG] sdk.framework: Value switched to prior value due to semantic equality logic: tf_attribute_path=traffic_capture_rec_queries_setting tf_provider_addr=registry.terraform.io/hashicorp/nios tf_rpc=ReadResource tf_req_id=d3b25069-bee0-e082-fa4a-dde52abec3c8 tf_resource_type=nios_grid_member
2026-03-03T16:32:25.131+0530 [DEBUG] sdk.framework: Value switched to prior value due to semantic equality logic: tf_req_id=d3b25069-bee0-e082-fa4a-dde52abec3c8 tf_resource_type=nios_grid_member tf_attribute_path=ipv6_setting.auto_router_config_enabled tf_provider_addr=registry.terraform.io/hashicorp/nios tf_rpc=ReadResource
2026-03-03T16:32:25.131+0530 [DEBUG] sdk.framework: Value switched to prior value due to semantic equality logic: tf_provider_addr=registry.terraform.io/hashicorp/nios tf_rpc=ReadResource tf_req_id=d3b25069-bee0-e082-fa4a-dde52abec3c8 tf_resource_type=nios_grid_member tf_attribute_path=ipv6_setting.use_dscp
2026-03-03T16:32:25.131+0530 [DEBUG] sdk.framework: Value switched to prior value due to semantic equality logic: tf_rpc=ReadResource tf_req_id=d3b25069-bee0-e082-fa4a-dde52abec3c8 tf_resource_type=nios_grid_member tf_attribute_path=ipv6_setting.enabled tf_provider_addr=registry.terraform.io/hashicorp/nios
2026-03-03T16:32:25.131+0530 [DEBUG] sdk.framework: Value switched to prior value due to semantic equality logic: tf_rpc=ReadResource tf_req_id=d3b25069-bee0-e082-fa4a-dde52abec3c8 tf_resource_type=nios_grid_member tf_attribute_path=ipv6_setting.gateway tf_provider_addr=registry.terraform.io/hashicorp/nios
2026-03-03T16:32:25.131+0530 [DEBUG] sdk.framework: Value switched to prior value due to semantic equality logic: tf_req_id=d3b25069-bee0-e082-fa4a-dde52abec3c8 tf_resource_type=nios_grid_member tf_attribute_path=ipv6_setting.primary tf_provider_addr=registry.terraform.io/hashicorp/nios tf_rpc=ReadResource
2026-03-03T16:32:25.131+0530 [DEBUG] sdk.framework: Value switched to prior value due to semantic equality logic: tf_resource_type=nios_grid_member tf_attribute_path=ipv6_setting.dscp tf_provider_addr=registry.terraform.io/hashicorp/nios tf_rpc=ReadResource tf_req_id=d3b25069-bee0-e082-fa4a-dde52abec3c8
2026-03-03T16:32:25.131+0530 [DEBUG] sdk.framework: Value switched to prior value due to semantic equality logic: tf_req_id=d3b25069-bee0-e082-fa4a-dde52abec3c8 tf_resource_type=nios_grid_member tf_attribute_path=ipv6_setting tf_provider_addr=registry.terraform.io/hashicorp/nios tf_rpc=ReadResource
2026-03-03T16:32:25.131+0530 [DEBUG] sdk.framework: Value switched to prior value due to semantic equality logic: tf_provider_addr=registry.terraform.io/hashicorp/nios tf_rpc=ReadResource tf_req_id=d3b25069-bee0-e082-fa4a-dde52abec3c8 tf_attribute_path=passive_ha_arp_enabled tf_resource_type=nios_grid_member
2026-03-03T16:32:25.131+0530 [DEBUG] sdk.framework: Value switched to prior value due to semantic equality logic: tf_provider_addr=registry.terraform.io/hashicorp/nios tf_rpc=ReadResource tf_req_id=d3b25069-bee0-e082-fa4a-dde52abec3c8 tf_attribute_path=preserve_if_owns_delegation tf_resource_type=nios_grid_member
2026-03-03T16:32:25.131+0530 [DEBUG] sdk.framework: Value switched to prior value due to semantic equality logic: tf_rpc=ReadResource tf_req_id=d3b25069-bee0-e082-fa4a-dde52abec3c8 tf_attribute_path=mgmt_port_setting.security_access_enabled tf_resource_type=nios_grid_member tf_provider_addr=registry.terraform.io/hashicorp/nios
2026-03-03T16:32:25.131+0530 [DEBUG] sdk.framework: Value switched to prior value due to semantic equality logic: tf_resource_type=nios_grid_member tf_provider_addr=registry.terraform.io/hashicorp/nios tf_rpc=ReadResource tf_req_id=d3b25069-bee0-e082-fa4a-dde52abec3c8 tf_attribute_path=mgmt_port_setting.enabled
2026-03-03T16:32:25.131+0530 [DEBUG] sdk.framework: Value switched to prior value due to semantic equality logic: tf_attribute_path=mgmt_port_setting.vpn_enabled tf_resource_type=nios_grid_member tf_provider_addr=registry.terraform.io/hashicorp/nios tf_rpc=ReadResource tf_req_id=d3b25069-bee0-e082-fa4a-dde52abec3c8
2026-03-03T16:32:25.131+0530 [DEBUG] sdk.framework: Value switched to prior value due to semantic equality logic: tf_provider_addr=registry.terraform.io/hashicorp/nios tf_rpc=ReadResource tf_req_id=d3b25069-bee0-e082-fa4a-dde52abec3c8 tf_attribute_path=mgmt_port_setting tf_resource_type=nios_grid_member
2026-03-03T16:32:25.131+0530 [DEBUG] sdk.framework: Value switched to prior value due to semantic equality logic: tf_req_id=d3b25069-bee0-e082-fa4a-dde52abec3c8 tf_attribute_path=active_position tf_resource_type=nios_grid_member tf_provider_addr=registry.terraform.io/hashicorp/nios tf_rpc=ReadResource
2026-03-03T16:32:25.365+0530 [DEBUG] sdk.helper_resource: Finished TestStep: test_name=TestAccMemberResource_SnmpSetting test_terraform_path=/usr/local/bin/terraform test_working_directory=/var/folders/6m/7j_mmff502l5vfc9jp_db0l40000gp/T/plugintest2853927804 test_step_number=1
2026-03-03T16:32:25.365+0530 [DEBUG] sdk.helper_resource: Starting TestStep: test_terraform_path=/usr/local/bin/terraform test_working_directory=/var/folders/6m/7j_mmff502l5vfc9jp_db0l40000gp/T/plugintest2853927804 test_step_number=2 test_name=TestAccMemberResource_SnmpSetting
2026-03-03T16:32:25.366+0530 [DEBUG] sdk.helper_resource: Running Terraform CLI plan and apply: test_working_directory=/var/folders/6m/7j_mmff502l5vfc9jp_db0l40000gp/T/plugintest2853927804 test_step_number=2 test_name=TestAccMemberResource_SnmpSetting test_terraform_path=/usr/local/bin/terraform
2026/03/03 16:32:25 
GET /wapi/v2.13.6/extensibleattributedef?_return_as_object=1&_return_fields%2B=allowed_object_types%2Ccomment%2Cdefault_value%2Cflags%2Clist_values%2Cmax%2Cmin%2Cname%2Cnamespace%2Ctype&name=Terraform+Internal+ID HTTP/1.1
Host: 172.28.83.110
User-Agent: nios-golang-sdk/0.1
Accept: application/json
X-Infoblox-Client: terraform/test#test
X-Infoblox-Sdk: golang-sdk
Accept-Encoding: gzip


2026/03/03 16:32:26 
HTTP/1.1 200 OK
Connection: close
Transfer-Encoding: chunked
Cache-Control: no-cache, no-store
Content-Security-Policy: default-src 'self' blob: *.splunk.com img-src 'self' 'unsafe-inline' 'unsafe-eval' data: https: style-src 'self' 'unsafe-inline' 'unsafe-eval'
Content-Type: application/json
Date: Tue, 03 Mar 2026 11:02:25 GMT
Pragma: no-cache
Referrer-Policy: no-referrer-when-downgrade
Server: Apache
Set-Cookie: ibapauth="ctime=1772535745,user=admin,group=admin-group,auth=LOCAL,client=API,mtime=1772535745,su=1,ip=10.195.21.137,timeout=3600,Ol+okxiVxZDKQZRhcPXeZ/zuRV2eKcjoMDk"; HttpOnly; Path=/; secure; SameSite=Lax
Strict-Transport-Security: max-age=31536000; includeSubDomains
X-Content-Type-Options: nosniff
X-Frame-Options: SAMEORIGIN
X-Xss-Protection: 1; mode=block

144
{"result": [{"_ref": "extensibleattributedef/b25lLmV4dGVuc2libGVfYXR0cmlidXRlc19kZWYkLlRlcnJhZm9ybSBJbnRlcm5hbCBJRA:Terraform%20Internal%20ID", "comment": "Internal ID for Terraform Resource", "default_value": null, "flags": "CR", "list_values": [], "name": "Terraform Internal ID", "namespace": "CLOUD", "type": "STRING"}]}
0


2026/03/03 16:32:26 
GET /wapi/v2.13.6/member/b25lLnZpcnR1YWxfbm9kZSQyMw:infoblox-wxgoem.localdomain?_proxy_search=LOCAL&_return_as_object=1&_return_fields%2B=active_position%2Cadditional_ip_list%2Cautomated_traffic_capture_setting%2Cbgp_as%2Ccomment%2Cconfig_addr_type%2Ccsp_access_key%2Ccsp_member_setting%2Cdns_resolver_setting%2Cdscp%2Cemail_setting%2Cenable_ha%2Cenable_lom%2Cenable_member_redirect%2Cenable_ro_api_access%2Cextattrs%2Cexternal_syslog_backup_servers%2Cexternal_syslog_server_enable%2Cha_cloud_platform%2Cha_on_cloud%2Chost_name%2Cipv6_setting%2Cipv6_static_routes%2Cis_dscp_capable%2Clan2_enabled%2Clan2_port_setting%2Clom_network_config%2Clom_users%2Cmaster_candidate%2Cmember_service_communication%2Cmgmt_port_setting%2Cmmdb_ea_build_time%2Cmmdb_geoip_build_time%2Cnat_setting%2Cnode_info%2Cntp_setting%2Cospf_list%2Cpassive_ha_arp_enabled%2Cplatform%2Cpre_provisioning%2Cpreserve_if_owns_delegation%2Cremote_console_access_enable%2Crouter_id%2Cservice_status%2Cservice_type_configuration%2Csnmp_setting%2Cstatic_routes%2Csupport_access_enable%2Csupport_access_info%2Csyslog_proxy_setting%2Csyslog_servers%2Csyslog_size%2Cthreshold_traps%2Ctime_zone%2Ctraffic_capture_auth_dns_setting%2Ctraffic_capture_chr_setting%2Ctraffic_capture_qps_setting%2Ctraffic_capture_rec_dns_setting%2Ctraffic_capture_rec_queries_setting%2Ctrap_notifications%2Cupgrade_group%2Cuse_automated_traffic_capture%2Cuse_dns_resolver_setting%2Cuse_dscp%2Cuse_email_setting%2Cuse_enable_lom%2Cuse_enable_member_redirect%2Cuse_external_syslog_backup_servers%2Cuse_remote_console_access_enable%2Cuse_snmp_setting%2Cuse_support_access_enable%2Cuse_syslog_proxy_setting%2Cuse_threshold_traps%2Cuse_time_zone%2Cuse_traffic_capture_auth_dns%2Cuse_traffic_capture_chr%2Cuse_traffic_capture_qps%2Cuse_traffic_capture_rec_dns%2Cuse_traffic_capture_rec_queries%2Cuse_trap_notifications%2Cuse_v4_vrrp%2Cvip_setting%2Cvpn_mtu HTTP/1.1
Host: 172.28.83.110
User-Agent: nios-golang-sdk/0.1
Accept: application/json
X-Infoblox-Client: terraform/test#test
X-Infoblox-Sdk: golang-sdk
Accept-Encoding: gzip


2026/03/03 16:32:27 
HTTP/1.1 200 OK
Connection: close
Transfer-Encoding: chunked
Cache-Control: no-cache, no-store
Content-Security-Policy: default-src 'self' blob: *.splunk.com img-src 'self' 'unsafe-inline' 'unsafe-eval' data: https: style-src 'self' 'unsafe-inline' 'unsafe-eval'
Content-Type: application/json
Date: Tue, 03 Mar 2026 11:02:26 GMT
Pragma: no-cache
Referrer-Policy: no-referrer-when-downgrade
Server: Apache
Strict-Transport-Security: max-age=31536000; includeSubDomains
X-Content-Type-Options: nosniff
X-Frame-Options: SAMEORIGIN
X-Xss-Protection: 1; mode=block

2d3d
{"result": {"_ref": "member/b25lLnZpcnR1YWxfbm9kZSQyMw:infoblox-wxgoem.localdomain", "active_position": "0", "additional_ip_list": [], "automated_traffic_capture_setting": {"destination": "NONE", "include_support_bundle": false, "keep_local_copy": false, "traffic_capture_enable": false}, "bgp_as": [], "config_addr_type": "IPV4", "csp_access_key": [], "csp_member_setting": {"csp_dns_resolver": "52.119.40.100", "use_csp_dns_resolver": false, "use_csp_https_proxy": false, "use_csp_join_token": false}, "dns_resolver_setting": {"resolvers": [], "search_domains": []}, "dscp": 0, "email_setting": {"enabled": false, "port_number": 25, "relay_enabled": false, "smtps": false, "use_authentication": false}, "enable_ha": false, "enable_lom": true, "enable_member_redirect": false, "enable_ro_api_access": false, "extattrs": {"Terraform Internal ID": {"value": "cb9dbc67-f620-7708-3969-17df59ee8d3d"}}, "external_syslog_backup_servers": [], "external_syslog_server_enable": false, "ha_cloud_platform": "None", "ha_on_cloud": false, "host_name": "infoblox-wxgoem.localdomain", "ipv6_setting": {"auto_router_config_enabled": false, "dscp": 0, "enabled": false, "primary": true, "use_dscp": false}, "ipv6_static_routes": [], "is_dscp_capable": false, "lan2_enabled": false, "lan2_port_setting": {"default_route_failover_enabled": false, "enabled": false, "nic_failover_enable_primary": false, "nic_failover_enabled": false}, "lom_network_config": [{"is_lom_capable": false}], "lom_users": [], "master_candidate": false, "member_service_communication": [], "mgmt_port_setting": {"enabled": false, "security_access_enabled": false, "vpn_enabled": false}, "nat_setting": {"enabled": false}, "node_info": [{"ha_status": "NOT_CONFIGURED", "host_platform": "UNKNOWN", "hwid": "Unknown", "hwmodel": "Unknown", "hwtype": "IB-UNKNOWN", "hypervisor": "UNKNOWN", "lan2_physical_setting": {"auto_port_setting_enabled": true}, "lan_ha_port_setting": {"ha_cloud_attribute": "UNK", "ha_port_setting": {"auto_port_setting_enabled": true, "speed": "10"}, "lan_port_setting": {"auto_port_setting_enabled": true}}, "mgmt_physical_setting": {"auto_port_setting_enabled": true}, "paid_nios": false, "physical_oid": "24", "service_status": [], "v6_mgmt_network_setting": {"auto_router_config_enabled": false, "enabled": false}}], "ntp_setting": {"enable_external_ntp_servers": false, "enable_ntp": false, "exclude_grid_master_ntp_server": false, "local_ntp_stratum": 15, "ntp_acl": {"ac_list": [], "acl_type": "NONE", "service": "TIME"}, "ntp_keys": [], "ntp_kod": false, "ntp_servers": [], "use_default_stratum": true, "use_local_ntp_stratum": false, "use_ntp_acl": false, "use_ntp_keys": false, "use_ntp_kod": false, "use_ntp_servers": false}, "ospf_list": [], "passive_ha_arp_enabled": false, "platform": "VNIOS", "preserve_if_owns_delegation": false, "remote_console_access_enable": false, "service_status": [{"service": "DFP", "status": "UNKNOWN"}, {"service": "DOT_DOH", "status": "UNKNOWN"}, {"service": "NTP", "status": "UNKNOWN"}, {"service": "TFTP", "status": "UNKNOWN"}, {"service": "HTTP_FILE_DIST", "status": "UNKNOWN"}, {"service": "FTP", "status": "UNKNOWN"}, {"service": "CAPTIVE_PORTAL", "status": "UNKNOWN"}, {"service": "HSM", "status": "UNKNOWN"}, {"service": "ATP", "status": "UNKNOWN"}, {"service": "IMC", "status": "UNKNOWN"}, {"service": "IMC_DCA_BWL", "status": "UNKNOWN"}, {"service": "CLOUD_DNS_SYNC", "status": "UNKNOWN"}], "service_type_configuration": "ALL_V4", "snmp_setting": {"engine_id": ["80:00:1E:63:05:06:9b:3c:d1:82:9b:ac:1c:53:11"], "queries_enable": false, "snmpv3_queries_enable": false, "snmpv3_traps_enable": false, "syscontact": [], "sysdescr": [], "syslocation": [], "sysname": ["infoblox-wxgoem.localdomain"], "trap_receivers": [], "traps_enable": false}, "static_routes": [], "support_access_enable": false, "support_access_info": "Not enabled (compat mode set)", "syslog_proxy_setting": {"client_acls": [], "enable": false, "tcp_enable": true, "tcp_port": 514, "udp_enable": true, "udp_port": 514}, "syslog_servers": [], "syslog_size": 300, "threshold_traps": [{"trap_reset": 0, "trap_trigger": 100, "trap_type": "CpuUsage"}, {"trap_reset": 70, "trap_trigger": 80, "trap_type": "DBObjects"}, {"trap_reset": 70, "trap_trigger": 85, "trap_type": "Disk"}, {"trap_reset": 89, "trap_trigger": 90, "trap_type": "ExtStorage"}, {"trap_reset": 70, "trap_trigger": 90, "trap_type": "FDUsage"}, {"trap_reset": 0, "trap_trigger": 0, "trap_type": "FastpathDroppedTraffic"}, {"trap_reset": 70, "trap_trigger": 90, "trap_type": "Fastpathmbuffdepletion"}, {"trap_reset": 80, "trap_trigger": 90, "trap_type": "Memory"}, {"trap_reset": 75, "trap_trigger": 85, "trap_type": "NetworkCapacity"}, {"trap_reset": 30, "trap_trigger": 80, "trap_type": "RecursiveClients"}, {"trap_reset": 70, "trap_trigger": 85, "trap_type": "Reporting"}, {"trap_reset": 71, "trap_trigger": 80, "trap_type": "ReportingVolume"}, {"trap_reset": 70, "trap_trigger": 85, "trap_type": "Rootfs"}, {"trap_reset": 10, "trap_trigger": 20, "trap_type": "SwapUsage"}, {"trap_reset": 0, "trap_trigger": 1, "trap_type": "TcpUdpFloodAlertRate"}, {"trap_reset": 0, "trap_trigger": 1, "trap_type": "TcpUdpFloodDropRate"}, {"trap_reset": 5, "trap_trigger": 10, "trap_type": "ThreatProtectionDroppedTraffic"}, {"trap_reset": 70, "trap_trigger": 90, "trap_type": "ThreatProtectionTotalTraffic"}, {"trap_reset": 70, "trap_trigger": 85, "trap_type": "Tmpfs"}], "time_zone": "UTC", "traffic_capture_auth_dns_setting": {"auth_dns_latency_listen_on_source": "VIP_V4", "auth_dns_latency_trigger_enable": false}, "traffic_capture_chr_setting": {"chr_trigger_enable": false}, "traffic_capture_qps_setting": {"qps_trigger_enable": false}, "traffic_capture_rec_dns_setting": {"kpi_monitored_domains": [], "rec_dns_latency_listen_on_source": "VIP_V4", "rec_dns_latency_trigger_enable": false}, "traffic_capture_rec_queries_setting": {"recursive_clients_count_trigger_enable": false}, "trap_notifications": [{"enable_email": false, "enable_trap": true, "trap_type": "AnalyticsRPZ"}, {"enable_email": false, "enable_trap": true, "trap_type": "AutomatedTrafficCapture"}, {"enable_email": false, "enable_trap": true, "trap_type": "BFD"}, {"enable_email": false, "enable_trap": true, "trap_type": "BGP"}, {"enable_email": false, "enable_trap": true, "trap_type": "Backup"}, {"enable_email": false, "enable_trap": true, "trap_type": "CPU"}, {"enable_email": false, "enable_trap": true, "trap_type": "CaptivePortal"}, {"enable_email": false, "enable_trap": true, "trap_type": "CiscoISEServer"}, {"enable_email": false, "enable_trap": true, "trap_type": "Clear"}, {"enable_email": false, "enable_trap": true, "trap_type": "CloudAPI"}, {"enable_email": false, "enable_trap": true, "trap_type": "CloudDNSsync"}, {"enable_email": false, "enable_trap": true, "trap_type": "Cluster"}, {"enable_email": false, "enable_trap": true, "trap_type": "Controld"}, {"enable_email": false, "enable_trap": true, "trap_type": "DHCP"}, {"enable_email": false, "enable_trap": true, "trap_type": "DNS"}, {"enable_email": false, "enable_trap": true, "trap_type": "DNSAttack"}, {"enable_email": false, "enable_trap": true, "trap_type": "DNSIntegrityCheck"}, {"enable_email": false, "enable_trap": true, "trap_type": "DNSIntegrityCheckConnection"}, {"enable_email": false, "enable_trap": true, "trap_type": "Database"}, {"enable_email": false, "enable_trap": true, "trap_type": "DisconnectedGrid"}, {"enable_email": false, "enable_trap": true, "trap_type": "Discovery"}, {"enable_email": false, "enable_trap": true, "trap_type": "DiscoveryConflict"}, {"enable_email": false, "enable_trap": true, "trap_type": "DiscoveryUnmanaged"}, {"enable_email": false, "enable_trap": true, "trap_type": "Disk"}, {"enable_email": false, "enable_trap": true, "trap_type": "DuplicateIP"}, {"enable_email": false, "enable_trap": true, "trap_type": "ENAT"}, {"enable_email": false, "enable_trap": true, "trap_type": "FDUsage"}, {"enable_email": false, "enable_trap": true, "trap_type": "FTP"}, {"enable_email": false, "enable_trap": true, "trap_type": "Fan"}, {"enable_email": false, "enable_trap": true, "trap_type": "HA"}, {"enable_email": false, "enable_trap": true, "trap_type": "HAOnCloud"}, {"enable_email": false, "enable_trap": true, "trap_type": "HSM"}, {"enable_email": false, "enable_trap": true, "trap_type": "HTTP"}, {"enable_email": false, "enable_trap": true, "trap_type": "IFMAP"}, {"enable_email": false, "enable_trap": true, "trap_type": "IMC"}, {"enable_email": false, "enable_trap": true, "trap_type": "IMCGRPCServer"}, {"enable_email": false, "enable_trap": true, "trap_type": "IPMIDevice"}, {"enable_email": false, "enable_trap": true, "trap_type": "LCD"}, {"enable_email": false, "enable_trap": true, "trap_type": "LDAPServers"}, {"enable_email": false, "enable_trap": true, "trap_type": "License"}, {"enable_email": false, "enable_trap": true, "trap_type": "Login"}, {"enable_email": false, "enable_trap": true, "trap_type": "MGM"}, {"enable_email": false, "enable_trap": true, "trap_type": "MSServer"}, {"enable_email": false, "enable_trap": true, "trap_type": "Memory"}, {"enable_email": false, "enable_trap": true, "trap_type": "NTP"}, {"enable_email": false, "enable_trap": true, "trap_type": "Network"}, {"enable_email": false, "enable_trap": true, "trap_type": "OCSPResponders"}, {"enable_email": false, "enable_trap": true, "trap_type": "OSPF"}, {"enable_email": false, "enable_trap": true, "trap_type": "OSPF6"}, {"enable_email": false, "enable_trap": true, "trap_type": "Outbound"}, {"enable_email": false, "enable_trap": true, "trap_type": "PowerSupply"}, {"enable_email": false, "enable_trap": true, "trap_type": "RAID"}, {"enable_email": false, "enable_trap": true, "trap_type": "RIRSWIP"}, {"enable_email": false, "enable_trap": true, "trap_type": "RecursiveClients"}, {"enable_email": false, "enable_trap": true, "trap_type": "Reporting"}, {"enable_email": false, "enable_trap": true, "trap_type": "RootFS"}, {"enable_email": false, "enable_trap": true, "trap_type": "SNMP"}, {"enable_email": false, "enable_trap": true, "trap_type": "SSH"}, {"enable_email": false, "enable_trap": true, "trap_type": "SerialConsole"}, {"enable_email": false, "enable_trap": true, "trap_type": "SwapUsage"}, {"enable_email": false, "enable_trap": true, "trap_type": "Syslog"}, {"enable_email": false, "enable_trap": true, "trap_type": "System"}, {"enable_email": false, "enable_trap": true, "trap_type": "TFTP"}, {"enable_email": false, "enable_trap": true, "trap_type": "Taxii"}, {"enable_email": false, "enable_trap": true, "trap_type": "ThreatInsight"}, {"enable_email": false, "enable_trap": true, "trap_type": "ThreatProtection"}, {"enable_email": false, "enable_trap": true, "trap_type": "TmpFS"}], "upgrade_group": "Default", "use_automated_traffic_capture": false, "use_dns_resolver_setting": false, "use_dscp": false, "use_email_setting": false, "use_enable_lom": false, "use_enable_member_redirect": false, "use_external_syslog_backup_servers": false, "use_remote_console_access_enable": false, "use_snmp_setting": true, "use_support_access_enable": false, "use_syslog_proxy_setting": false, "use_threshold_traps": false, "use_time_zone": false, "use_traffic_capture_auth_dns": false, "use_traffic_capture_chr": false, "use_traffic_capture_qps": false, "use_traffic_capture_rec_dns": false, "use_traffic_capture_rec_queries": false, "use_trap_notifications": false, "use_v4_vrrp": true, "vip_setting": {"address": "172.28.83.17", "dscp": 0, "gateway": "172.28.82.1", "primary": true, "subnet_mask": "255.255.254.0", "use_dscp": false}, "vpn_mtu": 1450}}
0


2026-03-03T16:32:27.285+0530 [DEBUG] sdk.framework: Value switched to prior value due to semantic equality logic: tf_provider_addr=registry.terraform.io/hashicorp/nios tf_resource_type=nios_grid_member tf_rpc=ReadResource tf_attribute_path=ntp_setting.use_default_stratum tf_req_id=61c06e1b-68a1-3116-2178-adb87eec26f4
2026-03-03T16:32:27.285+0530 [DEBUG] sdk.framework: Value switched to prior value due to semantic equality logic: tf_resource_type=nios_grid_member tf_rpc=ReadResource tf_attribute_path=ntp_setting.ntp_kod tf_req_id=61c06e1b-68a1-3116-2178-adb87eec26f4 tf_provider_addr=registry.terraform.io/hashicorp/nios
2026-03-03T16:32:27.285+0530 [DEBUG] sdk.framework: Value switched to prior value due to semantic equality logic: tf_attribute_path=ntp_setting.use_local_ntp_stratum tf_req_id=61c06e1b-68a1-3116-2178-adb87eec26f4 tf_provider_addr=registry.terraform.io/hashicorp/nios tf_resource_type=nios_grid_member tf_rpc=ReadResource
2026-03-03T16:32:27.285+0530 [DEBUG] sdk.framework: Value switched to prior value due to semantic equality logic: tf_resource_type=nios_grid_member tf_rpc=ReadResource tf_attribute_path=ntp_setting.use_ntp_servers tf_req_id=61c06e1b-68a1-3116-2178-adb87eec26f4 tf_provider_addr=registry.terraform.io/hashicorp/nios
2026-03-03T16:32:27.285+0530 [DEBUG] sdk.framework: Value switched to prior value due to semantic equality logic: tf_provider_addr=registry.terraform.io/hashicorp/nios tf_resource_type=nios_grid_member tf_rpc=ReadResource tf_attribute_path=ntp_setting.ntp_acl.named_acl tf_req_id=61c06e1b-68a1-3116-2178-adb87eec26f4
2026-03-03T16:32:27.285+0530 [DEBUG] sdk.framework: Value switched to prior value due to semantic equality logic: tf_resource_type=nios_grid_member tf_rpc=ReadResource tf_attribute_path=ntp_setting.ntp_acl.service tf_req_id=61c06e1b-68a1-3116-2178-adb87eec26f4 tf_provider_addr=registry.terraform.io/hashicorp/nios
2026-03-03T16:32:27.285+0530 [DEBUG] sdk.framework: Value switched to prior value due to semantic equality logic: tf_rpc=ReadResource tf_attribute_path=ntp_setting.ntp_acl.acl_type tf_req_id=61c06e1b-68a1-3116-2178-adb87eec26f4 tf_provider_addr=registry.terraform.io/hashicorp/nios tf_resource_type=nios_grid_member
2026-03-03T16:32:27.285+0530 [DEBUG] sdk.framework: Value switched to prior value due to semantic equality logic: tf_req_id=61c06e1b-68a1-3116-2178-adb87eec26f4 tf_provider_addr=registry.terraform.io/hashicorp/nios tf_resource_type=nios_grid_member tf_rpc=ReadResource tf_attribute_path=ntp_setting.ntp_acl
2026-03-03T16:32:27.285+0530 [DEBUG] sdk.framework: Value switched to prior value due to semantic equality logic: tf_provider_addr=registry.terraform.io/hashicorp/nios tf_resource_type=nios_grid_member tf_rpc=ReadResource tf_attribute_path=ntp_setting.enable_ntp tf_req_id=61c06e1b-68a1-3116-2178-adb87eec26f4
2026-03-03T16:32:27.285+0530 [DEBUG] sdk.framework: Value switched to prior value due to semantic equality logic: tf_req_id=61c06e1b-68a1-3116-2178-adb87eec26f4 tf_provider_addr=registry.terraform.io/hashicorp/nios tf_resource_type=nios_grid_member tf_rpc=ReadResource tf_attribute_path=ntp_setting.local_ntp_stratum
2026-03-03T16:32:27.285+0530 [DEBUG] sdk.framework: Value switched to prior value due to semantic equality logic: tf_req_id=61c06e1b-68a1-3116-2178-adb87eec26f4 tf_provider_addr=registry.terraform.io/hashicorp/nios tf_resource_type=nios_grid_member tf_rpc=ReadResource tf_attribute_path=ntp_setting.use_ntp_kod
2026-03-03T16:32:27.285+0530 [DEBUG] sdk.framework: Value switched to prior value due to semantic equality logic: tf_provider_addr=registry.terraform.io/hashicorp/nios tf_resource_type=nios_grid_member tf_rpc=ReadResource tf_attribute_path=ntp_setting.enable_external_ntp_servers tf_req_id=61c06e1b-68a1-3116-2178-adb87eec26f4
2026-03-03T16:32:27.285+0530 [DEBUG] sdk.framework: Value switched to prior value due to semantic equality logic: tf_resource_type=nios_grid_member tf_rpc=ReadResource tf_attribute_path=ntp_setting.use_ntp_acl tf_req_id=61c06e1b-68a1-3116-2178-adb87eec26f4 tf_provider_addr=registry.terraform.io/hashicorp/nios
2026-03-03T16:32:27.285+0530 [DEBUG] sdk.framework: Value switched to prior value due to semantic equality logic: tf_rpc=ReadResource tf_attribute_path=ntp_setting.use_ntp_keys tf_req_id=61c06e1b-68a1-3116-2178-adb87eec26f4 tf_provider_addr=registry.terraform.io/hashicorp/nios tf_resource_type=nios_grid_member
2026-03-03T16:32:27.285+0530 [DEBUG] sdk.framework: Value switched to prior value due to semantic equality logic: tf_attribute_path=ntp_setting.exclude_grid_master_ntp_server tf_req_id=61c06e1b-68a1-3116-2178-adb87eec26f4 tf_provider_addr=registry.terraform.io/hashicorp/nios tf_resource_type=nios_grid_member tf_rpc=ReadResource
2026-03-03T16:32:27.285+0530 [DEBUG] sdk.framework: Value switched to prior value due to semantic equality logic: tf_req_id=61c06e1b-68a1-3116-2178-adb87eec26f4 tf_provider_addr=registry.terraform.io/hashicorp/nios tf_resource_type=nios_grid_member tf_rpc=ReadResource tf_attribute_path=ntp_setting
2026-03-03T16:32:27.285+0530 [DEBUG] sdk.framework: Value switched to prior value due to semantic equality logic: tf_provider_addr=registry.terraform.io/hashicorp/nios tf_resource_type=nios_grid_member tf_attribute_path=traffic_capture_rec_queries_setting.recursive_clients_count_trigger_enable tf_rpc=ReadResource tf_req_id=61c06e1b-68a1-3116-2178-adb87eec26f4
2026-03-03T16:32:27.285+0530 [DEBUG] sdk.framework: Value switched to prior value due to semantic equality logic: tf_rpc=ReadResource tf_req_id=61c06e1b-68a1-3116-2178-adb87eec26f4 tf_provider_addr=registry.terraform.io/hashicorp/nios tf_resource_type=nios_grid_member tf_attribute_path=traffic_capture_rec_queries_setting
2026-03-03T16:32:27.285+0530 [DEBUG] sdk.framework: Value switched to prior value due to semantic equality logic: tf_rpc=ReadResource tf_req_id=61c06e1b-68a1-3116-2178-adb87eec26f4 tf_provider_addr=registry.terraform.io/hashicorp/nios tf_resource_type=nios_grid_member tf_attribute_path=lan2_port_setting.nic_failover_enable_primary
2026-03-03T16:32:27.285+0530 [DEBUG] sdk.framework: Value switched to prior value due to semantic equality logic: tf_rpc=ReadResource tf_req_id=61c06e1b-68a1-3116-2178-adb87eec26f4 tf_provider_addr=registry.terraform.io/hashicorp/nios tf_resource_type=nios_grid_member tf_attribute_path=lan2_port_setting.default_route_failover_enabled
2026-03-03T16:32:27.285+0530 [DEBUG] sdk.framework: Value switched to prior value due to semantic equality logic: tf_resource_type=nios_grid_member tf_attribute_path=lan2_port_setting.enabled tf_rpc=ReadResource tf_req_id=61c06e1b-68a1-3116-2178-adb87eec26f4 tf_provider_addr=registry.terraform.io/hashicorp/nios
2026-03-03T16:32:27.285+0530 [DEBUG] sdk.framework: Value switched to prior value due to semantic equality logic: tf_resource_type=nios_grid_member tf_attribute_path=lan2_port_setting.nic_failover_enabled tf_rpc=ReadResource tf_req_id=61c06e1b-68a1-3116-2178-adb87eec26f4 tf_provider_addr=registry.terraform.io/hashicorp/nios
2026-03-03T16:32:27.285+0530 [DEBUG] sdk.framework: Value switched to prior value due to semantic equality logic: tf_req_id=61c06e1b-68a1-3116-2178-adb87eec26f4 tf_provider_addr=registry.terraform.io/hashicorp/nios tf_resource_type=nios_grid_member tf_attribute_path=lan2_port_setting tf_rpc=ReadResource
2026-03-03T16:32:27.285+0530 [DEBUG] sdk.framework: Value switched to prior value due to semantic equality logic: tf_provider_addr=registry.terraform.io/hashicorp/nios tf_resource_type=nios_grid_member tf_rpc=ReadResource tf_req_id=61c06e1b-68a1-3116-2178-adb87eec26f4 tf_attribute_path=enable_ha
2026-03-03T16:32:27.285+0530 [DEBUG] sdk.framework: Value switched to prior value due to semantic equality logic: tf_provider_addr=registry.terraform.io/hashicorp/nios tf_resource_type=nios_grid_member tf_attribute_path=automated_traffic_capture_setting.password tf_rpc=ReadResource tf_req_id=61c06e1b-68a1-3116-2178-adb87eec26f4
2026-03-03T16:32:27.285+0530 [DEBUG] sdk.framework: Value switched to prior value due to semantic equality logic: tf_rpc=ReadResource tf_req_id=61c06e1b-68a1-3116-2178-adb87eec26f4 tf_provider_addr=registry.terraform.io/hashicorp/nios tf_resource_type=nios_grid_member tf_attribute_path=automated_traffic_capture_setting.username
2026-03-03T16:32:27.285+0530 [DEBUG] sdk.framework: Value switched to prior value due to semantic equality logic: tf_req_id=61c06e1b-68a1-3116-2178-adb87eec26f4 tf_provider_addr=registry.terraform.io/hashicorp/nios tf_resource_type=nios_grid_member tf_attribute_path=automated_traffic_capture_setting.destination_host tf_rpc=ReadResource
2026-03-03T16:32:27.285+0530 [DEBUG] sdk.framework: Value switched to prior value due to semantic equality logic: tf_rpc=ReadResource tf_req_id=61c06e1b-68a1-3116-2178-adb87eec26f4 tf_provider_addr=registry.terraform.io/hashicorp/nios tf_resource_type=nios_grid_member tf_attribute_path=automated_traffic_capture_setting.traffic_capture_directory
2026-03-03T16:32:27.285+0530 [DEBUG] sdk.framework: Value switched to prior value due to semantic equality logic: tf_req_id=61c06e1b-68a1-3116-2178-adb87eec26f4 tf_provider_addr=registry.terraform.io/hashicorp/nios tf_resource_type=nios_grid_member tf_attribute_path=automated_traffic_capture_setting.include_support_bundle tf_rpc=ReadResource
2026-03-03T16:32:27.285+0530 [DEBUG] sdk.framework: Value switched to prior value due to semantic equality logic: tf_attribute_path=automated_traffic_capture_setting.destination tf_rpc=ReadResource tf_req_id=61c06e1b-68a1-3116-2178-adb87eec26f4 tf_provider_addr=registry.terraform.io/hashicorp/nios tf_resource_type=nios_grid_member
2026-03-03T16:32:27.285+0530 [DEBUG] sdk.framework: Value switched to prior value due to semantic equality logic: tf_provider_addr=registry.terraform.io/hashicorp/nios tf_resource_type=nios_grid_member tf_attribute_path=automated_traffic_capture_setting.support_bundle_directory tf_rpc=ReadResource tf_req_id=61c06e1b-68a1-3116-2178-adb87eec26f4
2026-03-03T16:32:27.285+0530 [DEBUG] sdk.framework: Value switched to prior value due to semantic equality logic: tf_req_id=61c06e1b-68a1-3116-2178-adb87eec26f4 tf_provider_addr=registry.terraform.io/hashicorp/nios tf_resource_type=nios_grid_member tf_attribute_path=automated_traffic_capture_setting.keep_local_copy tf_rpc=ReadResource
2026-03-03T16:32:27.285+0530 [DEBUG] sdk.framework: Value switched to prior value due to semantic equality logic: tf_attribute_path=automated_traffic_capture_setting.traffic_capture_enable tf_rpc=ReadResource tf_req_id=61c06e1b-68a1-3116-2178-adb87eec26f4 tf_provider_addr=registry.terraform.io/hashicorp/nios tf_resource_type=nios_grid_member
2026-03-03T16:32:27.285+0530 [DEBUG] sdk.framework: Value switched to prior value due to semantic equality logic: tf_attribute_path=automated_traffic_capture_setting tf_rpc=ReadResource tf_req_id=61c06e1b-68a1-3116-2178-adb87eec26f4 tf_provider_addr=registry.terraform.io/hashicorp/nios tf_resource_type=nios_grid_member
2026-03-03T16:32:27.285+0530 [DEBUG] sdk.framework: Value switched to prior value due to semantic equality logic: tf_req_id=61c06e1b-68a1-3116-2178-adb87eec26f4 tf_provider_addr=registry.terraform.io/hashicorp/nios tf_resource_type=nios_grid_member tf_attribute_path=time_zone tf_rpc=ReadResource
2026-03-03T16:32:27.285+0530 [DEBUG] sdk.framework: Value switched to prior value due to semantic equality logic: tf_req_id=61c06e1b-68a1-3116-2178-adb87eec26f4 tf_provider_addr=registry.terraform.io/hashicorp/nios tf_resource_type=nios_grid_member tf_rpc=ReadResource tf_attribute_path=config_addr_type
2026-03-03T16:32:27.285+0530 [DEBUG] sdk.framework: Value switched to prior value due to semantic equality logic: tf_req_id=61c06e1b-68a1-3116-2178-adb87eec26f4 tf_provider_addr=registry.terraform.io/hashicorp/nios tf_resource_type=nios_grid_member tf_attribute_path=traffic_capture_qps_setting.qps_trigger_enable tf_rpc=ReadResource
2026-03-03T16:32:27.285+0530 [DEBUG] sdk.framework: Value switched to prior value due to semantic equality logic: tf_rpc=ReadResource tf_req_id=61c06e1b-68a1-3116-2178-adb87eec26f4 tf_provider_addr=registry.terraform.io/hashicorp/nios tf_resource_type=nios_grid_member tf_attribute_path=traffic_capture_qps_setting
2026-03-03T16:32:27.285+0530 [DEBUG] sdk.framework: Value switched to prior value due to semantic equality logic: tf_attribute_path=use_email_setting tf_rpc=ReadResource tf_req_id=61c06e1b-68a1-3116-2178-adb87eec26f4 tf_provider_addr=registry.terraform.io/hashicorp/nios tf_resource_type=nios_grid_member
2026-03-03T16:32:27.285+0530 [DEBUG] sdk.framework: Value switched to prior value due to semantic equality logic: tf_provider_addr=registry.terraform.io/hashicorp/nios tf_resource_type=nios_grid_member tf_attribute_path=traffic_capture_chr_setting.chr_trigger_enable tf_rpc=ReadResource tf_req_id=61c06e1b-68a1-3116-2178-adb87eec26f4
2026-03-03T16:32:27.285+0530 [DEBUG] sdk.framework: Value switched to prior value due to semantic equality logic: tf_req_id=61c06e1b-68a1-3116-2178-adb87eec26f4 tf_provider_addr=registry.terraform.io/hashicorp/nios tf_resource_type=nios_grid_member tf_attribute_path=traffic_capture_chr_setting tf_rpc=ReadResource
2026-03-03T16:32:27.285+0530 [DEBUG] sdk.framework: Value switched to prior value due to semantic equality logic: tf_rpc=ReadResource tf_req_id=61c06e1b-68a1-3116-2178-adb87eec26f4 tf_provider_addr=registry.terraform.io/hashicorp/nios tf_attribute_path=lan2_enabled tf_resource_type=nios_grid_member
2026-03-03T16:32:27.285+0530 [DEBUG] sdk.framework: Value switched to prior value due to semantic equality logic: tf_resource_type=nios_grid_member tf_attribute_path=vpn_mtu tf_rpc=ReadResource tf_req_id=61c06e1b-68a1-3116-2178-adb87eec26f4 tf_provider_addr=registry.terraform.io/hashicorp/nios
2026-03-03T16:32:27.285+0530 [DEBUG] sdk.framework: Value switched to prior value due to semantic equality logic: tf_rpc=ReadResource tf_req_id=61c06e1b-68a1-3116-2178-adb87eec26f4 tf_attribute_path=passive_ha_arp_enabled tf_provider_addr=registry.terraform.io/hashicorp/nios tf_resource_type=nios_grid_member
2026-03-03T16:32:27.285+0530 [DEBUG] sdk.framework: Value switched to prior value due to semantic equality logic: tf_req_id=61c06e1b-68a1-3116-2178-adb87eec26f4 tf_provider_addr=registry.terraform.io/hashicorp/nios tf_resource_type=nios_grid_member tf_attribute_path=use_traffic_capture_rec_dns tf_rpc=ReadResource
2026-03-03T16:32:27.285+0530 [DEBUG] sdk.framework: Value switched to prior value due to semantic equality logic: tf_rpc=ReadResource tf_attribute_path=snmp_setting.queries_community_string tf_req_id=61c06e1b-68a1-3116-2178-adb87eec26f4 tf_provider_addr=registry.terraform.io/hashicorp/nios tf_resource_type=nios_grid_member
2026-03-03T16:32:27.285+0530 [DEBUG] sdk.framework: Value switched to prior value due to semantic equality logic: tf_rpc=ReadResource tf_attribute_path=snmp_setting.snmpv3_queries_enable tf_req_id=61c06e1b-68a1-3116-2178-adb87eec26f4 tf_provider_addr=registry.terraform.io/hashicorp/nios tf_resource_type=nios_grid_member
2026-03-03T16:32:27.285+0530 [DEBUG] sdk.framework: Value switched to prior value due to semantic equality logic: tf_provider_addr=registry.terraform.io/hashicorp/nios tf_resource_type=nios_grid_member tf_rpc=ReadResource tf_attribute_path=snmp_setting.snmpv3_traps_enable tf_req_id=61c06e1b-68a1-3116-2178-adb87eec26f4
2026-03-03T16:32:27.285+0530 [DEBUG] sdk.framework: Value switched to prior value due to semantic equality logic: tf_req_id=61c06e1b-68a1-3116-2178-adb87eec26f4 tf_provider_addr=registry.terraform.io/hashicorp/nios tf_resource_type=nios_grid_member tf_rpc=ReadResource tf_attribute_path=snmp_setting.engine_id[0]
2026-03-03T16:32:27.285+0530 [DEBUG] sdk.framework: Value switched to prior value due to semantic equality logic: tf_req_id=61c06e1b-68a1-3116-2178-adb87eec26f4 tf_provider_addr=registry.terraform.io/hashicorp/nios tf_resource_type=nios_grid_member tf_rpc=ReadResource tf_attribute_path=snmp_setting.engine_id
2026-03-03T16:32:27.285+0530 [DEBUG] sdk.framework: Value switched to prior value due to semantic equality logic: tf_attribute_path=snmp_setting.sysname[0] tf_req_id=61c06e1b-68a1-3116-2178-adb87eec26f4 tf_provider_addr=registry.terraform.io/hashicorp/nios tf_resource_type=nios_grid_member tf_rpc=ReadResource
2026-03-03T16:32:27.285+0530 [DEBUG] sdk.framework: Value switched to prior value due to semantic equality logic: tf_rpc=ReadResource tf_attribute_path=snmp_setting.sysname tf_req_id=61c06e1b-68a1-3116-2178-adb87eec26f4 tf_provider_addr=registry.terraform.io/hashicorp/nios tf_resource_type=nios_grid_member
2026-03-03T16:32:27.285+0530 [DEBUG] sdk.framework: Value switched to prior value due to semantic equality logic: tf_rpc=ReadResource tf_attribute_path=snmp_setting.queries_enable tf_req_id=61c06e1b-68a1-3116-2178-adb87eec26f4 tf_provider_addr=registry.terraform.io/hashicorp/nios tf_resource_type=nios_grid_member
2026-03-03T16:32:27.285+0530 [DEBUG] sdk.framework: Value switched to prior value due to semantic equality logic: tf_rpc=ReadResource tf_attribute_path=snmp_setting.traps_enable tf_req_id=61c06e1b-68a1-3116-2178-adb87eec26f4 tf_provider_addr=registry.terraform.io/hashicorp/nios tf_resource_type=nios_grid_member
2026-03-03T16:32:27.285+0530 [DEBUG] sdk.framework: Value switched to prior value due to semantic equality logic: tf_attribute_path=snmp_setting.traps_community_string tf_req_id=61c06e1b-68a1-3116-2178-adb87eec26f4 tf_provider_addr=registry.terraform.io/hashicorp/nios tf_resource_type=nios_grid_member tf_rpc=ReadResource
2026-03-03T16:32:27.285+0530 [DEBUG] sdk.framework: Value switched to prior value due to semantic equality logic: tf_resource_type=nios_grid_member tf_rpc=ReadResource tf_attribute_path=snmp_setting tf_req_id=61c06e1b-68a1-3116-2178-adb87eec26f4 tf_provider_addr=registry.terraform.io/hashicorp/nios
2026-03-03T16:32:27.285+0530 [DEBUG] sdk.framework: Value switched to prior value due to semantic equality logic: tf_rpc=ReadResource tf_req_id=61c06e1b-68a1-3116-2178-adb87eec26f4 tf_provider_addr=registry.terraform.io/hashicorp/nios tf_resource_type=nios_grid_member tf_attribute_path=preserve_if_owns_delegation
2026-03-03T16:32:27.285+0530 [DEBUG] sdk.framework: Value switched to prior value due to semantic equality logic: tf_resource_type=nios_grid_member tf_attribute_path=enable_lom tf_rpc=ReadResource tf_req_id=61c06e1b-68a1-3116-2178-adb87eec26f4 tf_provider_addr=registry.terraform.io/hashicorp/nios
2026-03-03T16:32:27.286+0530 [DEBUG] sdk.framework: Value switched to prior value due to semantic equality logic: tf_rpc=ReadResource tf_req_id=61c06e1b-68a1-3116-2178-adb87eec26f4 tf_provider_addr=registry.terraform.io/hashicorp/nios tf_resource_type=nios_grid_member tf_attribute_path=trap_notifications[0].trap_type
2026-03-03T16:32:27.286+0530 [DEBUG] sdk.framework: Value switched to prior value due to semantic equality logic: tf_attribute_path=trap_notifications[0].enable_email tf_rpc=ReadResource tf_req_id=61c06e1b-68a1-3116-2178-adb87eec26f4 tf_provider_addr=registry.terraform.io/hashicorp/nios tf_resource_type=nios_grid_member
2026-03-03T16:32:27.286+0530 [DEBUG] sdk.framework: Value switched to prior value due to semantic equality logic: tf_attribute_path=trap_notifications[0].enable_trap tf_rpc=ReadResource tf_req_id=61c06e1b-68a1-3116-2178-adb87eec26f4 tf_provider_addr=registry.terraform.io/hashicorp/nios tf_resource_type=nios_grid_member
2026-03-03T16:32:27.286+0530 [DEBUG] sdk.framework: Value switched to prior value due to semantic equality logic: tf_resource_type=nios_grid_member tf_attribute_path=trap_notifications[0] tf_rpc=ReadResource tf_req_id=61c06e1b-68a1-3116-2178-adb87eec26f4 tf_provider_addr=registry.terraform.io/hashicorp/nios
2026-03-03T16:32:27.286+0530 [DEBUG] sdk.framework: Value switched to prior value due to semantic equality logic: tf_rpc=ReadResource tf_req_id=61c06e1b-68a1-3116-2178-adb87eec26f4 tf_provider_addr=registry.terraform.io/hashicorp/nios tf_resource_type=nios_grid_member tf_attribute_path=trap_notifications[1].trap_type
2026-03-03T16:32:27.286+0530 [DEBUG] sdk.framework: Value switched to prior value due to semantic equality logic: tf_provider_addr=registry.terraform.io/hashicorp/nios tf_resource_type=nios_grid_member tf_attribute_path=trap_notifications[1].enable_email tf_rpc=ReadResource tf_req_id=61c06e1b-68a1-3116-2178-adb87eec26f4
2026-03-03T16:32:27.286+0530 [DEBUG] sdk.framework: Value switched to prior value due to semantic equality logic: tf_rpc=ReadResource tf_req_id=61c06e1b-68a1-3116-2178-adb87eec26f4 tf_provider_addr=registry.terraform.io/hashicorp/nios tf_resource_type=nios_grid_member tf_attribute_path=trap_notifications[1].enable_trap
2026-03-03T16:32:27.286+0530 [DEBUG] sdk.framework: Value switched to prior value due to semantic equality logic: tf_rpc=ReadResource tf_req_id=61c06e1b-68a1-3116-2178-adb87eec26f4 tf_provider_addr=registry.terraform.io/hashicorp/nios tf_resource_type=nios_grid_member tf_attribute_path=trap_notifications[1]
2026-03-03T16:32:27.286+0530 [DEBUG] sdk.framework: Value switched to prior value due to semantic equality logic: tf_provider_addr=registry.terraform.io/hashicorp/nios tf_resource_type=nios_grid_member tf_attribute_path=trap_notifications[2].trap_type tf_rpc=ReadResource tf_req_id=61c06e1b-68a1-3116-2178-adb87eec26f4
2026-03-03T16:32:27.286+0530 [DEBUG] sdk.framework: Value switched to prior value due to semantic equality logic: tf_attribute_path=trap_notifications[2].enable_email tf_rpc=ReadResource tf_req_id=61c06e1b-68a1-3116-2178-adb87eec26f4 tf_provider_addr=registry.terraform.io/hashicorp/nios tf_resource_type=nios_grid_member
2026-03-03T16:32:27.286+0530 [DEBUG] sdk.framework: Value switched to prior value due to semantic equality logic: tf_req_id=61c06e1b-68a1-3116-2178-adb87eec26f4 tf_provider_addr=registry.terraform.io/hashicorp/nios tf_resource_type=nios_grid_member tf_attribute_path=trap_notifications[2].enable_trap tf_rpc=ReadResource
2026-03-03T16:32:27.286+0530 [DEBUG] sdk.framework: Value switched to prior value due to semantic equality logic: tf_resource_type=nios_grid_member tf_attribute_path=trap_notifications[2] tf_rpc=ReadResource tf_req_id=61c06e1b-68a1-3116-2178-adb87eec26f4 tf_provider_addr=registry.terraform.io/hashicorp/nios
2026-03-03T16:32:27.286+0530 [DEBUG] sdk.framework: Value switched to prior value due to semantic equality logic: tf_req_id=61c06e1b-68a1-3116-2178-adb87eec26f4 tf_provider_addr=registry.terraform.io/hashicorp/nios tf_resource_type=nios_grid_member tf_attribute_path=trap_notifications[3].enable_email tf_rpc=ReadResource
2026-03-03T16:32:27.286+0530 [DEBUG] sdk.framework: Value switched to prior value due to semantic equality logic: tf_attribute_path=trap_notifications[3].enable_trap tf_rpc=ReadResource tf_req_id=61c06e1b-68a1-3116-2178-adb87eec26f4 tf_provider_addr=registry.terraform.io/hashicorp/nios tf_resource_type=nios_grid_member
2026-03-03T16:32:27.286+0530 [DEBUG] sdk.framework: Value switched to prior value due to semantic equality logic: tf_attribute_path=trap_notifications[3].trap_type tf_rpc=ReadResource tf_req_id=61c06e1b-68a1-3116-2178-adb87eec26f4 tf_provider_addr=registry.terraform.io/hashicorp/nios tf_resource_type=nios_grid_member
2026-03-03T16:32:27.286+0530 [DEBUG] sdk.framework: Value switched to prior value due to semantic equality logic: tf_attribute_path=trap_notifications[3] tf_rpc=ReadResource tf_req_id=61c06e1b-68a1-3116-2178-adb87eec26f4 tf_provider_addr=registry.terraform.io/hashicorp/nios tf_resource_type=nios_grid_member
2026-03-03T16:32:27.286+0530 [DEBUG] sdk.framework: Value switched to prior value due to semantic equality logic: tf_resource_type=nios_grid_member tf_attribute_path=trap_notifications[4].trap_type tf_rpc=ReadResource tf_req_id=61c06e1b-68a1-3116-2178-adb87eec26f4 tf_provider_addr=registry.terraform.io/hashicorp/nios
2026-03-03T16:32:27.286+0530 [DEBUG] sdk.framework: Value switched to prior value due to semantic equality logic: tf_req_id=61c06e1b-68a1-3116-2178-adb87eec26f4 tf_provider_addr=registry.terraform.io/hashicorp/nios tf_resource_type=nios_grid_member tf_attribute_path=trap_notifications[4].enable_email tf_rpc=ReadResource
2026-03-03T16:32:27.286+0530 [DEBUG] sdk.framework: Value switched to prior value due to semantic equality logic: tf_attribute_path=trap_notifications[4].enable_trap tf_rpc=ReadResource tf_req_id=61c06e1b-68a1-3116-2178-adb87eec26f4 tf_provider_addr=registry.terraform.io/hashicorp/nios tf_resource_type=nios_grid_member
2026-03-03T16:32:27.286+0530 [DEBUG] sdk.framework: Value switched to prior value due to semantic equality logic: tf_resource_type=nios_grid_member tf_attribute_path=trap_notifications[4] tf_rpc=ReadResource tf_req_id=61c06e1b-68a1-3116-2178-adb87eec26f4 tf_provider_addr=registry.terraform.io/hashicorp/nios
2026-03-03T16:32:27.286+0530 [DEBUG] sdk.framework: Value switched to prior value due to semantic equality logic: tf_req_id=61c06e1b-68a1-3116-2178-adb87eec26f4 tf_provider_addr=registry.terraform.io/hashicorp/nios tf_resource_type=nios_grid_member tf_attribute_path=trap_notifications[5].enable_email tf_rpc=ReadResource
2026-03-03T16:32:27.286+0530 [DEBUG] sdk.framework: Value switched to prior value due to semantic equality logic: tf_rpc=ReadResource tf_req_id=61c06e1b-68a1-3116-2178-adb87eec26f4 tf_provider_addr=registry.terraform.io/hashicorp/nios tf_resource_type=nios_grid_member tf_attribute_path=trap_notifications[5].enable_trap
2026-03-03T16:32:27.286+0530 [DEBUG] sdk.framework: Value switched to prior value due to semantic equality logic: tf_req_id=61c06e1b-68a1-3116-2178-adb87eec26f4 tf_provider_addr=registry.terraform.io/hashicorp/nios tf_resource_type=nios_grid_member tf_attribute_path=trap_notifications[5].trap_type tf_rpc=ReadResource
2026-03-03T16:32:27.286+0530 [DEBUG] sdk.framework: Value switched to prior value due to semantic equality logic: tf_rpc=ReadResource tf_req_id=61c06e1b-68a1-3116-2178-adb87eec26f4 tf_provider_addr=registry.terraform.io/hashicorp/nios tf_resource_type=nios_grid_member tf_attribute_path=trap_notifications[5]
2026-03-03T16:32:27.286+0530 [DEBUG] sdk.framework: Value switched to prior value due to semantic equality logic: tf_provider_addr=registry.terraform.io/hashicorp/nios tf_resource_type=nios_grid_member tf_attribute_path=trap_notifications[6].enable_email tf_rpc=ReadResource tf_req_id=61c06e1b-68a1-3116-2178-adb87eec26f4
2026-03-03T16:32:27.286+0530 [DEBUG] sdk.framework: Value switched to prior value due to semantic equality logic: tf_attribute_path=trap_notifications[6].enable_trap tf_rpc=ReadResource tf_req_id=61c06e1b-68a1-3116-2178-adb87eec26f4 tf_provider_addr=registry.terraform.io/hashicorp/nios tf_resource_type=nios_grid_member
2026-03-03T16:32:27.286+0530 [DEBUG] sdk.framework: Value switched to prior value due to semantic equality logic: tf_provider_addr=registry.terraform.io/hashicorp/nios tf_resource_type=nios_grid_member tf_attribute_path=trap_notifications[6].trap_type tf_rpc=ReadResource tf_req_id=61c06e1b-68a1-3116-2178-adb87eec26f4
2026-03-03T16:32:27.286+0530 [DEBUG] sdk.framework: Value switched to prior value due to semantic equality logic: tf_req_id=61c06e1b-68a1-3116-2178-adb87eec26f4 tf_provider_addr=registry.terraform.io/hashicorp/nios tf_resource_type=nios_grid_member tf_attribute_path=trap_notifications[6] tf_rpc=ReadResource
2026-03-03T16:32:27.286+0530 [DEBUG] sdk.framework: Value switched to prior value due to semantic equality logic: tf_resource_type=nios_grid_member tf_attribute_path=trap_notifications[7].enable_trap tf_rpc=ReadResource tf_req_id=61c06e1b-68a1-3116-2178-adb87eec26f4 tf_provider_addr=registry.terraform.io/hashicorp/nios
2026-03-03T16:32:27.286+0530 [DEBUG] sdk.framework: Value switched to prior value due to semantic equality logic: tf_resource_type=nios_grid_member tf_attribute_path=trap_notifications[7].trap_type tf_rpc=ReadResource tf_req_id=61c06e1b-68a1-3116-2178-adb87eec26f4 tf_provider_addr=registry.terraform.io/hashicorp/nios
2026-03-03T16:32:27.286+0530 [DEBUG] sdk.framework: Value switched to prior value due to semantic equality logic: tf_attribute_path=trap_notifications[7].enable_email tf_rpc=ReadResource tf_req_id=61c06e1b-68a1-3116-2178-adb87eec26f4 tf_provider_addr=registry.terraform.io/hashicorp/nios tf_resource_type=nios_grid_member
2026-03-03T16:32:27.286+0530 [DEBUG] sdk.framework: Value switched to prior value due to semantic equality logic: tf_attribute_path=trap_notifications[7] tf_rpc=ReadResource tf_req_id=61c06e1b-68a1-3116-2178-adb87eec26f4 tf_provider_addr=registry.terraform.io/hashicorp/nios tf_resource_type=nios_grid_member
2026-03-03T16:32:27.286+0530 [DEBUG] sdk.framework: Value switched to prior value due to semantic equality logic: tf_rpc=ReadResource tf_req_id=61c06e1b-68a1-3116-2178-adb87eec26f4 tf_provider_addr=registry.terraform.io/hashicorp/nios tf_resource_type=nios_grid_member tf_attribute_path=trap_notifications[8].trap_type
2026-03-03T16:32:27.286+0530 [DEBUG] sdk.framework: Value switched to prior value due to semantic equality logic: tf_rpc=ReadResource tf_req_id=61c06e1b-68a1-3116-2178-adb87eec26f4 tf_provider_addr=registry.terraform.io/hashicorp/nios tf_resource_type=nios_grid_member tf_attribute_path=trap_notifications[8].enable_email
2026-03-03T16:32:27.286+0530 [DEBUG] sdk.framework: Value switched to prior value due to semantic equality logic: tf_resource_type=nios_grid_member tf_attribute_path=trap_notifications[8].enable_trap tf_rpc=ReadResource tf_req_id=61c06e1b-68a1-3116-2178-adb87eec26f4 tf_provider_addr=registry.terraform.io/hashicorp/nios
2026-03-03T16:32:27.286+0530 [DEBUG] sdk.framework: Value switched to prior value due to semantic equality logic: tf_rpc=ReadResource tf_req_id=61c06e1b-68a1-3116-2178-adb87eec26f4 tf_provider_addr=registry.terraform.io/hashicorp/nios tf_resource_type=nios_grid_member tf_attribute_path=trap_notifications[8]
2026-03-03T16:32:27.286+0530 [DEBUG] sdk.framework: Value switched to prior value due to semantic equality logic: tf_rpc=ReadResource tf_req_id=61c06e1b-68a1-3116-2178-adb87eec26f4 tf_provider_addr=registry.terraform.io/hashicorp/nios tf_resource_type=nios_grid_member tf_attribute_path=trap_notifications[9].trap_type
2026-03-03T16:32:27.286+0530 [DEBUG] sdk.framework: Value switched to prior value due to semantic equality logic: tf_resource_type=nios_grid_member tf_attribute_path=trap_notifications[9].enable_email tf_rpc=ReadResource tf_req_id=61c06e1b-68a1-3116-2178-adb87eec26f4 tf_provider_addr=registry.terraform.io/hashicorp/nios
2026-03-03T16:32:27.286+0530 [DEBUG] sdk.framework: Value switched to prior value due to semantic equality logic: tf_rpc=ReadResource tf_req_id=61c06e1b-68a1-3116-2178-adb87eec26f4 tf_provider_addr=registry.terraform.io/hashicorp/nios tf_resource_type=nios_grid_member tf_attribute_path=trap_notifications[9].enable_trap
2026-03-03T16:32:27.286+0530 [DEBUG] sdk.framework: Value switched to prior value due to semantic equality logic: tf_provider_addr=registry.terraform.io/hashicorp/nios tf_resource_type=nios_grid_member tf_attribute_path=trap_notifications[9] tf_rpc=ReadResource tf_req_id=61c06e1b-68a1-3116-2178-adb87eec26f4
2026-03-03T16:32:27.286+0530 [DEBUG] sdk.framework: Value switched to prior value due to semantic equality logic: tf_req_id=61c06e1b-68a1-3116-2178-adb87eec26f4 tf_provider_addr=registry.terraform.io/hashicorp/nios tf_resource_type=nios_grid_member tf_attribute_path=trap_notifications[10].trap_type tf_rpc=ReadResource
2026-03-03T16:32:27.286+0530 [DEBUG] sdk.framework: Value switched to prior value due to semantic equality logic: tf_resource_type=nios_grid_member tf_attribute_path=trap_notifications[10].enable_email tf_rpc=ReadResource tf_req_id=61c06e1b-68a1-3116-2178-adb87eec26f4 tf_provider_addr=registry.terraform.io/hashicorp/nios
2026-03-03T16:32:27.286+0530 [DEBUG] sdk.framework: Value switched to prior value due to semantic equality logic: tf_rpc=ReadResource tf_req_id=61c06e1b-68a1-3116-2178-adb87eec26f4 tf_provider_addr=registry.terraform.io/hashicorp/nios tf_resource_type=nios_grid_member tf_attribute_path=trap_notifications[10].enable_trap
2026-03-03T16:32:27.286+0530 [DEBUG] sdk.framework: Value switched to prior value due to semantic equality logic: tf_resource_type=nios_grid_member tf_attribute_path=trap_notifications[10] tf_rpc=ReadResource tf_req_id=61c06e1b-68a1-3116-2178-adb87eec26f4 tf_provider_addr=registry.terraform.io/hashicorp/nios
2026-03-03T16:32:27.286+0530 [DEBUG] sdk.framework: Value switched to prior value due to semantic equality logic: tf_resource_type=nios_grid_member tf_attribute_path=trap_notifications[11].enable_email tf_rpc=ReadResource tf_req_id=61c06e1b-68a1-3116-2178-adb87eec26f4 tf_provider_addr=registry.terraform.io/hashicorp/nios
2026-03-03T16:32:27.286+0530 [DEBUG] sdk.framework: Value switched to prior value due to semantic equality logic: tf_attribute_path=trap_notifications[11].enable_trap tf_rpc=ReadResource tf_req_id=61c06e1b-68a1-3116-2178-adb87eec26f4 tf_provider_addr=registry.terraform.io/hashicorp/nios tf_resource_type=nios_grid_member
2026-03-03T16:32:27.286+0530 [DEBUG] sdk.framework: Value switched to prior value due to semantic equality logic: tf_provider_addr=registry.terraform.io/hashicorp/nios tf_resource_type=nios_grid_member tf_attribute_path=trap_notifications[11].trap_type tf_rpc=ReadResource tf_req_id=61c06e1b-68a1-3116-2178-adb87eec26f4
2026-03-03T16:32:27.286+0530 [DEBUG] sdk.framework: Value switched to prior value due to semantic equality logic: tf_req_id=61c06e1b-68a1-3116-2178-adb87eec26f4 tf_provider_addr=registry.terraform.io/hashicorp/nios tf_resource_type=nios_grid_member tf_attribute_path=trap_notifications[11] tf_rpc=ReadResource
2026-03-03T16:32:27.286+0530 [DEBUG] sdk.framework: Value switched to prior value due to semantic equality logic: tf_rpc=ReadResource tf_req_id=61c06e1b-68a1-3116-2178-adb87eec26f4 tf_provider_addr=registry.terraform.io/hashicorp/nios tf_resource_type=nios_grid_member tf_attribute_path=trap_notifications[12].enable_trap
2026-03-03T16:32:27.286+0530 [DEBUG] sdk.framework: Value switched to prior value due to semantic equality logic: tf_req_id=61c06e1b-68a1-3116-2178-adb87eec26f4 tf_provider_addr=registry.terraform.io/hashicorp/nios tf_resource_type=nios_grid_member tf_attribute_path=trap_notifications[12].trap_type tf_rpc=ReadResource
2026-03-03T16:32:27.286+0530 [DEBUG] sdk.framework: Value switched to prior value due to semantic equality logic: tf_req_id=61c06e1b-68a1-3116-2178-adb87eec26f4 tf_provider_addr=registry.terraform.io/hashicorp/nios tf_resource_type=nios_grid_member tf_attribute_path=trap_notifications[12].enable_email tf_rpc=ReadResource
2026-03-03T16:32:27.286+0530 [DEBUG] sdk.framework: Value switched to prior value due to semantic equality logic: tf_attribute_path=trap_notifications[12] tf_rpc=ReadResource tf_req_id=61c06e1b-68a1-3116-2178-adb87eec26f4 tf_provider_addr=registry.terraform.io/hashicorp/nios tf_resource_type=nios_grid_member
2026-03-03T16:32:27.286+0530 [DEBUG] sdk.framework: Value switched to prior value due to semantic equality logic: tf_resource_type=nios_grid_member tf_attribute_path=trap_notifications[13].enable_trap tf_rpc=ReadResource tf_req_id=61c06e1b-68a1-3116-2178-adb87eec26f4 tf_provider_addr=registry.terraform.io/hashicorp/nios
2026-03-03T16:32:27.286+0530 [DEBUG] sdk.framework: Value switched to prior value due to semantic equality logic: tf_rpc=ReadResource tf_req_id=61c06e1b-68a1-3116-2178-adb87eec26f4 tf_provider_addr=registry.terraform.io/hashicorp/nios tf_resource_type=nios_grid_member tf_attribute_path=trap_notifications[13].trap_type
2026-03-03T16:32:27.286+0530 [DEBUG] sdk.framework: Value switched to prior value due to semantic equality logic: tf_resource_type=nios_grid_member tf_attribute_path=trap_notifications[13].enable_email tf_rpc=ReadResource tf_req_id=61c06e1b-68a1-3116-2178-adb87eec26f4 tf_provider_addr=registry.terraform.io/hashicorp/nios
2026-03-03T16:32:27.286+0530 [DEBUG] sdk.framework: Value switched to prior value due to semantic equality logic: tf_attribute_path=trap_notifications[13] tf_rpc=ReadResource tf_req_id=61c06e1b-68a1-3116-2178-adb87eec26f4 tf_provider_addr=registry.terraform.io/hashicorp/nios tf_resource_type=nios_grid_member
2026-03-03T16:32:27.286+0530 [DEBUG] sdk.framework: Value switched to prior value due to semantic equality logic: tf_rpc=ReadResource tf_req_id=61c06e1b-68a1-3116-2178-adb87eec26f4 tf_provider_addr=registry.terraform.io/hashicorp/nios tf_resource_type=nios_grid_member tf_attribute_path=trap_notifications[14].enable_email
2026-03-03T16:32:27.286+0530 [DEBUG] sdk.framework: Value switched to prior value due to semantic equality logic: tf_attribute_path=trap_notifications[14].enable_trap tf_rpc=ReadResource tf_req_id=61c06e1b-68a1-3116-2178-adb87eec26f4 tf_provider_addr=registry.terraform.io/hashicorp/nios tf_resource_type=nios_grid_member
2026-03-03T16:32:27.286+0530 [DEBUG] sdk.framework: Value switched to prior value due to semantic equality logic: tf_rpc=ReadResource tf_req_id=61c06e1b-68a1-3116-2178-adb87eec26f4 tf_provider_addr=registry.terraform.io/hashicorp/nios tf_resource_type=nios_grid_member tf_attribute_path=trap_notifications[14].trap_type
2026-03-03T16:32:27.286+0530 [DEBUG] sdk.framework: Value switched to prior value due to semantic equality logic: tf_resource_type=nios_grid_member tf_attribute_path=trap_notifications[14] tf_rpc=ReadResource tf_req_id=61c06e1b-68a1-3116-2178-adb87eec26f4 tf_provider_addr=registry.terraform.io/hashicorp/nios
2026-03-03T16:32:27.286+0530 [DEBUG] sdk.framework: Value switched to prior value due to semantic equality logic: tf_attribute_path=trap_notifications[15].enable_trap tf_rpc=ReadResource tf_req_id=61c06e1b-68a1-3116-2178-adb87eec26f4 tf_provider_addr=registry.terraform.io/hashicorp/nios tf_resource_type=nios_grid_member
2026-03-03T16:32:27.286+0530 [DEBUG] sdk.framework: Value switched to prior value due to semantic equality logic: tf_provider_addr=registry.terraform.io/hashicorp/nios tf_resource_type=nios_grid_member tf_attribute_path=trap_notifications[15].trap_type tf_rpc=ReadResource tf_req_id=61c06e1b-68a1-3116-2178-adb87eec26f4
2026-03-03T16:32:27.286+0530 [DEBUG] sdk.framework: Value switched to prior value due to semantic equality logic: tf_resource_type=nios_grid_member tf_attribute_path=trap_notifications[15].enable_email tf_rpc=ReadResource tf_req_id=61c06e1b-68a1-3116-2178-adb87eec26f4 tf_provider_addr=registry.terraform.io/hashicorp/nios
2026-03-03T16:32:27.286+0530 [DEBUG] sdk.framework: Value switched to prior value due to semantic equality logic: tf_provider_addr=registry.terraform.io/hashicorp/nios tf_resource_type=nios_grid_member tf_attribute_path=trap_notifications[15] tf_rpc=ReadResource tf_req_id=61c06e1b-68a1-3116-2178-adb87eec26f4
2026-03-03T16:32:27.286+0530 [DEBUG] sdk.framework: Value switched to prior value due to semantic equality logic: tf_req_id=61c06e1b-68a1-3116-2178-adb87eec26f4 tf_provider_addr=registry.terraform.io/hashicorp/nios tf_resource_type=nios_grid_member tf_attribute_path=trap_notifications[16].trap_type tf_rpc=ReadResource
2026-03-03T16:32:27.286+0530 [DEBUG] sdk.framework: Value switched to prior value due to semantic equality logic: tf_rpc=ReadResource tf_req_id=61c06e1b-68a1-3116-2178-adb87eec26f4 tf_provider_addr=registry.terraform.io/hashicorp/nios tf_resource_type=nios_grid_member tf_attribute_path=trap_notifications[16].enable_email
2026-03-03T16:32:27.286+0530 [DEBUG] sdk.framework: Value switched to prior value due to semantic equality logic: tf_resource_type=nios_grid_member tf_attribute_path=trap_notifications[16].enable_trap tf_rpc=ReadResource tf_req_id=61c06e1b-68a1-3116-2178-adb87eec26f4 tf_provider_addr=registry.terraform.io/hashicorp/nios
2026-03-03T16:32:27.286+0530 [DEBUG] sdk.framework: Value switched to prior value due to semantic equality logic: tf_req_id=61c06e1b-68a1-3116-2178-adb87eec26f4 tf_provider_addr=registry.terraform.io/hashicorp/nios tf_resource_type=nios_grid_member tf_attribute_path=trap_notifications[16] tf_rpc=ReadResource
2026-03-03T16:32:27.286+0530 [DEBUG] sdk.framework: Value switched to prior value due to semantic equality logic: tf_req_id=61c06e1b-68a1-3116-2178-adb87eec26f4 tf_provider_addr=registry.terraform.io/hashicorp/nios tf_resource_type=nios_grid_member tf_attribute_path=trap_notifications[17].enable_trap tf_rpc=ReadResource
2026-03-03T16:32:27.286+0530 [DEBUG] sdk.framework: Value switched to prior value due to semantic equality logic: tf_attribute_path=trap_notifications[17].trap_type tf_rpc=ReadResource tf_req_id=61c06e1b-68a1-3116-2178-adb87eec26f4 tf_provider_addr=registry.terraform.io/hashicorp/nios tf_resource_type=nios_grid_member
2026-03-03T16:32:27.286+0530 [DEBUG] sdk.framework: Value switched to prior value due to semantic equality logic: tf_rpc=ReadResource tf_req_id=61c06e1b-68a1-3116-2178-adb87eec26f4 tf_provider_addr=registry.terraform.io/hashicorp/nios tf_resource_type=nios_grid_member tf_attribute_path=trap_notifications[17].enable_email
2026-03-03T16:32:27.286+0530 [DEBUG] sdk.framework: Value switched to prior value due to semantic equality logic: tf_resource_type=nios_grid_member tf_attribute_path=trap_notifications[17] tf_rpc=ReadResource tf_req_id=61c06e1b-68a1-3116-2178-adb87eec26f4 tf_provider_addr=registry.terraform.io/hashicorp/nios
2026-03-03T16:32:27.286+0530 [DEBUG] sdk.framework: Value switched to prior value due to semantic equality logic: tf_resource_type=nios_grid_member tf_attribute_path=trap_notifications[18].trap_type tf_rpc=ReadResource tf_req_id=61c06e1b-68a1-3116-2178-adb87eec26f4 tf_provider_addr=registry.terraform.io/hashicorp/nios
2026-03-03T16:32:27.286+0530 [DEBUG] sdk.framework: Value switched to prior value due to semantic equality logic: tf_provider_addr=registry.terraform.io/hashicorp/nios tf_resource_type=nios_grid_member tf_attribute_path=trap_notifications[18].enable_email tf_rpc=ReadResource tf_req_id=61c06e1b-68a1-3116-2178-adb87eec26f4
2026-03-03T16:32:27.286+0530 [DEBUG] sdk.framework: Value switched to prior value due to semantic equality logic: tf_provider_addr=registry.terraform.io/hashicorp/nios tf_resource_type=nios_grid_member tf_attribute_path=trap_notifications[18].enable_trap tf_rpc=ReadResource tf_req_id=61c06e1b-68a1-3116-2178-adb87eec26f4
2026-03-03T16:32:27.286+0530 [DEBUG] sdk.framework: Value switched to prior value due to semantic equality logic: tf_rpc=ReadResource tf_req_id=61c06e1b-68a1-3116-2178-adb87eec26f4 tf_provider_addr=registry.terraform.io/hashicorp/nios tf_resource_type=nios_grid_member tf_attribute_path=trap_notifications[18]
2026-03-03T16:32:27.286+0530 [DEBUG] sdk.framework: Value switched to prior value due to semantic equality logic: tf_rpc=ReadResource tf_req_id=61c06e1b-68a1-3116-2178-adb87eec26f4 tf_provider_addr=registry.terraform.io/hashicorp/nios tf_resource_type=nios_grid_member tf_attribute_path=trap_notifications[19].enable_email
2026-03-03T16:32:27.286+0530 [DEBUG] sdk.framework: Value switched to prior value due to semantic equality logic: tf_resource_type=nios_grid_member tf_attribute_path=trap_notifications[19].enable_trap tf_rpc=ReadResource tf_req_id=61c06e1b-68a1-3116-2178-adb87eec26f4 tf_provider_addr=registry.terraform.io/hashicorp/nios
2026-03-03T16:32:27.286+0530 [DEBUG] sdk.framework: Value switched to prior value due to semantic equality logic: tf_rpc=ReadResource tf_req_id=61c06e1b-68a1-3116-2178-adb87eec26f4 tf_provider_addr=registry.terraform.io/hashicorp/nios tf_resource_type=nios_grid_member tf_attribute_path=trap_notifications[19].trap_type
2026-03-03T16:32:27.286+0530 [DEBUG] sdk.framework: Value switched to prior value due to semantic equality logic: tf_rpc=ReadResource tf_req_id=61c06e1b-68a1-3116-2178-adb87eec26f4 tf_provider_addr=registry.terraform.io/hashicorp/nios tf_resource_type=nios_grid_member tf_attribute_path=trap_notifications[19]
2026-03-03T16:32:27.286+0530 [DEBUG] sdk.framework: Value switched to prior value due to semantic equality logic: tf_rpc=ReadResource tf_req_id=61c06e1b-68a1-3116-2178-adb87eec26f4 tf_provider_addr=registry.terraform.io/hashicorp/nios tf_resource_type=nios_grid_member tf_attribute_path=trap_notifications[20].enable_email
2026-03-03T16:32:27.286+0530 [DEBUG] sdk.framework: Value switched to prior value due to semantic equality logic: tf_attribute_path=trap_notifications[20].enable_trap tf_rpc=ReadResource tf_req_id=61c06e1b-68a1-3116-2178-adb87eec26f4 tf_provider_addr=registry.terraform.io/hashicorp/nios tf_resource_type=nios_grid_member
2026-03-03T16:32:27.286+0530 [DEBUG] sdk.framework: Value switched to prior value due to semantic equality logic: tf_req_id=61c06e1b-68a1-3116-2178-adb87eec26f4 tf_provider_addr=registry.terraform.io/hashicorp/nios tf_resource_type=nios_grid_member tf_attribute_path=trap_notifications[20].trap_type tf_rpc=ReadResource
2026-03-03T16:32:27.286+0530 [DEBUG] sdk.framework: Value switched to prior value due to semantic equality logic: tf_rpc=ReadResource tf_req_id=61c06e1b-68a1-3116-2178-adb87eec26f4 tf_provider_addr=registry.terraform.io/hashicorp/nios tf_resource_type=nios_grid_member tf_attribute_path=trap_notifications[20]
2026-03-03T16:32:27.286+0530 [DEBUG] sdk.framework: Value switched to prior value due to semantic equality logic: tf_rpc=ReadResource tf_req_id=61c06e1b-68a1-3116-2178-adb87eec26f4 tf_provider_addr=registry.terraform.io/hashicorp/nios tf_resource_type=nios_grid_member tf_attribute_path=trap_notifications[21].enable_trap
2026-03-03T16:32:27.286+0530 [DEBUG] sdk.framework: Value switched to prior value due to semantic equality logic: tf_attribute_path=trap_notifications[21].trap_type tf_rpc=ReadResource tf_req_id=61c06e1b-68a1-3116-2178-adb87eec26f4 tf_provider_addr=registry.terraform.io/hashicorp/nios tf_resource_type=nios_grid_member
2026-03-03T16:32:27.286+0530 [DEBUG] sdk.framework: Value switched to prior value due to semantic equality logic: tf_provider_addr=registry.terraform.io/hashicorp/nios tf_resource_type=nios_grid_member tf_attribute_path=trap_notifications[21].enable_email tf_rpc=ReadResource tf_req_id=61c06e1b-68a1-3116-2178-adb87eec26f4
2026-03-03T16:32:27.286+0530 [DEBUG] sdk.framework: Value switched to prior value due to semantic equality logic: tf_resource_type=nios_grid_member tf_attribute_path=trap_notifications[21] tf_rpc=ReadResource tf_req_id=61c06e1b-68a1-3116-2178-adb87eec26f4 tf_provider_addr=registry.terraform.io/hashicorp/nios
2026-03-03T16:32:27.286+0530 [DEBUG] sdk.framework: Value switched to prior value due to semantic equality logic: tf_rpc=ReadResource tf_req_id=61c06e1b-68a1-3116-2178-adb87eec26f4 tf_provider_addr=registry.terraform.io/hashicorp/nios tf_resource_type=nios_grid_member tf_attribute_path=trap_notifications[22].trap_type
2026-03-03T16:32:27.286+0530 [DEBUG] sdk.framework: Value switched to prior value due to semantic equality logic: tf_rpc=ReadResource tf_req_id=61c06e1b-68a1-3116-2178-adb87eec26f4 tf_provider_addr=registry.terraform.io/hashicorp/nios tf_resource_type=nios_grid_member tf_attribute_path=trap_notifications[22].enable_email
2026-03-03T16:32:27.286+0530 [DEBUG] sdk.framework: Value switched to prior value due to semantic equality logic: tf_req_id=61c06e1b-68a1-3116-2178-adb87eec26f4 tf_provider_addr=registry.terraform.io/hashicorp/nios tf_resource_type=nios_grid_member tf_attribute_path=trap_notifications[22].enable_trap tf_rpc=ReadResource
2026-03-03T16:32:27.286+0530 [DEBUG] sdk.framework: Value switched to prior value due to semantic equality logic: tf_resource_type=nios_grid_member tf_attribute_path=trap_notifications[22] tf_rpc=ReadResource tf_req_id=61c06e1b-68a1-3116-2178-adb87eec26f4 tf_provider_addr=registry.terraform.io/hashicorp/nios
2026-03-03T16:32:27.286+0530 [DEBUG] sdk.framework: Value switched to prior value due to semantic equality logic: tf_attribute_path=trap_notifications[23].trap_type tf_rpc=ReadResource tf_req_id=61c06e1b-68a1-3116-2178-adb87eec26f4 tf_provider_addr=registry.terraform.io/hashicorp/nios tf_resource_type=nios_grid_member
2026-03-03T16:32:27.286+0530 [DEBUG] sdk.framework: Value switched to prior value due to semantic equality logic: tf_req_id=61c06e1b-68a1-3116-2178-adb87eec26f4 tf_provider_addr=registry.terraform.io/hashicorp/nios tf_resource_type=nios_grid_member tf_attribute_path=trap_notifications[23].enable_email tf_rpc=ReadResource
2026-03-03T16:32:27.286+0530 [DEBUG] sdk.framework: Value switched to prior value due to semantic equality logic: tf_req_id=61c06e1b-68a1-3116-2178-adb87eec26f4 tf_provider_addr=registry.terraform.io/hashicorp/nios tf_resource_type=nios_grid_member tf_attribute_path=trap_notifications[23].enable_trap tf_rpc=ReadResource
2026-03-03T16:32:27.286+0530 [DEBUG] sdk.framework: Value switched to prior value due to semantic equality logic: tf_rpc=ReadResource tf_req_id=61c06e1b-68a1-3116-2178-adb87eec26f4 tf_provider_addr=registry.terraform.io/hashicorp/nios tf_resource_type=nios_grid_member tf_attribute_path=trap_notifications[23]
2026-03-03T16:32:27.286+0530 [DEBUG] sdk.framework: Value switched to prior value due to semantic equality logic: tf_attribute_path=trap_notifications[24].enable_trap tf_rpc=ReadResource tf_req_id=61c06e1b-68a1-3116-2178-adb87eec26f4 tf_provider_addr=registry.terraform.io/hashicorp/nios tf_resource_type=nios_grid_member
2026-03-03T16:32:27.286+0530 [DEBUG] sdk.framework: Value switched to prior value due to semantic equality logic: tf_provider_addr=registry.terraform.io/hashicorp/nios tf_resource_type=nios_grid_member tf_attribute_path=trap_notifications[24].trap_type tf_rpc=ReadResource tf_req_id=61c06e1b-68a1-3116-2178-adb87eec26f4
2026-03-03T16:32:27.286+0530 [DEBUG] sdk.framework: Value switched to prior value due to semantic equality logic: tf_resource_type=nios_grid_member tf_attribute_path=trap_notifications[24].enable_email tf_rpc=ReadResource tf_req_id=61c06e1b-68a1-3116-2178-adb87eec26f4 tf_provider_addr=registry.terraform.io/hashicorp/nios
2026-03-03T16:32:27.286+0530 [DEBUG] sdk.framework: Value switched to prior value due to semantic equality logic: tf_req_id=61c06e1b-68a1-3116-2178-adb87eec26f4 tf_provider_addr=registry.terraform.io/hashicorp/nios tf_resource_type=nios_grid_member tf_attribute_path=trap_notifications[24] tf_rpc=ReadResource
2026-03-03T16:32:27.286+0530 [DEBUG] sdk.framework: Value switched to prior value due to semantic equality logic: tf_resource_type=nios_grid_member tf_attribute_path=trap_notifications[25].enable_trap tf_rpc=ReadResource tf_req_id=61c06e1b-68a1-3116-2178-adb87eec26f4 tf_provider_addr=registry.terraform.io/hashicorp/nios
2026-03-03T16:32:27.286+0530 [DEBUG] sdk.framework: Value switched to prior value due to semantic equality logic: tf_rpc=ReadResource tf_req_id=61c06e1b-68a1-3116-2178-adb87eec26f4 tf_provider_addr=registry.terraform.io/hashicorp/nios tf_resource_type=nios_grid_member tf_attribute_path=trap_notifications[25].trap_type
2026-03-03T16:32:27.286+0530 [DEBUG] sdk.framework: Value switched to prior value due to semantic equality logic: tf_rpc=ReadResource tf_req_id=61c06e1b-68a1-3116-2178-adb87eec26f4 tf_provider_addr=registry.terraform.io/hashicorp/nios tf_resource_type=nios_grid_member tf_attribute_path=trap_notifications[25].enable_email
2026-03-03T16:32:27.286+0530 [DEBUG] sdk.framework: Value switched to prior value due to semantic equality logic: tf_req_id=61c06e1b-68a1-3116-2178-adb87eec26f4 tf_provider_addr=registry.terraform.io/hashicorp/nios tf_resource_type=nios_grid_member tf_attribute_path=trap_notifications[25] tf_rpc=ReadResource
2026-03-03T16:32:27.286+0530 [DEBUG] sdk.framework: Value switched to prior value due to semantic equality logic: tf_req_id=61c06e1b-68a1-3116-2178-adb87eec26f4 tf_provider_addr=registry.terraform.io/hashicorp/nios tf_resource_type=nios_grid_member tf_attribute_path=trap_notifications[26].enable_email tf_rpc=ReadResource
2026-03-03T16:32:27.286+0530 [DEBUG] sdk.framework: Value switched to prior value due to semantic equality logic: tf_provider_addr=registry.terraform.io/hashicorp/nios tf_resource_type=nios_grid_member tf_attribute_path=trap_notifications[26].enable_trap tf_rpc=ReadResource tf_req_id=61c06e1b-68a1-3116-2178-adb87eec26f4
2026-03-03T16:32:27.286+0530 [DEBUG] sdk.framework: Value switched to prior value due to semantic equality logic: tf_req_id=61c06e1b-68a1-3116-2178-adb87eec26f4 tf_provider_addr=registry.terraform.io/hashicorp/nios tf_resource_type=nios_grid_member tf_attribute_path=trap_notifications[26].trap_type tf_rpc=ReadResource
2026-03-03T16:32:27.286+0530 [DEBUG] sdk.framework: Value switched to prior value due to semantic equality logic: tf_rpc=ReadResource tf_req_id=61c06e1b-68a1-3116-2178-adb87eec26f4 tf_provider_addr=registry.terraform.io/hashicorp/nios tf_resource_type=nios_grid_member tf_attribute_path=trap_notifications[26]
2026-03-03T16:32:27.286+0530 [DEBUG] sdk.framework: Value switched to prior value due to semantic equality logic: tf_provider_addr=registry.terraform.io/hashicorp/nios tf_resource_type=nios_grid_member tf_attribute_path=trap_notifications[27].enable_email tf_rpc=ReadResource tf_req_id=61c06e1b-68a1-3116-2178-adb87eec26f4
2026-03-03T16:32:27.286+0530 [DEBUG] sdk.framework: Value switched to prior value due to semantic equality logic: tf_attribute_path=trap_notifications[27].enable_trap tf_rpc=ReadResource tf_req_id=61c06e1b-68a1-3116-2178-adb87eec26f4 tf_provider_addr=registry.terraform.io/hashicorp/nios tf_resource_type=nios_grid_member
2026-03-03T16:32:27.286+0530 [DEBUG] sdk.framework: Value switched to prior value due to semantic equality logic: tf_rpc=ReadResource tf_req_id=61c06e1b-68a1-3116-2178-adb87eec26f4 tf_provider_addr=registry.terraform.io/hashicorp/nios tf_resource_type=nios_grid_member tf_attribute_path=trap_notifications[27].trap_type
2026-03-03T16:32:27.286+0530 [DEBUG] sdk.framework: Value switched to prior value due to semantic equality logic: tf_req_id=61c06e1b-68a1-3116-2178-adb87eec26f4 tf_provider_addr=registry.terraform.io/hashicorp/nios tf_resource_type=nios_grid_member tf_attribute_path=trap_notifications[27] tf_rpc=ReadResource
2026-03-03T16:32:27.286+0530 [DEBUG] sdk.framework: Value switched to prior value due to semantic equality logic: tf_resource_type=nios_grid_member tf_attribute_path=trap_notifications[28].enable_email tf_rpc=ReadResource tf_req_id=61c06e1b-68a1-3116-2178-adb87eec26f4 tf_provider_addr=registry.terraform.io/hashicorp/nios
2026-03-03T16:32:27.286+0530 [DEBUG] sdk.framework: Value switched to prior value due to semantic equality logic: tf_req_id=61c06e1b-68a1-3116-2178-adb87eec26f4 tf_provider_addr=registry.terraform.io/hashicorp/nios tf_resource_type=nios_grid_member tf_attribute_path=trap_notifications[28].enable_trap tf_rpc=ReadResource
2026-03-03T16:32:27.286+0530 [DEBUG] sdk.framework: Value switched to prior value due to semantic equality logic: tf_resource_type=nios_grid_member tf_attribute_path=trap_notifications[28].trap_type tf_rpc=ReadResource tf_req_id=61c06e1b-68a1-3116-2178-adb87eec26f4 tf_provider_addr=registry.terraform.io/hashicorp/nios
2026-03-03T16:32:27.286+0530 [DEBUG] sdk.framework: Value switched to prior value due to semantic equality logic: tf_provider_addr=registry.terraform.io/hashicorp/nios tf_resource_type=nios_grid_member tf_attribute_path=trap_notifications[28] tf_rpc=ReadResource tf_req_id=61c06e1b-68a1-3116-2178-adb87eec26f4
2026-03-03T16:32:27.286+0530 [DEBUG] sdk.framework: Value switched to prior value due to semantic equality logic: tf_provider_addr=registry.terraform.io/hashicorp/nios tf_resource_type=nios_grid_member tf_attribute_path=trap_notifications[29].trap_type tf_rpc=ReadResource tf_req_id=61c06e1b-68a1-3116-2178-adb87eec26f4
2026-03-03T16:32:27.286+0530 [DEBUG] sdk.framework: Value switched to prior value due to semantic equality logic: tf_attribute_path=trap_notifications[29].enable_email tf_rpc=ReadResource tf_req_id=61c06e1b-68a1-3116-2178-adb87eec26f4 tf_provider_addr=registry.terraform.io/hashicorp/nios tf_resource_type=nios_grid_member
2026-03-03T16:32:27.286+0530 [DEBUG] sdk.framework: Value switched to prior value due to semantic equality logic: tf_rpc=ReadResource tf_req_id=61c06e1b-68a1-3116-2178-adb87eec26f4 tf_provider_addr=registry.terraform.io/hashicorp/nios tf_resource_type=nios_grid_member tf_attribute_path=trap_notifications[29].enable_trap
2026-03-03T16:32:27.286+0530 [DEBUG] sdk.framework: Value switched to prior value due to semantic equality logic: tf_resource_type=nios_grid_member tf_attribute_path=trap_notifications[29] tf_rpc=ReadResource tf_req_id=61c06e1b-68a1-3116-2178-adb87eec26f4 tf_provider_addr=registry.terraform.io/hashicorp/nios
2026-03-03T16:32:27.286+0530 [DEBUG] sdk.framework: Value switched to prior value due to semantic equality logic: tf_rpc=ReadResource tf_req_id=61c06e1b-68a1-3116-2178-adb87eec26f4 tf_provider_addr=registry.terraform.io/hashicorp/nios tf_resource_type=nios_grid_member tf_attribute_path=trap_notifications[30].enable_trap
2026-03-03T16:32:27.286+0530 [DEBUG] sdk.framework: Value switched to prior value due to semantic equality logic: tf_provider_addr=registry.terraform.io/hashicorp/nios tf_resource_type=nios_grid_member tf_attribute_path=trap_notifications[30].trap_type tf_rpc=ReadResource tf_req_id=61c06e1b-68a1-3116-2178-adb87eec26f4
2026-03-03T16:32:27.286+0530 [DEBUG] sdk.framework: Value switched to prior value due to semantic equality logic: tf_attribute_path=trap_notifications[30].enable_email tf_rpc=ReadResource tf_req_id=61c06e1b-68a1-3116-2178-adb87eec26f4 tf_provider_addr=registry.terraform.io/hashicorp/nios tf_resource_type=nios_grid_member
2026-03-03T16:32:27.286+0530 [DEBUG] sdk.framework: Value switched to prior value due to semantic equality logic: tf_provider_addr=registry.terraform.io/hashicorp/nios tf_resource_type=nios_grid_member tf_attribute_path=trap_notifications[30] tf_rpc=ReadResource tf_req_id=61c06e1b-68a1-3116-2178-adb87eec26f4
2026-03-03T16:32:27.286+0530 [DEBUG] sdk.framework: Value switched to prior value due to semantic equality logic: tf_attribute_path=trap_notifications[31].trap_type tf_rpc=ReadResource tf_req_id=61c06e1b-68a1-3116-2178-adb87eec26f4 tf_provider_addr=registry.terraform.io/hashicorp/nios tf_resource_type=nios_grid_member
2026-03-03T16:32:27.286+0530 [DEBUG] sdk.framework: Value switched to prior value due to semantic equality logic: tf_attribute_path=trap_notifications[31].enable_email tf_rpc=ReadResource tf_req_id=61c06e1b-68a1-3116-2178-adb87eec26f4 tf_provider_addr=registry.terraform.io/hashicorp/nios tf_resource_type=nios_grid_member
2026-03-03T16:32:27.286+0530 [DEBUG] sdk.framework: Value switched to prior value due to semantic equality logic: tf_provider_addr=registry.terraform.io/hashicorp/nios tf_resource_type=nios_grid_member tf_attribute_path=trap_notifications[31].enable_trap tf_rpc=ReadResource tf_req_id=61c06e1b-68a1-3116-2178-adb87eec26f4
2026-03-03T16:32:27.286+0530 [DEBUG] sdk.framework: Value switched to prior value due to semantic equality logic: tf_rpc=ReadResource tf_req_id=61c06e1b-68a1-3116-2178-adb87eec26f4 tf_provider_addr=registry.terraform.io/hashicorp/nios tf_resource_type=nios_grid_member tf_attribute_path=trap_notifications[31]
2026-03-03T16:32:27.286+0530 [DEBUG] sdk.framework: Value switched to prior value due to semantic equality logic: tf_provider_addr=registry.terraform.io/hashicorp/nios tf_resource_type=nios_grid_member tf_attribute_path=trap_notifications[32].enable_email tf_rpc=ReadResource tf_req_id=61c06e1b-68a1-3116-2178-adb87eec26f4
2026-03-03T16:32:27.286+0530 [DEBUG] sdk.framework: Value switched to prior value due to semantic equality logic: tf_req_id=61c06e1b-68a1-3116-2178-adb87eec26f4 tf_provider_addr=registry.terraform.io/hashicorp/nios tf_resource_type=nios_grid_member tf_attribute_path=trap_notifications[32].enable_trap tf_rpc=ReadResource
2026-03-03T16:32:27.286+0530 [DEBUG] sdk.framework: Value switched to prior value due to semantic equality logic: tf_provider_addr=registry.terraform.io/hashicorp/nios tf_resource_type=nios_grid_member tf_attribute_path=trap_notifications[32].trap_type tf_rpc=ReadResource tf_req_id=61c06e1b-68a1-3116-2178-adb87eec26f4
2026-03-03T16:32:27.286+0530 [DEBUG] sdk.framework: Value switched to prior value due to semantic equality logic: tf_rpc=ReadResource tf_req_id=61c06e1b-68a1-3116-2178-adb87eec26f4 tf_provider_addr=registry.terraform.io/hashicorp/nios tf_resource_type=nios_grid_member tf_attribute_path=trap_notifications[32]
2026-03-03T16:32:27.286+0530 [DEBUG] sdk.framework: Value switched to prior value due to semantic equality logic: tf_attribute_path=trap_notifications[33].enable_trap tf_rpc=ReadResource tf_req_id=61c06e1b-68a1-3116-2178-adb87eec26f4 tf_provider_addr=registry.terraform.io/hashicorp/nios tf_resource_type=nios_grid_member
2026-03-03T16:32:27.286+0530 [DEBUG] sdk.framework: Value switched to prior value due to semantic equality logic: tf_provider_addr=registry.terraform.io/hashicorp/nios tf_resource_type=nios_grid_member tf_attribute_path=trap_notifications[33].trap_type tf_rpc=ReadResource tf_req_id=61c06e1b-68a1-3116-2178-adb87eec26f4
2026-03-03T16:32:27.286+0530 [DEBUG] sdk.framework: Value switched to prior value due to semantic equality logic: tf_attribute_path=trap_notifications[33].enable_email tf_rpc=ReadResource tf_req_id=61c06e1b-68a1-3116-2178-adb87eec26f4 tf_provider_addr=registry.terraform.io/hashicorp/nios tf_resource_type=nios_grid_member
2026-03-03T16:32:27.286+0530 [DEBUG] sdk.framework: Value switched to prior value due to semantic equality logic: tf_provider_addr=registry.terraform.io/hashicorp/nios tf_resource_type=nios_grid_member tf_attribute_path=trap_notifications[33] tf_rpc=ReadResource tf_req_id=61c06e1b-68a1-3116-2178-adb87eec26f4
2026-03-03T16:32:27.286+0530 [DEBUG] sdk.framework: Value switched to prior value due to semantic equality logic: tf_resource_type=nios_grid_member tf_attribute_path=trap_notifications[34].trap_type tf_rpc=ReadResource tf_req_id=61c06e1b-68a1-3116-2178-adb87eec26f4 tf_provider_addr=registry.terraform.io/hashicorp/nios
2026-03-03T16:32:27.286+0530 [DEBUG] sdk.framework: Value switched to prior value due to semantic equality logic: tf_rpc=ReadResource tf_req_id=61c06e1b-68a1-3116-2178-adb87eec26f4 tf_provider_addr=registry.terraform.io/hashicorp/nios tf_resource_type=nios_grid_member tf_attribute_path=trap_notifications[34].enable_email
2026-03-03T16:32:27.286+0530 [DEBUG] sdk.framework: Value switched to prior value due to semantic equality logic: tf_attribute_path=trap_notifications[34].enable_trap tf_rpc=ReadResource tf_req_id=61c06e1b-68a1-3116-2178-adb87eec26f4 tf_provider_addr=registry.terraform.io/hashicorp/nios tf_resource_type=nios_grid_member
2026-03-03T16:32:27.286+0530 [DEBUG] sdk.framework: Value switched to prior value due to semantic equality logic: tf_provider_addr=registry.terraform.io/hashicorp/nios tf_resource_type=nios_grid_member tf_attribute_path=trap_notifications[34] tf_rpc=ReadResource tf_req_id=61c06e1b-68a1-3116-2178-adb87eec26f4
2026-03-03T16:32:27.286+0530 [DEBUG] sdk.framework: Value switched to prior value due to semantic equality logic: tf_resource_type=nios_grid_member tf_attribute_path=trap_notifications[35].enable_trap tf_rpc=ReadResource tf_req_id=61c06e1b-68a1-3116-2178-adb87eec26f4 tf_provider_addr=registry.terraform.io/hashicorp/nios
2026-03-03T16:32:27.286+0530 [DEBUG] sdk.framework: Value switched to prior value due to semantic equality logic: tf_req_id=61c06e1b-68a1-3116-2178-adb87eec26f4 tf_provider_addr=registry.terraform.io/hashicorp/nios tf_resource_type=nios_grid_member tf_attribute_path=trap_notifications[35].trap_type tf_rpc=ReadResource
2026-03-03T16:32:27.286+0530 [DEBUG] sdk.framework: Value switched to prior value due to semantic equality logic: tf_resource_type=nios_grid_member tf_attribute_path=trap_notifications[35].enable_email tf_rpc=ReadResource tf_req_id=61c06e1b-68a1-3116-2178-adb87eec26f4 tf_provider_addr=registry.terraform.io/hashicorp/nios
2026-03-03T16:32:27.286+0530 [DEBUG] sdk.framework: Value switched to prior value due to semantic equality logic: tf_provider_addr=registry.terraform.io/hashicorp/nios tf_resource_type=nios_grid_member tf_attribute_path=trap_notifications[35] tf_rpc=ReadResource tf_req_id=61c06e1b-68a1-3116-2178-adb87eec26f4
2026-03-03T16:32:27.286+0530 [DEBUG] sdk.framework: Value switched to prior value due to semantic equality logic: tf_req_id=61c06e1b-68a1-3116-2178-adb87eec26f4 tf_provider_addr=registry.terraform.io/hashicorp/nios tf_resource_type=nios_grid_member tf_attribute_path=trap_notifications[36].enable_email tf_rpc=ReadResource
2026-03-03T16:32:27.286+0530 [DEBUG] sdk.framework: Value switched to prior value due to semantic equality logic: tf_attribute_path=trap_notifications[36].enable_trap tf_rpc=ReadResource tf_req_id=61c06e1b-68a1-3116-2178-adb87eec26f4 tf_provider_addr=registry.terraform.io/hashicorp/nios tf_resource_type=nios_grid_member
2026-03-03T16:32:27.286+0530 [DEBUG] sdk.framework: Value switched to prior value due to semantic equality logic: tf_provider_addr=registry.terraform.io/hashicorp/nios tf_resource_type=nios_grid_member tf_attribute_path=trap_notifications[36].trap_type tf_rpc=ReadResource tf_req_id=61c06e1b-68a1-3116-2178-adb87eec26f4
2026-03-03T16:32:27.286+0530 [DEBUG] sdk.framework: Value switched to prior value due to semantic equality logic: tf_provider_addr=registry.terraform.io/hashicorp/nios tf_resource_type=nios_grid_member tf_attribute_path=trap_notifications[36] tf_rpc=ReadResource tf_req_id=61c06e1b-68a1-3116-2178-adb87eec26f4
2026-03-03T16:32:27.286+0530 [DEBUG] sdk.framework: Value switched to prior value due to semantic equality logic: tf_req_id=61c06e1b-68a1-3116-2178-adb87eec26f4 tf_provider_addr=registry.terraform.io/hashicorp/nios tf_resource_type=nios_grid_member tf_attribute_path=trap_notifications[37].trap_type tf_rpc=ReadResource
2026-03-03T16:32:27.286+0530 [DEBUG] sdk.framework: Value switched to prior value due to semantic equality logic: tf_provider_addr=registry.terraform.io/hashicorp/nios tf_resource_type=nios_grid_member tf_attribute_path=trap_notifications[37].enable_email tf_rpc=ReadResource tf_req_id=61c06e1b-68a1-3116-2178-adb87eec26f4
2026-03-03T16:32:27.286+0530 [DEBUG] sdk.framework: Value switched to prior value due to semantic equality logic: tf_attribute_path=trap_notifications[37].enable_trap tf_rpc=ReadResource tf_req_id=61c06e1b-68a1-3116-2178-adb87eec26f4 tf_provider_addr=registry.terraform.io/hashicorp/nios tf_resource_type=nios_grid_member
2026-03-03T16:32:27.286+0530 [DEBUG] sdk.framework: Value switched to prior value due to semantic equality logic: tf_attribute_path=trap_notifications[37] tf_rpc=ReadResource tf_req_id=61c06e1b-68a1-3116-2178-adb87eec26f4 tf_provider_addr=registry.terraform.io/hashicorp/nios tf_resource_type=nios_grid_member
2026-03-03T16:32:27.286+0530 [DEBUG] sdk.framework: Value switched to prior value due to semantic equality logic: tf_attribute_path=trap_notifications[38].enable_email tf_rpc=ReadResource tf_req_id=61c06e1b-68a1-3116-2178-adb87eec26f4 tf_provider_addr=registry.terraform.io/hashicorp/nios tf_resource_type=nios_grid_member
2026-03-03T16:32:27.286+0530 [DEBUG] sdk.framework: Value switched to prior value due to semantic equality logic: tf_attribute_path=trap_notifications[38].enable_trap tf_rpc=ReadResource tf_req_id=61c06e1b-68a1-3116-2178-adb87eec26f4 tf_provider_addr=registry.terraform.io/hashicorp/nios tf_resource_type=nios_grid_member
2026-03-03T16:32:27.286+0530 [DEBUG] sdk.framework: Value switched to prior value due to semantic equality logic: tf_attribute_path=trap_notifications[38].trap_type tf_rpc=ReadResource tf_req_id=61c06e1b-68a1-3116-2178-adb87eec26f4 tf_provider_addr=registry.terraform.io/hashicorp/nios tf_resource_type=nios_grid_member
2026-03-03T16:32:27.286+0530 [DEBUG] sdk.framework: Value switched to prior value due to semantic equality logic: tf_rpc=ReadResource tf_req_id=61c06e1b-68a1-3116-2178-adb87eec26f4 tf_provider_addr=registry.terraform.io/hashicorp/nios tf_resource_type=nios_grid_member tf_attribute_path=trap_notifications[38]
2026-03-03T16:32:27.286+0530 [DEBUG] sdk.framework: Value switched to prior value due to semantic equality logic: tf_req_id=61c06e1b-68a1-3116-2178-adb87eec26f4 tf_provider_addr=registry.terraform.io/hashicorp/nios tf_resource_type=nios_grid_member tf_attribute_path=trap_notifications[39].enable_email tf_rpc=ReadResource
2026-03-03T16:32:27.286+0530 [DEBUG] sdk.framework: Value switched to prior value due to semantic equality logic: tf_provider_addr=registry.terraform.io/hashicorp/nios tf_resource_type=nios_grid_member tf_attribute_path=trap_notifications[39].enable_trap tf_rpc=ReadResource tf_req_id=61c06e1b-68a1-3116-2178-adb87eec26f4
2026-03-03T16:32:27.286+0530 [DEBUG] sdk.framework: Value switched to prior value due to semantic equality logic: tf_resource_type=nios_grid_member tf_attribute_path=trap_notifications[39].trap_type tf_rpc=ReadResource tf_req_id=61c06e1b-68a1-3116-2178-adb87eec26f4 tf_provider_addr=registry.terraform.io/hashicorp/nios
2026-03-03T16:32:27.286+0530 [DEBUG] sdk.framework: Value switched to prior value due to semantic equality logic: tf_rpc=ReadResource tf_req_id=61c06e1b-68a1-3116-2178-adb87eec26f4 tf_provider_addr=registry.terraform.io/hashicorp/nios tf_resource_type=nios_grid_member tf_attribute_path=trap_notifications[39]
2026-03-03T16:32:27.286+0530 [DEBUG] sdk.framework: Value switched to prior value due to semantic equality logic: tf_req_id=61c06e1b-68a1-3116-2178-adb87eec26f4 tf_provider_addr=registry.terraform.io/hashicorp/nios tf_resource_type=nios_grid_member tf_attribute_path=trap_notifications[40].enable_email tf_rpc=ReadResource
2026-03-03T16:32:27.286+0530 [DEBUG] sdk.framework: Value switched to prior value due to semantic equality logic: tf_req_id=61c06e1b-68a1-3116-2178-adb87eec26f4 tf_provider_addr=registry.terraform.io/hashicorp/nios tf_resource_type=nios_grid_member tf_attribute_path=trap_notifications[40].enable_trap tf_rpc=ReadResource
2026-03-03T16:32:27.286+0530 [DEBUG] sdk.framework: Value switched to prior value due to semantic equality logic: tf_resource_type=nios_grid_member tf_attribute_path=trap_notifications[40].trap_type tf_rpc=ReadResource tf_req_id=61c06e1b-68a1-3116-2178-adb87eec26f4 tf_provider_addr=registry.terraform.io/hashicorp/nios
2026-03-03T16:32:27.286+0530 [DEBUG] sdk.framework: Value switched to prior value due to semantic equality logic: tf_attribute_path=trap_notifications[40] tf_rpc=ReadResource tf_req_id=61c06e1b-68a1-3116-2178-adb87eec26f4 tf_provider_addr=registry.terraform.io/hashicorp/nios tf_resource_type=nios_grid_member
2026-03-03T16:32:27.286+0530 [DEBUG] sdk.framework: Value switched to prior value due to semantic equality logic: tf_rpc=ReadResource tf_req_id=61c06e1b-68a1-3116-2178-adb87eec26f4 tf_provider_addr=registry.terraform.io/hashicorp/nios tf_resource_type=nios_grid_member tf_attribute_path=trap_notifications[41].trap_type
2026-03-03T16:32:27.286+0530 [DEBUG] sdk.framework: Value switched to prior value due to semantic equality logic: tf_provider_addr=registry.terraform.io/hashicorp/nios tf_resource_type=nios_grid_member tf_attribute_path=trap_notifications[41].enable_email tf_rpc=ReadResource tf_req_id=61c06e1b-68a1-3116-2178-adb87eec26f4
2026-03-03T16:32:27.286+0530 [DEBUG] sdk.framework: Value switched to prior value due to semantic equality logic: tf_provider_addr=registry.terraform.io/hashicorp/nios tf_resource_type=nios_grid_member tf_attribute_path=trap_notifications[41].enable_trap tf_rpc=ReadResource tf_req_id=61c06e1b-68a1-3116-2178-adb87eec26f4
2026-03-03T16:32:27.286+0530 [DEBUG] sdk.framework: Value switched to prior value due to semantic equality logic: tf_rpc=ReadResource tf_req_id=61c06e1b-68a1-3116-2178-adb87eec26f4 tf_provider_addr=registry.terraform.io/hashicorp/nios tf_resource_type=nios_grid_member tf_attribute_path=trap_notifications[41]
2026-03-03T16:32:27.286+0530 [DEBUG] sdk.framework: Value switched to prior value due to semantic equality logic: tf_resource_type=nios_grid_member tf_attribute_path=trap_notifications[42].trap_type tf_rpc=ReadResource tf_req_id=61c06e1b-68a1-3116-2178-adb87eec26f4 tf_provider_addr=registry.terraform.io/hashicorp/nios
2026-03-03T16:32:27.286+0530 [DEBUG] sdk.framework: Value switched to prior value due to semantic equality logic: tf_attribute_path=trap_notifications[42].enable_email tf_rpc=ReadResource tf_req_id=61c06e1b-68a1-3116-2178-adb87eec26f4 tf_provider_addr=registry.terraform.io/hashicorp/nios tf_resource_type=nios_grid_member
2026-03-03T16:32:27.286+0530 [DEBUG] sdk.framework: Value switched to prior value due to semantic equality logic: tf_provider_addr=registry.terraform.io/hashicorp/nios tf_resource_type=nios_grid_member tf_attribute_path=trap_notifications[42].enable_trap tf_rpc=ReadResource tf_req_id=61c06e1b-68a1-3116-2178-adb87eec26f4
2026-03-03T16:32:27.286+0530 [DEBUG] sdk.framework: Value switched to prior value due to semantic equality logic: tf_attribute_path=trap_notifications[42] tf_rpc=ReadResource tf_req_id=61c06e1b-68a1-3116-2178-adb87eec26f4 tf_provider_addr=registry.terraform.io/hashicorp/nios tf_resource_type=nios_grid_member
2026-03-03T16:32:27.286+0530 [DEBUG] sdk.framework: Value switched to prior value due to semantic equality logic: tf_resource_type=nios_grid_member tf_attribute_path=trap_notifications[43].trap_type tf_rpc=ReadResource tf_req_id=61c06e1b-68a1-3116-2178-adb87eec26f4 tf_provider_addr=registry.terraform.io/hashicorp/nios
2026-03-03T16:32:27.286+0530 [DEBUG] sdk.framework: Value switched to prior value due to semantic equality logic: tf_rpc=ReadResource tf_req_id=61c06e1b-68a1-3116-2178-adb87eec26f4 tf_provider_addr=registry.terraform.io/hashicorp/nios tf_resource_type=nios_grid_member tf_attribute_path=trap_notifications[43].enable_email
2026-03-03T16:32:27.286+0530 [DEBUG] sdk.framework: Value switched to prior value due to semantic equality logic: tf_attribute_path=trap_notifications[43].enable_trap tf_rpc=ReadResource tf_req_id=61c06e1b-68a1-3116-2178-adb87eec26f4 tf_provider_addr=registry.terraform.io/hashicorp/nios tf_resource_type=nios_grid_member
2026-03-03T16:32:27.286+0530 [DEBUG] sdk.framework: Value switched to prior value due to semantic equality logic: tf_rpc=ReadResource tf_req_id=61c06e1b-68a1-3116-2178-adb87eec26f4 tf_provider_addr=registry.terraform.io/hashicorp/nios tf_resource_type=nios_grid_member tf_attribute_path=trap_notifications[43]
2026-03-03T16:32:27.286+0530 [DEBUG] sdk.framework: Value switched to prior value due to semantic equality logic: tf_req_id=61c06e1b-68a1-3116-2178-adb87eec26f4 tf_provider_addr=registry.terraform.io/hashicorp/nios tf_resource_type=nios_grid_member tf_attribute_path=trap_notifications[44].enable_email tf_rpc=ReadResource
2026-03-03T16:32:27.286+0530 [DEBUG] sdk.framework: Value switched to prior value due to semantic equality logic: tf_rpc=ReadResource tf_req_id=61c06e1b-68a1-3116-2178-adb87eec26f4 tf_provider_addr=registry.terraform.io/hashicorp/nios tf_resource_type=nios_grid_member tf_attribute_path=trap_notifications[44].enable_trap
2026-03-03T16:32:27.286+0530 [DEBUG] sdk.framework: Value switched to prior value due to semantic equality logic: tf_attribute_path=trap_notifications[44].trap_type tf_rpc=ReadResource tf_req_id=61c06e1b-68a1-3116-2178-adb87eec26f4 tf_provider_addr=registry.terraform.io/hashicorp/nios tf_resource_type=nios_grid_member
2026-03-03T16:32:27.286+0530 [DEBUG] sdk.framework: Value switched to prior value due to semantic equality logic: tf_rpc=ReadResource tf_req_id=61c06e1b-68a1-3116-2178-adb87eec26f4 tf_provider_addr=registry.terraform.io/hashicorp/nios tf_resource_type=nios_grid_member tf_attribute_path=trap_notifications[44]
2026-03-03T16:32:27.286+0530 [DEBUG] sdk.framework: Value switched to prior value due to semantic equality logic: tf_attribute_path=trap_notifications[45].enable_email tf_rpc=ReadResource tf_req_id=61c06e1b-68a1-3116-2178-adb87eec26f4 tf_provider_addr=registry.terraform.io/hashicorp/nios tf_resource_type=nios_grid_member
2026-03-03T16:32:27.286+0530 [DEBUG] sdk.framework: Value switched to prior value due to semantic equality logic: tf_rpc=ReadResource tf_req_id=61c06e1b-68a1-3116-2178-adb87eec26f4 tf_provider_addr=registry.terraform.io/hashicorp/nios tf_resource_type=nios_grid_member tf_attribute_path=trap_notifications[45].enable_trap
2026-03-03T16:32:27.286+0530 [DEBUG] sdk.framework: Value switched to prior value due to semantic equality logic: tf_rpc=ReadResource tf_req_id=61c06e1b-68a1-3116-2178-adb87eec26f4 tf_provider_addr=registry.terraform.io/hashicorp/nios tf_resource_type=nios_grid_member tf_attribute_path=trap_notifications[45].trap_type
2026-03-03T16:32:27.286+0530 [DEBUG] sdk.framework: Value switched to prior value due to semantic equality logic: tf_attribute_path=trap_notifications[45] tf_rpc=ReadResource tf_req_id=61c06e1b-68a1-3116-2178-adb87eec26f4 tf_provider_addr=registry.terraform.io/hashicorp/nios tf_resource_type=nios_grid_member
2026-03-03T16:32:27.286+0530 [DEBUG] sdk.framework: Value switched to prior value due to semantic equality logic: tf_req_id=61c06e1b-68a1-3116-2178-adb87eec26f4 tf_provider_addr=registry.terraform.io/hashicorp/nios tf_resource_type=nios_grid_member tf_attribute_path=trap_notifications[46].enable_email tf_rpc=ReadResource
2026-03-03T16:32:27.286+0530 [DEBUG] sdk.framework: Value switched to prior value due to semantic equality logic: tf_resource_type=nios_grid_member tf_attribute_path=trap_notifications[46].enable_trap tf_rpc=ReadResource tf_req_id=61c06e1b-68a1-3116-2178-adb87eec26f4 tf_provider_addr=registry.terraform.io/hashicorp/nios
2026-03-03T16:32:27.286+0530 [DEBUG] sdk.framework: Value switched to prior value due to semantic equality logic: tf_req_id=61c06e1b-68a1-3116-2178-adb87eec26f4 tf_provider_addr=registry.terraform.io/hashicorp/nios tf_resource_type=nios_grid_member tf_attribute_path=trap_notifications[46].trap_type tf_rpc=ReadResource
2026-03-03T16:32:27.286+0530 [DEBUG] sdk.framework: Value switched to prior value due to semantic equality logic: tf_req_id=61c06e1b-68a1-3116-2178-adb87eec26f4 tf_provider_addr=registry.terraform.io/hashicorp/nios tf_resource_type=nios_grid_member tf_attribute_path=trap_notifications[46] tf_rpc=ReadResource
2026-03-03T16:32:27.286+0530 [DEBUG] sdk.framework: Value switched to prior value due to semantic equality logic: tf_provider_addr=registry.terraform.io/hashicorp/nios tf_resource_type=nios_grid_member tf_attribute_path=trap_notifications[47].enable_trap tf_rpc=ReadResource tf_req_id=61c06e1b-68a1-3116-2178-adb87eec26f4
2026-03-03T16:32:27.286+0530 [DEBUG] sdk.framework: Value switched to prior value due to semantic equality logic: tf_attribute_path=trap_notifications[47].trap_type tf_rpc=ReadResource tf_req_id=61c06e1b-68a1-3116-2178-adb87eec26f4 tf_provider_addr=registry.terraform.io/hashicorp/nios tf_resource_type=nios_grid_member
2026-03-03T16:32:27.286+0530 [DEBUG] sdk.framework: Value switched to prior value due to semantic equality logic: tf_req_id=61c06e1b-68a1-3116-2178-adb87eec26f4 tf_provider_addr=registry.terraform.io/hashicorp/nios tf_resource_type=nios_grid_member tf_attribute_path=trap_notifications[47].enable_email tf_rpc=ReadResource
2026-03-03T16:32:27.286+0530 [DEBUG] sdk.framework: Value switched to prior value due to semantic equality logic: tf_rpc=ReadResource tf_req_id=61c06e1b-68a1-3116-2178-adb87eec26f4 tf_provider_addr=registry.terraform.io/hashicorp/nios tf_resource_type=nios_grid_member tf_attribute_path=trap_notifications[47]
2026-03-03T16:32:27.286+0530 [DEBUG] sdk.framework: Value switched to prior value due to semantic equality logic: tf_attribute_path=trap_notifications[48].enable_email tf_rpc=ReadResource tf_req_id=61c06e1b-68a1-3116-2178-adb87eec26f4 tf_provider_addr=registry.terraform.io/hashicorp/nios tf_resource_type=nios_grid_member
2026-03-03T16:32:27.286+0530 [DEBUG] sdk.framework: Value switched to prior value due to semantic equality logic: tf_resource_type=nios_grid_member tf_attribute_path=trap_notifications[48].enable_trap tf_rpc=ReadResource tf_req_id=61c06e1b-68a1-3116-2178-adb87eec26f4 tf_provider_addr=registry.terraform.io/hashicorp/nios
2026-03-03T16:32:27.286+0530 [DEBUG] sdk.framework: Value switched to prior value due to semantic equality logic: tf_req_id=61c06e1b-68a1-3116-2178-adb87eec26f4 tf_provider_addr=registry.terraform.io/hashicorp/nios tf_resource_type=nios_grid_member tf_attribute_path=trap_notifications[48].trap_type tf_rpc=ReadResource
2026-03-03T16:32:27.286+0530 [DEBUG] sdk.framework: Value switched to prior value due to semantic equality logic: tf_resource_type=nios_grid_member tf_attribute_path=trap_notifications[48] tf_rpc=ReadResource tf_req_id=61c06e1b-68a1-3116-2178-adb87eec26f4 tf_provider_addr=registry.terraform.io/hashicorp/nios
2026-03-03T16:32:27.286+0530 [DEBUG] sdk.framework: Value switched to prior value due to semantic equality logic: tf_attribute_path=trap_notifications[49].enable_trap tf_rpc=ReadResource tf_req_id=61c06e1b-68a1-3116-2178-adb87eec26f4 tf_provider_addr=registry.terraform.io/hashicorp/nios tf_resource_type=nios_grid_member
2026-03-03T16:32:27.286+0530 [DEBUG] sdk.framework: Value switched to prior value due to semantic equality logic: tf_resource_type=nios_grid_member tf_attribute_path=trap_notifications[49].trap_type tf_rpc=ReadResource tf_req_id=61c06e1b-68a1-3116-2178-adb87eec26f4 tf_provider_addr=registry.terraform.io/hashicorp/nios
2026-03-03T16:32:27.286+0530 [DEBUG] sdk.framework: Value switched to prior value due to semantic equality logic: tf_rpc=ReadResource tf_req_id=61c06e1b-68a1-3116-2178-adb87eec26f4 tf_provider_addr=registry.terraform.io/hashicorp/nios tf_resource_type=nios_grid_member tf_attribute_path=trap_notifications[49].enable_email
2026-03-03T16:32:27.286+0530 [DEBUG] sdk.framework: Value switched to prior value due to semantic equality logic: tf_provider_addr=registry.terraform.io/hashicorp/nios tf_resource_type=nios_grid_member tf_attribute_path=trap_notifications[49] tf_rpc=ReadResource tf_req_id=61c06e1b-68a1-3116-2178-adb87eec26f4
2026-03-03T16:32:27.286+0530 [DEBUG] sdk.framework: Value switched to prior value due to semantic equality logic: tf_rpc=ReadResource tf_req_id=61c06e1b-68a1-3116-2178-adb87eec26f4 tf_provider_addr=registry.terraform.io/hashicorp/nios tf_resource_type=nios_grid_member tf_attribute_path=trap_notifications[50].enable_trap
2026-03-03T16:32:27.286+0530 [DEBUG] sdk.framework: Value switched to prior value due to semantic equality logic: tf_provider_addr=registry.terraform.io/hashicorp/nios tf_resource_type=nios_grid_member tf_attribute_path=trap_notifications[50].trap_type tf_rpc=ReadResource tf_req_id=61c06e1b-68a1-3116-2178-adb87eec26f4
2026-03-03T16:32:27.286+0530 [DEBUG] sdk.framework: Value switched to prior value due to semantic equality logic: tf_req_id=61c06e1b-68a1-3116-2178-adb87eec26f4 tf_provider_addr=registry.terraform.io/hashicorp/nios tf_resource_type=nios_grid_member tf_attribute_path=trap_notifications[50].enable_email tf_rpc=ReadResource
2026-03-03T16:32:27.286+0530 [DEBUG] sdk.framework: Value switched to prior value due to semantic equality logic: tf_req_id=61c06e1b-68a1-3116-2178-adb87eec26f4 tf_provider_addr=registry.terraform.io/hashicorp/nios tf_resource_type=nios_grid_member tf_attribute_path=trap_notifications[50] tf_rpc=ReadResource
2026-03-03T16:32:27.286+0530 [DEBUG] sdk.framework: Value switched to prior value due to semantic equality logic: tf_req_id=61c06e1b-68a1-3116-2178-adb87eec26f4 tf_provider_addr=registry.terraform.io/hashicorp/nios tf_resource_type=nios_grid_member tf_attribute_path=trap_notifications[51].enable_email tf_rpc=ReadResource
2026-03-03T16:32:27.286+0530 [DEBUG] sdk.framework: Value switched to prior value due to semantic equality logic: tf_provider_addr=registry.terraform.io/hashicorp/nios tf_resource_type=nios_grid_member tf_attribute_path=trap_notifications[51].enable_trap tf_rpc=ReadResource tf_req_id=61c06e1b-68a1-3116-2178-adb87eec26f4
2026-03-03T16:32:27.286+0530 [DEBUG] sdk.framework: Value switched to prior value due to semantic equality logic: tf_req_id=61c06e1b-68a1-3116-2178-adb87eec26f4 tf_provider_addr=registry.terraform.io/hashicorp/nios tf_resource_type=nios_grid_member tf_attribute_path=trap_notifications[51].trap_type tf_rpc=ReadResource
2026-03-03T16:32:27.286+0530 [DEBUG] sdk.framework: Value switched to prior value due to semantic equality logic: tf_req_id=61c06e1b-68a1-3116-2178-adb87eec26f4 tf_provider_addr=registry.terraform.io/hashicorp/nios tf_resource_type=nios_grid_member tf_attribute_path=trap_notifications[51] tf_rpc=ReadResource
2026-03-03T16:32:27.286+0530 [DEBUG] sdk.framework: Value switched to prior value due to semantic equality logic: tf_provider_addr=registry.terraform.io/hashicorp/nios tf_resource_type=nios_grid_member tf_attribute_path=trap_notifications[52].trap_type tf_rpc=ReadResource tf_req_id=61c06e1b-68a1-3116-2178-adb87eec26f4
2026-03-03T16:32:27.286+0530 [DEBUG] sdk.framework: Value switched to prior value due to semantic equality logic: tf_provider_addr=registry.terraform.io/hashicorp/nios tf_resource_type=nios_grid_member tf_attribute_path=trap_notifications[52].enable_email tf_rpc=ReadResource tf_req_id=61c06e1b-68a1-3116-2178-adb87eec26f4
2026-03-03T16:32:27.286+0530 [DEBUG] sdk.framework: Value switched to prior value due to semantic equality logic: tf_req_id=61c06e1b-68a1-3116-2178-adb87eec26f4 tf_provider_addr=registry.terraform.io/hashicorp/nios tf_resource_type=nios_grid_member tf_attribute_path=trap_notifications[52].enable_trap tf_rpc=ReadResource
2026-03-03T16:32:27.286+0530 [DEBUG] sdk.framework: Value switched to prior value due to semantic equality logic: tf_rpc=ReadResource tf_req_id=61c06e1b-68a1-3116-2178-adb87eec26f4 tf_provider_addr=registry.terraform.io/hashicorp/nios tf_resource_type=nios_grid_member tf_attribute_path=trap_notifications[52]
2026-03-03T16:32:27.286+0530 [DEBUG] sdk.framework: Value switched to prior value due to semantic equality logic: tf_provider_addr=registry.terraform.io/hashicorp/nios tf_resource_type=nios_grid_member tf_attribute_path=trap_notifications[53].enable_trap tf_rpc=ReadResource tf_req_id=61c06e1b-68a1-3116-2178-adb87eec26f4
2026-03-03T16:32:27.286+0530 [DEBUG] sdk.framework: Value switched to prior value due to semantic equality logic: tf_attribute_path=trap_notifications[53].trap_type tf_rpc=ReadResource tf_req_id=61c06e1b-68a1-3116-2178-adb87eec26f4 tf_provider_addr=registry.terraform.io/hashicorp/nios tf_resource_type=nios_grid_member
2026-03-03T16:32:27.286+0530 [DEBUG] sdk.framework: Value switched to prior value due to semantic equality logic: tf_resource_type=nios_grid_member tf_attribute_path=trap_notifications[53].enable_email tf_rpc=ReadResource tf_req_id=61c06e1b-68a1-3116-2178-adb87eec26f4 tf_provider_addr=registry.terraform.io/hashicorp/nios
2026-03-03T16:32:27.286+0530 [DEBUG] sdk.framework: Value switched to prior value due to semantic equality logic: tf_req_id=61c06e1b-68a1-3116-2178-adb87eec26f4 tf_provider_addr=registry.terraform.io/hashicorp/nios tf_resource_type=nios_grid_member tf_attribute_path=trap_notifications[53] tf_rpc=ReadResource
2026-03-03T16:32:27.286+0530 [DEBUG] sdk.framework: Value switched to prior value due to semantic equality logic: tf_req_id=61c06e1b-68a1-3116-2178-adb87eec26f4 tf_provider_addr=registry.terraform.io/hashicorp/nios tf_resource_type=nios_grid_member tf_attribute_path=trap_notifications[54].enable_email tf_rpc=ReadResource
2026-03-03T16:32:27.286+0530 [DEBUG] sdk.framework: Value switched to prior value due to semantic equality logic: tf_provider_addr=registry.terraform.io/hashicorp/nios tf_resource_type=nios_grid_member tf_attribute_path=trap_notifications[54].enable_trap tf_rpc=ReadResource tf_req_id=61c06e1b-68a1-3116-2178-adb87eec26f4
2026-03-03T16:32:27.286+0530 [DEBUG] sdk.framework: Value switched to prior value due to semantic equality logic: tf_rpc=ReadResource tf_req_id=61c06e1b-68a1-3116-2178-adb87eec26f4 tf_provider_addr=registry.terraform.io/hashicorp/nios tf_resource_type=nios_grid_member tf_attribute_path=trap_notifications[54].trap_type
2026-03-03T16:32:27.286+0530 [DEBUG] sdk.framework: Value switched to prior value due to semantic equality logic: tf_provider_addr=registry.terraform.io/hashicorp/nios tf_resource_type=nios_grid_member tf_attribute_path=trap_notifications[54] tf_rpc=ReadResource tf_req_id=61c06e1b-68a1-3116-2178-adb87eec26f4
2026-03-03T16:32:27.286+0530 [DEBUG] sdk.framework: Value switched to prior value due to semantic equality logic: tf_provider_addr=registry.terraform.io/hashicorp/nios tf_resource_type=nios_grid_member tf_attribute_path=trap_notifications[55].enable_trap tf_rpc=ReadResource tf_req_id=61c06e1b-68a1-3116-2178-adb87eec26f4
2026-03-03T16:32:27.286+0530 [DEBUG] sdk.framework: Value switched to prior value due to semantic equality logic: tf_req_id=61c06e1b-68a1-3116-2178-adb87eec26f4 tf_provider_addr=registry.terraform.io/hashicorp/nios tf_resource_type=nios_grid_member tf_attribute_path=trap_notifications[55].trap_type tf_rpc=ReadResource
2026-03-03T16:32:27.286+0530 [DEBUG] sdk.framework: Value switched to prior value due to semantic equality logic: tf_attribute_path=trap_notifications[55].enable_email tf_rpc=ReadResource tf_req_id=61c06e1b-68a1-3116-2178-adb87eec26f4 tf_provider_addr=registry.terraform.io/hashicorp/nios tf_resource_type=nios_grid_member
2026-03-03T16:32:27.286+0530 [DEBUG] sdk.framework: Value switched to prior value due to semantic equality logic: tf_attribute_path=trap_notifications[55] tf_rpc=ReadResource tf_req_id=61c06e1b-68a1-3116-2178-adb87eec26f4 tf_provider_addr=registry.terraform.io/hashicorp/nios tf_resource_type=nios_grid_member
2026-03-03T16:32:27.286+0530 [DEBUG] sdk.framework: Value switched to prior value due to semantic equality logic: tf_req_id=61c06e1b-68a1-3116-2178-adb87eec26f4 tf_provider_addr=registry.terraform.io/hashicorp/nios tf_resource_type=nios_grid_member tf_attribute_path=trap_notifications[56].enable_trap tf_rpc=ReadResource
2026-03-03T16:32:27.286+0530 [DEBUG] sdk.framework: Value switched to prior value due to semantic equality logic: tf_rpc=ReadResource tf_req_id=61c06e1b-68a1-3116-2178-adb87eec26f4 tf_provider_addr=registry.terraform.io/hashicorp/nios tf_resource_type=nios_grid_member tf_attribute_path=trap_notifications[56].trap_type
2026-03-03T16:32:27.286+0530 [DEBUG] sdk.framework: Value switched to prior value due to semantic equality logic: tf_req_id=61c06e1b-68a1-3116-2178-adb87eec26f4 tf_provider_addr=registry.terraform.io/hashicorp/nios tf_resource_type=nios_grid_member tf_attribute_path=trap_notifications[56].enable_email tf_rpc=ReadResource
2026-03-03T16:32:27.286+0530 [DEBUG] sdk.framework: Value switched to prior value due to semantic equality logic: tf_attribute_path=trap_notifications[56] tf_rpc=ReadResource tf_req_id=61c06e1b-68a1-3116-2178-adb87eec26f4 tf_provider_addr=registry.terraform.io/hashicorp/nios tf_resource_type=nios_grid_member
2026-03-03T16:32:27.286+0530 [DEBUG] sdk.framework: Value switched to prior value due to semantic equality logic: tf_provider_addr=registry.terraform.io/hashicorp/nios tf_resource_type=nios_grid_member tf_attribute_path=trap_notifications[57].enable_email tf_rpc=ReadResource tf_req_id=61c06e1b-68a1-3116-2178-adb87eec26f4
2026-03-03T16:32:27.286+0530 [DEBUG] sdk.framework: Value switched to prior value due to semantic equality logic: tf_attribute_path=trap_notifications[57].enable_trap tf_rpc=ReadResource tf_req_id=61c06e1b-68a1-3116-2178-adb87eec26f4 tf_provider_addr=registry.terraform.io/hashicorp/nios tf_resource_type=nios_grid_member
2026-03-03T16:32:27.286+0530 [DEBUG] sdk.framework: Value switched to prior value due to semantic equality logic: tf_rpc=ReadResource tf_req_id=61c06e1b-68a1-3116-2178-adb87eec26f4 tf_provider_addr=registry.terraform.io/hashicorp/nios tf_resource_type=nios_grid_member tf_attribute_path=trap_notifications[57].trap_type
2026-03-03T16:32:27.286+0530 [DEBUG] sdk.framework: Value switched to prior value due to semantic equality logic: tf_req_id=61c06e1b-68a1-3116-2178-adb87eec26f4 tf_provider_addr=registry.terraform.io/hashicorp/nios tf_resource_type=nios_grid_member tf_attribute_path=trap_notifications[57] tf_rpc=ReadResource
2026-03-03T16:32:27.286+0530 [DEBUG] sdk.framework: Value switched to prior value due to semantic equality logic: tf_attribute_path=trap_notifications[58].enable_email tf_rpc=ReadResource tf_req_id=61c06e1b-68a1-3116-2178-adb87eec26f4 tf_provider_addr=registry.terraform.io/hashicorp/nios tf_resource_type=nios_grid_member
2026-03-03T16:32:27.286+0530 [DEBUG] sdk.framework: Value switched to prior value due to semantic equality logic: tf_resource_type=nios_grid_member tf_attribute_path=trap_notifications[58].enable_trap tf_rpc=ReadResource tf_req_id=61c06e1b-68a1-3116-2178-adb87eec26f4 tf_provider_addr=registry.terraform.io/hashicorp/nios
2026-03-03T16:32:27.286+0530 [DEBUG] sdk.framework: Value switched to prior value due to semantic equality logic: tf_req_id=61c06e1b-68a1-3116-2178-adb87eec26f4 tf_provider_addr=registry.terraform.io/hashicorp/nios tf_resource_type=nios_grid_member tf_attribute_path=trap_notifications[58].trap_type tf_rpc=ReadResource
2026-03-03T16:32:27.286+0530 [DEBUG] sdk.framework: Value switched to prior value due to semantic equality logic: tf_req_id=61c06e1b-68a1-3116-2178-adb87eec26f4 tf_provider_addr=registry.terraform.io/hashicorp/nios tf_resource_type=nios_grid_member tf_attribute_path=trap_notifications[58] tf_rpc=ReadResource
2026-03-03T16:32:27.286+0530 [DEBUG] sdk.framework: Value switched to prior value due to semantic equality logic: tf_attribute_path=trap_notifications[59].enable_email tf_rpc=ReadResource tf_req_id=61c06e1b-68a1-3116-2178-adb87eec26f4 tf_provider_addr=registry.terraform.io/hashicorp/nios tf_resource_type=nios_grid_member
2026-03-03T16:32:27.286+0530 [DEBUG] sdk.framework: Value switched to prior value due to semantic equality logic: tf_req_id=61c06e1b-68a1-3116-2178-adb87eec26f4 tf_provider_addr=registry.terraform.io/hashicorp/nios tf_resource_type=nios_grid_member tf_attribute_path=trap_notifications[59].enable_trap tf_rpc=ReadResource
2026-03-03T16:32:27.286+0530 [DEBUG] sdk.framework: Value switched to prior value due to semantic equality logic: tf_attribute_path=trap_notifications[59].trap_type tf_rpc=ReadResource tf_req_id=61c06e1b-68a1-3116-2178-adb87eec26f4 tf_provider_addr=registry.terraform.io/hashicorp/nios tf_resource_type=nios_grid_member
2026-03-03T16:32:27.286+0530 [DEBUG] sdk.framework: Value switched to prior value due to semantic equality logic: tf_provider_addr=registry.terraform.io/hashicorp/nios tf_resource_type=nios_grid_member tf_attribute_path=trap_notifications[59] tf_rpc=ReadResource tf_req_id=61c06e1b-68a1-3116-2178-adb87eec26f4
2026-03-03T16:32:27.286+0530 [DEBUG] sdk.framework: Value switched to prior value due to semantic equality logic: tf_rpc=ReadResource tf_req_id=61c06e1b-68a1-3116-2178-adb87eec26f4 tf_provider_addr=registry.terraform.io/hashicorp/nios tf_resource_type=nios_grid_member tf_attribute_path=trap_notifications[60].enable_email
2026-03-03T16:32:27.286+0530 [DEBUG] sdk.framework: Value switched to prior value due to semantic equality logic: tf_provider_addr=registry.terraform.io/hashicorp/nios tf_resource_type=nios_grid_member tf_attribute_path=trap_notifications[60].enable_trap tf_rpc=ReadResource tf_req_id=61c06e1b-68a1-3116-2178-adb87eec26f4
2026-03-03T16:32:27.286+0530 [DEBUG] sdk.framework: Value switched to prior value due to semantic equality logic: tf_rpc=ReadResource tf_req_id=61c06e1b-68a1-3116-2178-adb87eec26f4 tf_provider_addr=registry.terraform.io/hashicorp/nios tf_resource_type=nios_grid_member tf_attribute_path=trap_notifications[60].trap_type
2026-03-03T16:32:27.286+0530 [DEBUG] sdk.framework: Value switched to prior value due to semantic equality logic: tf_attribute_path=trap_notifications[60] tf_rpc=ReadResource tf_req_id=61c06e1b-68a1-3116-2178-adb87eec26f4 tf_provider_addr=registry.terraform.io/hashicorp/nios tf_resource_type=nios_grid_member
2026-03-03T16:32:27.286+0530 [DEBUG] sdk.framework: Value switched to prior value due to semantic equality logic: tf_attribute_path=trap_notifications[61].enable_email tf_rpc=ReadResource tf_req_id=61c06e1b-68a1-3116-2178-adb87eec26f4 tf_provider_addr=registry.terraform.io/hashicorp/nios tf_resource_type=nios_grid_member
2026-03-03T16:32:27.287+0530 [DEBUG] sdk.framework: Value switched to prior value due to semantic equality logic: tf_provider_addr=registry.terraform.io/hashicorp/nios tf_resource_type=nios_grid_member tf_attribute_path=trap_notifications[61].enable_trap tf_rpc=ReadResource tf_req_id=61c06e1b-68a1-3116-2178-adb87eec26f4
2026-03-03T16:32:27.287+0530 [DEBUG] sdk.framework: Value switched to prior value due to semantic equality logic: tf_attribute_path=trap_notifications[61].trap_type tf_rpc=ReadResource tf_req_id=61c06e1b-68a1-3116-2178-adb87eec26f4 tf_provider_addr=registry.terraform.io/hashicorp/nios tf_resource_type=nios_grid_member
2026-03-03T16:32:27.287+0530 [DEBUG] sdk.framework: Value switched to prior value due to semantic equality logic: tf_provider_addr=registry.terraform.io/hashicorp/nios tf_resource_type=nios_grid_member tf_attribute_path=trap_notifications[61] tf_rpc=ReadResource tf_req_id=61c06e1b-68a1-3116-2178-adb87eec26f4
2026-03-03T16:32:27.287+0530 [DEBUG] sdk.framework: Value switched to prior value due to semantic equality logic: tf_attribute_path=trap_notifications[62].trap_type tf_rpc=ReadResource tf_req_id=61c06e1b-68a1-3116-2178-adb87eec26f4 tf_provider_addr=registry.terraform.io/hashicorp/nios tf_resource_type=nios_grid_member
2026-03-03T16:32:27.287+0530 [DEBUG] sdk.framework: Value switched to prior value due to semantic equality logic: tf_rpc=ReadResource tf_req_id=61c06e1b-68a1-3116-2178-adb87eec26f4 tf_provider_addr=registry.terraform.io/hashicorp/nios tf_resource_type=nios_grid_member tf_attribute_path=trap_notifications[62].enable_email
2026-03-03T16:32:27.287+0530 [DEBUG] sdk.framework: Value switched to prior value due to semantic equality logic: tf_provider_addr=registry.terraform.io/hashicorp/nios tf_resource_type=nios_grid_member tf_attribute_path=trap_notifications[62].enable_trap tf_rpc=ReadResource tf_req_id=61c06e1b-68a1-3116-2178-adb87eec26f4
2026-03-03T16:32:27.287+0530 [DEBUG] sdk.framework: Value switched to prior value due to semantic equality logic: tf_rpc=ReadResource tf_req_id=61c06e1b-68a1-3116-2178-adb87eec26f4 tf_provider_addr=registry.terraform.io/hashicorp/nios tf_resource_type=nios_grid_member tf_attribute_path=trap_notifications[62]
2026-03-03T16:32:27.287+0530 [DEBUG] sdk.framework: Value switched to prior value due to semantic equality logic: tf_req_id=61c06e1b-68a1-3116-2178-adb87eec26f4 tf_provider_addr=registry.terraform.io/hashicorp/nios tf_resource_type=nios_grid_member tf_attribute_path=trap_notifications[63].trap_type tf_rpc=ReadResource
2026-03-03T16:32:27.287+0530 [DEBUG] sdk.framework: Value switched to prior value due to semantic equality logic: tf_provider_addr=registry.terraform.io/hashicorp/nios tf_resource_type=nios_grid_member tf_attribute_path=trap_notifications[63].enable_email tf_rpc=ReadResource tf_req_id=61c06e1b-68a1-3116-2178-adb87eec26f4
2026-03-03T16:32:27.287+0530 [DEBUG] sdk.framework: Value switched to prior value due to semantic equality logic: tf_req_id=61c06e1b-68a1-3116-2178-adb87eec26f4 tf_provider_addr=registry.terraform.io/hashicorp/nios tf_resource_type=nios_grid_member tf_attribute_path=trap_notifications[63].enable_trap tf_rpc=ReadResource
2026-03-03T16:32:27.287+0530 [DEBUG] sdk.framework: Value switched to prior value due to semantic equality logic: tf_resource_type=nios_grid_member tf_attribute_path=trap_notifications[63] tf_rpc=ReadResource tf_req_id=61c06e1b-68a1-3116-2178-adb87eec26f4 tf_provider_addr=registry.terraform.io/hashicorp/nios
2026-03-03T16:32:27.287+0530 [DEBUG] sdk.framework: Value switched to prior value due to semantic equality logic: tf_resource_type=nios_grid_member tf_attribute_path=trap_notifications[64].enable_email tf_rpc=ReadResource tf_req_id=61c06e1b-68a1-3116-2178-adb87eec26f4 tf_provider_addr=registry.terraform.io/hashicorp/nios
2026-03-03T16:32:27.287+0530 [DEBUG] sdk.framework: Value switched to prior value due to semantic equality logic: tf_rpc=ReadResource tf_req_id=61c06e1b-68a1-3116-2178-adb87eec26f4 tf_provider_addr=registry.terraform.io/hashicorp/nios tf_resource_type=nios_grid_member tf_attribute_path=trap_notifications[64].enable_trap
2026-03-03T16:32:27.287+0530 [DEBUG] sdk.framework: Value switched to prior value due to semantic equality logic: tf_attribute_path=trap_notifications[64].trap_type tf_rpc=ReadResource tf_req_id=61c06e1b-68a1-3116-2178-adb87eec26f4 tf_provider_addr=registry.terraform.io/hashicorp/nios tf_resource_type=nios_grid_member
2026-03-03T16:32:27.287+0530 [DEBUG] sdk.framework: Value switched to prior value due to semantic equality logic: tf_rpc=ReadResource tf_req_id=61c06e1b-68a1-3116-2178-adb87eec26f4 tf_provider_addr=registry.terraform.io/hashicorp/nios tf_resource_type=nios_grid_member tf_attribute_path=trap_notifications[64]
2026-03-03T16:32:27.287+0530 [DEBUG] sdk.framework: Value switched to prior value due to semantic equality logic: tf_req_id=61c06e1b-68a1-3116-2178-adb87eec26f4 tf_provider_addr=registry.terraform.io/hashicorp/nios tf_resource_type=nios_grid_member tf_attribute_path=trap_notifications[65].enable_trap tf_rpc=ReadResource
2026-03-03T16:32:27.287+0530 [DEBUG] sdk.framework: Value switched to prior value due to semantic equality logic: tf_attribute_path=trap_notifications[65].trap_type tf_rpc=ReadResource tf_req_id=61c06e1b-68a1-3116-2178-adb87eec26f4 tf_provider_addr=registry.terraform.io/hashicorp/nios tf_resource_type=nios_grid_member
2026-03-03T16:32:27.287+0530 [DEBUG] sdk.framework: Value switched to prior value due to semantic equality logic: tf_provider_addr=registry.terraform.io/hashicorp/nios tf_resource_type=nios_grid_member tf_attribute_path=trap_notifications[65].enable_email tf_rpc=ReadResource tf_req_id=61c06e1b-68a1-3116-2178-adb87eec26f4
2026-03-03T16:32:27.287+0530 [DEBUG] sdk.framework: Value switched to prior value due to semantic equality logic: tf_provider_addr=registry.terraform.io/hashicorp/nios tf_resource_type=nios_grid_member tf_attribute_path=trap_notifications[65] tf_rpc=ReadResource tf_req_id=61c06e1b-68a1-3116-2178-adb87eec26f4
2026-03-03T16:32:27.287+0530 [DEBUG] sdk.framework: Value switched to prior value due to semantic equality logic: tf_req_id=61c06e1b-68a1-3116-2178-adb87eec26f4 tf_provider_addr=registry.terraform.io/hashicorp/nios tf_resource_type=nios_grid_member tf_attribute_path=trap_notifications[66].trap_type tf_rpc=ReadResource
2026-03-03T16:32:27.287+0530 [DEBUG] sdk.framework: Value switched to prior value due to semantic equality logic: tf_req_id=61c06e1b-68a1-3116-2178-adb87eec26f4 tf_provider_addr=registry.terraform.io/hashicorp/nios tf_resource_type=nios_grid_member tf_attribute_path=trap_notifications[66].enable_email tf_rpc=ReadResource
2026-03-03T16:32:27.287+0530 [DEBUG] sdk.framework: Value switched to prior value due to semantic equality logic: tf_provider_addr=registry.terraform.io/hashicorp/nios tf_resource_type=nios_grid_member tf_attribute_path=trap_notifications[66].enable_trap tf_rpc=ReadResource tf_req_id=61c06e1b-68a1-3116-2178-adb87eec26f4
2026-03-03T16:32:27.287+0530 [DEBUG] sdk.framework: Value switched to prior value due to semantic equality logic: tf_provider_addr=registry.terraform.io/hashicorp/nios tf_resource_type=nios_grid_member tf_attribute_path=trap_notifications[66] tf_rpc=ReadResource tf_req_id=61c06e1b-68a1-3116-2178-adb87eec26f4
2026-03-03T16:32:27.287+0530 [DEBUG] sdk.framework: Value switched to prior value due to semantic equality logic: tf_provider_addr=registry.terraform.io/hashicorp/nios tf_resource_type=nios_grid_member tf_attribute_path=trap_notifications tf_rpc=ReadResource tf_req_id=61c06e1b-68a1-3116-2178-adb87eec26f4
2026-03-03T16:32:27.287+0530 [DEBUG] sdk.framework: Value switched to prior value due to semantic equality logic: tf_req_id=61c06e1b-68a1-3116-2178-adb87eec26f4 tf_provider_addr=registry.terraform.io/hashicorp/nios tf_attribute_path=syslog_proxy_setting.udp_port tf_resource_type=nios_grid_member tf_rpc=ReadResource
2026-03-03T16:32:27.287+0530 [DEBUG] sdk.framework: Value switched to prior value due to semantic equality logic: tf_attribute_path=syslog_proxy_setting.enable tf_resource_type=nios_grid_member tf_rpc=ReadResource tf_req_id=61c06e1b-68a1-3116-2178-adb87eec26f4 tf_provider_addr=registry.terraform.io/hashicorp/nios
2026-03-03T16:32:27.287+0530 [DEBUG] sdk.framework: Value switched to prior value due to semantic equality logic: tf_req_id=61c06e1b-68a1-3116-2178-adb87eec26f4 tf_provider_addr=registry.terraform.io/hashicorp/nios tf_attribute_path=syslog_proxy_setting.tcp_enable tf_resource_type=nios_grid_member tf_rpc=ReadResource
2026-03-03T16:32:27.287+0530 [DEBUG] sdk.framework: Value switched to prior value due to semantic equality logic: tf_rpc=ReadResource tf_req_id=61c06e1b-68a1-3116-2178-adb87eec26f4 tf_provider_addr=registry.terraform.io/hashicorp/nios tf_attribute_path=syslog_proxy_setting.tcp_port tf_resource_type=nios_grid_member
2026-03-03T16:32:27.287+0530 [DEBUG] sdk.framework: Value switched to prior value due to semantic equality logic: tf_resource_type=nios_grid_member tf_rpc=ReadResource tf_req_id=61c06e1b-68a1-3116-2178-adb87eec26f4 tf_provider_addr=registry.terraform.io/hashicorp/nios tf_attribute_path=syslog_proxy_setting.udp_enable
2026-03-03T16:32:27.287+0530 [DEBUG] sdk.framework: Value switched to prior value due to semantic equality logic: tf_provider_addr=registry.terraform.io/hashicorp/nios tf_attribute_path=syslog_proxy_setting tf_resource_type=nios_grid_member tf_rpc=ReadResource tf_req_id=61c06e1b-68a1-3116-2178-adb87eec26f4
2026-03-03T16:32:27.287+0530 [DEBUG] sdk.framework: Value switched to prior value due to semantic equality logic: tf_provider_addr=registry.terraform.io/hashicorp/nios tf_resource_type=nios_grid_member tf_attribute_path=use_enable_member_redirect tf_rpc=ReadResource tf_req_id=61c06e1b-68a1-3116-2178-adb87eec26f4
2026-03-03T16:32:27.287+0530 [DEBUG] sdk.framework: Value switched to prior value due to semantic equality logic: tf_resource_type=nios_grid_member tf_rpc=ReadResource tf_attribute_path=nat_setting.external_virtual_ip tf_req_id=61c06e1b-68a1-3116-2178-adb87eec26f4 tf_provider_addr=registry.terraform.io/hashicorp/nios
2026-03-03T16:32:27.287+0530 [DEBUG] sdk.framework: Value switched to prior value due to semantic equality logic: tf_provider_addr=registry.terraform.io/hashicorp/nios tf_resource_type=nios_grid_member tf_rpc=ReadResource tf_attribute_path=nat_setting.group tf_req_id=61c06e1b-68a1-3116-2178-adb87eec26f4
2026-03-03T16:32:27.287+0530 [DEBUG] sdk.framework: Value switched to prior value due to semantic equality logic: tf_req_id=61c06e1b-68a1-3116-2178-adb87eec26f4 tf_provider_addr=registry.terraform.io/hashicorp/nios tf_resource_type=nios_grid_member tf_rpc=ReadResource tf_attribute_path=nat_setting
2026-03-03T16:32:27.287+0530 [DEBUG] sdk.framework: Value switched to prior value due to semantic equality logic: tf_req_id=61c06e1b-68a1-3116-2178-adb87eec26f4 tf_provider_addr=registry.terraform.io/hashicorp/nios tf_resource_type=nios_grid_member tf_rpc=ReadResource tf_attribute_path=comment
2026-03-03T16:32:27.287+0530 [DEBUG] sdk.framework: Value switched to prior value due to semantic equality logic: tf_provider_addr=registry.terraform.io/hashicorp/nios tf_resource_type=nios_grid_member tf_attribute_path=enable_ro_api_access tf_rpc=ReadResource tf_req_id=61c06e1b-68a1-3116-2178-adb87eec26f4
2026-03-03T16:32:27.287+0530 [DEBUG] sdk.framework: Value switched to prior value due to semantic equality logic: tf_provider_addr=registry.terraform.io/hashicorp/nios tf_resource_type=nios_grid_member tf_rpc=ReadResource tf_req_id=61c06e1b-68a1-3116-2178-adb87eec26f4 tf_attribute_path=use_threshold_traps
2026-03-03T16:32:27.287+0530 [DEBUG] sdk.framework: Value switched to prior value due to semantic equality logic: tf_resource_type=nios_grid_member tf_rpc=ReadResource tf_req_id=61c06e1b-68a1-3116-2178-adb87eec26f4 tf_provider_addr=registry.terraform.io/hashicorp/nios tf_attribute_path=use_dscp
2026-03-03T16:32:27.287+0530 [DEBUG] sdk.framework: Value switched to prior value due to semantic equality logic: tf_attribute_path=use_snmp_setting tf_rpc=ReadResource tf_req_id=61c06e1b-68a1-3116-2178-adb87eec26f4 tf_provider_addr=registry.terraform.io/hashicorp/nios tf_resource_type=nios_grid_member
2026-03-03T16:32:27.287+0530 [DEBUG] sdk.framework: Value switched to prior value due to semantic equality logic: tf_resource_type=nios_grid_member tf_attribute_path=dns_resolver_setting tf_rpc=ReadResource tf_req_id=61c06e1b-68a1-3116-2178-adb87eec26f4 tf_provider_addr=registry.terraform.io/hashicorp/nios
2026-03-03T16:32:27.287+0530 [DEBUG] sdk.framework: Value switched to prior value due to semantic equality logic: tf_rpc=ReadResource tf_req_id=61c06e1b-68a1-3116-2178-adb87eec26f4 tf_provider_addr=registry.terraform.io/hashicorp/nios tf_attribute_path=traffic_capture_auth_dns_setting.auth_dns_latency_listen_on_ip tf_resource_type=nios_grid_member
2026-03-03T16:32:27.287+0530 [DEBUG] sdk.framework: Value switched to prior value due to semantic equality logic: tf_provider_addr=registry.terraform.io/hashicorp/nios tf_attribute_path=traffic_capture_auth_dns_setting.auth_dns_latency_trigger_enable tf_resource_type=nios_grid_member tf_rpc=ReadResource tf_req_id=61c06e1b-68a1-3116-2178-adb87eec26f4
2026-03-03T16:32:27.287+0530 [DEBUG] sdk.framework: Value switched to prior value due to semantic equality logic: tf_req_id=61c06e1b-68a1-3116-2178-adb87eec26f4 tf_provider_addr=registry.terraform.io/hashicorp/nios tf_attribute_path=traffic_capture_auth_dns_setting.auth_dns_latency_listen_on_source tf_resource_type=nios_grid_member tf_rpc=ReadResource
2026-03-03T16:32:27.287+0530 [DEBUG] sdk.framework: Value switched to prior value due to semantic equality logic: tf_resource_type=nios_grid_member tf_rpc=ReadResource tf_req_id=61c06e1b-68a1-3116-2178-adb87eec26f4 tf_provider_addr=registry.terraform.io/hashicorp/nios tf_attribute_path=traffic_capture_auth_dns_setting
2026-03-03T16:32:27.287+0530 [DEBUG] sdk.framework: Value switched to prior value due to semantic equality logic: tf_req_id=61c06e1b-68a1-3116-2178-adb87eec26f4 tf_provider_addr=registry.terraform.io/hashicorp/nios tf_resource_type=nios_grid_member tf_attribute_path=vip_setting.use_dscp tf_rpc=ReadResource
2026-03-03T16:32:27.287+0530 [DEBUG] sdk.framework: Value switched to prior value due to semantic equality logic: tf_provider_addr=registry.terraform.io/hashicorp/nios tf_resource_type=nios_grid_member tf_attribute_path=vip_setting.primary tf_rpc=ReadResource tf_req_id=61c06e1b-68a1-3116-2178-adb87eec26f4
2026-03-03T16:32:27.287+0530 [DEBUG] sdk.framework: Value switched to prior value due to semantic equality logic: tf_req_id=61c06e1b-68a1-3116-2178-adb87eec26f4 tf_provider_addr=registry.terraform.io/hashicorp/nios tf_resource_type=nios_grid_member tf_attribute_path=vip_setting.dscp tf_rpc=ReadResource
2026-03-03T16:32:27.287+0530 [DEBUG] sdk.framework: Value switched to prior value due to semantic equality logic: tf_req_id=61c06e1b-68a1-3116-2178-adb87eec26f4 tf_provider_addr=registry.terraform.io/hashicorp/nios tf_resource_type=nios_grid_member tf_attribute_path=vip_setting.address tf_rpc=ReadResource
2026-03-03T16:32:27.287+0530 [DEBUG] sdk.framework: Value switched to prior value due to semantic equality logic: tf_resource_type=nios_grid_member tf_attribute_path=vip_setting.subnet_mask tf_rpc=ReadResource tf_req_id=61c06e1b-68a1-3116-2178-adb87eec26f4 tf_provider_addr=registry.terraform.io/hashicorp/nios
2026-03-03T16:32:27.287+0530 [DEBUG] sdk.framework: Value switched to prior value due to semantic equality logic: tf_rpc=ReadResource tf_req_id=61c06e1b-68a1-3116-2178-adb87eec26f4 tf_provider_addr=registry.terraform.io/hashicorp/nios tf_resource_type=nios_grid_member tf_attribute_path=vip_setting.lan_gateway
2026-03-03T16:32:27.287+0530 [DEBUG] sdk.framework: Value switched to prior value due to semantic equality logic: tf_provider_addr=registry.terraform.io/hashicorp/nios tf_resource_type=nios_grid_member tf_attribute_path=vip_setting.lan_subnet_mask tf_rpc=ReadResource tf_req_id=61c06e1b-68a1-3116-2178-adb87eec26f4
2026-03-03T16:32:27.287+0530 [DEBUG] sdk.framework: Value switched to prior value due to semantic equality logic: tf_req_id=61c06e1b-68a1-3116-2178-adb87eec26f4 tf_provider_addr=registry.terraform.io/hashicorp/nios tf_resource_type=nios_grid_member tf_attribute_path=vip_setting.gateway tf_rpc=ReadResource
2026-03-03T16:32:27.287+0530 [DEBUG] sdk.framework: Value switched to prior value due to semantic equality logic: tf_resource_type=nios_grid_member tf_attribute_path=vip_setting tf_rpc=ReadResource tf_req_id=61c06e1b-68a1-3116-2178-adb87eec26f4 tf_provider_addr=registry.terraform.io/hashicorp/nios
2026-03-03T16:32:27.287+0530 [DEBUG] sdk.framework: Value switched to prior value due to semantic equality logic: tf_rpc=ReadResource tf_attribute_path=mgmt_port_setting.enabled tf_req_id=61c06e1b-68a1-3116-2178-adb87eec26f4 tf_provider_addr=registry.terraform.io/hashicorp/nios tf_resource_type=nios_grid_member
2026-03-03T16:32:27.287+0530 [DEBUG] sdk.framework: Value switched to prior value due to semantic equality logic: tf_req_id=61c06e1b-68a1-3116-2178-adb87eec26f4 tf_provider_addr=registry.terraform.io/hashicorp/nios tf_resource_type=nios_grid_member tf_rpc=ReadResource tf_attribute_path=mgmt_port_setting.vpn_enabled
2026-03-03T16:32:27.287+0530 [DEBUG] sdk.framework: Value switched to prior value due to semantic equality logic: tf_provider_addr=registry.terraform.io/hashicorp/nios tf_resource_type=nios_grid_member tf_rpc=ReadResource tf_attribute_path=mgmt_port_setting.security_access_enabled tf_req_id=61c06e1b-68a1-3116-2178-adb87eec26f4
2026-03-03T16:32:27.287+0530 [DEBUG] sdk.framework: Value switched to prior value due to semantic equality logic: tf_resource_type=nios_grid_member tf_rpc=ReadResource tf_attribute_path=mgmt_port_setting tf_req_id=61c06e1b-68a1-3116-2178-adb87eec26f4 tf_provider_addr=registry.terraform.io/hashicorp/nios
2026-03-03T16:32:27.287+0530 [DEBUG] sdk.framework: Value switched to prior value due to semantic equality logic: tf_attribute_path=node_info[0].hwid tf_rpc=ReadResource tf_req_id=61c06e1b-68a1-3116-2178-adb87eec26f4 tf_provider_addr=registry.terraform.io/hashicorp/nios tf_resource_type=nios_grid_member
2026-03-03T16:32:27.287+0530 [DEBUG] sdk.framework: Value switched to prior value due to semantic equality logic: tf_rpc=ReadResource tf_req_id=61c06e1b-68a1-3116-2178-adb87eec26f4 tf_provider_addr=registry.terraform.io/hashicorp/nios tf_resource_type=nios_grid_member tf_attribute_path=node_info[0].v6_mgmt_network_setting.auto_router_config_enabled
2026-03-03T16:32:27.287+0530 [DEBUG] sdk.framework: Value switched to prior value due to semantic equality logic: tf_resource_type=nios_grid_member tf_attribute_path=node_info[0].v6_mgmt_network_setting.enabled tf_rpc=ReadResource tf_req_id=61c06e1b-68a1-3116-2178-adb87eec26f4 tf_provider_addr=registry.terraform.io/hashicorp/nios
2026-03-03T16:32:27.287+0530 [DEBUG] sdk.framework: Value switched to prior value due to semantic equality logic: tf_provider_addr=registry.terraform.io/hashicorp/nios tf_resource_type=nios_grid_member tf_attribute_path=node_info[0].v6_mgmt_network_setting.gateway tf_rpc=ReadResource tf_req_id=61c06e1b-68a1-3116-2178-adb87eec26f4
2026-03-03T16:32:27.287+0530 [DEBUG] sdk.framework: Value switched to prior value due to semantic equality logic: tf_rpc=ReadResource tf_req_id=61c06e1b-68a1-3116-2178-adb87eec26f4 tf_provider_addr=registry.terraform.io/hashicorp/nios tf_resource_type=nios_grid_member tf_attribute_path=node_info[0].v6_mgmt_network_setting
2026-03-03T16:32:27.287+0530 [DEBUG] sdk.framework: Value switched to prior value due to semantic equality logic: tf_rpc=ReadResource tf_req_id=61c06e1b-68a1-3116-2178-adb87eec26f4 tf_provider_addr=registry.terraform.io/hashicorp/nios tf_resource_type=nios_grid_member tf_attribute_path=node_info[0].hypervisor
2026-03-03T16:32:27.287+0530 [DEBUG] sdk.framework: Value switched to prior value due to semantic equality logic: tf_rpc=ReadResource tf_req_id=61c06e1b-68a1-3116-2178-adb87eec26f4 tf_provider_addr=registry.terraform.io/hashicorp/nios tf_resource_type=nios_grid_member tf_attribute_path=node_info[0].mgmt_physical_setting.duplex
2026-03-03T16:32:27.287+0530 [DEBUG] sdk.framework: Value switched to prior value due to semantic equality logic: tf_rpc=ReadResource tf_req_id=61c06e1b-68a1-3116-2178-adb87eec26f4 tf_provider_addr=registry.terraform.io/hashicorp/nios tf_resource_type=nios_grid_member tf_attribute_path=node_info[0].mgmt_physical_setting.auto_port_setting_enabled
2026-03-03T16:32:27.287+0530 [DEBUG] sdk.framework: Value switched to prior value due to semantic equality logic: tf_rpc=ReadResource tf_req_id=61c06e1b-68a1-3116-2178-adb87eec26f4 tf_provider_addr=registry.terraform.io/hashicorp/nios tf_resource_type=nios_grid_member tf_attribute_path=node_info[0].mgmt_physical_setting.speed
2026-03-03T16:32:27.287+0530 [DEBUG] sdk.framework: Value switched to prior value due to semantic equality logic: tf_rpc=ReadResource tf_req_id=61c06e1b-68a1-3116-2178-adb87eec26f4 tf_provider_addr=registry.terraform.io/hashicorp/nios tf_resource_type=nios_grid_member tf_attribute_path=node_info[0].mgmt_physical_setting
2026-03-03T16:32:27.287+0530 [DEBUG] sdk.framework: Value switched to prior value due to semantic equality logic: tf_resource_type=nios_grid_member tf_attribute_path=node_info[0].lan_ha_port_setting.ha_port_setting.speed tf_rpc=ReadResource tf_req_id=61c06e1b-68a1-3116-2178-adb87eec26f4 tf_provider_addr=registry.terraform.io/hashicorp/nios
2026-03-03T16:32:27.287+0530 [DEBUG] sdk.framework: Value switched to prior value due to semantic equality logic: tf_req_id=61c06e1b-68a1-3116-2178-adb87eec26f4 tf_provider_addr=registry.terraform.io/hashicorp/nios tf_resource_type=nios_grid_member tf_attribute_path=node_info[0].lan_ha_port_setting.ha_port_setting.duplex tf_rpc=ReadResource
2026-03-03T16:32:27.287+0530 [DEBUG] sdk.framework: Value switched to prior value due to semantic equality logic: tf_req_id=61c06e1b-68a1-3116-2178-adb87eec26f4 tf_provider_addr=registry.terraform.io/hashicorp/nios tf_resource_type=nios_grid_member tf_attribute_path=node_info[0].lan_ha_port_setting.ha_port_setting.auto_port_setting_enabled tf_rpc=ReadResource
2026-03-03T16:32:27.287+0530 [DEBUG] sdk.framework: Value switched to prior value due to semantic equality logic: tf_provider_addr=registry.terraform.io/hashicorp/nios tf_resource_type=nios_grid_member tf_attribute_path=node_info[0].lan_ha_port_setting.ha_port_setting tf_rpc=ReadResource tf_req_id=61c06e1b-68a1-3116-2178-adb87eec26f4
2026-03-03T16:32:27.287+0530 [DEBUG] sdk.framework: Value switched to prior value due to semantic equality logic: tf_resource_type=nios_grid_member tf_attribute_path=node_info[0].lan_ha_port_setting.ha_cloud_attribute tf_rpc=ReadResource tf_req_id=61c06e1b-68a1-3116-2178-adb87eec26f4 tf_provider_addr=registry.terraform.io/hashicorp/nios
2026-03-03T16:32:27.287+0530 [DEBUG] sdk.framework: Value switched to prior value due to semantic equality logic: tf_req_id=61c06e1b-68a1-3116-2178-adb87eec26f4 tf_provider_addr=registry.terraform.io/hashicorp/nios tf_resource_type=nios_grid_member tf_attribute_path=node_info[0].lan_ha_port_setting.lan_port_setting.auto_port_setting_enabled tf_rpc=ReadResource
2026-03-03T16:32:27.287+0530 [DEBUG] sdk.framework: Value switched to prior value due to semantic equality logic: tf_resource_type=nios_grid_member tf_attribute_path=node_info[0].lan_ha_port_setting.lan_port_setting.speed tf_rpc=ReadResource tf_req_id=61c06e1b-68a1-3116-2178-adb87eec26f4 tf_provider_addr=registry.terraform.io/hashicorp/nios
2026-03-03T16:32:27.287+0530 [DEBUG] sdk.framework: Value switched to prior value due to semantic equality logic: tf_attribute_path=node_info[0].lan_ha_port_setting.lan_port_setting.duplex tf_rpc=ReadResource tf_req_id=61c06e1b-68a1-3116-2178-adb87eec26f4 tf_provider_addr=registry.terraform.io/hashicorp/nios tf_resource_type=nios_grid_member
2026-03-03T16:32:27.287+0530 [DEBUG] sdk.framework: Value switched to prior value due to semantic equality logic: tf_rpc=ReadResource tf_req_id=61c06e1b-68a1-3116-2178-adb87eec26f4 tf_provider_addr=registry.terraform.io/hashicorp/nios tf_resource_type=nios_grid_member tf_attribute_path=node_info[0].lan_ha_port_setting.lan_port_setting
2026-03-03T16:32:27.287+0530 [DEBUG] sdk.framework: Value switched to prior value due to semantic equality logic: tf_rpc=ReadResource tf_req_id=61c06e1b-68a1-3116-2178-adb87eec26f4 tf_provider_addr=registry.terraform.io/hashicorp/nios tf_resource_type=nios_grid_member tf_attribute_path=node_info[0].lan_ha_port_setting
2026-03-03T16:32:27.287+0530 [DEBUG] sdk.framework: Value switched to prior value due to semantic equality logic: tf_rpc=ReadResource tf_req_id=61c06e1b-68a1-3116-2178-adb87eec26f4 tf_provider_addr=registry.terraform.io/hashicorp/nios tf_resource_type=nios_grid_member tf_attribute_path=node_info[0].lan2_physical_setting.auto_port_setting_enabled
2026-03-03T16:32:27.287+0530 [DEBUG] sdk.framework: Value switched to prior value due to semantic equality logic: tf_req_id=61c06e1b-68a1-3116-2178-adb87eec26f4 tf_provider_addr=registry.terraform.io/hashicorp/nios tf_resource_type=nios_grid_member tf_attribute_path=node_info[0].lan2_physical_setting.speed tf_rpc=ReadResource
2026-03-03T16:32:27.287+0530 [DEBUG] sdk.framework: Value switched to prior value due to semantic equality logic: tf_resource_type=nios_grid_member tf_attribute_path=node_info[0].lan2_physical_setting.duplex tf_rpc=ReadResource tf_req_id=61c06e1b-68a1-3116-2178-adb87eec26f4 tf_provider_addr=registry.terraform.io/hashicorp/nios
2026-03-03T16:32:27.287+0530 [DEBUG] sdk.framework: Value switched to prior value due to semantic equality logic: tf_resource_type=nios_grid_member tf_attribute_path=node_info[0].lan2_physical_setting tf_rpc=ReadResource tf_req_id=61c06e1b-68a1-3116-2178-adb87eec26f4 tf_provider_addr=registry.terraform.io/hashicorp/nios
2026-03-03T16:32:27.287+0530 [DEBUG] sdk.framework: Value switched to prior value due to semantic equality logic: tf_attribute_path=node_info[0].paid_nios tf_rpc=ReadResource tf_req_id=61c06e1b-68a1-3116-2178-adb87eec26f4 tf_provider_addr=registry.terraform.io/hashicorp/nios tf_resource_type=nios_grid_member
2026-03-03T16:32:27.287+0530 [DEBUG] sdk.framework: Value switched to prior value due to semantic equality logic: tf_resource_type=nios_grid_member tf_attribute_path=node_info[0].nat_external_ip tf_rpc=ReadResource tf_req_id=61c06e1b-68a1-3116-2178-adb87eec26f4 tf_provider_addr=registry.terraform.io/hashicorp/nios
2026-03-03T16:32:27.287+0530 [DEBUG] sdk.framework: Value switched to prior value due to semantic equality logic: tf_rpc=ReadResource tf_req_id=61c06e1b-68a1-3116-2178-adb87eec26f4 tf_provider_addr=registry.terraform.io/hashicorp/nios tf_resource_type=nios_grid_member tf_attribute_path=node_info[0].hwtype
2026-03-03T16:32:27.287+0530 [DEBUG] sdk.framework: Value switched to prior value due to semantic equality logic: tf_rpc=ReadResource tf_req_id=61c06e1b-68a1-3116-2178-adb87eec26f4 tf_provider_addr=registry.terraform.io/hashicorp/nios tf_resource_type=nios_grid_member tf_attribute_path=node_info[0].physical_oid
2026-03-03T16:32:27.287+0530 [DEBUG] sdk.framework: Value switched to prior value due to semantic equality logic: tf_attribute_path=node_info[0].host_platform tf_rpc=ReadResource tf_req_id=61c06e1b-68a1-3116-2178-adb87eec26f4 tf_provider_addr=registry.terraform.io/hashicorp/nios tf_resource_type=nios_grid_member
2026-03-03T16:32:27.287+0530 [DEBUG] sdk.framework: Value switched to prior value due to semantic equality logic: tf_req_id=61c06e1b-68a1-3116-2178-adb87eec26f4 tf_provider_addr=registry.terraform.io/hashicorp/nios tf_resource_type=nios_grid_member tf_attribute_path=node_info[0].hwmodel tf_rpc=ReadResource
2026-03-03T16:32:27.287+0530 [DEBUG] sdk.framework: Value switched to prior value due to semantic equality logic: tf_resource_type=nios_grid_member tf_attribute_path=node_info[0].ha_status tf_rpc=ReadResource tf_req_id=61c06e1b-68a1-3116-2178-adb87eec26f4 tf_provider_addr=registry.terraform.io/hashicorp/nios
2026-03-03T16:32:27.287+0530 [DEBUG] sdk.framework: Value switched to prior value due to semantic equality logic: tf_req_id=61c06e1b-68a1-3116-2178-adb87eec26f4 tf_provider_addr=registry.terraform.io/hashicorp/nios tf_resource_type=nios_grid_member tf_attribute_path=node_info[0] tf_rpc=ReadResource
2026-03-03T16:32:27.287+0530 [DEBUG] sdk.framework: Value switched to prior value due to semantic equality logic: tf_rpc=ReadResource tf_req_id=61c06e1b-68a1-3116-2178-adb87eec26f4 tf_provider_addr=registry.terraform.io/hashicorp/nios tf_resource_type=nios_grid_member tf_attribute_path=node_info
2026-03-03T16:32:27.288+0530 [DEBUG] sdk.framework: Value switched to prior value due to semantic equality logic: tf_attribute_path=use_v4_vrrp tf_rpc=ReadResource tf_req_id=61c06e1b-68a1-3116-2178-adb87eec26f4 tf_provider_addr=registry.terraform.io/hashicorp/nios tf_resource_type=nios_grid_member
2026-03-03T16:32:27.288+0530 [DEBUG] sdk.framework: Value switched to prior value due to semantic equality logic: tf_rpc=ReadResource tf_req_id=61c06e1b-68a1-3116-2178-adb87eec26f4 tf_provider_addr=registry.terraform.io/hashicorp/nios tf_resource_type=nios_grid_member tf_attribute_path=use_trap_notifications
2026-03-03T16:32:27.288+0530 [DEBUG] sdk.framework: Value switched to prior value due to semantic equality logic: tf_rpc=ReadResource tf_req_id=61c06e1b-68a1-3116-2178-adb87eec26f4 tf_provider_addr=registry.terraform.io/hashicorp/nios tf_resource_type=nios_grid_member tf_attribute_path=traffic_capture_rec_dns_setting.rec_dns_latency_listen_on_source
2026-03-03T16:32:27.288+0530 [DEBUG] sdk.framework: Value switched to prior value due to semantic equality logic: tf_provider_addr=registry.terraform.io/hashicorp/nios tf_resource_type=nios_grid_member tf_attribute_path=traffic_capture_rec_dns_setting.rec_dns_latency_listen_on_ip tf_rpc=ReadResource tf_req_id=61c06e1b-68a1-3116-2178-adb87eec26f4
2026-03-03T16:32:27.288+0530 [DEBUG] sdk.framework: Value switched to prior value due to semantic equality logic: tf_rpc=ReadResource tf_req_id=61c06e1b-68a1-3116-2178-adb87eec26f4 tf_provider_addr=registry.terraform.io/hashicorp/nios tf_resource_type=nios_grid_member tf_attribute_path=traffic_capture_rec_dns_setting.rec_dns_latency_trigger_enable
2026-03-03T16:32:27.288+0530 [DEBUG] sdk.framework: Value switched to prior value due to semantic equality logic: tf_req_id=61c06e1b-68a1-3116-2178-adb87eec26f4 tf_provider_addr=registry.terraform.io/hashicorp/nios tf_resource_type=nios_grid_member tf_attribute_path=traffic_capture_rec_dns_setting tf_rpc=ReadResource
2026-03-03T16:32:27.288+0530 [DEBUG] sdk.framework: Value switched to prior value due to semantic equality logic: tf_provider_addr=registry.terraform.io/hashicorp/nios tf_resource_type=nios_grid_member tf_attribute_path=ha_on_cloud tf_rpc=ReadResource tf_req_id=61c06e1b-68a1-3116-2178-adb87eec26f4
2026-03-03T16:32:27.288+0530 [DEBUG] sdk.framework: Value switched to prior value due to semantic equality logic: tf_attribute_path=email_setting.port_number tf_req_id=61c06e1b-68a1-3116-2178-adb87eec26f4 tf_provider_addr=registry.terraform.io/hashicorp/nios tf_resource_type=nios_grid_member tf_rpc=ReadResource
2026-03-03T16:32:27.288+0530 [DEBUG] sdk.framework: Value switched to prior value due to semantic equality logic: tf_attribute_path=email_setting.relay_enabled tf_req_id=61c06e1b-68a1-3116-2178-adb87eec26f4 tf_provider_addr=registry.terraform.io/hashicorp/nios tf_resource_type=nios_grid_member tf_rpc=ReadResource
2026-03-03T16:32:27.288+0530 [DEBUG] sdk.framework: Value switched to prior value due to semantic equality logic: tf_provider_addr=registry.terraform.io/hashicorp/nios tf_resource_type=nios_grid_member tf_rpc=ReadResource tf_attribute_path=email_setting.from_address tf_req_id=61c06e1b-68a1-3116-2178-adb87eec26f4
2026-03-03T16:32:27.288+0530 [DEBUG] sdk.framework: Value switched to prior value due to semantic equality logic: tf_resource_type=nios_grid_member tf_rpc=ReadResource tf_attribute_path=email_setting.address tf_req_id=61c06e1b-68a1-3116-2178-adb87eec26f4 tf_provider_addr=registry.terraform.io/hashicorp/nios
2026-03-03T16:32:27.288+0530 [DEBUG] sdk.framework: Value switched to prior value due to semantic equality logic: tf_req_id=61c06e1b-68a1-3116-2178-adb87eec26f4 tf_provider_addr=registry.terraform.io/hashicorp/nios tf_resource_type=nios_grid_member tf_rpc=ReadResource tf_attribute_path=email_setting.smtps
2026-03-03T16:32:27.288+0530 [DEBUG] sdk.framework: Value switched to prior value due to semantic equality logic: tf_rpc=ReadResource tf_attribute_path=email_setting.use_authentication tf_req_id=61c06e1b-68a1-3116-2178-adb87eec26f4 tf_provider_addr=registry.terraform.io/hashicorp/nios tf_resource_type=nios_grid_member
2026-03-03T16:32:27.288+0530 [DEBUG] sdk.framework: Value switched to prior value due to semantic equality logic: tf_req_id=61c06e1b-68a1-3116-2178-adb87eec26f4 tf_provider_addr=registry.terraform.io/hashicorp/nios tf_resource_type=nios_grid_member tf_rpc=ReadResource tf_attribute_path=email_setting.enabled
2026-03-03T16:32:27.288+0530 [DEBUG] sdk.framework: Value switched to prior value due to semantic equality logic: tf_rpc=ReadResource tf_attribute_path=email_setting.relay tf_req_id=61c06e1b-68a1-3116-2178-adb87eec26f4 tf_provider_addr=registry.terraform.io/hashicorp/nios tf_resource_type=nios_grid_member
2026-03-03T16:32:27.288+0530 [DEBUG] sdk.framework: Value switched to prior value due to semantic equality logic: tf_rpc=ReadResource tf_attribute_path=email_setting tf_req_id=61c06e1b-68a1-3116-2178-adb87eec26f4 tf_provider_addr=registry.terraform.io/hashicorp/nios tf_resource_type=nios_grid_member
2026-03-03T16:32:27.288+0530 [DEBUG] sdk.framework: Value switched to prior value due to semantic equality logic: tf_resource_type=nios_grid_member tf_attribute_path=is_dscp_capable tf_rpc=ReadResource tf_req_id=61c06e1b-68a1-3116-2178-adb87eec26f4 tf_provider_addr=registry.terraform.io/hashicorp/nios
2026-03-03T16:32:27.288+0530 [DEBUG] sdk.framework: Value switched to prior value due to semantic equality logic: tf_provider_addr=registry.terraform.io/hashicorp/nios tf_resource_type=nios_grid_member tf_attribute_path=use_external_syslog_backup_servers tf_rpc=ReadResource tf_req_id=61c06e1b-68a1-3116-2178-adb87eec26f4
2026-03-03T16:32:27.288+0530 [DEBUG] sdk.framework: Value switched to prior value due to semantic equality logic: tf_rpc=ReadResource tf_req_id=61c06e1b-68a1-3116-2178-adb87eec26f4 tf_provider_addr=registry.terraform.io/hashicorp/nios tf_resource_type=nios_grid_member tf_attribute_path=use_time_zone
2026-03-03T16:32:27.288+0530 [DEBUG] sdk.framework: Value switched to prior value due to semantic equality logic: tf_attribute_path=ha_cloud_platform tf_rpc=ReadResource tf_req_id=61c06e1b-68a1-3116-2178-adb87eec26f4 tf_provider_addr=registry.terraform.io/hashicorp/nios tf_resource_type=nios_grid_member
2026-03-03T16:32:27.288+0530 [DEBUG] sdk.framework: Value switched to prior value due to semantic equality logic: tf_req_id=61c06e1b-68a1-3116-2178-adb87eec26f4 tf_provider_addr=registry.terraform.io/hashicorp/nios tf_resource_type=nios_grid_member tf_attribute_path=support_access_info tf_rpc=ReadResource
2026-03-03T16:32:27.288+0530 [DEBUG] sdk.framework: Value switched to prior value due to semantic equality logic: tf_provider_addr=registry.terraform.io/hashicorp/nios tf_resource_type=nios_grid_member tf_rpc=ReadResource tf_req_id=61c06e1b-68a1-3116-2178-adb87eec26f4 tf_attribute_path=enable_member_redirect
2026-03-03T16:32:27.288+0530 [DEBUG] sdk.framework: Value switched to prior value due to semantic equality logic: tf_req_id=61c06e1b-68a1-3116-2178-adb87eec26f4 tf_provider_addr=registry.terraform.io/hashicorp/nios tf_resource_type=nios_grid_member tf_attribute_path=use_enable_lom tf_rpc=ReadResource
2026-03-03T16:32:27.288+0530 [DEBUG] sdk.framework: Value switched to prior value due to semantic equality logic: tf_provider_addr=registry.terraform.io/hashicorp/nios tf_resource_type=nios_grid_member tf_rpc=ReadResource tf_req_id=61c06e1b-68a1-3116-2178-adb87eec26f4 tf_attribute_path=support_access_enable
2026-03-03T16:32:27.288+0530 [DEBUG] sdk.framework: Value switched to prior value due to semantic equality logic: tf_attribute_path=use_traffic_capture_chr tf_rpc=ReadResource tf_req_id=61c06e1b-68a1-3116-2178-adb87eec26f4 tf_provider_addr=registry.terraform.io/hashicorp/nios tf_resource_type=nios_grid_member
2026-03-03T16:32:27.288+0530 [DEBUG] sdk.framework: Value switched to prior value due to semantic equality logic: tf_rpc=ReadResource tf_req_id=61c06e1b-68a1-3116-2178-adb87eec26f4 tf_provider_addr=registry.terraform.io/hashicorp/nios tf_resource_type=nios_grid_member tf_attribute_path="extattrs_all[\"Terraform Internal ID\"]"
2026-03-03T16:32:27.288+0530 [DEBUG] sdk.framework: Value switched to prior value due to semantic equality logic: tf_attribute_path=extattrs_all tf_rpc=ReadResource tf_req_id=61c06e1b-68a1-3116-2178-adb87eec26f4 tf_provider_addr=registry.terraform.io/hashicorp/nios tf_resource_type=nios_grid_member
2026-03-03T16:32:27.288+0530 [DEBUG] sdk.framework: Value switched to prior value due to semantic equality logic: tf_provider_addr=registry.terraform.io/hashicorp/nios tf_resource_type=nios_grid_member tf_attribute_path=service_status[0].status tf_rpc=ReadResource tf_req_id=61c06e1b-68a1-3116-2178-adb87eec26f4
2026-03-03T16:32:27.288+0530 [DEBUG] sdk.framework: Value switched to prior value due to semantic equality logic: tf_req_id=61c06e1b-68a1-3116-2178-adb87eec26f4 tf_provider_addr=registry.terraform.io/hashicorp/nios tf_resource_type=nios_grid_member tf_attribute_path=service_status[0].service tf_rpc=ReadResource
2026-03-03T16:32:27.288+0530 [DEBUG] sdk.framework: Value switched to prior value due to semantic equality logic: tf_rpc=ReadResource tf_req_id=61c06e1b-68a1-3116-2178-adb87eec26f4 tf_provider_addr=registry.terraform.io/hashicorp/nios tf_resource_type=nios_grid_member tf_attribute_path=service_status[0].description
2026-03-03T16:32:27.288+0530 [DEBUG] sdk.framework: Value switched to prior value due to semantic equality logic: tf_provider_addr=registry.terraform.io/hashicorp/nios tf_resource_type=nios_grid_member tf_attribute_path=service_status[0] tf_rpc=ReadResource tf_req_id=61c06e1b-68a1-3116-2178-adb87eec26f4
2026-03-03T16:32:27.288+0530 [DEBUG] sdk.framework: Value switched to prior value due to semantic equality logic: tf_attribute_path=service_status[1].description tf_rpc=ReadResource tf_req_id=61c06e1b-68a1-3116-2178-adb87eec26f4 tf_provider_addr=registry.terraform.io/hashicorp/nios tf_resource_type=nios_grid_member
2026-03-03T16:32:27.288+0530 [DEBUG] sdk.framework: Value switched to prior value due to semantic equality logic: tf_attribute_path=service_status[1].status tf_rpc=ReadResource tf_req_id=61c06e1b-68a1-3116-2178-adb87eec26f4 tf_provider_addr=registry.terraform.io/hashicorp/nios tf_resource_type=nios_grid_member
2026-03-03T16:32:27.288+0530 [DEBUG] sdk.framework: Value switched to prior value due to semantic equality logic: tf_resource_type=nios_grid_member tf_attribute_path=service_status[1].service tf_rpc=ReadResource tf_req_id=61c06e1b-68a1-3116-2178-adb87eec26f4 tf_provider_addr=registry.terraform.io/hashicorp/nios
2026-03-03T16:32:27.288+0530 [DEBUG] sdk.framework: Value switched to prior value due to semantic equality logic: tf_req_id=61c06e1b-68a1-3116-2178-adb87eec26f4 tf_provider_addr=registry.terraform.io/hashicorp/nios tf_resource_type=nios_grid_member tf_attribute_path=service_status[1] tf_rpc=ReadResource
2026-03-03T16:32:27.288+0530 [DEBUG] sdk.framework: Value switched to prior value due to semantic equality logic: tf_rpc=ReadResource tf_req_id=61c06e1b-68a1-3116-2178-adb87eec26f4 tf_provider_addr=registry.terraform.io/hashicorp/nios tf_resource_type=nios_grid_member tf_attribute_path=service_status[2].service
2026-03-03T16:32:27.288+0530 [DEBUG] sdk.framework: Value switched to prior value due to semantic equality logic: tf_resource_type=nios_grid_member tf_attribute_path=service_status[2].description tf_rpc=ReadResource tf_req_id=61c06e1b-68a1-3116-2178-adb87eec26f4 tf_provider_addr=registry.terraform.io/hashicorp/nios
2026-03-03T16:32:27.288+0530 [DEBUG] sdk.framework: Value switched to prior value due to semantic equality logic: tf_resource_type=nios_grid_member tf_attribute_path=service_status[2].status tf_rpc=ReadResource tf_req_id=61c06e1b-68a1-3116-2178-adb87eec26f4 tf_provider_addr=registry.terraform.io/hashicorp/nios
2026-03-03T16:32:27.288+0530 [DEBUG] sdk.framework: Value switched to prior value due to semantic equality logic: tf_attribute_path=service_status[2] tf_rpc=ReadResource tf_req_id=61c06e1b-68a1-3116-2178-adb87eec26f4 tf_provider_addr=registry.terraform.io/hashicorp/nios tf_resource_type=nios_grid_member
2026-03-03T16:32:27.288+0530 [DEBUG] sdk.framework: Value switched to prior value due to semantic equality logic: tf_rpc=ReadResource tf_req_id=61c06e1b-68a1-3116-2178-adb87eec26f4 tf_provider_addr=registry.terraform.io/hashicorp/nios tf_resource_type=nios_grid_member tf_attribute_path=service_status[3].service
2026-03-03T16:32:27.288+0530 [DEBUG] sdk.framework: Value switched to prior value due to semantic equality logic: tf_resource_type=nios_grid_member tf_attribute_path=service_status[3].description tf_rpc=ReadResource tf_req_id=61c06e1b-68a1-3116-2178-adb87eec26f4 tf_provider_addr=registry.terraform.io/hashicorp/nios
2026-03-03T16:32:27.288+0530 [DEBUG] sdk.framework: Value switched to prior value due to semantic equality logic: tf_req_id=61c06e1b-68a1-3116-2178-adb87eec26f4 tf_provider_addr=registry.terraform.io/hashicorp/nios tf_resource_type=nios_grid_member tf_attribute_path=service_status[3].status tf_rpc=ReadResource
2026-03-03T16:32:27.288+0530 [DEBUG] sdk.framework: Value switched to prior value due to semantic equality logic: tf_rpc=ReadResource tf_req_id=61c06e1b-68a1-3116-2178-adb87eec26f4 tf_provider_addr=registry.terraform.io/hashicorp/nios tf_resource_type=nios_grid_member tf_attribute_path=service_status[3]
2026-03-03T16:32:27.288+0530 [DEBUG] sdk.framework: Value switched to prior value due to semantic equality logic: tf_provider_addr=registry.terraform.io/hashicorp/nios tf_resource_type=nios_grid_member tf_attribute_path=service_status[4].service tf_rpc=ReadResource tf_req_id=61c06e1b-68a1-3116-2178-adb87eec26f4
2026-03-03T16:32:27.288+0530 [DEBUG] sdk.framework: Value switched to prior value due to semantic equality logic: tf_req_id=61c06e1b-68a1-3116-2178-adb87eec26f4 tf_provider_addr=registry.terraform.io/hashicorp/nios tf_resource_type=nios_grid_member tf_attribute_path=service_status[4].description tf_rpc=ReadResource
2026-03-03T16:32:27.288+0530 [DEBUG] sdk.framework: Value switched to prior value due to semantic equality logic: tf_rpc=ReadResource tf_req_id=61c06e1b-68a1-3116-2178-adb87eec26f4 tf_provider_addr=registry.terraform.io/hashicorp/nios tf_resource_type=nios_grid_member tf_attribute_path=service_status[4].status
2026-03-03T16:32:27.288+0530 [DEBUG] sdk.framework: Value switched to prior value due to semantic equality logic: tf_rpc=ReadResource tf_req_id=61c06e1b-68a1-3116-2178-adb87eec26f4 tf_provider_addr=registry.terraform.io/hashicorp/nios tf_resource_type=nios_grid_member tf_attribute_path=service_status[4]
2026-03-03T16:32:27.288+0530 [DEBUG] sdk.framework: Value switched to prior value due to semantic equality logic: tf_resource_type=nios_grid_member tf_attribute_path=service_status[5].description tf_rpc=ReadResource tf_req_id=61c06e1b-68a1-3116-2178-adb87eec26f4 tf_provider_addr=registry.terraform.io/hashicorp/nios
2026-03-03T16:32:27.288+0530 [DEBUG] sdk.framework: Value switched to prior value due to semantic equality logic: tf_rpc=ReadResource tf_req_id=61c06e1b-68a1-3116-2178-adb87eec26f4 tf_provider_addr=registry.terraform.io/hashicorp/nios tf_resource_type=nios_grid_member tf_attribute_path=service_status[5].status
2026-03-03T16:32:27.288+0530 [DEBUG] sdk.framework: Value switched to prior value due to semantic equality logic: tf_req_id=61c06e1b-68a1-3116-2178-adb87eec26f4 tf_provider_addr=registry.terraform.io/hashicorp/nios tf_resource_type=nios_grid_member tf_attribute_path=service_status[5].service tf_rpc=ReadResource
2026-03-03T16:32:27.288+0530 [DEBUG] sdk.framework: Value switched to prior value due to semantic equality logic: tf_req_id=61c06e1b-68a1-3116-2178-adb87eec26f4 tf_provider_addr=registry.terraform.io/hashicorp/nios tf_resource_type=nios_grid_member tf_attribute_path=service_status[5] tf_rpc=ReadResource
2026-03-03T16:32:27.288+0530 [DEBUG] sdk.framework: Value switched to prior value due to semantic equality logic: tf_req_id=61c06e1b-68a1-3116-2178-adb87eec26f4 tf_provider_addr=registry.terraform.io/hashicorp/nios tf_resource_type=nios_grid_member tf_attribute_path=service_status[6].description tf_rpc=ReadResource
2026-03-03T16:32:27.288+0530 [DEBUG] sdk.framework: Value switched to prior value due to semantic equality logic: tf_rpc=ReadResource tf_req_id=61c06e1b-68a1-3116-2178-adb87eec26f4 tf_provider_addr=registry.terraform.io/hashicorp/nios tf_resource_type=nios_grid_member tf_attribute_path=service_status[6].status
2026-03-03T16:32:27.288+0530 [DEBUG] sdk.framework: Value switched to prior value due to semantic equality logic: tf_attribute_path=service_status[6].service tf_rpc=ReadResource tf_req_id=61c06e1b-68a1-3116-2178-adb87eec26f4 tf_provider_addr=registry.terraform.io/hashicorp/nios tf_resource_type=nios_grid_member
2026-03-03T16:32:27.288+0530 [DEBUG] sdk.framework: Value switched to prior value due to semantic equality logic: tf_req_id=61c06e1b-68a1-3116-2178-adb87eec26f4 tf_provider_addr=registry.terraform.io/hashicorp/nios tf_resource_type=nios_grid_member tf_attribute_path=service_status[6] tf_rpc=ReadResource
2026-03-03T16:32:27.288+0530 [DEBUG] sdk.framework: Value switched to prior value due to semantic equality logic: tf_resource_type=nios_grid_member tf_attribute_path=service_status[7].description tf_rpc=ReadResource tf_req_id=61c06e1b-68a1-3116-2178-adb87eec26f4 tf_provider_addr=registry.terraform.io/hashicorp/nios
2026-03-03T16:32:27.288+0530 [DEBUG] sdk.framework: Value switched to prior value due to semantic equality logic: tf_rpc=ReadResource tf_req_id=61c06e1b-68a1-3116-2178-adb87eec26f4 tf_provider_addr=registry.terraform.io/hashicorp/nios tf_resource_type=nios_grid_member tf_attribute_path=service_status[7].status
2026-03-03T16:32:27.288+0530 [DEBUG] sdk.framework: Value switched to prior value due to semantic equality logic: tf_attribute_path=service_status[7].service tf_rpc=ReadResource tf_req_id=61c06e1b-68a1-3116-2178-adb87eec26f4 tf_provider_addr=registry.terraform.io/hashicorp/nios tf_resource_type=nios_grid_member
2026-03-03T16:32:27.288+0530 [DEBUG] sdk.framework: Value switched to prior value due to semantic equality logic: tf_req_id=61c06e1b-68a1-3116-2178-adb87eec26f4 tf_provider_addr=registry.terraform.io/hashicorp/nios tf_resource_type=nios_grid_member tf_attribute_path=service_status[7] tf_rpc=ReadResource
2026-03-03T16:32:27.288+0530 [DEBUG] sdk.framework: Value switched to prior value due to semantic equality logic: tf_resource_type=nios_grid_member tf_attribute_path=service_status[8].service tf_rpc=ReadResource tf_req_id=61c06e1b-68a1-3116-2178-adb87eec26f4 tf_provider_addr=registry.terraform.io/hashicorp/nios
2026-03-03T16:32:27.288+0530 [DEBUG] sdk.framework: Value switched to prior value due to semantic equality logic: tf_resource_type=nios_grid_member tf_attribute_path=service_status[8].description tf_rpc=ReadResource tf_req_id=61c06e1b-68a1-3116-2178-adb87eec26f4 tf_provider_addr=registry.terraform.io/hashicorp/nios
2026-03-03T16:32:27.288+0530 [DEBUG] sdk.framework: Value switched to prior value due to semantic equality logic: tf_rpc=ReadResource tf_req_id=61c06e1b-68a1-3116-2178-adb87eec26f4 tf_provider_addr=registry.terraform.io/hashicorp/nios tf_resource_type=nios_grid_member tf_attribute_path=service_status[8].status
2026-03-03T16:32:27.288+0530 [DEBUG] sdk.framework: Value switched to prior value due to semantic equality logic: tf_rpc=ReadResource tf_req_id=61c06e1b-68a1-3116-2178-adb87eec26f4 tf_provider_addr=registry.terraform.io/hashicorp/nios tf_resource_type=nios_grid_member tf_attribute_path=service_status[8]
2026-03-03T16:32:27.288+0530 [DEBUG] sdk.framework: Value switched to prior value due to semantic equality logic: tf_resource_type=nios_grid_member tf_attribute_path=service_status[9].description tf_rpc=ReadResource tf_req_id=61c06e1b-68a1-3116-2178-adb87eec26f4 tf_provider_addr=registry.terraform.io/hashicorp/nios
2026-03-03T16:32:27.288+0530 [DEBUG] sdk.framework: Value switched to prior value due to semantic equality logic: tf_provider_addr=registry.terraform.io/hashicorp/nios tf_resource_type=nios_grid_member tf_attribute_path=service_status[9].status tf_rpc=ReadResource tf_req_id=61c06e1b-68a1-3116-2178-adb87eec26f4
2026-03-03T16:32:27.288+0530 [DEBUG] sdk.framework: Value switched to prior value due to semantic equality logic: tf_rpc=ReadResource tf_req_id=61c06e1b-68a1-3116-2178-adb87eec26f4 tf_provider_addr=registry.terraform.io/hashicorp/nios tf_resource_type=nios_grid_member tf_attribute_path=service_status[9].service
2026-03-03T16:32:27.288+0530 [DEBUG] sdk.framework: Value switched to prior value due to semantic equality logic: tf_provider_addr=registry.terraform.io/hashicorp/nios tf_resource_type=nios_grid_member tf_attribute_path=service_status[9] tf_rpc=ReadResource tf_req_id=61c06e1b-68a1-3116-2178-adb87eec26f4
2026-03-03T16:32:27.288+0530 [DEBUG] sdk.framework: Value switched to prior value due to semantic equality logic: tf_resource_type=nios_grid_member tf_attribute_path=service_status[10].service tf_rpc=ReadResource tf_req_id=61c06e1b-68a1-3116-2178-adb87eec26f4 tf_provider_addr=registry.terraform.io/hashicorp/nios
2026-03-03T16:32:27.288+0530 [DEBUG] sdk.framework: Value switched to prior value due to semantic equality logic: tf_attribute_path=service_status[10].description tf_rpc=ReadResource tf_req_id=61c06e1b-68a1-3116-2178-adb87eec26f4 tf_provider_addr=registry.terraform.io/hashicorp/nios tf_resource_type=nios_grid_member
2026-03-03T16:32:27.288+0530 [DEBUG] sdk.framework: Value switched to prior value due to semantic equality logic: tf_attribute_path=service_status[10].status tf_rpc=ReadResource tf_req_id=61c06e1b-68a1-3116-2178-adb87eec26f4 tf_provider_addr=registry.terraform.io/hashicorp/nios tf_resource_type=nios_grid_member
2026-03-03T16:32:27.288+0530 [DEBUG] sdk.framework: Value switched to prior value due to semantic equality logic: tf_resource_type=nios_grid_member tf_attribute_path=service_status[10] tf_rpc=ReadResource tf_req_id=61c06e1b-68a1-3116-2178-adb87eec26f4 tf_provider_addr=registry.terraform.io/hashicorp/nios
2026-03-03T16:32:27.288+0530 [DEBUG] sdk.framework: Value switched to prior value due to semantic equality logic: tf_resource_type=nios_grid_member tf_attribute_path=service_status[11].status tf_rpc=ReadResource tf_req_id=61c06e1b-68a1-3116-2178-adb87eec26f4 tf_provider_addr=registry.terraform.io/hashicorp/nios
2026-03-03T16:32:27.288+0530 [DEBUG] sdk.framework: Value switched to prior value due to semantic equality logic: tf_provider_addr=registry.terraform.io/hashicorp/nios tf_resource_type=nios_grid_member tf_attribute_path=service_status[11].service tf_rpc=ReadResource tf_req_id=61c06e1b-68a1-3116-2178-adb87eec26f4
2026-03-03T16:32:27.288+0530 [DEBUG] sdk.framework: Value switched to prior value due to semantic equality logic: tf_provider_addr=registry.terraform.io/hashicorp/nios tf_resource_type=nios_grid_member tf_attribute_path=service_status[11].description tf_rpc=ReadResource tf_req_id=61c06e1b-68a1-3116-2178-adb87eec26f4
2026-03-03T16:32:27.288+0530 [DEBUG] sdk.framework: Value switched to prior value due to semantic equality logic: tf_rpc=ReadResource tf_req_id=61c06e1b-68a1-3116-2178-adb87eec26f4 tf_provider_addr=registry.terraform.io/hashicorp/nios tf_resource_type=nios_grid_member tf_attribute_path=service_status[11]
2026-03-03T16:32:27.288+0530 [DEBUG] sdk.framework: Value switched to prior value due to semantic equality logic: tf_attribute_path=service_status tf_rpc=ReadResource tf_req_id=61c06e1b-68a1-3116-2178-adb87eec26f4 tf_provider_addr=registry.terraform.io/hashicorp/nios tf_resource_type=nios_grid_member
2026-03-03T16:32:27.288+0530 [DEBUG] sdk.framework: Value switched to prior value due to semantic equality logic: tf_resource_type=nios_grid_member tf_attribute_path=csp_member_setting.csp_https_proxy tf_rpc=ReadResource tf_req_id=61c06e1b-68a1-3116-2178-adb87eec26f4 tf_provider_addr=registry.terraform.io/hashicorp/nios
2026-03-03T16:32:27.288+0530 [DEBUG] sdk.framework: Value switched to prior value due to semantic equality logic: tf_resource_type=nios_grid_member tf_attribute_path=csp_member_setting.use_csp_join_token tf_rpc=ReadResource tf_req_id=61c06e1b-68a1-3116-2178-adb87eec26f4 tf_provider_addr=registry.terraform.io/hashicorp/nios
2026-03-03T16:32:27.288+0530 [DEBUG] sdk.framework: Value switched to prior value due to semantic equality logic: tf_rpc=ReadResource tf_req_id=61c06e1b-68a1-3116-2178-adb87eec26f4 tf_provider_addr=registry.terraform.io/hashicorp/nios tf_resource_type=nios_grid_member tf_attribute_path=csp_member_setting.use_csp_dns_resolver
2026-03-03T16:32:27.288+0530 [DEBUG] sdk.framework: Value switched to prior value due to semantic equality logic: tf_provider_addr=registry.terraform.io/hashicorp/nios tf_resource_type=nios_grid_member tf_attribute_path=csp_member_setting.use_csp_https_proxy tf_rpc=ReadResource tf_req_id=61c06e1b-68a1-3116-2178-adb87eec26f4
2026-03-03T16:32:27.288+0530 [DEBUG] sdk.framework: Value switched to prior value due to semantic equality logic: tf_rpc=ReadResource tf_req_id=61c06e1b-68a1-3116-2178-adb87eec26f4 tf_provider_addr=registry.terraform.io/hashicorp/nios tf_resource_type=nios_grid_member tf_attribute_path=csp_member_setting.csp_join_token
2026-03-03T16:32:27.288+0530 [DEBUG] sdk.framework: Value switched to prior value due to semantic equality logic: tf_provider_addr=registry.terraform.io/hashicorp/nios tf_resource_type=nios_grid_member tf_attribute_path=csp_member_setting.csp_dns_resolver tf_rpc=ReadResource tf_req_id=61c06e1b-68a1-3116-2178-adb87eec26f4
2026-03-03T16:32:27.288+0530 [DEBUG] sdk.framework: Value switched to prior value due to semantic equality logic: tf_attribute_path=csp_member_setting tf_rpc=ReadResource tf_req_id=61c06e1b-68a1-3116-2178-adb87eec26f4 tf_provider_addr=registry.terraform.io/hashicorp/nios tf_resource_type=nios_grid_member
2026-03-03T16:32:27.288+0530 [DEBUG] sdk.framework: Value switched to prior value due to semantic equality logic: tf_resource_type=nios_grid_member tf_rpc=ReadResource tf_req_id=61c06e1b-68a1-3116-2178-adb87eec26f4 tf_attribute_path=use_support_access_enable tf_provider_addr=registry.terraform.io/hashicorp/nios
2026-03-03T16:32:27.288+0530 [DEBUG] sdk.framework: Value switched to prior value due to semantic equality logic: tf_req_id=61c06e1b-68a1-3116-2178-adb87eec26f4 tf_provider_addr=registry.terraform.io/hashicorp/nios tf_resource_type=nios_grid_member tf_attribute_path=use_traffic_capture_auth_dns tf_rpc=ReadResource
2026-03-03T16:32:27.288+0530 [DEBUG] sdk.framework: Value switched to prior value due to semantic equality logic: tf_provider_addr=registry.terraform.io/hashicorp/nios tf_resource_type=nios_grid_member tf_rpc=ReadResource tf_req_id=61c06e1b-68a1-3116-2178-adb87eec26f4 tf_attribute_path=upgrade_group
2026-03-03T16:32:27.288+0530 [DEBUG] sdk.framework: Value switched to prior value due to semantic equality logic: tf_rpc=ReadResource tf_attribute_path=active_position tf_req_id=61c06e1b-68a1-3116-2178-adb87eec26f4 tf_provider_addr=registry.terraform.io/hashicorp/nios tf_resource_type=nios_grid_member
2026-03-03T16:32:27.288+0530 [DEBUG] sdk.framework: Value switched to prior value due to semantic equality logic: tf_attribute_path=use_traffic_capture_rec_queries tf_rpc=ReadResource tf_req_id=61c06e1b-68a1-3116-2178-adb87eec26f4 tf_provider_addr=registry.terraform.io/hashicorp/nios tf_resource_type=nios_grid_member
2026-03-03T16:32:27.288+0530 [DEBUG] sdk.framework: Value switched to prior value due to semantic equality logic: tf_provider_addr=registry.terraform.io/hashicorp/nios tf_resource_type=nios_grid_member tf_attribute_path=threshold_traps[0].trap_trigger tf_rpc=ReadResource tf_req_id=61c06e1b-68a1-3116-2178-adb87eec26f4
2026-03-03T16:32:27.288+0530 [DEBUG] sdk.framework: Value switched to prior value due to semantic equality logic: tf_resource_type=nios_grid_member tf_attribute_path=threshold_traps[0].trap_type tf_rpc=ReadResource tf_req_id=61c06e1b-68a1-3116-2178-adb87eec26f4 tf_provider_addr=registry.terraform.io/hashicorp/nios
2026-03-03T16:32:27.288+0530 [DEBUG] sdk.framework: Value switched to prior value due to semantic equality logic: tf_provider_addr=registry.terraform.io/hashicorp/nios tf_resource_type=nios_grid_member tf_attribute_path=threshold_traps[0].trap_reset tf_rpc=ReadResource tf_req_id=61c06e1b-68a1-3116-2178-adb87eec26f4
2026-03-03T16:32:27.288+0530 [DEBUG] sdk.framework: Value switched to prior value due to semantic equality logic: tf_rpc=ReadResource tf_req_id=61c06e1b-68a1-3116-2178-adb87eec26f4 tf_provider_addr=registry.terraform.io/hashicorp/nios tf_resource_type=nios_grid_member tf_attribute_path=threshold_traps[0]
2026-03-03T16:32:27.288+0530 [DEBUG] sdk.framework: Value switched to prior value due to semantic equality logic: tf_resource_type=nios_grid_member tf_attribute_path=threshold_traps[1].trap_type tf_rpc=ReadResource tf_req_id=61c06e1b-68a1-3116-2178-adb87eec26f4 tf_provider_addr=registry.terraform.io/hashicorp/nios
2026-03-03T16:32:27.288+0530 [DEBUG] sdk.framework: Value switched to prior value due to semantic equality logic: tf_rpc=ReadResource tf_req_id=61c06e1b-68a1-3116-2178-adb87eec26f4 tf_provider_addr=registry.terraform.io/hashicorp/nios tf_resource_type=nios_grid_member tf_attribute_path=threshold_traps[1].trap_reset
2026-03-03T16:32:27.288+0530 [DEBUG] sdk.framework: Value switched to prior value due to semantic equality logic: tf_req_id=61c06e1b-68a1-3116-2178-adb87eec26f4 tf_provider_addr=registry.terraform.io/hashicorp/nios tf_resource_type=nios_grid_member tf_attribute_path=threshold_traps[1].trap_trigger tf_rpc=ReadResource
2026-03-03T16:32:27.288+0530 [DEBUG] sdk.framework: Value switched to prior value due to semantic equality logic: tf_rpc=ReadResource tf_req_id=61c06e1b-68a1-3116-2178-adb87eec26f4 tf_provider_addr=registry.terraform.io/hashicorp/nios tf_resource_type=nios_grid_member tf_attribute_path=threshold_traps[1]
2026-03-03T16:32:27.289+0530 [DEBUG] sdk.framework: Value switched to prior value due to semantic equality logic: tf_attribute_path=threshold_traps[2].trap_trigger tf_rpc=ReadResource tf_req_id=61c06e1b-68a1-3116-2178-adb87eec26f4 tf_provider_addr=registry.terraform.io/hashicorp/nios tf_resource_type=nios_grid_member
2026-03-03T16:32:27.289+0530 [DEBUG] sdk.framework: Value switched to prior value due to semantic equality logic: tf_provider_addr=registry.terraform.io/hashicorp/nios tf_resource_type=nios_grid_member tf_attribute_path=threshold_traps[2].trap_type tf_rpc=ReadResource tf_req_id=61c06e1b-68a1-3116-2178-adb87eec26f4
2026-03-03T16:32:27.289+0530 [DEBUG] sdk.framework: Value switched to prior value due to semantic equality logic: tf_provider_addr=registry.terraform.io/hashicorp/nios tf_resource_type=nios_grid_member tf_attribute_path=threshold_traps[2].trap_reset tf_rpc=ReadResource tf_req_id=61c06e1b-68a1-3116-2178-adb87eec26f4
2026-03-03T16:32:27.289+0530 [DEBUG] sdk.framework: Value switched to prior value due to semantic equality logic: tf_req_id=61c06e1b-68a1-3116-2178-adb87eec26f4 tf_provider_addr=registry.terraform.io/hashicorp/nios tf_resource_type=nios_grid_member tf_attribute_path=threshold_traps[2] tf_rpc=ReadResource
2026-03-03T16:32:27.289+0530 [DEBUG] sdk.framework: Value switched to prior value due to semantic equality logic: tf_resource_type=nios_grid_member tf_attribute_path=threshold_traps[3].trap_trigger tf_rpc=ReadResource tf_req_id=61c06e1b-68a1-3116-2178-adb87eec26f4 tf_provider_addr=registry.terraform.io/hashicorp/nios
2026-03-03T16:32:27.289+0530 [DEBUG] sdk.framework: Value switched to prior value due to semantic equality logic: tf_provider_addr=registry.terraform.io/hashicorp/nios tf_resource_type=nios_grid_member tf_attribute_path=threshold_traps[3].trap_type tf_rpc=ReadResource tf_req_id=61c06e1b-68a1-3116-2178-adb87eec26f4
2026-03-03T16:32:27.289+0530 [DEBUG] sdk.framework: Value switched to prior value due to semantic equality logic: tf_provider_addr=registry.terraform.io/hashicorp/nios tf_resource_type=nios_grid_member tf_attribute_path=threshold_traps[3].trap_reset tf_rpc=ReadResource tf_req_id=61c06e1b-68a1-3116-2178-adb87eec26f4
2026-03-03T16:32:27.289+0530 [DEBUG] sdk.framework: Value switched to prior value due to semantic equality logic: tf_req_id=61c06e1b-68a1-3116-2178-adb87eec26f4 tf_provider_addr=registry.terraform.io/hashicorp/nios tf_resource_type=nios_grid_member tf_attribute_path=threshold_traps[3] tf_rpc=ReadResource
2026-03-03T16:32:27.289+0530 [DEBUG] sdk.framework: Value switched to prior value due to semantic equality logic: tf_resource_type=nios_grid_member tf_attribute_path=threshold_traps[4].trap_trigger tf_rpc=ReadResource tf_req_id=61c06e1b-68a1-3116-2178-adb87eec26f4 tf_provider_addr=registry.terraform.io/hashicorp/nios
2026-03-03T16:32:27.289+0530 [DEBUG] sdk.framework: Value switched to prior value due to semantic equality logic: tf_attribute_path=threshold_traps[4].trap_type tf_rpc=ReadResource tf_req_id=61c06e1b-68a1-3116-2178-adb87eec26f4 tf_provider_addr=registry.terraform.io/hashicorp/nios tf_resource_type=nios_grid_member
2026-03-03T16:32:27.289+0530 [DEBUG] sdk.framework: Value switched to prior value due to semantic equality logic: tf_provider_addr=registry.terraform.io/hashicorp/nios tf_resource_type=nios_grid_member tf_attribute_path=threshold_traps[4].trap_reset tf_rpc=ReadResource tf_req_id=61c06e1b-68a1-3116-2178-adb87eec26f4
2026-03-03T16:32:27.289+0530 [DEBUG] sdk.framework: Value switched to prior value due to semantic equality logic: tf_resource_type=nios_grid_member tf_attribute_path=threshold_traps[4] tf_rpc=ReadResource tf_req_id=61c06e1b-68a1-3116-2178-adb87eec26f4 tf_provider_addr=registry.terraform.io/hashicorp/nios
2026-03-03T16:32:27.289+0530 [DEBUG] sdk.framework: Value switched to prior value due to semantic equality logic: tf_rpc=ReadResource tf_req_id=61c06e1b-68a1-3116-2178-adb87eec26f4 tf_provider_addr=registry.terraform.io/hashicorp/nios tf_resource_type=nios_grid_member tf_attribute_path=threshold_traps[5].trap_type
2026-03-03T16:32:27.289+0530 [DEBUG] sdk.framework: Value switched to prior value due to semantic equality logic: tf_req_id=61c06e1b-68a1-3116-2178-adb87eec26f4 tf_provider_addr=registry.terraform.io/hashicorp/nios tf_resource_type=nios_grid_member tf_attribute_path=threshold_traps[5].trap_reset tf_rpc=ReadResource
2026-03-03T16:32:27.289+0530 [DEBUG] sdk.framework: Value switched to prior value due to semantic equality logic: tf_rpc=ReadResource tf_req_id=61c06e1b-68a1-3116-2178-adb87eec26f4 tf_provider_addr=registry.terraform.io/hashicorp/nios tf_resource_type=nios_grid_member tf_attribute_path=threshold_traps[5].trap_trigger
2026-03-03T16:32:27.289+0530 [DEBUG] sdk.framework: Value switched to prior value due to semantic equality logic: tf_provider_addr=registry.terraform.io/hashicorp/nios tf_resource_type=nios_grid_member tf_attribute_path=threshold_traps[5] tf_rpc=ReadResource tf_req_id=61c06e1b-68a1-3116-2178-adb87eec26f4
2026-03-03T16:32:27.289+0530 [DEBUG] sdk.framework: Value switched to prior value due to semantic equality logic: tf_rpc=ReadResource tf_req_id=61c06e1b-68a1-3116-2178-adb87eec26f4 tf_provider_addr=registry.terraform.io/hashicorp/nios tf_resource_type=nios_grid_member tf_attribute_path=threshold_traps[6].trap_reset
2026-03-03T16:32:27.289+0530 [DEBUG] sdk.framework: Value switched to prior value due to semantic equality logic: tf_attribute_path=threshold_traps[6].trap_trigger tf_rpc=ReadResource tf_req_id=61c06e1b-68a1-3116-2178-adb87eec26f4 tf_provider_addr=registry.terraform.io/hashicorp/nios tf_resource_type=nios_grid_member
2026-03-03T16:32:27.289+0530 [DEBUG] sdk.framework: Value switched to prior value due to semantic equality logic: tf_rpc=ReadResource tf_req_id=61c06e1b-68a1-3116-2178-adb87eec26f4 tf_provider_addr=registry.terraform.io/hashicorp/nios tf_resource_type=nios_grid_member tf_attribute_path=threshold_traps[6].trap_type
2026-03-03T16:32:27.289+0530 [DEBUG] sdk.framework: Value switched to prior value due to semantic equality logic: tf_attribute_path=threshold_traps[6] tf_rpc=ReadResource tf_req_id=61c06e1b-68a1-3116-2178-adb87eec26f4 tf_provider_addr=registry.terraform.io/hashicorp/nios tf_resource_type=nios_grid_member
2026-03-03T16:32:27.289+0530 [DEBUG] sdk.framework: Value switched to prior value due to semantic equality logic: tf_attribute_path=threshold_traps[7].trap_type tf_rpc=ReadResource tf_req_id=61c06e1b-68a1-3116-2178-adb87eec26f4 tf_provider_addr=registry.terraform.io/hashicorp/nios tf_resource_type=nios_grid_member
2026-03-03T16:32:27.289+0530 [DEBUG] sdk.framework: Value switched to prior value due to semantic equality logic: tf_provider_addr=registry.terraform.io/hashicorp/nios tf_resource_type=nios_grid_member tf_attribute_path=threshold_traps[7].trap_reset tf_rpc=ReadResource tf_req_id=61c06e1b-68a1-3116-2178-adb87eec26f4
2026-03-03T16:32:27.289+0530 [DEBUG] sdk.framework: Value switched to prior value due to semantic equality logic: tf_attribute_path=threshold_traps[7].trap_trigger tf_rpc=ReadResource tf_req_id=61c06e1b-68a1-3116-2178-adb87eec26f4 tf_provider_addr=registry.terraform.io/hashicorp/nios tf_resource_type=nios_grid_member
2026-03-03T16:32:27.289+0530 [DEBUG] sdk.framework: Value switched to prior value due to semantic equality logic: tf_attribute_path=threshold_traps[7] tf_rpc=ReadResource tf_req_id=61c06e1b-68a1-3116-2178-adb87eec26f4 tf_provider_addr=registry.terraform.io/hashicorp/nios tf_resource_type=nios_grid_member
2026-03-03T16:32:27.289+0530 [DEBUG] sdk.framework: Value switched to prior value due to semantic equality logic: tf_attribute_path=threshold_traps[8].trap_reset tf_rpc=ReadResource tf_req_id=61c06e1b-68a1-3116-2178-adb87eec26f4 tf_provider_addr=registry.terraform.io/hashicorp/nios tf_resource_type=nios_grid_member
2026-03-03T16:32:27.289+0530 [DEBUG] sdk.framework: Value switched to prior value due to semantic equality logic: tf_rpc=ReadResource tf_req_id=61c06e1b-68a1-3116-2178-adb87eec26f4 tf_provider_addr=registry.terraform.io/hashicorp/nios tf_resource_type=nios_grid_member tf_attribute_path=threshold_traps[8].trap_trigger
2026-03-03T16:32:27.289+0530 [DEBUG] sdk.framework: Value switched to prior value due to semantic equality logic: tf_req_id=61c06e1b-68a1-3116-2178-adb87eec26f4 tf_provider_addr=registry.terraform.io/hashicorp/nios tf_resource_type=nios_grid_member tf_attribute_path=threshold_traps[8].trap_type tf_rpc=ReadResource
2026-03-03T16:32:27.289+0530 [DEBUG] sdk.framework: Value switched to prior value due to semantic equality logic: tf_req_id=61c06e1b-68a1-3116-2178-adb87eec26f4 tf_provider_addr=registry.terraform.io/hashicorp/nios tf_resource_type=nios_grid_member tf_attribute_path=threshold_traps[8] tf_rpc=ReadResource
2026-03-03T16:32:27.289+0530 [DEBUG] sdk.framework: Value switched to prior value due to semantic equality logic: tf_provider_addr=registry.terraform.io/hashicorp/nios tf_resource_type=nios_grid_member tf_attribute_path=threshold_traps[9].trap_trigger tf_rpc=ReadResource tf_req_id=61c06e1b-68a1-3116-2178-adb87eec26f4
2026-03-03T16:32:27.289+0530 [DEBUG] sdk.framework: Value switched to prior value due to semantic equality logic: tf_provider_addr=registry.terraform.io/hashicorp/nios tf_resource_type=nios_grid_member tf_attribute_path=threshold_traps[9].trap_type tf_rpc=ReadResource tf_req_id=61c06e1b-68a1-3116-2178-adb87eec26f4
2026-03-03T16:32:27.289+0530 [DEBUG] sdk.framework: Value switched to prior value due to semantic equality logic: tf_resource_type=nios_grid_member tf_attribute_path=threshold_traps[9].trap_reset tf_rpc=ReadResource tf_req_id=61c06e1b-68a1-3116-2178-adb87eec26f4 tf_provider_addr=registry.terraform.io/hashicorp/nios
2026-03-03T16:32:27.289+0530 [DEBUG] sdk.framework: Value switched to prior value due to semantic equality logic: tf_resource_type=nios_grid_member tf_attribute_path=threshold_traps[9] tf_rpc=ReadResource tf_req_id=61c06e1b-68a1-3116-2178-adb87eec26f4 tf_provider_addr=registry.terraform.io/hashicorp/nios
2026-03-03T16:32:27.289+0530 [DEBUG] sdk.framework: Value switched to prior value due to semantic equality logic: tf_rpc=ReadResource tf_req_id=61c06e1b-68a1-3116-2178-adb87eec26f4 tf_provider_addr=registry.terraform.io/hashicorp/nios tf_resource_type=nios_grid_member tf_attribute_path=threshold_traps[10].trap_trigger
2026-03-03T16:32:27.289+0530 [DEBUG] sdk.framework: Value switched to prior value due to semantic equality logic: tf_rpc=ReadResource tf_req_id=61c06e1b-68a1-3116-2178-adb87eec26f4 tf_provider_addr=registry.terraform.io/hashicorp/nios tf_resource_type=nios_grid_member tf_attribute_path=threshold_traps[10].trap_type
2026-03-03T16:32:27.289+0530 [DEBUG] sdk.framework: Value switched to prior value due to semantic equality logic: tf_req_id=61c06e1b-68a1-3116-2178-adb87eec26f4 tf_provider_addr=registry.terraform.io/hashicorp/nios tf_resource_type=nios_grid_member tf_attribute_path=threshold_traps[10].trap_reset tf_rpc=ReadResource
2026-03-03T16:32:27.289+0530 [DEBUG] sdk.framework: Value switched to prior value due to semantic equality logic: tf_req_id=61c06e1b-68a1-3116-2178-adb87eec26f4 tf_provider_addr=registry.terraform.io/hashicorp/nios tf_resource_type=nios_grid_member tf_attribute_path=threshold_traps[10] tf_rpc=ReadResource
2026-03-03T16:32:27.289+0530 [DEBUG] sdk.framework: Value switched to prior value due to semantic equality logic: tf_rpc=ReadResource tf_req_id=61c06e1b-68a1-3116-2178-adb87eec26f4 tf_provider_addr=registry.terraform.io/hashicorp/nios tf_resource_type=nios_grid_member tf_attribute_path=threshold_traps[11].trap_type
2026-03-03T16:32:27.289+0530 [DEBUG] sdk.framework: Value switched to prior value due to semantic equality logic: tf_rpc=ReadResource tf_req_id=61c06e1b-68a1-3116-2178-adb87eec26f4 tf_provider_addr=registry.terraform.io/hashicorp/nios tf_resource_type=nios_grid_member tf_attribute_path=threshold_traps[11].trap_reset
2026-03-03T16:32:27.289+0530 [DEBUG] sdk.framework: Value switched to prior value due to semantic equality logic: tf_rpc=ReadResource tf_req_id=61c06e1b-68a1-3116-2178-adb87eec26f4 tf_provider_addr=registry.terraform.io/hashicorp/nios tf_resource_type=nios_grid_member tf_attribute_path=threshold_traps[11].trap_trigger
2026-03-03T16:32:27.289+0530 [DEBUG] sdk.framework: Value switched to prior value due to semantic equality logic: tf_attribute_path=threshold_traps[11] tf_rpc=ReadResource tf_req_id=61c06e1b-68a1-3116-2178-adb87eec26f4 tf_provider_addr=registry.terraform.io/hashicorp/nios tf_resource_type=nios_grid_member
2026-03-03T16:32:27.289+0530 [DEBUG] sdk.framework: Value switched to prior value due to semantic equality logic: tf_rpc=ReadResource tf_req_id=61c06e1b-68a1-3116-2178-adb87eec26f4 tf_provider_addr=registry.terraform.io/hashicorp/nios tf_resource_type=nios_grid_member tf_attribute_path=threshold_traps[12].trap_trigger
2026-03-03T16:32:27.289+0530 [DEBUG] sdk.framework: Value switched to prior value due to semantic equality logic: tf_resource_type=nios_grid_member tf_attribute_path=threshold_traps[12].trap_type tf_rpc=ReadResource tf_req_id=61c06e1b-68a1-3116-2178-adb87eec26f4 tf_provider_addr=registry.terraform.io/hashicorp/nios
2026-03-03T16:32:27.289+0530 [DEBUG] sdk.framework: Value switched to prior value due to semantic equality logic: tf_provider_addr=registry.terraform.io/hashicorp/nios tf_resource_type=nios_grid_member tf_attribute_path=threshold_traps[12].trap_reset tf_rpc=ReadResource tf_req_id=61c06e1b-68a1-3116-2178-adb87eec26f4
2026-03-03T16:32:27.289+0530 [DEBUG] sdk.framework: Value switched to prior value due to semantic equality logic: tf_provider_addr=registry.terraform.io/hashicorp/nios tf_resource_type=nios_grid_member tf_attribute_path=threshold_traps[12] tf_rpc=ReadResource tf_req_id=61c06e1b-68a1-3116-2178-adb87eec26f4
2026-03-03T16:32:27.289+0530 [DEBUG] sdk.framework: Value switched to prior value due to semantic equality logic: tf_resource_type=nios_grid_member tf_attribute_path=threshold_traps[13].trap_trigger tf_rpc=ReadResource tf_req_id=61c06e1b-68a1-3116-2178-adb87eec26f4 tf_provider_addr=registry.terraform.io/hashicorp/nios
2026-03-03T16:32:27.289+0530 [DEBUG] sdk.framework: Value switched to prior value due to semantic equality logic: tf_req_id=61c06e1b-68a1-3116-2178-adb87eec26f4 tf_provider_addr=registry.terraform.io/hashicorp/nios tf_resource_type=nios_grid_member tf_attribute_path=threshold_traps[13].trap_type tf_rpc=ReadResource
2026-03-03T16:32:27.289+0530 [DEBUG] sdk.framework: Value switched to prior value due to semantic equality logic: tf_req_id=61c06e1b-68a1-3116-2178-adb87eec26f4 tf_provider_addr=registry.terraform.io/hashicorp/nios tf_resource_type=nios_grid_member tf_attribute_path=threshold_traps[13].trap_reset tf_rpc=ReadResource
2026-03-03T16:32:27.289+0530 [DEBUG] sdk.framework: Value switched to prior value due to semantic equality logic: tf_provider_addr=registry.terraform.io/hashicorp/nios tf_resource_type=nios_grid_member tf_attribute_path=threshold_traps[13] tf_rpc=ReadResource tf_req_id=61c06e1b-68a1-3116-2178-adb87eec26f4
2026-03-03T16:32:27.289+0530 [DEBUG] sdk.framework: Value switched to prior value due to semantic equality logic: tf_req_id=61c06e1b-68a1-3116-2178-adb87eec26f4 tf_provider_addr=registry.terraform.io/hashicorp/nios tf_resource_type=nios_grid_member tf_attribute_path=threshold_traps[14].trap_type tf_rpc=ReadResource
2026-03-03T16:32:27.289+0530 [DEBUG] sdk.framework: Value switched to prior value due to semantic equality logic: tf_rpc=ReadResource tf_req_id=61c06e1b-68a1-3116-2178-adb87eec26f4 tf_provider_addr=registry.terraform.io/hashicorp/nios tf_resource_type=nios_grid_member tf_attribute_path=threshold_traps[14].trap_reset
2026-03-03T16:32:27.289+0530 [DEBUG] sdk.framework: Value switched to prior value due to semantic equality logic: tf_attribute_path=threshold_traps[14].trap_trigger tf_rpc=ReadResource tf_req_id=61c06e1b-68a1-3116-2178-adb87eec26f4 tf_provider_addr=registry.terraform.io/hashicorp/nios tf_resource_type=nios_grid_member
2026-03-03T16:32:27.289+0530 [DEBUG] sdk.framework: Value switched to prior value due to semantic equality logic: tf_rpc=ReadResource tf_req_id=61c06e1b-68a1-3116-2178-adb87eec26f4 tf_provider_addr=registry.terraform.io/hashicorp/nios tf_resource_type=nios_grid_member tf_attribute_path=threshold_traps[14]
2026-03-03T16:32:27.289+0530 [DEBUG] sdk.framework: Value switched to prior value due to semantic equality logic: tf_provider_addr=registry.terraform.io/hashicorp/nios tf_resource_type=nios_grid_member tf_attribute_path=threshold_traps[15].trap_reset tf_rpc=ReadResource tf_req_id=61c06e1b-68a1-3116-2178-adb87eec26f4
2026-03-03T16:32:27.289+0530 [DEBUG] sdk.framework: Value switched to prior value due to semantic equality logic: tf_resource_type=nios_grid_member tf_attribute_path=threshold_traps[15].trap_trigger tf_rpc=ReadResource tf_req_id=61c06e1b-68a1-3116-2178-adb87eec26f4 tf_provider_addr=registry.terraform.io/hashicorp/nios
2026-03-03T16:32:27.289+0530 [DEBUG] sdk.framework: Value switched to prior value due to semantic equality logic: tf_req_id=61c06e1b-68a1-3116-2178-adb87eec26f4 tf_provider_addr=registry.terraform.io/hashicorp/nios tf_resource_type=nios_grid_member tf_attribute_path=threshold_traps[15].trap_type tf_rpc=ReadResource
2026-03-03T16:32:27.289+0530 [DEBUG] sdk.framework: Value switched to prior value due to semantic equality logic: tf_provider_addr=registry.terraform.io/hashicorp/nios tf_resource_type=nios_grid_member tf_attribute_path=threshold_traps[15] tf_rpc=ReadResource tf_req_id=61c06e1b-68a1-3116-2178-adb87eec26f4
2026-03-03T16:32:27.289+0530 [DEBUG] sdk.framework: Value switched to prior value due to semantic equality logic: tf_attribute_path=threshold_traps[16].trap_trigger tf_rpc=ReadResource tf_req_id=61c06e1b-68a1-3116-2178-adb87eec26f4 tf_provider_addr=registry.terraform.io/hashicorp/nios tf_resource_type=nios_grid_member
2026-03-03T16:32:27.289+0530 [DEBUG] sdk.framework: Value switched to prior value due to semantic equality logic: tf_req_id=61c06e1b-68a1-3116-2178-adb87eec26f4 tf_provider_addr=registry.terraform.io/hashicorp/nios tf_resource_type=nios_grid_member tf_attribute_path=threshold_traps[16].trap_type tf_rpc=ReadResource
2026-03-03T16:32:27.289+0530 [DEBUG] sdk.framework: Value switched to prior value due to semantic equality logic: tf_provider_addr=registry.terraform.io/hashicorp/nios tf_resource_type=nios_grid_member tf_attribute_path=threshold_traps[16].trap_reset tf_rpc=ReadResource tf_req_id=61c06e1b-68a1-3116-2178-adb87eec26f4
2026-03-03T16:32:27.289+0530 [DEBUG] sdk.framework: Value switched to prior value due to semantic equality logic: tf_resource_type=nios_grid_member tf_attribute_path=threshold_traps[16] tf_rpc=ReadResource tf_req_id=61c06e1b-68a1-3116-2178-adb87eec26f4 tf_provider_addr=registry.terraform.io/hashicorp/nios
2026-03-03T16:32:27.289+0530 [DEBUG] sdk.framework: Value switched to prior value due to semantic equality logic: tf_resource_type=nios_grid_member tf_attribute_path=threshold_traps[17].trap_reset tf_rpc=ReadResource tf_req_id=61c06e1b-68a1-3116-2178-adb87eec26f4 tf_provider_addr=registry.terraform.io/hashicorp/nios
2026-03-03T16:32:27.289+0530 [DEBUG] sdk.framework: Value switched to prior value due to semantic equality logic: tf_resource_type=nios_grid_member tf_attribute_path=threshold_traps[17].trap_trigger tf_rpc=ReadResource tf_req_id=61c06e1b-68a1-3116-2178-adb87eec26f4 tf_provider_addr=registry.terraform.io/hashicorp/nios
2026-03-03T16:32:27.289+0530 [DEBUG] sdk.framework: Value switched to prior value due to semantic equality logic: tf_resource_type=nios_grid_member tf_attribute_path=threshold_traps[17].trap_type tf_rpc=ReadResource tf_req_id=61c06e1b-68a1-3116-2178-adb87eec26f4 tf_provider_addr=registry.terraform.io/hashicorp/nios
2026-03-03T16:32:27.289+0530 [DEBUG] sdk.framework: Value switched to prior value due to semantic equality logic: tf_rpc=ReadResource tf_req_id=61c06e1b-68a1-3116-2178-adb87eec26f4 tf_provider_addr=registry.terraform.io/hashicorp/nios tf_resource_type=nios_grid_member tf_attribute_path=threshold_traps[17]
2026-03-03T16:32:27.289+0530 [DEBUG] sdk.framework: Value switched to prior value due to semantic equality logic: tf_provider_addr=registry.terraform.io/hashicorp/nios tf_resource_type=nios_grid_member tf_attribute_path=threshold_traps[18].trap_type tf_rpc=ReadResource tf_req_id=61c06e1b-68a1-3116-2178-adb87eec26f4
2026-03-03T16:32:27.289+0530 [DEBUG] sdk.framework: Value switched to prior value due to semantic equality logic: tf_attribute_path=threshold_traps[18].trap_reset tf_rpc=ReadResource tf_req_id=61c06e1b-68a1-3116-2178-adb87eec26f4 tf_provider_addr=registry.terraform.io/hashicorp/nios tf_resource_type=nios_grid_member
2026-03-03T16:32:27.289+0530 [DEBUG] sdk.framework: Value switched to prior value due to semantic equality logic: tf_attribute_path=threshold_traps[18].trap_trigger tf_rpc=ReadResource tf_req_id=61c06e1b-68a1-3116-2178-adb87eec26f4 tf_provider_addr=registry.terraform.io/hashicorp/nios tf_resource_type=nios_grid_member
2026-03-03T16:32:27.289+0530 [DEBUG] sdk.framework: Value switched to prior value due to semantic equality logic: tf_attribute_path=threshold_traps[18] tf_rpc=ReadResource tf_req_id=61c06e1b-68a1-3116-2178-adb87eec26f4 tf_provider_addr=registry.terraform.io/hashicorp/nios tf_resource_type=nios_grid_member
2026-03-03T16:32:27.289+0530 [DEBUG] sdk.framework: Value switched to prior value due to semantic equality logic: tf_req_id=61c06e1b-68a1-3116-2178-adb87eec26f4 tf_provider_addr=registry.terraform.io/hashicorp/nios tf_resource_type=nios_grid_member tf_attribute_path=threshold_traps tf_rpc=ReadResource
2026-03-03T16:32:27.289+0530 [DEBUG] sdk.framework: Value switched to prior value due to semantic equality logic: tf_provider_addr=registry.terraform.io/hashicorp/nios tf_resource_type=nios_grid_member tf_rpc=ReadResource tf_attribute_path=use_syslog_proxy_setting tf_req_id=61c06e1b-68a1-3116-2178-adb87eec26f4
2026-03-03T16:32:27.289+0530 [DEBUG] sdk.framework: Value switched to prior value due to semantic equality logic: tf_resource_type=nios_grid_member tf_attribute_path=host_name tf_rpc=ReadResource tf_req_id=61c06e1b-68a1-3116-2178-adb87eec26f4 tf_provider_addr=registry.terraform.io/hashicorp/nios
2026-03-03T16:32:27.289+0530 [DEBUG] sdk.framework: Value switched to prior value due to semantic equality logic: tf_rpc=ReadResource tf_req_id=61c06e1b-68a1-3116-2178-adb87eec26f4 tf_provider_addr=registry.terraform.io/hashicorp/nios tf_resource_type=nios_grid_member tf_attribute_path=remote_console_access_enable
2026-03-03T16:32:27.289+0530 [DEBUG] sdk.framework: Value switched to prior value due to semantic equality logic: tf_req_id=61c06e1b-68a1-3116-2178-adb87eec26f4 tf_provider_addr=registry.terraform.io/hashicorp/nios tf_resource_type=nios_grid_member tf_attribute_path=use_dns_resolver_setting tf_rpc=ReadResource
2026-03-03T16:32:27.289+0530 [DEBUG] sdk.framework: Value switched to prior value due to semantic equality logic: tf_attribute_path=external_syslog_server_enable tf_rpc=ReadResource tf_req_id=61c06e1b-68a1-3116-2178-adb87eec26f4 tf_provider_addr=registry.terraform.io/hashicorp/nios tf_resource_type=nios_grid_member
2026-03-03T16:32:27.289+0530 [DEBUG] sdk.framework: Value switched to prior value due to semantic equality logic: tf_provider_addr=registry.terraform.io/hashicorp/nios tf_resource_type=nios_grid_member tf_attribute_path=use_traffic_capture_qps tf_rpc=ReadResource tf_req_id=61c06e1b-68a1-3116-2178-adb87eec26f4
2026-03-03T16:32:27.289+0530 [DEBUG] sdk.framework: Value switched to prior value due to semantic equality logic: tf_rpc=ReadResource tf_attribute_path=platform tf_req_id=61c06e1b-68a1-3116-2178-adb87eec26f4 tf_provider_addr=registry.terraform.io/hashicorp/nios tf_resource_type=nios_grid_member
2026-03-03T16:32:27.289+0530 [DEBUG] sdk.framework: Value switched to prior value due to semantic equality logic: tf_req_id=61c06e1b-68a1-3116-2178-adb87eec26f4 tf_provider_addr=registry.terraform.io/hashicorp/nios tf_resource_type=nios_grid_member tf_attribute_path=master_candidate tf_rpc=ReadResource
2026-03-03T16:32:27.289+0530 [DEBUG] sdk.framework: Value switched to prior value due to semantic equality logic: tf_attribute_path=use_remote_console_access_enable tf_resource_type=nios_grid_member tf_rpc=ReadResource tf_req_id=61c06e1b-68a1-3116-2178-adb87eec26f4 tf_provider_addr=registry.terraform.io/hashicorp/nios
2026-03-03T16:32:27.289+0530 [DEBUG] sdk.framework: Value switched to prior value due to semantic equality logic: tf_provider_addr=registry.terraform.io/hashicorp/nios tf_resource_type=nios_grid_member tf_attribute_path=ipv6_setting.auto_router_config_enabled tf_rpc=ReadResource tf_req_id=61c06e1b-68a1-3116-2178-adb87eec26f4
2026-03-03T16:32:27.289+0530 [DEBUG] sdk.framework: Value switched to prior value due to semantic equality logic: tf_attribute_path=ipv6_setting.gateway tf_rpc=ReadResource tf_req_id=61c06e1b-68a1-3116-2178-adb87eec26f4 tf_provider_addr=registry.terraform.io/hashicorp/nios tf_resource_type=nios_grid_member
2026-03-03T16:32:27.289+0530 [DEBUG] sdk.framework: Value switched to prior value due to semantic equality logic: tf_resource_type=nios_grid_member tf_attribute_path=ipv6_setting.use_dscp tf_rpc=ReadResource tf_req_id=61c06e1b-68a1-3116-2178-adb87eec26f4 tf_provider_addr=registry.terraform.io/hashicorp/nios
2026-03-03T16:32:27.289+0530 [DEBUG] sdk.framework: Value switched to prior value due to semantic equality logic: tf_rpc=ReadResource tf_req_id=61c06e1b-68a1-3116-2178-adb87eec26f4 tf_provider_addr=registry.terraform.io/hashicorp/nios tf_resource_type=nios_grid_member tf_attribute_path=ipv6_setting.dscp
2026-03-03T16:32:27.289+0530 [DEBUG] sdk.framework: Value switched to prior value due to semantic equality logic: tf_req_id=61c06e1b-68a1-3116-2178-adb87eec26f4 tf_provider_addr=registry.terraform.io/hashicorp/nios tf_resource_type=nios_grid_member tf_attribute_path=ipv6_setting.primary tf_rpc=ReadResource
2026-03-03T16:32:27.289+0530 [DEBUG] sdk.framework: Value switched to prior value due to semantic equality logic: tf_provider_addr=registry.terraform.io/hashicorp/nios tf_resource_type=nios_grid_member tf_attribute_path=ipv6_setting.enabled tf_rpc=ReadResource tf_req_id=61c06e1b-68a1-3116-2178-adb87eec26f4
2026-03-03T16:32:27.289+0530 [DEBUG] sdk.framework: Value switched to prior value due to semantic equality logic: tf_rpc=ReadResource tf_req_id=61c06e1b-68a1-3116-2178-adb87eec26f4 tf_provider_addr=registry.terraform.io/hashicorp/nios tf_resource_type=nios_grid_member tf_attribute_path=ipv6_setting
2026-03-03T16:32:27.289+0530 [DEBUG] sdk.framework: Value switched to prior value due to semantic equality logic: tf_resource_type=nios_grid_member tf_rpc=ReadResource tf_req_id=61c06e1b-68a1-3116-2178-adb87eec26f4 tf_provider_addr=registry.terraform.io/hashicorp/nios tf_attribute_path=use_automated_traffic_capture
2026-03-03T16:32:27.289+0530 [DEBUG] sdk.framework: Value switched to prior value due to semantic equality logic: tf_resource_type=nios_grid_member tf_attribute_path=syslog_size tf_rpc=ReadResource tf_req_id=61c06e1b-68a1-3116-2178-adb87eec26f4 tf_provider_addr=registry.terraform.io/hashicorp/nios
2026-03-03T16:32:27.289+0530 [DEBUG] sdk.framework: Value switched to prior value due to semantic equality logic: tf_attribute_path=lom_network_config[0].gateway tf_rpc=ReadResource tf_req_id=61c06e1b-68a1-3116-2178-adb87eec26f4 tf_provider_addr=registry.terraform.io/hashicorp/nios tf_resource_type=nios_grid_member
2026-03-03T16:32:27.289+0530 [DEBUG] sdk.framework: Value switched to prior value due to semantic equality logic: tf_req_id=61c06e1b-68a1-3116-2178-adb87eec26f4 tf_provider_addr=registry.terraform.io/hashicorp/nios tf_resource_type=nios_grid_member tf_attribute_path=lom_network_config[0].subnet_mask tf_rpc=ReadResource
2026-03-03T16:32:27.289+0530 [DEBUG] sdk.framework: Value switched to prior value due to semantic equality logic: tf_attribute_path=lom_network_config[0].is_lom_capable tf_rpc=ReadResource tf_req_id=61c06e1b-68a1-3116-2178-adb87eec26f4 tf_provider_addr=registry.terraform.io/hashicorp/nios tf_resource_type=nios_grid_member
2026-03-03T16:32:27.289+0530 [DEBUG] sdk.framework: Value switched to prior value due to semantic equality logic: tf_req_id=61c06e1b-68a1-3116-2178-adb87eec26f4 tf_provider_addr=registry.terraform.io/hashicorp/nios tf_resource_type=nios_grid_member tf_attribute_path=lom_network_config[0] tf_rpc=ReadResource
2026-03-03T16:32:27.289+0530 [DEBUG] sdk.framework: Value switched to prior value due to semantic equality logic: tf_provider_addr=registry.terraform.io/hashicorp/nios tf_resource_type=nios_grid_member tf_attribute_path=lom_network_config tf_rpc=ReadResource tf_req_id=61c06e1b-68a1-3116-2178-adb87eec26f4
2026-03-03T16:32:27.289+0530 [DEBUG] sdk.framework: Value switched to prior value due to semantic equality logic: tf_rpc=ReadResource tf_req_id=61c06e1b-68a1-3116-2178-adb87eec26f4 tf_provider_addr=registry.terraform.io/hashicorp/nios tf_resource_type=nios_grid_member tf_attribute_path=dscp
2026-03-03T16:32:27.289+0530 [DEBUG] sdk.framework: Value switched to prior value due to semantic equality logic: tf_attribute_path=service_type_configuration tf_rpc=ReadResource tf_req_id=61c06e1b-68a1-3116-2178-adb87eec26f4 tf_provider_addr=registry.terraform.io/hashicorp/nios tf_resource_type=nios_grid_member
2026-03-03T16:32:27.289+0530 [DEBUG] sdk.framework: Value switched to prior value due to semantic equality logic: tf_provider_addr=registry.terraform.io/hashicorp/nios tf_resource_type=nios_grid_member tf_attribute_path=ref tf_rpc=ReadResource tf_req_id=61c06e1b-68a1-3116-2178-adb87eec26f4
2026-03-03T16:32:27.337+0530 [DEBUG] sdk.framework: Detected value change between proposed new state and prior state: tf_rpc=PlanResourceChange tf_resource_type=nios_grid_member tf_req_id=efd60483-7838-18e9-01c9-e58744af44fe tf_provider_addr=registry.terraform.io/hashicorp/nios tf_attribute_path=snmp_setting
2026-03-03T16:32:27.337+0530 [DEBUG] sdk.framework: Marking Computed attributes with null configuration values as unknown (known after apply) in the plan to prevent potential Terraform errors: tf_rpc=PlanResourceChange tf_resource_type=nios_grid_member tf_req_id=efd60483-7838-18e9-01c9-e58744af44fe tf_provider_addr=registry.terraform.io/hashicorp/nios
2026-03-03T16:32:27.337+0530 [DEBUG] sdk.framework: marking computed attribute that is null in the config as unknown: tf_rpc=PlanResourceChange tf_resource_type=nios_grid_member tf_req_id=efd60483-7838-18e9-01c9-e58744af44fe tf_provider_addr=registry.terraform.io/hashicorp/nios tf_attribute_path="AttributeName(\"ipv6_static_routes\")"
2026-03-03T16:32:27.337+0530 [DEBUG] sdk.framework: marking computed attribute that is null in the config as unknown: tf_resource_type=nios_grid_member tf_req_id=efd60483-7838-18e9-01c9-e58744af44fe tf_provider_addr=registry.terraform.io/hashicorp/nios tf_attribute_path="AttributeName(\"traffic_capture_rec_dns_setting\").AttributeName(\"kpi_monitored_domains\")" tf_rpc=PlanResourceChange
2026-03-03T16:32:27.337+0530 [DEBUG] sdk.framework: marking computed attribute that is null in the config as unknown: tf_provider_addr=registry.terraform.io/hashicorp/nios tf_attribute_path="AttributeName(\"traffic_capture_rec_dns_setting\").AttributeName(\"rec_dns_latency_listen_on_ip\")" tf_rpc=PlanResourceChange tf_resource_type=nios_grid_member tf_req_id=efd60483-7838-18e9-01c9-e58744af44fe
2026-03-03T16:32:27.337+0530 [DEBUG] sdk.framework: marking computed attribute that is null in the config as unknown: tf_provider_addr=registry.terraform.io/hashicorp/nios tf_attribute_path="AttributeName(\"traffic_capture_rec_dns_setting\")" tf_rpc=PlanResourceChange tf_resource_type=nios_grid_member tf_req_id=efd60483-7838-18e9-01c9-e58744af44fe
2026-03-03T16:32:27.337+0530 [DEBUG] sdk.framework: marking computed attribute that is null in the config as unknown: tf_attribute_path="AttributeName(\"traffic_capture_rec_queries_setting\")" tf_rpc=PlanResourceChange tf_resource_type=nios_grid_member tf_req_id=efd60483-7838-18e9-01c9-e58744af44fe tf_provider_addr=registry.terraform.io/hashicorp/nios
2026-03-03T16:32:27.337+0530 [DEBUG] sdk.framework: marking computed attribute that is null in the config as unknown: tf_rpc=PlanResourceChange tf_resource_type=nios_grid_member tf_req_id=efd60483-7838-18e9-01c9-e58744af44fe tf_provider_addr=registry.terraform.io/hashicorp/nios tf_attribute_path="AttributeName(\"ipv6_setting\").AttributeName(\"virtual_ip\")"
2026-03-03T16:32:27.337+0530 [DEBUG] sdk.framework: marking computed attribute that is null in the config as unknown: tf_provider_addr=registry.terraform.io/hashicorp/nios tf_attribute_path="AttributeName(\"ipv6_setting\").AttributeName(\"gateway\")" tf_rpc=PlanResourceChange tf_resource_type=nios_grid_member tf_req_id=efd60483-7838-18e9-01c9-e58744af44fe
2026-03-03T16:32:27.338+0530 [DEBUG] sdk.framework: marking computed attribute that is null in the config as unknown: tf_rpc=PlanResourceChange tf_resource_type=nios_grid_member tf_req_id=efd60483-7838-18e9-01c9-e58744af44fe tf_provider_addr=registry.terraform.io/hashicorp/nios tf_attribute_path="AttributeName(\"ha_cloud_platform\")"
2026-03-03T16:32:27.338+0530 [DEBUG] sdk.framework: marking computed attribute that is null in the config as unknown: tf_provider_addr=registry.terraform.io/hashicorp/nios tf_attribute_path="AttributeName(\"mmdb_geoip_build_time\")" tf_rpc=PlanResourceChange tf_resource_type=nios_grid_member tf_req_id=efd60483-7838-18e9-01c9-e58744af44fe
2026-03-03T16:32:27.338+0530 [DEBUG] sdk.framework: marking computed attribute that is null in the config as unknown: tf_req_id=efd60483-7838-18e9-01c9-e58744af44fe tf_provider_addr=registry.terraform.io/hashicorp/nios tf_attribute_path="AttributeName(\"dns_resolver_setting\")" tf_rpc=PlanResourceChange tf_resource_type=nios_grid_member
2026-03-03T16:32:27.338+0530 [DEBUG] sdk.framework: marking computed attribute that is null in the config as unknown: tf_provider_addr=registry.terraform.io/hashicorp/nios tf_attribute_path="AttributeName(\"ntp_setting\").AttributeName(\"ntp_servers\")" tf_rpc=PlanResourceChange tf_resource_type=nios_grid_member tf_req_id=efd60483-7838-18e9-01c9-e58744af44fe
2026-03-03T16:32:27.338+0530 [DEBUG] sdk.framework: marking computed attribute that is null in the config as unknown: tf_req_id=efd60483-7838-18e9-01c9-e58744af44fe tf_provider_addr=registry.terraform.io/hashicorp/nios tf_attribute_path="AttributeName(\"ntp_setting\").AttributeName(\"ntp_acl\").AttributeName(\"acl_type\")" tf_rpc=PlanResourceChange tf_resource_type=nios_grid_member
2026-03-03T16:32:27.338+0530 [DEBUG] sdk.framework: marking computed attribute that is null in the config as unknown: tf_req_id=efd60483-7838-18e9-01c9-e58744af44fe tf_provider_addr=registry.terraform.io/hashicorp/nios tf_attribute_path="AttributeName(\"ntp_setting\").AttributeName(\"ntp_acl\").AttributeName(\"named_acl\")" tf_rpc=PlanResourceChange tf_resource_type=nios_grid_member
2026-03-03T16:32:27.338+0530 [DEBUG] sdk.framework: marking computed attribute that is null in the config as unknown: tf_attribute_path="AttributeName(\"ntp_setting\").AttributeName(\"ntp_acl\").AttributeName(\"service\")" tf_rpc=PlanResourceChange tf_resource_type=nios_grid_member tf_req_id=efd60483-7838-18e9-01c9-e58744af44fe tf_provider_addr=registry.terraform.io/hashicorp/nios
2026-03-03T16:32:27.338+0530 [DEBUG] sdk.framework: marking computed attribute that is null in the config as unknown: tf_provider_addr=registry.terraform.io/hashicorp/nios tf_attribute_path="AttributeName(\"ntp_setting\").AttributeName(\"ntp_acl\")" tf_rpc=PlanResourceChange tf_resource_type=nios_grid_member tf_req_id=efd60483-7838-18e9-01c9-e58744af44fe
2026-03-03T16:32:27.338+0530 [DEBUG] sdk.framework: marking computed attribute that is null in the config as unknown: tf_attribute_path="AttributeName(\"ntp_setting\").AttributeName(\"ntp_keys\")" tf_rpc=PlanResourceChange tf_resource_type=nios_grid_member tf_req_id=efd60483-7838-18e9-01c9-e58744af44fe tf_provider_addr=registry.terraform.io/hashicorp/nios
2026-03-03T16:32:27.338+0530 [DEBUG] sdk.framework: marking computed attribute that is null in the config as unknown: tf_rpc=PlanResourceChange tf_resource_type=nios_grid_member tf_req_id=efd60483-7838-18e9-01c9-e58744af44fe tf_provider_addr=registry.terraform.io/hashicorp/nios tf_attribute_path="AttributeName(\"ntp_setting\")"
2026-03-03T16:32:27.338+0530 [DEBUG] sdk.framework: marking computed attribute that is null in the config as unknown: tf_attribute_path="AttributeName(\"trap_notifications\").ElementKeyInt(0).AttributeName(\"trap_type\")" tf_rpc=PlanResourceChange tf_resource_type=nios_grid_member tf_req_id=efd60483-7838-18e9-01c9-e58744af44fe tf_provider_addr=registry.terraform.io/hashicorp/nios
2026-03-03T16:32:27.338+0530 [DEBUG] sdk.framework: marking computed attribute that is null in the config as unknown: tf_resource_type=nios_grid_member tf_req_id=efd60483-7838-18e9-01c9-e58744af44fe tf_provider_addr=registry.terraform.io/hashicorp/nios tf_attribute_path="AttributeName(\"trap_notifications\").ElementKeyInt(1).AttributeName(\"trap_type\")" tf_rpc=PlanResourceChange
2026-03-03T16:32:27.338+0530 [DEBUG] sdk.framework: marking computed attribute that is null in the config as unknown: tf_req_id=efd60483-7838-18e9-01c9-e58744af44fe tf_provider_addr=registry.terraform.io/hashicorp/nios tf_attribute_path="AttributeName(\"trap_notifications\").ElementKeyInt(2).AttributeName(\"trap_type\")" tf_rpc=PlanResourceChange tf_resource_type=nios_grid_member
2026-03-03T16:32:27.338+0530 [DEBUG] sdk.framework: marking computed attribute that is null in the config as unknown: tf_req_id=efd60483-7838-18e9-01c9-e58744af44fe tf_provider_addr=registry.terraform.io/hashicorp/nios tf_attribute_path="AttributeName(\"trap_notifications\").ElementKeyInt(3).AttributeName(\"trap_type\")" tf_rpc=PlanResourceChange tf_resource_type=nios_grid_member
2026-03-03T16:32:27.338+0530 [DEBUG] sdk.framework: marking computed attribute that is null in the config as unknown: tf_provider_addr=registry.terraform.io/hashicorp/nios tf_attribute_path="AttributeName(\"trap_notifications\").ElementKeyInt(4).AttributeName(\"trap_type\")" tf_rpc=PlanResourceChange tf_resource_type=nios_grid_member tf_req_id=efd60483-7838-18e9-01c9-e58744af44fe
2026-03-03T16:32:27.338+0530 [DEBUG] sdk.framework: marking computed attribute that is null in the config as unknown: tf_resource_type=nios_grid_member tf_req_id=efd60483-7838-18e9-01c9-e58744af44fe tf_provider_addr=registry.terraform.io/hashicorp/nios tf_attribute_path="AttributeName(\"trap_notifications\").ElementKeyInt(5).AttributeName(\"trap_type\")" tf_rpc=PlanResourceChange
2026-03-03T16:32:27.338+0530 [DEBUG] sdk.framework: marking computed attribute that is null in the config as unknown: tf_req_id=efd60483-7838-18e9-01c9-e58744af44fe tf_provider_addr=registry.terraform.io/hashicorp/nios tf_attribute_path="AttributeName(\"trap_notifications\").ElementKeyInt(6).AttributeName(\"trap_type\")" tf_rpc=PlanResourceChange tf_resource_type=nios_grid_member
2026-03-03T16:32:27.338+0530 [DEBUG] sdk.framework: marking computed attribute that is null in the config as unknown: tf_provider_addr=registry.terraform.io/hashicorp/nios tf_attribute_path="AttributeName(\"trap_notifications\").ElementKeyInt(7).AttributeName(\"trap_type\")" tf_rpc=PlanResourceChange tf_resource_type=nios_grid_member tf_req_id=efd60483-7838-18e9-01c9-e58744af44fe
2026-03-03T16:32:27.338+0530 [DEBUG] sdk.framework: marking computed attribute that is null in the config as unknown: tf_resource_type=nios_grid_member tf_req_id=efd60483-7838-18e9-01c9-e58744af44fe tf_provider_addr=registry.terraform.io/hashicorp/nios tf_attribute_path="AttributeName(\"trap_notifications\").ElementKeyInt(8).AttributeName(\"trap_type\")" tf_rpc=PlanResourceChange
2026-03-03T16:32:27.338+0530 [DEBUG] sdk.framework: marking computed attribute that is null in the config as unknown: tf_rpc=PlanResourceChange tf_resource_type=nios_grid_member tf_req_id=efd60483-7838-18e9-01c9-e58744af44fe tf_provider_addr=registry.terraform.io/hashicorp/nios tf_attribute_path="AttributeName(\"trap_notifications\").ElementKeyInt(9).AttributeName(\"trap_type\")"
2026-03-03T16:32:27.338+0530 [DEBUG] sdk.framework: marking computed attribute that is null in the config as unknown: tf_provider_addr=registry.terraform.io/hashicorp/nios tf_attribute_path="AttributeName(\"trap_notifications\").ElementKeyInt(10).AttributeName(\"trap_type\")" tf_rpc=PlanResourceChange tf_resource_type=nios_grid_member tf_req_id=efd60483-7838-18e9-01c9-e58744af44fe
2026-03-03T16:32:27.338+0530 [DEBUG] sdk.framework: marking computed attribute that is null in the config as unknown: tf_resource_type=nios_grid_member tf_req_id=efd60483-7838-18e9-01c9-e58744af44fe tf_provider_addr=registry.terraform.io/hashicorp/nios tf_attribute_path="AttributeName(\"trap_notifications\").ElementKeyInt(11).AttributeName(\"trap_type\")" tf_rpc=PlanResourceChange
2026-03-03T16:32:27.338+0530 [DEBUG] sdk.framework: marking computed attribute that is null in the config as unknown: tf_rpc=PlanResourceChange tf_resource_type=nios_grid_member tf_req_id=efd60483-7838-18e9-01c9-e58744af44fe tf_provider_addr=registry.terraform.io/hashicorp/nios tf_attribute_path="AttributeName(\"trap_notifications\").ElementKeyInt(12).AttributeName(\"trap_type\")"
2026-03-03T16:32:27.338+0530 [DEBUG] sdk.framework: marking computed attribute that is null in the config as unknown: tf_rpc=PlanResourceChange tf_resource_type=nios_grid_member tf_req_id=efd60483-7838-18e9-01c9-e58744af44fe tf_provider_addr=registry.terraform.io/hashicorp/nios tf_attribute_path="AttributeName(\"trap_notifications\").ElementKeyInt(13).AttributeName(\"trap_type\")"
2026-03-03T16:32:27.338+0530 [DEBUG] sdk.framework: marking computed attribute that is null in the config as unknown: tf_rpc=PlanResourceChange tf_resource_type=nios_grid_member tf_req_id=efd60483-7838-18e9-01c9-e58744af44fe tf_provider_addr=registry.terraform.io/hashicorp/nios tf_attribute_path="AttributeName(\"trap_notifications\").ElementKeyInt(14).AttributeName(\"trap_type\")"
2026-03-03T16:32:27.338+0530 [DEBUG] sdk.framework: marking computed attribute that is null in the config as unknown: tf_provider_addr=registry.terraform.io/hashicorp/nios tf_attribute_path="AttributeName(\"trap_notifications\").ElementKeyInt(15).AttributeName(\"trap_type\")" tf_rpc=PlanResourceChange tf_resource_type=nios_grid_member tf_req_id=efd60483-7838-18e9-01c9-e58744af44fe
2026-03-03T16:32:27.338+0530 [DEBUG] sdk.framework: marking computed attribute that is null in the config as unknown: tf_resource_type=nios_grid_member tf_req_id=efd60483-7838-18e9-01c9-e58744af44fe tf_provider_addr=registry.terraform.io/hashicorp/nios tf_attribute_path="AttributeName(\"trap_notifications\").ElementKeyInt(16).AttributeName(\"trap_type\")" tf_rpc=PlanResourceChange
2026-03-03T16:32:27.338+0530 [DEBUG] sdk.framework: marking computed attribute that is null in the config as unknown: tf_req_id=efd60483-7838-18e9-01c9-e58744af44fe tf_provider_addr=registry.terraform.io/hashicorp/nios tf_attribute_path="AttributeName(\"trap_notifications\").ElementKeyInt(17).AttributeName(\"trap_type\")" tf_rpc=PlanResourceChange tf_resource_type=nios_grid_member
2026-03-03T16:32:27.338+0530 [DEBUG] sdk.framework: marking computed attribute that is null in the config as unknown: tf_provider_addr=registry.terraform.io/hashicorp/nios tf_attribute_path="AttributeName(\"trap_notifications\").ElementKeyInt(18).AttributeName(\"trap_type\")" tf_rpc=PlanResourceChange tf_resource_type=nios_grid_member tf_req_id=efd60483-7838-18e9-01c9-e58744af44fe
2026-03-03T16:32:27.338+0530 [DEBUG] sdk.framework: marking computed attribute that is null in the config as unknown: tf_rpc=PlanResourceChange tf_resource_type=nios_grid_member tf_req_id=efd60483-7838-18e9-01c9-e58744af44fe tf_provider_addr=registry.terraform.io/hashicorp/nios tf_attribute_path="AttributeName(\"trap_notifications\").ElementKeyInt(19).AttributeName(\"trap_type\")"
2026-03-03T16:32:27.338+0530 [DEBUG] sdk.framework: marking computed attribute that is null in the config as unknown: tf_resource_type=nios_grid_member tf_req_id=efd60483-7838-18e9-01c9-e58744af44fe tf_provider_addr=registry.terraform.io/hashicorp/nios tf_attribute_path="AttributeName(\"trap_notifications\").ElementKeyInt(20).AttributeName(\"trap_type\")" tf_rpc=PlanResourceChange
2026-03-03T16:32:27.338+0530 [DEBUG] sdk.framework: marking computed attribute that is null in the config as unknown: tf_attribute_path="AttributeName(\"trap_notifications\").ElementKeyInt(21).AttributeName(\"trap_type\")" tf_rpc=PlanResourceChange tf_resource_type=nios_grid_member tf_req_id=efd60483-7838-18e9-01c9-e58744af44fe tf_provider_addr=registry.terraform.io/hashicorp/nios
2026-03-03T16:32:27.338+0530 [DEBUG] sdk.framework: marking computed attribute that is null in the config as unknown: tf_req_id=efd60483-7838-18e9-01c9-e58744af44fe tf_provider_addr=registry.terraform.io/hashicorp/nios tf_attribute_path="AttributeName(\"trap_notifications\").ElementKeyInt(22).AttributeName(\"trap_type\")" tf_rpc=PlanResourceChange tf_resource_type=nios_grid_member
2026-03-03T16:32:27.338+0530 [DEBUG] sdk.framework: marking computed attribute that is null in the config as unknown: tf_req_id=efd60483-7838-18e9-01c9-e58744af44fe tf_provider_addr=registry.terraform.io/hashicorp/nios tf_attribute_path="AttributeName(\"trap_notifications\").ElementKeyInt(23).AttributeName(\"trap_type\")" tf_rpc=PlanResourceChange tf_resource_type=nios_grid_member
2026-03-03T16:32:27.338+0530 [DEBUG] sdk.framework: marking computed attribute that is null in the config as unknown: tf_rpc=PlanResourceChange tf_resource_type=nios_grid_member tf_req_id=efd60483-7838-18e9-01c9-e58744af44fe tf_provider_addr=registry.terraform.io/hashicorp/nios tf_attribute_path="AttributeName(\"trap_notifications\").ElementKeyInt(24).AttributeName(\"trap_type\")"
2026-03-03T16:32:27.338+0530 [DEBUG] sdk.framework: marking computed attribute that is null in the config as unknown: tf_rpc=PlanResourceChange tf_resource_type=nios_grid_member tf_req_id=efd60483-7838-18e9-01c9-e58744af44fe tf_provider_addr=registry.terraform.io/hashicorp/nios tf_attribute_path="AttributeName(\"trap_notifications\").ElementKeyInt(25).AttributeName(\"trap_type\")"
2026-03-03T16:32:27.338+0530 [DEBUG] sdk.framework: marking computed attribute that is null in the config as unknown: tf_attribute_path="AttributeName(\"trap_notifications\").ElementKeyInt(26).AttributeName(\"trap_type\")" tf_rpc=PlanResourceChange tf_resource_type=nios_grid_member tf_req_id=efd60483-7838-18e9-01c9-e58744af44fe tf_provider_addr=registry.terraform.io/hashicorp/nios
2026-03-03T16:32:27.338+0530 [DEBUG] sdk.framework: marking computed attribute that is null in the config as unknown: tf_attribute_path="AttributeName(\"trap_notifications\").ElementKeyInt(27).AttributeName(\"trap_type\")" tf_rpc=PlanResourceChange tf_resource_type=nios_grid_member tf_req_id=efd60483-7838-18e9-01c9-e58744af44fe tf_provider_addr=registry.terraform.io/hashicorp/nios
2026-03-03T16:32:27.338+0530 [DEBUG] sdk.framework: marking computed attribute that is null in the config as unknown: tf_resource_type=nios_grid_member tf_req_id=efd60483-7838-18e9-01c9-e58744af44fe tf_provider_addr=registry.terraform.io/hashicorp/nios tf_attribute_path="AttributeName(\"trap_notifications\").ElementKeyInt(28).AttributeName(\"trap_type\")" tf_rpc=PlanResourceChange
2026-03-03T16:32:27.338+0530 [DEBUG] sdk.framework: marking computed attribute that is null in the config as unknown: tf_resource_type=nios_grid_member tf_req_id=efd60483-7838-18e9-01c9-e58744af44fe tf_provider_addr=registry.terraform.io/hashicorp/nios tf_attribute_path="AttributeName(\"trap_notifications\").ElementKeyInt(29).AttributeName(\"trap_type\")" tf_rpc=PlanResourceChange
2026-03-03T16:32:27.338+0530 [DEBUG] sdk.framework: marking computed attribute that is null in the config as unknown: tf_rpc=PlanResourceChange tf_resource_type=nios_grid_member tf_req_id=efd60483-7838-18e9-01c9-e58744af44fe tf_provider_addr=registry.terraform.io/hashicorp/nios tf_attribute_path="AttributeName(\"trap_notifications\").ElementKeyInt(30).AttributeName(\"trap_type\")"
2026-03-03T16:32:27.338+0530 [DEBUG] sdk.framework: marking computed attribute that is null in the config as unknown: tf_attribute_path="AttributeName(\"trap_notifications\").ElementKeyInt(31).AttributeName(\"trap_type\")" tf_rpc=PlanResourceChange tf_resource_type=nios_grid_member tf_req_id=efd60483-7838-18e9-01c9-e58744af44fe tf_provider_addr=registry.terraform.io/hashicorp/nios
2026-03-03T16:32:27.338+0530 [DEBUG] sdk.framework: marking computed attribute that is null in the config as unknown: tf_attribute_path="AttributeName(\"trap_notifications\").ElementKeyInt(32).AttributeName(\"trap_type\")" tf_rpc=PlanResourceChange tf_resource_type=nios_grid_member tf_req_id=efd60483-7838-18e9-01c9-e58744af44fe tf_provider_addr=registry.terraform.io/hashicorp/nios
2026-03-03T16:32:27.338+0530 [DEBUG] sdk.framework: marking computed attribute that is null in the config as unknown: tf_rpc=PlanResourceChange tf_resource_type=nios_grid_member tf_req_id=efd60483-7838-18e9-01c9-e58744af44fe tf_provider_addr=registry.terraform.io/hashicorp/nios tf_attribute_path="AttributeName(\"trap_notifications\").ElementKeyInt(33).AttributeName(\"trap_type\")"
2026-03-03T16:32:27.338+0530 [DEBUG] sdk.framework: marking computed attribute that is null in the config as unknown: tf_rpc=PlanResourceChange tf_resource_type=nios_grid_member tf_req_id=efd60483-7838-18e9-01c9-e58744af44fe tf_provider_addr=registry.terraform.io/hashicorp/nios tf_attribute_path="AttributeName(\"trap_notifications\").ElementKeyInt(34).AttributeName(\"trap_type\")"
2026-03-03T16:32:27.338+0530 [DEBUG] sdk.framework: marking computed attribute that is null in the config as unknown: tf_req_id=efd60483-7838-18e9-01c9-e58744af44fe tf_provider_addr=registry.terraform.io/hashicorp/nios tf_attribute_path="AttributeName(\"trap_notifications\").ElementKeyInt(35).AttributeName(\"trap_type\")" tf_rpc=PlanResourceChange tf_resource_type=nios_grid_member
2026-03-03T16:32:27.338+0530 [DEBUG] sdk.framework: marking computed attribute that is null in the config as unknown: tf_req_id=efd60483-7838-18e9-01c9-e58744af44fe tf_provider_addr=registry.terraform.io/hashicorp/nios tf_attribute_path="AttributeName(\"trap_notifications\").ElementKeyInt(36).AttributeName(\"trap_type\")" tf_rpc=PlanResourceChange tf_resource_type=nios_grid_member
2026-03-03T16:32:27.338+0530 [DEBUG] sdk.framework: marking computed attribute that is null in the config as unknown: tf_attribute_path="AttributeName(\"trap_notifications\").ElementKeyInt(37).AttributeName(\"trap_type\")" tf_rpc=PlanResourceChange tf_resource_type=nios_grid_member tf_req_id=efd60483-7838-18e9-01c9-e58744af44fe tf_provider_addr=registry.terraform.io/hashicorp/nios
2026-03-03T16:32:27.338+0530 [DEBUG] sdk.framework: marking computed attribute that is null in the config as unknown: tf_attribute_path="AttributeName(\"trap_notifications\").ElementKeyInt(38).AttributeName(\"trap_type\")" tf_rpc=PlanResourceChange tf_resource_type=nios_grid_member tf_req_id=efd60483-7838-18e9-01c9-e58744af44fe tf_provider_addr=registry.terraform.io/hashicorp/nios
2026-03-03T16:32:27.338+0530 [DEBUG] sdk.framework: marking computed attribute that is null in the config as unknown: tf_req_id=efd60483-7838-18e9-01c9-e58744af44fe tf_provider_addr=registry.terraform.io/hashicorp/nios tf_attribute_path="AttributeName(\"trap_notifications\").ElementKeyInt(39).AttributeName(\"trap_type\")" tf_rpc=PlanResourceChange tf_resource_type=nios_grid_member
2026-03-03T16:32:27.339+0530 [DEBUG] sdk.framework: marking computed attribute that is null in the config as unknown: tf_rpc=PlanResourceChange tf_resource_type=nios_grid_member tf_req_id=efd60483-7838-18e9-01c9-e58744af44fe tf_provider_addr=registry.terraform.io/hashicorp/nios tf_attribute_path="AttributeName(\"trap_notifications\").ElementKeyInt(40).AttributeName(\"trap_type\")"
2026-03-03T16:32:27.339+0530 [DEBUG] sdk.framework: marking computed attribute that is null in the config as unknown: tf_resource_type=nios_grid_member tf_req_id=efd60483-7838-18e9-01c9-e58744af44fe tf_provider_addr=registry.terraform.io/hashicorp/nios tf_attribute_path="AttributeName(\"trap_notifications\").ElementKeyInt(41).AttributeName(\"trap_type\")" tf_rpc=PlanResourceChange
2026-03-03T16:32:27.339+0530 [DEBUG] sdk.framework: marking computed attribute that is null in the config as unknown: tf_rpc=PlanResourceChange tf_resource_type=nios_grid_member tf_req_id=efd60483-7838-18e9-01c9-e58744af44fe tf_provider_addr=registry.terraform.io/hashicorp/nios tf_attribute_path="AttributeName(\"trap_notifications\").ElementKeyInt(42).AttributeName(\"trap_type\")"
2026-03-03T16:32:27.339+0530 [DEBUG] sdk.framework: marking computed attribute that is null in the config as unknown: tf_resource_type=nios_grid_member tf_req_id=efd60483-7838-18e9-01c9-e58744af44fe tf_provider_addr=registry.terraform.io/hashicorp/nios tf_attribute_path="AttributeName(\"trap_notifications\").ElementKeyInt(43).AttributeName(\"trap_type\")" tf_rpc=PlanResourceChange
2026-03-03T16:32:27.339+0530 [DEBUG] sdk.framework: marking computed attribute that is null in the config as unknown: tf_req_id=efd60483-7838-18e9-01c9-e58744af44fe tf_provider_addr=registry.terraform.io/hashicorp/nios tf_attribute_path="AttributeName(\"trap_notifications\").ElementKeyInt(44).AttributeName(\"trap_type\")" tf_rpc=PlanResourceChange tf_resource_type=nios_grid_member
2026-03-03T16:32:27.339+0530 [DEBUG] sdk.framework: marking computed attribute that is null in the config as unknown: tf_req_id=efd60483-7838-18e9-01c9-e58744af44fe tf_provider_addr=registry.terraform.io/hashicorp/nios tf_attribute_path="AttributeName(\"trap_notifications\").ElementKeyInt(45).AttributeName(\"trap_type\")" tf_rpc=PlanResourceChange tf_resource_type=nios_grid_member
2026-03-03T16:32:27.339+0530 [DEBUG] sdk.framework: marking computed attribute that is null in the config as unknown: tf_provider_addr=registry.terraform.io/hashicorp/nios tf_attribute_path="AttributeName(\"trap_notifications\").ElementKeyInt(46).AttributeName(\"trap_type\")" tf_rpc=PlanResourceChange tf_resource_type=nios_grid_member tf_req_id=efd60483-7838-18e9-01c9-e58744af44fe
2026-03-03T16:32:27.339+0530 [DEBUG] sdk.framework: marking computed attribute that is null in the config as unknown: tf_resource_type=nios_grid_member tf_req_id=efd60483-7838-18e9-01c9-e58744af44fe tf_provider_addr=registry.terraform.io/hashicorp/nios tf_attribute_path="AttributeName(\"trap_notifications\").ElementKeyInt(47).AttributeName(\"trap_type\")" tf_rpc=PlanResourceChange
2026-03-03T16:32:27.339+0530 [DEBUG] sdk.framework: marking computed attribute that is null in the config as unknown: tf_provider_addr=registry.terraform.io/hashicorp/nios tf_attribute_path="AttributeName(\"trap_notifications\").ElementKeyInt(48).AttributeName(\"trap_type\")" tf_rpc=PlanResourceChange tf_resource_type=nios_grid_member tf_req_id=efd60483-7838-18e9-01c9-e58744af44fe
2026-03-03T16:32:27.339+0530 [DEBUG] sdk.framework: marking computed attribute that is null in the config as unknown: tf_resource_type=nios_grid_member tf_req_id=efd60483-7838-18e9-01c9-e58744af44fe tf_provider_addr=registry.terraform.io/hashicorp/nios tf_attribute_path="AttributeName(\"trap_notifications\").ElementKeyInt(49).AttributeName(\"trap_type\")" tf_rpc=PlanResourceChange
2026-03-03T16:32:27.339+0530 [DEBUG] sdk.framework: marking computed attribute that is null in the config as unknown: tf_req_id=efd60483-7838-18e9-01c9-e58744af44fe tf_provider_addr=registry.terraform.io/hashicorp/nios tf_attribute_path="AttributeName(\"trap_notifications\").ElementKeyInt(50).AttributeName(\"trap_type\")" tf_rpc=PlanResourceChange tf_resource_type=nios_grid_member
2026-03-03T16:32:27.339+0530 [DEBUG] sdk.framework: marking computed attribute that is null in the config as unknown: tf_rpc=PlanResourceChange tf_resource_type=nios_grid_member tf_req_id=efd60483-7838-18e9-01c9-e58744af44fe tf_provider_addr=registry.terraform.io/hashicorp/nios tf_attribute_path="AttributeName(\"trap_notifications\").ElementKeyInt(51).AttributeName(\"trap_type\")"
2026-03-03T16:32:27.339+0530 [DEBUG] sdk.framework: marking computed attribute that is null in the config as unknown: tf_rpc=PlanResourceChange tf_resource_type=nios_grid_member tf_req_id=efd60483-7838-18e9-01c9-e58744af44fe tf_provider_addr=registry.terraform.io/hashicorp/nios tf_attribute_path="AttributeName(\"trap_notifications\").ElementKeyInt(52).AttributeName(\"trap_type\")"
2026-03-03T16:32:27.339+0530 [DEBUG] sdk.framework: marking computed attribute that is null in the config as unknown: tf_rpc=PlanResourceChange tf_resource_type=nios_grid_member tf_req_id=efd60483-7838-18e9-01c9-e58744af44fe tf_provider_addr=registry.terraform.io/hashicorp/nios tf_attribute_path="AttributeName(\"trap_notifications\").ElementKeyInt(53).AttributeName(\"trap_type\")"
2026-03-03T16:32:27.339+0530 [DEBUG] sdk.framework: marking computed attribute that is null in the config as unknown: tf_req_id=efd60483-7838-18e9-01c9-e58744af44fe tf_provider_addr=registry.terraform.io/hashicorp/nios tf_attribute_path="AttributeName(\"trap_notifications\").ElementKeyInt(54).AttributeName(\"trap_type\")" tf_rpc=PlanResourceChange tf_resource_type=nios_grid_member
2026-03-03T16:32:27.339+0530 [DEBUG] sdk.framework: marking computed attribute that is null in the config as unknown: tf_resource_type=nios_grid_member tf_req_id=efd60483-7838-18e9-01c9-e58744af44fe tf_provider_addr=registry.terraform.io/hashicorp/nios tf_attribute_path="AttributeName(\"trap_notifications\").ElementKeyInt(55).AttributeName(\"trap_type\")" tf_rpc=PlanResourceChange
2026-03-03T16:32:27.339+0530 [DEBUG] sdk.framework: marking computed attribute that is null in the config as unknown: tf_resource_type=nios_grid_member tf_req_id=efd60483-7838-18e9-01c9-e58744af44fe tf_provider_addr=registry.terraform.io/hashicorp/nios tf_attribute_path="AttributeName(\"trap_notifications\").ElementKeyInt(56).AttributeName(\"trap_type\")" tf_rpc=PlanResourceChange
2026-03-03T16:32:27.339+0530 [DEBUG] sdk.framework: marking computed attribute that is null in the config as unknown: tf_attribute_path="AttributeName(\"trap_notifications\").ElementKeyInt(57).AttributeName(\"trap_type\")" tf_rpc=PlanResourceChange tf_resource_type=nios_grid_member tf_req_id=efd60483-7838-18e9-01c9-e58744af44fe tf_provider_addr=registry.terraform.io/hashicorp/nios
2026-03-03T16:32:27.339+0530 [DEBUG] sdk.framework: marking computed attribute that is null in the config as unknown: tf_req_id=efd60483-7838-18e9-01c9-e58744af44fe tf_provider_addr=registry.terraform.io/hashicorp/nios tf_attribute_path="AttributeName(\"trap_notifications\").ElementKeyInt(58).AttributeName(\"trap_type\")" tf_rpc=PlanResourceChange tf_resource_type=nios_grid_member
2026-03-03T16:32:27.339+0530 [DEBUG] sdk.framework: marking computed attribute that is null in the config as unknown: tf_req_id=efd60483-7838-18e9-01c9-e58744af44fe tf_provider_addr=registry.terraform.io/hashicorp/nios tf_attribute_path="AttributeName(\"trap_notifications\").ElementKeyInt(59).AttributeName(\"trap_type\")" tf_rpc=PlanResourceChange tf_resource_type=nios_grid_member
2026-03-03T16:32:27.339+0530 [DEBUG] sdk.framework: marking computed attribute that is null in the config as unknown: tf_rpc=PlanResourceChange tf_resource_type=nios_grid_member tf_req_id=efd60483-7838-18e9-01c9-e58744af44fe tf_provider_addr=registry.terraform.io/hashicorp/nios tf_attribute_path="AttributeName(\"trap_notifications\").ElementKeyInt(60).AttributeName(\"trap_type\")"
2026-03-03T16:32:27.339+0530 [DEBUG] sdk.framework: marking computed attribute that is null in the config as unknown: tf_provider_addr=registry.terraform.io/hashicorp/nios tf_attribute_path="AttributeName(\"trap_notifications\").ElementKeyInt(61).AttributeName(\"trap_type\")" tf_rpc=PlanResourceChange tf_resource_type=nios_grid_member tf_req_id=efd60483-7838-18e9-01c9-e58744af44fe
2026-03-03T16:32:27.340+0530 [DEBUG] sdk.framework: marking computed attribute that is null in the config as unknown: tf_req_id=efd60483-7838-18e9-01c9-e58744af44fe tf_provider_addr=registry.terraform.io/hashicorp/nios tf_attribute_path="AttributeName(\"trap_notifications\").ElementKeyInt(62).AttributeName(\"trap_type\")" tf_rpc=PlanResourceChange tf_resource_type=nios_grid_member
2026-03-03T16:32:27.340+0530 [DEBUG] sdk.framework: marking computed attribute that is null in the config as unknown: tf_rpc=PlanResourceChange tf_resource_type=nios_grid_member tf_req_id=efd60483-7838-18e9-01c9-e58744af44fe tf_provider_addr=registry.terraform.io/hashicorp/nios tf_attribute_path="AttributeName(\"trap_notifications\").ElementKeyInt(63).AttributeName(\"trap_type\")"
2026-03-03T16:32:27.340+0530 [DEBUG] sdk.framework: marking computed attribute that is null in the config as unknown: tf_provider_addr=registry.terraform.io/hashicorp/nios tf_attribute_path="AttributeName(\"trap_notifications\").ElementKeyInt(64).AttributeName(\"trap_type\")" tf_rpc=PlanResourceChange tf_resource_type=nios_grid_member tf_req_id=efd60483-7838-18e9-01c9-e58744af44fe
2026-03-03T16:32:27.340+0530 [DEBUG] sdk.framework: marking computed attribute that is null in the config as unknown: tf_provider_addr=registry.terraform.io/hashicorp/nios tf_attribute_path="AttributeName(\"trap_notifications\").ElementKeyInt(65).AttributeName(\"trap_type\")" tf_rpc=PlanResourceChange tf_resource_type=nios_grid_member tf_req_id=efd60483-7838-18e9-01c9-e58744af44fe
2026-03-03T16:32:27.340+0530 [DEBUG] sdk.framework: marking computed attribute that is null in the config as unknown: tf_rpc=PlanResourceChange tf_resource_type=nios_grid_member tf_req_id=efd60483-7838-18e9-01c9-e58744af44fe tf_provider_addr=registry.terraform.io/hashicorp/nios tf_attribute_path="AttributeName(\"trap_notifications\").ElementKeyInt(66).AttributeName(\"trap_type\")"
2026-03-03T16:32:27.340+0530 [DEBUG] sdk.framework: marking computed attribute that is null in the config as unknown: tf_provider_addr=registry.terraform.io/hashicorp/nios tf_attribute_path="AttributeName(\"trap_notifications\")" tf_rpc=PlanResourceChange tf_resource_type=nios_grid_member tf_req_id=efd60483-7838-18e9-01c9-e58744af44fe
2026-03-03T16:32:27.340+0530 [DEBUG] sdk.framework: marking computed attribute that is null in the config as unknown: tf_provider_addr=registry.terraform.io/hashicorp/nios tf_attribute_path="AttributeName(\"syslog_servers\")" tf_rpc=PlanResourceChange tf_resource_type=nios_grid_member tf_req_id=efd60483-7838-18e9-01c9-e58744af44fe
2026-03-03T16:32:27.340+0530 [DEBUG] sdk.framework: marking computed attribute that is null in the config as unknown: tf_resource_type=nios_grid_member tf_req_id=efd60483-7838-18e9-01c9-e58744af44fe tf_provider_addr=registry.terraform.io/hashicorp/nios tf_attribute_path="AttributeName(\"external_syslog_backup_servers\")" tf_rpc=PlanResourceChange
2026-03-03T16:32:27.340+0530 [DEBUG] sdk.framework: marking computed attribute that is null in the config as unknown: tf_attribute_path="AttributeName(\"bgp_as\")" tf_rpc=PlanResourceChange tf_resource_type=nios_grid_member tf_req_id=efd60483-7838-18e9-01c9-e58744af44fe tf_provider_addr=registry.terraform.io/hashicorp/nios
2026-03-03T16:32:27.340+0530 [DEBUG] sdk.framework: marking computed attribute that is null in the config as unknown: tf_req_id=efd60483-7838-18e9-01c9-e58744af44fe tf_provider_addr=registry.terraform.io/hashicorp/nios tf_attribute_path="AttributeName(\"email_setting\").AttributeName(\"from_address\")" tf_rpc=PlanResourceChange tf_resource_type=nios_grid_member
2026-03-03T16:32:27.340+0530 [DEBUG] sdk.framework: marking computed attribute that is null in the config as unknown: tf_resource_type=nios_grid_member tf_req_id=efd60483-7838-18e9-01c9-e58744af44fe tf_provider_addr=registry.terraform.io/hashicorp/nios tf_attribute_path="AttributeName(\"email_setting\").AttributeName(\"password\")" tf_rpc=PlanResourceChange
2026-03-03T16:32:27.340+0530 [DEBUG] sdk.framework: marking computed attribute that is null in the config as unknown: tf_resource_type=nios_grid_member tf_req_id=efd60483-7838-18e9-01c9-e58744af44fe tf_provider_addr=registry.terraform.io/hashicorp/nios tf_attribute_path="AttributeName(\"email_setting\").AttributeName(\"address\")" tf_rpc=PlanResourceChange
2026-03-03T16:32:27.340+0530 [DEBUG] sdk.framework: marking computed attribute that is null in the config as unknown: tf_resource_type=nios_grid_member tf_req_id=efd60483-7838-18e9-01c9-e58744af44fe tf_provider_addr=registry.terraform.io/hashicorp/nios tf_attribute_path="AttributeName(\"email_setting\").AttributeName(\"relay\")" tf_rpc=PlanResourceChange
2026-03-03T16:32:27.340+0530 [DEBUG] sdk.framework: marking computed attribute that is null in the config as unknown: tf_attribute_path="AttributeName(\"email_setting\")" tf_rpc=PlanResourceChange tf_resource_type=nios_grid_member tf_req_id=efd60483-7838-18e9-01c9-e58744af44fe tf_provider_addr=registry.terraform.io/hashicorp/nios
2026-03-03T16:32:27.340+0530 [DEBUG] sdk.framework: marking computed attribute that is null in the config as unknown: tf_attribute_path="AttributeName(\"traffic_capture_qps_setting\")" tf_rpc=PlanResourceChange tf_resource_type=nios_grid_member tf_req_id=efd60483-7838-18e9-01c9-e58744af44fe tf_provider_addr=registry.terraform.io/hashicorp/nios
2026-03-03T16:32:27.340+0530 [DEBUG] sdk.framework: marking computed attribute that is null in the config as unknown: tf_resource_type=nios_grid_member tf_req_id=efd60483-7838-18e9-01c9-e58744af44fe tf_provider_addr=registry.terraform.io/hashicorp/nios tf_attribute_path="AttributeName(\"automated_traffic_capture_setting\").AttributeName(\"traffic_capture_directory\")" tf_rpc=PlanResourceChange
2026-03-03T16:32:27.340+0530 [DEBUG] sdk.framework: marking computed attribute that is null in the config as unknown: tf_rpc=PlanResourceChange tf_resource_type=nios_grid_member tf_req_id=efd60483-7838-18e9-01c9-e58744af44fe tf_provider_addr=registry.terraform.io/hashicorp/nios tf_attribute_path="AttributeName(\"automated_traffic_capture_setting\").AttributeName(\"username\")"
2026-03-03T16:32:27.340+0530 [DEBUG] sdk.framework: marking computed attribute that is null in the config as unknown: tf_req_id=efd60483-7838-18e9-01c9-e58744af44fe tf_provider_addr=registry.terraform.io/hashicorp/nios tf_attribute_path="AttributeName(\"automated_traffic_capture_setting\").AttributeName(\"duration\")" tf_rpc=PlanResourceChange tf_resource_type=nios_grid_member
2026-03-03T16:32:27.340+0530 [DEBUG] sdk.framework: marking computed attribute that is null in the config as unknown: tf_req_id=efd60483-7838-18e9-01c9-e58744af44fe tf_provider_addr=registry.terraform.io/hashicorp/nios tf_attribute_path="AttributeName(\"automated_traffic_capture_setting\").AttributeName(\"support_bundle_directory\")" tf_rpc=PlanResourceChange tf_resource_type=nios_grid_member
2026-03-03T16:32:27.340+0530 [DEBUG] sdk.framework: marking computed attribute that is null in the config as unknown: tf_rpc=PlanResourceChange tf_resource_type=nios_grid_member tf_req_id=efd60483-7838-18e9-01c9-e58744af44fe tf_provider_addr=registry.terraform.io/hashicorp/nios tf_attribute_path="AttributeName(\"automated_traffic_capture_setting\").AttributeName(\"destination_host\")"
2026-03-03T16:32:27.340+0530 [DEBUG] sdk.framework: marking computed attribute that is null in the config as unknown: tf_rpc=PlanResourceChange tf_resource_type=nios_grid_member tf_req_id=efd60483-7838-18e9-01c9-e58744af44fe tf_provider_addr=registry.terraform.io/hashicorp/nios tf_attribute_path="AttributeName(\"automated_traffic_capture_setting\")"
2026-03-03T16:32:27.340+0530 [DEBUG] sdk.framework: marking computed attribute that is null in the config as unknown: tf_req_id=efd60483-7838-18e9-01c9-e58744af44fe tf_provider_addr=registry.terraform.io/hashicorp/nios tf_attribute_path="AttributeName(\"snmp_setting\").AttributeName(\"sysname\")" tf_rpc=PlanResourceChange tf_resource_type=nios_grid_member
2026-03-03T16:32:27.340+0530 [DEBUG] sdk.framework: marking computed attribute that is null in the config as unknown: tf_req_id=efd60483-7838-18e9-01c9-e58744af44fe tf_provider_addr=registry.terraform.io/hashicorp/nios tf_attribute_path="AttributeName(\"snmp_setting\").AttributeName(\"trap_receivers\")" tf_rpc=PlanResourceChange tf_resource_type=nios_grid_member
2026-03-03T16:32:27.340+0530 [DEBUG] sdk.framework: marking computed attribute that is null in the config as unknown: tf_provider_addr=registry.terraform.io/hashicorp/nios tf_attribute_path="AttributeName(\"snmp_setting\").AttributeName(\"traps_community_string\")" tf_rpc=PlanResourceChange tf_resource_type=nios_grid_member tf_req_id=efd60483-7838-18e9-01c9-e58744af44fe
2026-03-03T16:32:27.340+0530 [DEBUG] sdk.framework: marking computed attribute that is null in the config as unknown: tf_rpc=PlanResourceChange tf_resource_type=nios_grid_member tf_req_id=efd60483-7838-18e9-01c9-e58744af44fe tf_provider_addr=registry.terraform.io/hashicorp/nios tf_attribute_path="AttributeName(\"snmp_setting\").AttributeName(\"queries_community_string\")"
2026-03-03T16:32:27.340+0530 [DEBUG] sdk.framework: marking computed attribute that is null in the config as unknown: tf_provider_addr=registry.terraform.io/hashicorp/nios tf_attribute_path="AttributeName(\"snmp_setting\").AttributeName(\"snmpv3_queries_users\")" tf_rpc=PlanResourceChange tf_resource_type=nios_grid_member tf_req_id=efd60483-7838-18e9-01c9-e58744af44fe
2026-03-03T16:32:27.340+0530 [DEBUG] sdk.framework: marking computed attribute that is null in the config as unknown: tf_provider_addr=registry.terraform.io/hashicorp/nios tf_attribute_path="AttributeName(\"snmp_setting\").AttributeName(\"syslocation\")" tf_rpc=PlanResourceChange tf_resource_type=nios_grid_member tf_req_id=efd60483-7838-18e9-01c9-e58744af44fe
2026-03-03T16:32:27.340+0530 [DEBUG] sdk.framework: marking computed attribute that is null in the config as unknown: tf_resource_type=nios_grid_member tf_req_id=efd60483-7838-18e9-01c9-e58744af44fe tf_provider_addr=registry.terraform.io/hashicorp/nios tf_attribute_path="AttributeName(\"snmp_setting\").AttributeName(\"syscontact\")" tf_rpc=PlanResourceChange
2026-03-03T16:32:27.340+0530 [DEBUG] sdk.framework: marking computed attribute that is null in the config as unknown: tf_resource_type=nios_grid_member tf_req_id=efd60483-7838-18e9-01c9-e58744af44fe tf_provider_addr=registry.terraform.io/hashicorp/nios tf_attribute_path="AttributeName(\"snmp_setting\").AttributeName(\"sysdescr\")" tf_rpc=PlanResourceChange
2026-03-03T16:32:27.340+0530 [DEBUG] sdk.framework: marking computed attribute that is null in the config as unknown: tf_attribute_path="AttributeName(\"snmp_setting\").AttributeName(\"engine_id\")" tf_rpc=PlanResourceChange tf_resource_type=nios_grid_member tf_req_id=efd60483-7838-18e9-01c9-e58744af44fe tf_provider_addr=registry.terraform.io/hashicorp/nios
2026-03-03T16:32:27.340+0530 [DEBUG] sdk.framework: marking computed attribute that is null in the config as unknown: tf_rpc=PlanResourceChange tf_resource_type=nios_grid_member tf_req_id=efd60483-7838-18e9-01c9-e58744af44fe tf_provider_addr=registry.terraform.io/hashicorp/nios tf_attribute_path="AttributeName(\"service_status\").ElementKeyInt(0).AttributeName(\"description\")"
2026-03-03T16:32:27.340+0530 [DEBUG] sdk.framework: marking computed attribute that is null in the config as unknown: tf_req_id=efd60483-7838-18e9-01c9-e58744af44fe tf_provider_addr=registry.terraform.io/hashicorp/nios tf_attribute_path="AttributeName(\"service_status\").ElementKeyInt(0).AttributeName(\"service\")" tf_rpc=PlanResourceChange tf_resource_type=nios_grid_member
2026-03-03T16:32:27.340+0530 [DEBUG] sdk.framework: marking computed attribute that is null in the config as unknown: tf_attribute_path="AttributeName(\"service_status\").ElementKeyInt(0).AttributeName(\"status\")" tf_rpc=PlanResourceChange tf_resource_type=nios_grid_member tf_req_id=efd60483-7838-18e9-01c9-e58744af44fe tf_provider_addr=registry.terraform.io/hashicorp/nios
2026-03-03T16:32:27.340+0530 [DEBUG] sdk.framework: marking computed attribute that is null in the config as unknown: tf_rpc=PlanResourceChange tf_resource_type=nios_grid_member tf_req_id=efd60483-7838-18e9-01c9-e58744af44fe tf_provider_addr=registry.terraform.io/hashicorp/nios tf_attribute_path="AttributeName(\"service_status\").ElementKeyInt(1).AttributeName(\"service\")"
2026-03-03T16:32:27.340+0530 [DEBUG] sdk.framework: marking computed attribute that is null in the config as unknown: tf_rpc=PlanResourceChange tf_resource_type=nios_grid_member tf_req_id=efd60483-7838-18e9-01c9-e58744af44fe tf_provider_addr=registry.terraform.io/hashicorp/nios tf_attribute_path="AttributeName(\"service_status\").ElementKeyInt(1).AttributeName(\"status\")"
2026-03-03T16:32:27.340+0530 [DEBUG] sdk.framework: marking computed attribute that is null in the config as unknown: tf_attribute_path="AttributeName(\"service_status\").ElementKeyInt(1).AttributeName(\"description\")" tf_rpc=PlanResourceChange tf_resource_type=nios_grid_member tf_req_id=efd60483-7838-18e9-01c9-e58744af44fe tf_provider_addr=registry.terraform.io/hashicorp/nios
2026-03-03T16:32:27.340+0530 [DEBUG] sdk.framework: marking computed attribute that is null in the config as unknown: tf_req_id=efd60483-7838-18e9-01c9-e58744af44fe tf_provider_addr=registry.terraform.io/hashicorp/nios tf_attribute_path="AttributeName(\"service_status\").ElementKeyInt(2).AttributeName(\"service\")" tf_rpc=PlanResourceChange tf_resource_type=nios_grid_member
2026-03-03T16:32:27.340+0530 [DEBUG] sdk.framework: marking computed attribute that is null in the config as unknown: tf_rpc=PlanResourceChange tf_resource_type=nios_grid_member tf_req_id=efd60483-7838-18e9-01c9-e58744af44fe tf_provider_addr=registry.terraform.io/hashicorp/nios tf_attribute_path="AttributeName(\"service_status\").ElementKeyInt(2).AttributeName(\"status\")"
2026-03-03T16:32:27.340+0530 [DEBUG] sdk.framework: marking computed attribute that is null in the config as unknown: tf_resource_type=nios_grid_member tf_req_id=efd60483-7838-18e9-01c9-e58744af44fe tf_provider_addr=registry.terraform.io/hashicorp/nios tf_attribute_path="AttributeName(\"service_status\").ElementKeyInt(2).AttributeName(\"description\")" tf_rpc=PlanResourceChange
2026-03-03T16:32:27.340+0530 [DEBUG] sdk.framework: marking computed attribute that is null in the config as unknown: tf_rpc=PlanResourceChange tf_resource_type=nios_grid_member tf_req_id=efd60483-7838-18e9-01c9-e58744af44fe tf_provider_addr=registry.terraform.io/hashicorp/nios tf_attribute_path="AttributeName(\"service_status\").ElementKeyInt(3).AttributeName(\"service\")"
2026-03-03T16:32:27.340+0530 [DEBUG] sdk.framework: marking computed attribute that is null in the config as unknown: tf_provider_addr=registry.terraform.io/hashicorp/nios tf_attribute_path="AttributeName(\"service_status\").ElementKeyInt(3).AttributeName(\"status\")" tf_rpc=PlanResourceChange tf_resource_type=nios_grid_member tf_req_id=efd60483-7838-18e9-01c9-e58744af44fe
2026-03-03T16:32:27.340+0530 [DEBUG] sdk.framework: marking computed attribute that is null in the config as unknown: tf_attribute_path="AttributeName(\"service_status\").ElementKeyInt(3).AttributeName(\"description\")" tf_rpc=PlanResourceChange tf_resource_type=nios_grid_member tf_req_id=efd60483-7838-18e9-01c9-e58744af44fe tf_provider_addr=registry.terraform.io/hashicorp/nios
2026-03-03T16:32:27.340+0530 [DEBUG] sdk.framework: marking computed attribute that is null in the config as unknown: tf_provider_addr=registry.terraform.io/hashicorp/nios tf_attribute_path="AttributeName(\"service_status\").ElementKeyInt(4).AttributeName(\"description\")" tf_rpc=PlanResourceChange tf_resource_type=nios_grid_member tf_req_id=efd60483-7838-18e9-01c9-e58744af44fe
2026-03-03T16:32:27.340+0530 [DEBUG] sdk.framework: marking computed attribute that is null in the config as unknown: tf_rpc=PlanResourceChange tf_resource_type=nios_grid_member tf_req_id=efd60483-7838-18e9-01c9-e58744af44fe tf_provider_addr=registry.terraform.io/hashicorp/nios tf_attribute_path="AttributeName(\"service_status\").ElementKeyInt(4).AttributeName(\"service\")"
2026-03-03T16:32:27.340+0530 [DEBUG] sdk.framework: marking computed attribute that is null in the config as unknown: tf_resource_type=nios_grid_member tf_req_id=efd60483-7838-18e9-01c9-e58744af44fe tf_provider_addr=registry.terraform.io/hashicorp/nios tf_attribute_path="AttributeName(\"service_status\").ElementKeyInt(4).AttributeName(\"status\")" tf_rpc=PlanResourceChange
2026-03-03T16:32:27.340+0530 [DEBUG] sdk.framework: marking computed attribute that is null in the config as unknown: tf_attribute_path="AttributeName(\"service_status\").ElementKeyInt(5).AttributeName(\"service\")" tf_rpc=PlanResourceChange tf_resource_type=nios_grid_member tf_req_id=efd60483-7838-18e9-01c9-e58744af44fe tf_provider_addr=registry.terraform.io/hashicorp/nios
2026-03-03T16:32:27.340+0530 [DEBUG] sdk.framework: marking computed attribute that is null in the config as unknown: tf_resource_type=nios_grid_member tf_req_id=efd60483-7838-18e9-01c9-e58744af44fe tf_provider_addr=registry.terraform.io/hashicorp/nios tf_attribute_path="AttributeName(\"service_status\").ElementKeyInt(5).AttributeName(\"status\")" tf_rpc=PlanResourceChange
2026-03-03T16:32:27.340+0530 [DEBUG] sdk.framework: marking computed attribute that is null in the config as unknown: tf_attribute_path="AttributeName(\"service_status\").ElementKeyInt(5).AttributeName(\"description\")" tf_rpc=PlanResourceChange tf_resource_type=nios_grid_member tf_req_id=efd60483-7838-18e9-01c9-e58744af44fe tf_provider_addr=registry.terraform.io/hashicorp/nios
2026-03-03T16:32:27.340+0530 [DEBUG] sdk.framework: marking computed attribute that is null in the config as unknown: tf_resource_type=nios_grid_member tf_req_id=efd60483-7838-18e9-01c9-e58744af44fe tf_provider_addr=registry.terraform.io/hashicorp/nios tf_attribute_path="AttributeName(\"service_status\").ElementKeyInt(6).AttributeName(\"description\")" tf_rpc=PlanResourceChange
2026-03-03T16:32:27.340+0530 [DEBUG] sdk.framework: marking computed attribute that is null in the config as unknown: tf_rpc=PlanResourceChange tf_resource_type=nios_grid_member tf_req_id=efd60483-7838-18e9-01c9-e58744af44fe tf_provider_addr=registry.terraform.io/hashicorp/nios tf_attribute_path="AttributeName(\"service_status\").ElementKeyInt(6).AttributeName(\"service\")"
2026-03-03T16:32:27.340+0530 [DEBUG] sdk.framework: marking computed attribute that is null in the config as unknown: tf_provider_addr=registry.terraform.io/hashicorp/nios tf_attribute_path="AttributeName(\"service_status\").ElementKeyInt(6).AttributeName(\"status\")" tf_rpc=PlanResourceChange tf_resource_type=nios_grid_member tf_req_id=efd60483-7838-18e9-01c9-e58744af44fe
2026-03-03T16:32:27.340+0530 [DEBUG] sdk.framework: marking computed attribute that is null in the config as unknown: tf_req_id=efd60483-7838-18e9-01c9-e58744af44fe tf_provider_addr=registry.terraform.io/hashicorp/nios tf_attribute_path="AttributeName(\"service_status\").ElementKeyInt(7).AttributeName(\"service\")" tf_rpc=PlanResourceChange tf_resource_type=nios_grid_member
2026-03-03T16:32:27.340+0530 [DEBUG] sdk.framework: marking computed attribute that is null in the config as unknown: tf_req_id=efd60483-7838-18e9-01c9-e58744af44fe tf_provider_addr=registry.terraform.io/hashicorp/nios tf_attribute_path="AttributeName(\"service_status\").ElementKeyInt(7).AttributeName(\"status\")" tf_rpc=PlanResourceChange tf_resource_type=nios_grid_member
2026-03-03T16:32:27.340+0530 [DEBUG] sdk.framework: marking computed attribute that is null in the config as unknown: tf_rpc=PlanResourceChange tf_resource_type=nios_grid_member tf_req_id=efd60483-7838-18e9-01c9-e58744af44fe tf_provider_addr=registry.terraform.io/hashicorp/nios tf_attribute_path="AttributeName(\"service_status\").ElementKeyInt(7).AttributeName(\"description\")"
2026-03-03T16:32:27.340+0530 [DEBUG] sdk.framework: marking computed attribute that is null in the config as unknown: tf_attribute_path="AttributeName(\"service_status\").ElementKeyInt(8).AttributeName(\"description\")" tf_rpc=PlanResourceChange tf_resource_type=nios_grid_member tf_req_id=efd60483-7838-18e9-01c9-e58744af44fe tf_provider_addr=registry.terraform.io/hashicorp/nios
2026-03-03T16:32:27.340+0530 [DEBUG] sdk.framework: marking computed attribute that is null in the config as unknown: tf_rpc=PlanResourceChange tf_resource_type=nios_grid_member tf_req_id=efd60483-7838-18e9-01c9-e58744af44fe tf_provider_addr=registry.terraform.io/hashicorp/nios tf_attribute_path="AttributeName(\"service_status\").ElementKeyInt(8).AttributeName(\"service\")"
2026-03-03T16:32:27.340+0530 [DEBUG] sdk.framework: marking computed attribute that is null in the config as unknown: tf_req_id=efd60483-7838-18e9-01c9-e58744af44fe tf_provider_addr=registry.terraform.io/hashicorp/nios tf_attribute_path="AttributeName(\"service_status\").ElementKeyInt(8).AttributeName(\"status\")" tf_rpc=PlanResourceChange tf_resource_type=nios_grid_member
2026-03-03T16:32:27.340+0530 [DEBUG] sdk.framework: marking computed attribute that is null in the config as unknown: tf_provider_addr=registry.terraform.io/hashicorp/nios tf_attribute_path="AttributeName(\"service_status\").ElementKeyInt(9).AttributeName(\"status\")" tf_rpc=PlanResourceChange tf_resource_type=nios_grid_member tf_req_id=efd60483-7838-18e9-01c9-e58744af44fe
2026-03-03T16:32:27.340+0530 [DEBUG] sdk.framework: marking computed attribute that is null in the config as unknown: tf_rpc=PlanResourceChange tf_resource_type=nios_grid_member tf_req_id=efd60483-7838-18e9-01c9-e58744af44fe tf_provider_addr=registry.terraform.io/hashicorp/nios tf_attribute_path="AttributeName(\"service_status\").ElementKeyInt(9).AttributeName(\"description\")"
2026-03-03T16:32:27.340+0530 [DEBUG] sdk.framework: marking computed attribute that is null in the config as unknown: tf_rpc=PlanResourceChange tf_resource_type=nios_grid_member tf_req_id=efd60483-7838-18e9-01c9-e58744af44fe tf_provider_addr=registry.terraform.io/hashicorp/nios tf_attribute_path="AttributeName(\"service_status\").ElementKeyInt(9).AttributeName(\"service\")"
2026-03-03T16:32:27.340+0530 [DEBUG] sdk.framework: marking computed attribute that is null in the config as unknown: tf_rpc=PlanResourceChange tf_resource_type=nios_grid_member tf_req_id=efd60483-7838-18e9-01c9-e58744af44fe tf_provider_addr=registry.terraform.io/hashicorp/nios tf_attribute_path="AttributeName(\"service_status\").ElementKeyInt(10).AttributeName(\"status\")"
2026-03-03T16:32:27.340+0530 [DEBUG] sdk.framework: marking computed attribute that is null in the config as unknown: tf_resource_type=nios_grid_member tf_req_id=efd60483-7838-18e9-01c9-e58744af44fe tf_provider_addr=registry.terraform.io/hashicorp/nios tf_attribute_path="AttributeName(\"service_status\").ElementKeyInt(10).AttributeName(\"description\")" tf_rpc=PlanResourceChange
2026-03-03T16:32:27.340+0530 [DEBUG] sdk.framework: marking computed attribute that is null in the config as unknown: tf_req_id=efd60483-7838-18e9-01c9-e58744af44fe tf_provider_addr=registry.terraform.io/hashicorp/nios tf_attribute_path="AttributeName(\"service_status\").ElementKeyInt(10).AttributeName(\"service\")" tf_rpc=PlanResourceChange tf_resource_type=nios_grid_member
2026-03-03T16:32:27.340+0530 [DEBUG] sdk.framework: marking computed attribute that is null in the config as unknown: tf_req_id=efd60483-7838-18e9-01c9-e58744af44fe tf_provider_addr=registry.terraform.io/hashicorp/nios tf_attribute_path="AttributeName(\"service_status\").ElementKeyInt(11).AttributeName(\"description\")" tf_rpc=PlanResourceChange tf_resource_type=nios_grid_member
2026-03-03T16:32:27.340+0530 [DEBUG] sdk.framework: marking computed attribute that is null in the config as unknown: tf_attribute_path="AttributeName(\"service_status\").ElementKeyInt(11).AttributeName(\"service\")" tf_rpc=PlanResourceChange tf_resource_type=nios_grid_member tf_req_id=efd60483-7838-18e9-01c9-e58744af44fe tf_provider_addr=registry.terraform.io/hashicorp/nios
2026-03-03T16:32:27.340+0530 [DEBUG] sdk.framework: marking computed attribute that is null in the config as unknown: tf_attribute_path="AttributeName(\"service_status\").ElementKeyInt(11).AttributeName(\"status\")" tf_rpc=PlanResourceChange tf_resource_type=nios_grid_member tf_req_id=efd60483-7838-18e9-01c9-e58744af44fe tf_provider_addr=registry.terraform.io/hashicorp/nios
2026-03-03T16:32:27.340+0530 [DEBUG] sdk.framework: marking computed attribute that is null in the config as unknown: tf_resource_type=nios_grid_member tf_req_id=efd60483-7838-18e9-01c9-e58744af44fe tf_provider_addr=registry.terraform.io/hashicorp/nios tf_attribute_path="AttributeName(\"service_status\")" tf_rpc=PlanResourceChange
2026-03-03T16:32:27.340+0530 [DEBUG] sdk.framework: marking computed attribute that is null in the config as unknown: tf_resource_type=nios_grid_member tf_req_id=efd60483-7838-18e9-01c9-e58744af44fe tf_provider_addr=registry.terraform.io/hashicorp/nios tf_attribute_path="AttributeName(\"mmdb_ea_build_time\")" tf_rpc=PlanResourceChange
2026-03-03T16:32:27.340+0530 [DEBUG] sdk.framework: marking computed attribute that is null in the config as unknown: tf_rpc=PlanResourceChange tf_resource_type=nios_grid_member tf_req_id=efd60483-7838-18e9-01c9-e58744af44fe tf_provider_addr=registry.terraform.io/hashicorp/nios tf_attribute_path="AttributeName(\"lan2_port_setting\").AttributeName(\"network_setting\")"
2026-03-03T16:32:27.340+0530 [DEBUG] sdk.framework: marking computed attribute that is null in the config as unknown: tf_req_id=efd60483-7838-18e9-01c9-e58744af44fe tf_provider_addr=registry.terraform.io/hashicorp/nios tf_attribute_path="AttributeName(\"lan2_port_setting\").AttributeName(\"v6_network_setting\")" tf_rpc=PlanResourceChange tf_resource_type=nios_grid_member
2026-03-03T16:32:27.340+0530 [DEBUG] sdk.framework: marking computed attribute that is null in the config as unknown: tf_provider_addr=registry.terraform.io/hashicorp/nios tf_attribute_path="AttributeName(\"lan2_port_setting\")" tf_rpc=PlanResourceChange tf_resource_type=nios_grid_member tf_req_id=efd60483-7838-18e9-01c9-e58744af44fe
2026-03-03T16:32:27.340+0530 [DEBUG] sdk.framework: marking computed attribute that is null in the config as unknown: tf_req_id=efd60483-7838-18e9-01c9-e58744af44fe tf_provider_addr=registry.terraform.io/hashicorp/nios tf_attribute_path="AttributeName(\"traffic_capture_auth_dns_setting\").AttributeName(\"auth_dns_latency_listen_on_ip\")" tf_rpc=PlanResourceChange tf_resource_type=nios_grid_member
2026-03-03T16:32:27.340+0530 [DEBUG] sdk.framework: marking computed attribute that is null in the config as unknown: tf_attribute_path="AttributeName(\"traffic_capture_auth_dns_setting\")" tf_rpc=PlanResourceChange tf_resource_type=nios_grid_member tf_req_id=efd60483-7838-18e9-01c9-e58744af44fe tf_provider_addr=registry.terraform.io/hashicorp/nios
2026-03-03T16:32:27.341+0530 [DEBUG] sdk.framework: marking computed attribute that is null in the config as unknown: tf_req_id=efd60483-7838-18e9-01c9-e58744af44fe tf_provider_addr=registry.terraform.io/hashicorp/nios tf_attribute_path="AttributeName(\"pre_provisioning\")" tf_rpc=PlanResourceChange tf_resource_type=nios_grid_member
2026-03-03T16:32:27.341+0530 [DEBUG] sdk.framework: marking computed attribute that is null in the config as unknown: tf_resource_type=nios_grid_member tf_req_id=efd60483-7838-18e9-01c9-e58744af44fe tf_provider_addr=registry.terraform.io/hashicorp/nios tf_attribute_path="AttributeName(\"support_access_info\")" tf_rpc=PlanResourceChange
2026-03-03T16:32:27.341+0530 [DEBUG] sdk.framework: marking computed attribute that is null in the config as unknown: tf_attribute_path="AttributeName(\"mgmt_port_setting\")" tf_rpc=PlanResourceChange tf_resource_type=nios_grid_member tf_req_id=efd60483-7838-18e9-01c9-e58744af44fe tf_provider_addr=registry.terraform.io/hashicorp/nios
2026-03-03T16:32:27.341+0530 [DEBUG] sdk.framework: marking computed attribute that is null in the config as unknown: tf_provider_addr=registry.terraform.io/hashicorp/nios tf_attribute_path="AttributeName(\"traffic_capture_chr_setting\")" tf_rpc=PlanResourceChange tf_resource_type=nios_grid_member tf_req_id=efd60483-7838-18e9-01c9-e58744af44fe
2026-03-03T16:32:27.341+0530 [DEBUG] sdk.framework: marking computed attribute that is null in the config as unknown: tf_rpc=PlanResourceChange tf_resource_type=nios_grid_member tf_req_id=efd60483-7838-18e9-01c9-e58744af44fe tf_provider_addr=registry.terraform.io/hashicorp/nios tf_attribute_path="AttributeName(\"threshold_traps\").ElementKeyInt(0).AttributeName(\"trap_type\")"
2026-03-03T16:32:27.341+0530 [DEBUG] sdk.framework: marking computed attribute that is null in the config as unknown: tf_attribute_path="AttributeName(\"threshold_traps\").ElementKeyInt(0).AttributeName(\"trap_reset\")" tf_rpc=PlanResourceChange tf_resource_type=nios_grid_member tf_req_id=efd60483-7838-18e9-01c9-e58744af44fe tf_provider_addr=registry.terraform.io/hashicorp/nios
2026-03-03T16:32:27.341+0530 [DEBUG] sdk.framework: marking computed attribute that is null in the config as unknown: tf_resource_type=nios_grid_member tf_req_id=efd60483-7838-18e9-01c9-e58744af44fe tf_provider_addr=registry.terraform.io/hashicorp/nios tf_attribute_path="AttributeName(\"threshold_traps\").ElementKeyInt(0).AttributeName(\"trap_trigger\")" tf_rpc=PlanResourceChange
2026-03-03T16:32:27.341+0530 [DEBUG] sdk.framework: marking computed attribute that is null in the config as unknown: tf_resource_type=nios_grid_member tf_req_id=efd60483-7838-18e9-01c9-e58744af44fe tf_provider_addr=registry.terraform.io/hashicorp/nios tf_attribute_path="AttributeName(\"threshold_traps\").ElementKeyInt(1).AttributeName(\"trap_reset\")" tf_rpc=PlanResourceChange
2026-03-03T16:32:27.341+0530 [DEBUG] sdk.framework: marking computed attribute that is null in the config as unknown: tf_rpc=PlanResourceChange tf_resource_type=nios_grid_member tf_req_id=efd60483-7838-18e9-01c9-e58744af44fe tf_provider_addr=registry.terraform.io/hashicorp/nios tf_attribute_path="AttributeName(\"threshold_traps\").ElementKeyInt(1).AttributeName(\"trap_trigger\")"
2026-03-03T16:32:27.341+0530 [DEBUG] sdk.framework: marking computed attribute that is null in the config as unknown: tf_resource_type=nios_grid_member tf_req_id=efd60483-7838-18e9-01c9-e58744af44fe tf_provider_addr=registry.terraform.io/hashicorp/nios tf_attribute_path="AttributeName(\"threshold_traps\").ElementKeyInt(1).AttributeName(\"trap_type\")" tf_rpc=PlanResourceChange
2026-03-03T16:32:27.341+0530 [DEBUG] sdk.framework: marking computed attribute that is null in the config as unknown: tf_provider_addr=registry.terraform.io/hashicorp/nios tf_attribute_path="AttributeName(\"threshold_traps\").ElementKeyInt(2).AttributeName(\"trap_trigger\")" tf_rpc=PlanResourceChange tf_resource_type=nios_grid_member tf_req_id=efd60483-7838-18e9-01c9-e58744af44fe
2026-03-03T16:32:27.341+0530 [DEBUG] sdk.framework: marking computed attribute that is null in the config as unknown: tf_provider_addr=registry.terraform.io/hashicorp/nios tf_attribute_path="AttributeName(\"threshold_traps\").ElementKeyInt(2).AttributeName(\"trap_type\")" tf_rpc=PlanResourceChange tf_resource_type=nios_grid_member tf_req_id=efd60483-7838-18e9-01c9-e58744af44fe
2026-03-03T16:32:27.341+0530 [DEBUG] sdk.framework: marking computed attribute that is null in the config as unknown: tf_attribute_path="AttributeName(\"threshold_traps\").ElementKeyInt(2).AttributeName(\"trap_reset\")" tf_rpc=PlanResourceChange tf_resource_type=nios_grid_member tf_req_id=efd60483-7838-18e9-01c9-e58744af44fe tf_provider_addr=registry.terraform.io/hashicorp/nios
2026-03-03T16:32:27.341+0530 [DEBUG] sdk.framework: marking computed attribute that is null in the config as unknown: tf_req_id=efd60483-7838-18e9-01c9-e58744af44fe tf_provider_addr=registry.terraform.io/hashicorp/nios tf_attribute_path="AttributeName(\"threshold_traps\").ElementKeyInt(3).AttributeName(\"trap_trigger\")" tf_rpc=PlanResourceChange tf_resource_type=nios_grid_member
2026-03-03T16:32:27.341+0530 [DEBUG] sdk.framework: marking computed attribute that is null in the config as unknown: tf_attribute_path="AttributeName(\"threshold_traps\").ElementKeyInt(3).AttributeName(\"trap_type\")" tf_rpc=PlanResourceChange tf_resource_type=nios_grid_member tf_req_id=efd60483-7838-18e9-01c9-e58744af44fe tf_provider_addr=registry.terraform.io/hashicorp/nios
2026-03-03T16:32:27.341+0530 [DEBUG] sdk.framework: marking computed attribute that is null in the config as unknown: tf_req_id=efd60483-7838-18e9-01c9-e58744af44fe tf_provider_addr=registry.terraform.io/hashicorp/nios tf_attribute_path="AttributeName(\"threshold_traps\").ElementKeyInt(3).AttributeName(\"trap_reset\")" tf_rpc=PlanResourceChange tf_resource_type=nios_grid_member
2026-03-03T16:32:27.341+0530 [DEBUG] sdk.framework: marking computed attribute that is null in the config as unknown: tf_rpc=PlanResourceChange tf_resource_type=nios_grid_member tf_req_id=efd60483-7838-18e9-01c9-e58744af44fe tf_provider_addr=registry.terraform.io/hashicorp/nios tf_attribute_path="AttributeName(\"threshold_traps\").ElementKeyInt(4).AttributeName(\"trap_type\")"
2026-03-03T16:32:27.341+0530 [DEBUG] sdk.framework: marking computed attribute that is null in the config as unknown: tf_rpc=PlanResourceChange tf_resource_type=nios_grid_member tf_req_id=efd60483-7838-18e9-01c9-e58744af44fe tf_provider_addr=registry.terraform.io/hashicorp/nios tf_attribute_path="AttributeName(\"threshold_traps\").ElementKeyInt(4).AttributeName(\"trap_reset\")"
2026-03-03T16:32:27.341+0530 [DEBUG] sdk.framework: marking computed attribute that is null in the config as unknown: tf_req_id=efd60483-7838-18e9-01c9-e58744af44fe tf_provider_addr=registry.terraform.io/hashicorp/nios tf_attribute_path="AttributeName(\"threshold_traps\").ElementKeyInt(4).AttributeName(\"trap_trigger\")" tf_rpc=PlanResourceChange tf_resource_type=nios_grid_member
2026-03-03T16:32:27.341+0530 [DEBUG] sdk.framework: marking computed attribute that is null in the config as unknown: tf_req_id=efd60483-7838-18e9-01c9-e58744af44fe tf_provider_addr=registry.terraform.io/hashicorp/nios tf_attribute_path="AttributeName(\"threshold_traps\").ElementKeyInt(5).AttributeName(\"trap_trigger\")" tf_rpc=PlanResourceChange tf_resource_type=nios_grid_member
2026-03-03T16:32:27.341+0530 [DEBUG] sdk.framework: marking computed attribute that is null in the config as unknown: tf_req_id=efd60483-7838-18e9-01c9-e58744af44fe tf_provider_addr=registry.terraform.io/hashicorp/nios tf_attribute_path="AttributeName(\"threshold_traps\").ElementKeyInt(5).AttributeName(\"trap_type\")" tf_rpc=PlanResourceChange tf_resource_type=nios_grid_member
2026-03-03T16:32:27.341+0530 [DEBUG] sdk.framework: marking computed attribute that is null in the config as unknown: tf_attribute_path="AttributeName(\"threshold_traps\").ElementKeyInt(5).AttributeName(\"trap_reset\")" tf_rpc=PlanResourceChange tf_resource_type=nios_grid_member tf_req_id=efd60483-7838-18e9-01c9-e58744af44fe tf_provider_addr=registry.terraform.io/hashicorp/nios
2026-03-03T16:32:27.341+0530 [DEBUG] sdk.framework: marking computed attribute that is null in the config as unknown: tf_req_id=efd60483-7838-18e9-01c9-e58744af44fe tf_provider_addr=registry.terraform.io/hashicorp/nios tf_attribute_path="AttributeName(\"threshold_traps\").ElementKeyInt(6).AttributeName(\"trap_type\")" tf_rpc=PlanResourceChange tf_resource_type=nios_grid_member
2026-03-03T16:32:27.341+0530 [DEBUG] sdk.framework: marking computed attribute that is null in the config as unknown: tf_rpc=PlanResourceChange tf_resource_type=nios_grid_member tf_req_id=efd60483-7838-18e9-01c9-e58744af44fe tf_provider_addr=registry.terraform.io/hashicorp/nios tf_attribute_path="AttributeName(\"threshold_traps\").ElementKeyInt(6).AttributeName(\"trap_reset\")"
2026-03-03T16:32:27.341+0530 [DEBUG] sdk.framework: marking computed attribute that is null in the config as unknown: tf_rpc=PlanResourceChange tf_resource_type=nios_grid_member tf_req_id=efd60483-7838-18e9-01c9-e58744af44fe tf_provider_addr=registry.terraform.io/hashicorp/nios tf_attribute_path="AttributeName(\"threshold_traps\").ElementKeyInt(6).AttributeName(\"trap_trigger\")"
2026-03-03T16:32:27.341+0530 [DEBUG] sdk.framework: marking computed attribute that is null in the config as unknown: tf_rpc=PlanResourceChange tf_resource_type=nios_grid_member tf_req_id=efd60483-7838-18e9-01c9-e58744af44fe tf_provider_addr=registry.terraform.io/hashicorp/nios tf_attribute_path="AttributeName(\"threshold_traps\").ElementKeyInt(7).AttributeName(\"trap_trigger\")"
2026-03-03T16:32:27.341+0530 [DEBUG] sdk.framework: marking computed attribute that is null in the config as unknown: tf_rpc=PlanResourceChange tf_resource_type=nios_grid_member tf_req_id=efd60483-7838-18e9-01c9-e58744af44fe tf_provider_addr=registry.terraform.io/hashicorp/nios tf_attribute_path="AttributeName(\"threshold_traps\").ElementKeyInt(7).AttributeName(\"trap_type\")"
2026-03-03T16:32:27.341+0530 [DEBUG] sdk.framework: marking computed attribute that is null in the config as unknown: tf_provider_addr=registry.terraform.io/hashicorp/nios tf_attribute_path="AttributeName(\"threshold_traps\").ElementKeyInt(7).AttributeName(\"trap_reset\")" tf_rpc=PlanResourceChange tf_resource_type=nios_grid_member tf_req_id=efd60483-7838-18e9-01c9-e58744af44fe
2026-03-03T16:32:27.341+0530 [DEBUG] sdk.framework: marking computed attribute that is null in the config as unknown: tf_req_id=efd60483-7838-18e9-01c9-e58744af44fe tf_provider_addr=registry.terraform.io/hashicorp/nios tf_attribute_path="AttributeName(\"threshold_traps\").ElementKeyInt(8).AttributeName(\"trap_reset\")" tf_rpc=PlanResourceChange tf_resource_type=nios_grid_member
2026-03-03T16:32:27.341+0530 [DEBUG] sdk.framework: marking computed attribute that is null in the config as unknown: tf_provider_addr=registry.terraform.io/hashicorp/nios tf_attribute_path="AttributeName(\"threshold_traps\").ElementKeyInt(8).AttributeName(\"trap_trigger\")" tf_rpc=PlanResourceChange tf_resource_type=nios_grid_member tf_req_id=efd60483-7838-18e9-01c9-e58744af44fe
2026-03-03T16:32:27.341+0530 [DEBUG] sdk.framework: marking computed attribute that is null in the config as unknown: tf_resource_type=nios_grid_member tf_req_id=efd60483-7838-18e9-01c9-e58744af44fe tf_provider_addr=registry.terraform.io/hashicorp/nios tf_attribute_path="AttributeName(\"threshold_traps\").ElementKeyInt(8).AttributeName(\"trap_type\")" tf_rpc=PlanResourceChange
2026-03-03T16:32:27.341+0530 [DEBUG] sdk.framework: marking computed attribute that is null in the config as unknown: tf_provider_addr=registry.terraform.io/hashicorp/nios tf_attribute_path="AttributeName(\"threshold_traps\").ElementKeyInt(9).AttributeName(\"trap_type\")" tf_rpc=PlanResourceChange tf_resource_type=nios_grid_member tf_req_id=efd60483-7838-18e9-01c9-e58744af44fe
2026-03-03T16:32:27.341+0530 [DEBUG] sdk.framework: marking computed attribute that is null in the config as unknown: tf_rpc=PlanResourceChange tf_resource_type=nios_grid_member tf_req_id=efd60483-7838-18e9-01c9-e58744af44fe tf_provider_addr=registry.terraform.io/hashicorp/nios tf_attribute_path="AttributeName(\"threshold_traps\").ElementKeyInt(9).AttributeName(\"trap_reset\")"
2026-03-03T16:32:27.341+0530 [DEBUG] sdk.framework: marking computed attribute that is null in the config as unknown: tf_provider_addr=registry.terraform.io/hashicorp/nios tf_attribute_path="AttributeName(\"threshold_traps\").ElementKeyInt(9).AttributeName(\"trap_trigger\")" tf_rpc=PlanResourceChange tf_resource_type=nios_grid_member tf_req_id=efd60483-7838-18e9-01c9-e58744af44fe
2026-03-03T16:32:27.341+0530 [DEBUG] sdk.framework: marking computed attribute that is null in the config as unknown: tf_rpc=PlanResourceChange tf_resource_type=nios_grid_member tf_req_id=efd60483-7838-18e9-01c9-e58744af44fe tf_provider_addr=registry.terraform.io/hashicorp/nios tf_attribute_path="AttributeName(\"threshold_traps\").ElementKeyInt(10).AttributeName(\"trap_type\")"
2026-03-03T16:32:27.341+0530 [DEBUG] sdk.framework: marking computed attribute that is null in the config as unknown: tf_attribute_path="AttributeName(\"threshold_traps\").ElementKeyInt(10).AttributeName(\"trap_reset\")" tf_rpc=PlanResourceChange tf_resource_type=nios_grid_member tf_req_id=efd60483-7838-18e9-01c9-e58744af44fe tf_provider_addr=registry.terraform.io/hashicorp/nios
2026-03-03T16:32:27.341+0530 [DEBUG] sdk.framework: marking computed attribute that is null in the config as unknown: tf_req_id=efd60483-7838-18e9-01c9-e58744af44fe tf_provider_addr=registry.terraform.io/hashicorp/nios tf_attribute_path="AttributeName(\"threshold_traps\").ElementKeyInt(10).AttributeName(\"trap_trigger\")" tf_rpc=PlanResourceChange tf_resource_type=nios_grid_member
2026-03-03T16:32:27.341+0530 [DEBUG] sdk.framework: marking computed attribute that is null in the config as unknown: tf_req_id=efd60483-7838-18e9-01c9-e58744af44fe tf_provider_addr=registry.terraform.io/hashicorp/nios tf_attribute_path="AttributeName(\"threshold_traps\").ElementKeyInt(11).AttributeName(\"trap_reset\")" tf_rpc=PlanResourceChange tf_resource_type=nios_grid_member
2026-03-03T16:32:27.341+0530 [DEBUG] sdk.framework: marking computed attribute that is null in the config as unknown: tf_resource_type=nios_grid_member tf_req_id=efd60483-7838-18e9-01c9-e58744af44fe tf_provider_addr=registry.terraform.io/hashicorp/nios tf_attribute_path="AttributeName(\"threshold_traps\").ElementKeyInt(11).AttributeName(\"trap_trigger\")" tf_rpc=PlanResourceChange
2026-03-03T16:32:27.341+0530 [DEBUG] sdk.framework: marking computed attribute that is null in the config as unknown: tf_rpc=PlanResourceChange tf_resource_type=nios_grid_member tf_req_id=efd60483-7838-18e9-01c9-e58744af44fe tf_provider_addr=registry.terraform.io/hashicorp/nios tf_attribute_path="AttributeName(\"threshold_traps\").ElementKeyInt(11).AttributeName(\"trap_type\")"
2026-03-03T16:32:27.341+0530 [DEBUG] sdk.framework: marking computed attribute that is null in the config as unknown: tf_attribute_path="AttributeName(\"threshold_traps\").ElementKeyInt(12).AttributeName(\"trap_reset\")" tf_rpc=PlanResourceChange tf_resource_type=nios_grid_member tf_req_id=efd60483-7838-18e9-01c9-e58744af44fe tf_provider_addr=registry.terraform.io/hashicorp/nios
2026-03-03T16:32:27.341+0530 [DEBUG] sdk.framework: marking computed attribute that is null in the config as unknown: tf_provider_addr=registry.terraform.io/hashicorp/nios tf_attribute_path="AttributeName(\"threshold_traps\").ElementKeyInt(12).AttributeName(\"trap_trigger\")" tf_rpc=PlanResourceChange tf_resource_type=nios_grid_member tf_req_id=efd60483-7838-18e9-01c9-e58744af44fe
2026-03-03T16:32:27.341+0530 [DEBUG] sdk.framework: marking computed attribute that is null in the config as unknown: tf_provider_addr=registry.terraform.io/hashicorp/nios tf_attribute_path="AttributeName(\"threshold_traps\").ElementKeyInt(12).AttributeName(\"trap_type\")" tf_rpc=PlanResourceChange tf_resource_type=nios_grid_member tf_req_id=efd60483-7838-18e9-01c9-e58744af44fe
2026-03-03T16:32:27.341+0530 [DEBUG] sdk.framework: marking computed attribute that is null in the config as unknown: tf_provider_addr=registry.terraform.io/hashicorp/nios tf_attribute_path="AttributeName(\"threshold_traps\").ElementKeyInt(13).AttributeName(\"trap_reset\")" tf_rpc=PlanResourceChange tf_resource_type=nios_grid_member tf_req_id=efd60483-7838-18e9-01c9-e58744af44fe
2026-03-03T16:32:27.341+0530 [DEBUG] sdk.framework: marking computed attribute that is null in the config as unknown: tf_attribute_path="AttributeName(\"threshold_traps\").ElementKeyInt(13).AttributeName(\"trap_trigger\")" tf_rpc=PlanResourceChange tf_resource_type=nios_grid_member tf_req_id=efd60483-7838-18e9-01c9-e58744af44fe tf_provider_addr=registry.terraform.io/hashicorp/nios
2026-03-03T16:32:27.341+0530 [DEBUG] sdk.framework: marking computed attribute that is null in the config as unknown: tf_attribute_path="AttributeName(\"threshold_traps\").ElementKeyInt(13).AttributeName(\"trap_type\")" tf_rpc=PlanResourceChange tf_resource_type=nios_grid_member tf_req_id=efd60483-7838-18e9-01c9-e58744af44fe tf_provider_addr=registry.terraform.io/hashicorp/nios
2026-03-03T16:32:27.341+0530 [DEBUG] sdk.framework: marking computed attribute that is null in the config as unknown: tf_resource_type=nios_grid_member tf_req_id=efd60483-7838-18e9-01c9-e58744af44fe tf_provider_addr=registry.terraform.io/hashicorp/nios tf_attribute_path="AttributeName(\"threshold_traps\").ElementKeyInt(14).AttributeName(\"trap_trigger\")" tf_rpc=PlanResourceChange
2026-03-03T16:32:27.341+0530 [DEBUG] sdk.framework: marking computed attribute that is null in the config as unknown: tf_provider_addr=registry.terraform.io/hashicorp/nios tf_attribute_path="AttributeName(\"threshold_traps\").ElementKeyInt(14).AttributeName(\"trap_type\")" tf_rpc=PlanResourceChange tf_resource_type=nios_grid_member tf_req_id=efd60483-7838-18e9-01c9-e58744af44fe
2026-03-03T16:32:27.341+0530 [DEBUG] sdk.framework: marking computed attribute that is null in the config as unknown: tf_attribute_path="AttributeName(\"threshold_traps\").ElementKeyInt(14).AttributeName(\"trap_reset\")" tf_rpc=PlanResourceChange tf_resource_type=nios_grid_member tf_req_id=efd60483-7838-18e9-01c9-e58744af44fe tf_provider_addr=registry.terraform.io/hashicorp/nios
2026-03-03T16:32:27.341+0530 [DEBUG] sdk.framework: marking computed attribute that is null in the config as unknown: tf_resource_type=nios_grid_member tf_req_id=efd60483-7838-18e9-01c9-e58744af44fe tf_provider_addr=registry.terraform.io/hashicorp/nios tf_attribute_path="AttributeName(\"threshold_traps\").ElementKeyInt(15).AttributeName(\"trap_reset\")" tf_rpc=PlanResourceChange
2026-03-03T16:32:27.341+0530 [DEBUG] sdk.framework: marking computed attribute that is null in the config as unknown: tf_provider_addr=registry.terraform.io/hashicorp/nios tf_attribute_path="AttributeName(\"threshold_traps\").ElementKeyInt(15).AttributeName(\"trap_trigger\")" tf_rpc=PlanResourceChange tf_resource_type=nios_grid_member tf_req_id=efd60483-7838-18e9-01c9-e58744af44fe
2026-03-03T16:32:27.341+0530 [DEBUG] sdk.framework: marking computed attribute that is null in the config as unknown: tf_provider_addr=registry.terraform.io/hashicorp/nios tf_attribute_path="AttributeName(\"threshold_traps\").ElementKeyInt(15).AttributeName(\"trap_type\")" tf_rpc=PlanResourceChange tf_resource_type=nios_grid_member tf_req_id=efd60483-7838-18e9-01c9-e58744af44fe
2026-03-03T16:32:27.341+0530 [DEBUG] sdk.framework: marking computed attribute that is null in the config as unknown: tf_provider_addr=registry.terraform.io/hashicorp/nios tf_attribute_path="AttributeName(\"threshold_traps\").ElementKeyInt(16).AttributeName(\"trap_type\")" tf_rpc=PlanResourceChange tf_resource_type=nios_grid_member tf_req_id=efd60483-7838-18e9-01c9-e58744af44fe
2026-03-03T16:32:27.341+0530 [DEBUG] sdk.framework: marking computed attribute that is null in the config as unknown: tf_rpc=PlanResourceChange tf_resource_type=nios_grid_member tf_req_id=efd60483-7838-18e9-01c9-e58744af44fe tf_provider_addr=registry.terraform.io/hashicorp/nios tf_attribute_path="AttributeName(\"threshold_traps\").ElementKeyInt(16).AttributeName(\"trap_reset\")"
2026-03-03T16:32:27.341+0530 [DEBUG] sdk.framework: marking computed attribute that is null in the config as unknown: tf_resource_type=nios_grid_member tf_req_id=efd60483-7838-18e9-01c9-e58744af44fe tf_provider_addr=registry.terraform.io/hashicorp/nios tf_attribute_path="AttributeName(\"threshold_traps\").ElementKeyInt(16).AttributeName(\"trap_trigger\")" tf_rpc=PlanResourceChange
2026-03-03T16:32:27.341+0530 [DEBUG] sdk.framework: marking computed attribute that is null in the config as unknown: tf_attribute_path="AttributeName(\"threshold_traps\").ElementKeyInt(17).AttributeName(\"trap_type\")" tf_rpc=PlanResourceChange tf_resource_type=nios_grid_member tf_req_id=efd60483-7838-18e9-01c9-e58744af44fe tf_provider_addr=registry.terraform.io/hashicorp/nios
2026-03-03T16:32:27.341+0530 [DEBUG] sdk.framework: marking computed attribute that is null in the config as unknown: tf_resource_type=nios_grid_member tf_req_id=efd60483-7838-18e9-01c9-e58744af44fe tf_provider_addr=registry.terraform.io/hashicorp/nios tf_attribute_path="AttributeName(\"threshold_traps\").ElementKeyInt(17).AttributeName(\"trap_reset\")" tf_rpc=PlanResourceChange
2026-03-03T16:32:27.341+0530 [DEBUG] sdk.framework: marking computed attribute that is null in the config as unknown: tf_provider_addr=registry.terraform.io/hashicorp/nios tf_attribute_path="AttributeName(\"threshold_traps\").ElementKeyInt(17).AttributeName(\"trap_trigger\")" tf_rpc=PlanResourceChange tf_resource_type=nios_grid_member tf_req_id=efd60483-7838-18e9-01c9-e58744af44fe
2026-03-03T16:32:27.341+0530 [DEBUG] sdk.framework: marking computed attribute that is null in the config as unknown: tf_attribute_path="AttributeName(\"threshold_traps\").ElementKeyInt(18).AttributeName(\"trap_trigger\")" tf_rpc=PlanResourceChange tf_resource_type=nios_grid_member tf_req_id=efd60483-7838-18e9-01c9-e58744af44fe tf_provider_addr=registry.terraform.io/hashicorp/nios
2026-03-03T16:32:27.341+0530 [DEBUG] sdk.framework: marking computed attribute that is null in the config as unknown: tf_rpc=PlanResourceChange tf_resource_type=nios_grid_member tf_req_id=efd60483-7838-18e9-01c9-e58744af44fe tf_provider_addr=registry.terraform.io/hashicorp/nios tf_attribute_path="AttributeName(\"threshold_traps\").ElementKeyInt(18).AttributeName(\"trap_type\")"
2026-03-03T16:32:27.341+0530 [DEBUG] sdk.framework: marking computed attribute that is null in the config as unknown: tf_provider_addr=registry.terraform.io/hashicorp/nios tf_attribute_path="AttributeName(\"threshold_traps\").ElementKeyInt(18).AttributeName(\"trap_reset\")" tf_rpc=PlanResourceChange tf_resource_type=nios_grid_member tf_req_id=efd60483-7838-18e9-01c9-e58744af44fe
2026-03-03T16:32:27.341+0530 [DEBUG] sdk.framework: marking computed attribute that is null in the config as unknown: tf_attribute_path="AttributeName(\"threshold_traps\")" tf_rpc=PlanResourceChange tf_resource_type=nios_grid_member tf_req_id=efd60483-7838-18e9-01c9-e58744af44fe tf_provider_addr=registry.terraform.io/hashicorp/nios
2026-03-03T16:32:27.341+0530 [DEBUG] sdk.framework: marking computed attribute that is null in the config as unknown: tf_attribute_path="AttributeName(\"csp_access_key\")" tf_rpc=PlanResourceChange tf_resource_type=nios_grid_member tf_req_id=efd60483-7838-18e9-01c9-e58744af44fe tf_provider_addr=registry.terraform.io/hashicorp/nios
2026-03-03T16:32:27.341+0530 [DEBUG] sdk.framework: marking computed attribute that is null in the config as unknown: tf_attribute_path="AttributeName(\"node_info\").ElementKeyInt(0).AttributeName(\"hwtype\")" tf_rpc=PlanResourceChange tf_resource_type=nios_grid_member tf_req_id=efd60483-7838-18e9-01c9-e58744af44fe tf_provider_addr=registry.terraform.io/hashicorp/nios
2026-03-03T16:32:27.341+0530 [DEBUG] sdk.framework: marking computed attribute that is null in the config as unknown: tf_attribute_path="AttributeName(\"node_info\").ElementKeyInt(0).AttributeName(\"host_platform\")" tf_rpc=PlanResourceChange tf_resource_type=nios_grid_member tf_req_id=efd60483-7838-18e9-01c9-e58744af44fe tf_provider_addr=registry.terraform.io/hashicorp/nios
2026-03-03T16:32:27.341+0530 [DEBUG] sdk.framework: marking computed attribute that is null in the config as unknown: tf_attribute_path="AttributeName(\"node_info\").ElementKeyInt(0).AttributeName(\"service_status\")" tf_rpc=PlanResourceChange tf_resource_type=nios_grid_member tf_req_id=efd60483-7838-18e9-01c9-e58744af44fe tf_provider_addr=registry.terraform.io/hashicorp/nios
2026-03-03T16:32:27.341+0530 [DEBUG] sdk.framework: marking computed attribute that is null in the config as unknown: tf_provider_addr=registry.terraform.io/hashicorp/nios tf_attribute_path="AttributeName(\"node_info\").ElementKeyInt(0).AttributeName(\"hwid\")" tf_rpc=PlanResourceChange tf_resource_type=nios_grid_member tf_req_id=efd60483-7838-18e9-01c9-e58744af44fe
2026-03-03T16:32:27.341+0530 [DEBUG] sdk.framework: marking computed attribute that is null in the config as unknown: tf_resource_type=nios_grid_member tf_req_id=efd60483-7838-18e9-01c9-e58744af44fe tf_provider_addr=registry.terraform.io/hashicorp/nios tf_attribute_path="AttributeName(\"node_info\").ElementKeyInt(0).AttributeName(\"mgmt_network_setting\")" tf_rpc=PlanResourceChange
2026-03-03T16:32:27.341+0530 [DEBUG] sdk.framework: marking computed attribute that is null in the config as unknown: tf_rpc=PlanResourceChange tf_resource_type=nios_grid_member tf_req_id=efd60483-7838-18e9-01c9-e58744af44fe tf_provider_addr=registry.terraform.io/hashicorp/nios tf_attribute_path="AttributeName(\"node_info\").ElementKeyInt(0).AttributeName(\"hwmodel\")"
2026-03-03T16:32:27.341+0530 [DEBUG] sdk.framework: marking computed attribute that is null in the config as unknown: tf_provider_addr=registry.terraform.io/hashicorp/nios tf_attribute_path="AttributeName(\"node_info\").ElementKeyInt(0).AttributeName(\"paid_nios\")" tf_rpc=PlanResourceChange tf_resource_type=nios_grid_member tf_req_id=efd60483-7838-18e9-01c9-e58744af44fe
2026-03-03T16:32:27.341+0530 [DEBUG] sdk.framework: marking computed attribute that is null in the config as unknown: tf_req_id=efd60483-7838-18e9-01c9-e58744af44fe tf_provider_addr=registry.terraform.io/hashicorp/nios tf_attribute_path="AttributeName(\"node_info\").ElementKeyInt(0).AttributeName(\"lan2_physical_setting\").AttributeName(\"duplex\")" tf_rpc=PlanResourceChange tf_resource_type=nios_grid_member
2026-03-03T16:32:27.341+0530 [DEBUG] sdk.framework: marking computed attribute that is null in the config as unknown: tf_req_id=efd60483-7838-18e9-01c9-e58744af44fe tf_provider_addr=registry.terraform.io/hashicorp/nios tf_attribute_path="AttributeName(\"node_info\").ElementKeyInt(0).AttributeName(\"lan2_physical_setting\").AttributeName(\"speed\")" tf_rpc=PlanResourceChange tf_resource_type=nios_grid_member
2026-03-03T16:32:27.341+0530 [DEBUG] sdk.framework: marking computed attribute that is null in the config as unknown: tf_rpc=PlanResourceChange tf_resource_type=nios_grid_member tf_req_id=efd60483-7838-18e9-01c9-e58744af44fe tf_provider_addr=registry.terraform.io/hashicorp/nios tf_attribute_path="AttributeName(\"node_info\").ElementKeyInt(0).AttributeName(\"lan2_physical_setting\").AttributeName(\"auto_port_setting_enabled\")"
2026-03-03T16:32:27.341+0530 [DEBUG] sdk.framework: marking computed attribute that is null in the config as unknown: tf_attribute_path="AttributeName(\"node_info\").ElementKeyInt(0).AttributeName(\"lan2_physical_setting\")" tf_rpc=PlanResourceChange tf_resource_type=nios_grid_member tf_req_id=efd60483-7838-18e9-01c9-e58744af44fe tf_provider_addr=registry.terraform.io/hashicorp/nios
2026-03-03T16:32:27.341+0530 [DEBUG] sdk.framework: marking computed attribute that is null in the config as unknown: tf_provider_addr=registry.terraform.io/hashicorp/nios tf_attribute_path="AttributeName(\"node_info\").ElementKeyInt(0).AttributeName(\"hypervisor\")" tf_rpc=PlanResourceChange tf_resource_type=nios_grid_member tf_req_id=efd60483-7838-18e9-01c9-e58744af44fe
2026-03-03T16:32:27.341+0530 [DEBUG] sdk.framework: marking computed attribute that is null in the config as unknown: tf_req_id=efd60483-7838-18e9-01c9-e58744af44fe tf_provider_addr=registry.terraform.io/hashicorp/nios tf_attribute_path="AttributeName(\"node_info\").ElementKeyInt(0).AttributeName(\"physical_oid\")" tf_rpc=PlanResourceChange tf_resource_type=nios_grid_member
2026-03-03T16:32:27.341+0530 [DEBUG] sdk.framework: marking computed attribute that is null in the config as unknown: tf_provider_addr=registry.terraform.io/hashicorp/nios tf_attribute_path="AttributeName(\"node_info\").ElementKeyInt(0).AttributeName(\"lan_ha_port_setting\").AttributeName(\"mgmt_lan\")" tf_rpc=PlanResourceChange tf_resource_type=nios_grid_member tf_req_id=efd60483-7838-18e9-01c9-e58744af44fe
2026-03-03T16:32:27.341+0530 [DEBUG] sdk.framework: marking computed attribute that is null in the config as unknown: tf_rpc=PlanResourceChange tf_resource_type=nios_grid_member tf_req_id=efd60483-7838-18e9-01c9-e58744af44fe tf_provider_addr=registry.terraform.io/hashicorp/nios tf_attribute_path="AttributeName(\"node_info\").ElementKeyInt(0).AttributeName(\"lan_ha_port_setting\").AttributeName(\"ha_ip_address\")"
2026-03-03T16:32:27.341+0530 [DEBUG] sdk.framework: marking computed attribute that is null in the config as unknown: tf_rpc=PlanResourceChange tf_resource_type=nios_grid_member tf_req_id=efd60483-7838-18e9-01c9-e58744af44fe tf_provider_addr=registry.terraform.io/hashicorp/nios tf_attribute_path="AttributeName(\"node_info\").ElementKeyInt(0).AttributeName(\"lan_ha_port_setting\").AttributeName(\"ha_port_setting\").AttributeName(\"speed\")"
2026-03-03T16:32:27.341+0530 [DEBUG] sdk.framework: marking computed attribute that is null in the config as unknown: tf_req_id=efd60483-7838-18e9-01c9-e58744af44fe tf_provider_addr=registry.terraform.io/hashicorp/nios tf_attribute_path="AttributeName(\"node_info\").ElementKeyInt(0).AttributeName(\"lan_ha_port_setting\").AttributeName(\"ha_port_setting\").AttributeName(\"auto_port_setting_enabled\")" tf_rpc=PlanResourceChange tf_resource_type=nios_grid_member
2026-03-03T16:32:27.341+0530 [DEBUG] sdk.framework: marking computed attribute that is null in the config as unknown: tf_req_id=efd60483-7838-18e9-01c9-e58744af44fe tf_provider_addr=registry.terraform.io/hashicorp/nios tf_attribute_path="AttributeName(\"node_info\").ElementKeyInt(0).AttributeName(\"lan_ha_port_setting\").AttributeName(\"ha_port_setting\").AttributeName(\"duplex\")" tf_rpc=PlanResourceChange tf_resource_type=nios_grid_member
2026-03-03T16:32:27.341+0530 [DEBUG] sdk.framework: marking computed attribute that is null in the config as unknown: tf_resource_type=nios_grid_member tf_req_id=efd60483-7838-18e9-01c9-e58744af44fe tf_provider_addr=registry.terraform.io/hashicorp/nios tf_attribute_path="AttributeName(\"node_info\").ElementKeyInt(0).AttributeName(\"lan_ha_port_setting\").AttributeName(\"ha_port_setting\")" tf_rpc=PlanResourceChange
2026-03-03T16:32:27.341+0530 [DEBUG] sdk.framework: marking computed attribute that is null in the config as unknown: tf_req_id=efd60483-7838-18e9-01c9-e58744af44fe tf_provider_addr=registry.terraform.io/hashicorp/nios tf_attribute_path="AttributeName(\"node_info\").ElementKeyInt(0).AttributeName(\"lan_ha_port_setting\").AttributeName(\"lan_port_setting\").AttributeName(\"duplex\")" tf_rpc=PlanResourceChange tf_resource_type=nios_grid_member
2026-03-03T16:32:27.341+0530 [DEBUG] sdk.framework: marking computed attribute that is null in the config as unknown: tf_rpc=PlanResourceChange tf_resource_type=nios_grid_member tf_req_id=efd60483-7838-18e9-01c9-e58744af44fe tf_provider_addr=registry.terraform.io/hashicorp/nios tf_attribute_path="AttributeName(\"node_info\").ElementKeyInt(0).AttributeName(\"lan_ha_port_setting\").AttributeName(\"lan_port_setting\").AttributeName(\"speed\")"
2026-03-03T16:32:27.341+0530 [DEBUG] sdk.framework: marking computed attribute that is null in the config as unknown: tf_provider_addr=registry.terraform.io/hashicorp/nios tf_attribute_path="AttributeName(\"node_info\").ElementKeyInt(0).AttributeName(\"lan_ha_port_setting\").AttributeName(\"lan_port_setting\").AttributeName(\"auto_port_setting_enabled\")" tf_rpc=PlanResourceChange tf_resource_type=nios_grid_member tf_req_id=efd60483-7838-18e9-01c9-e58744af44fe
2026-03-03T16:32:27.341+0530 [DEBUG] sdk.framework: marking computed attribute that is null in the config as unknown: tf_attribute_path="AttributeName(\"node_info\").ElementKeyInt(0).AttributeName(\"lan_ha_port_setting\").AttributeName(\"lan_port_setting\")" tf_rpc=PlanResourceChange tf_resource_type=nios_grid_member tf_req_id=efd60483-7838-18e9-01c9-e58744af44fe tf_provider_addr=registry.terraform.io/hashicorp/nios
2026-03-03T16:32:27.342+0530 [DEBUG] sdk.framework: marking computed attribute that is null in the config as unknown: tf_resource_type=nios_grid_member tf_req_id=efd60483-7838-18e9-01c9-e58744af44fe tf_provider_addr=registry.terraform.io/hashicorp/nios tf_attribute_path="AttributeName(\"node_info\").ElementKeyInt(0).AttributeName(\"lan_ha_port_setting\").AttributeName(\"mgmt_ipv6addr\")" tf_rpc=PlanResourceChange
2026-03-03T16:32:27.342+0530 [DEBUG] sdk.framework: marking computed attribute that is null in the config as unknown: tf_resource_type=nios_grid_member tf_req_id=efd60483-7838-18e9-01c9-e58744af44fe tf_provider_addr=registry.terraform.io/hashicorp/nios tf_attribute_path="AttributeName(\"node_info\").ElementKeyInt(0).AttributeName(\"lan_ha_port_setting\")" tf_rpc=PlanResourceChange
2026-03-03T16:32:27.342+0530 [DEBUG] sdk.framework: marking computed attribute that is null in the config as unknown: tf_provider_addr=registry.terraform.io/hashicorp/nios tf_attribute_path="AttributeName(\"node_info\").ElementKeyInt(0).AttributeName(\"ha_status\")" tf_rpc=PlanResourceChange tf_resource_type=nios_grid_member tf_req_id=efd60483-7838-18e9-01c9-e58744af44fe
2026-03-03T16:32:27.342+0530 [DEBUG] sdk.framework: marking computed attribute that is null in the config as unknown: tf_rpc=PlanResourceChange tf_resource_type=nios_grid_member tf_req_id=efd60483-7838-18e9-01c9-e58744af44fe tf_provider_addr=registry.terraform.io/hashicorp/nios tf_attribute_path="AttributeName(\"node_info\").ElementKeyInt(0).AttributeName(\"nat_external_ip\")"
2026-03-03T16:32:27.342+0530 [DEBUG] sdk.framework: marking computed attribute that is null in the config as unknown: tf_attribute_path="AttributeName(\"node_info\").ElementKeyInt(0).AttributeName(\"mgmt_physical_setting\").AttributeName(\"duplex\")" tf_rpc=PlanResourceChange tf_resource_type=nios_grid_member tf_req_id=efd60483-7838-18e9-01c9-e58744af44fe tf_provider_addr=registry.terraform.io/hashicorp/nios
2026-03-03T16:32:27.342+0530 [DEBUG] sdk.framework: marking computed attribute that is null in the config as unknown: tf_rpc=PlanResourceChange tf_resource_type=nios_grid_member tf_req_id=efd60483-7838-18e9-01c9-e58744af44fe tf_provider_addr=registry.terraform.io/hashicorp/nios tf_attribute_path="AttributeName(\"node_info\").ElementKeyInt(0).AttributeName(\"mgmt_physical_setting\").AttributeName(\"speed\")"
2026-03-03T16:32:27.342+0530 [DEBUG] sdk.framework: marking computed attribute that is null in the config as unknown: tf_provider_addr=registry.terraform.io/hashicorp/nios tf_attribute_path="AttributeName(\"node_info\").ElementKeyInt(0).AttributeName(\"mgmt_physical_setting\").AttributeName(\"auto_port_setting_enabled\")" tf_rpc=PlanResourceChange tf_resource_type=nios_grid_member tf_req_id=efd60483-7838-18e9-01c9-e58744af44fe
2026-03-03T16:32:27.342+0530 [DEBUG] sdk.framework: marking computed attribute that is null in the config as unknown: tf_req_id=efd60483-7838-18e9-01c9-e58744af44fe tf_provider_addr=registry.terraform.io/hashicorp/nios tf_attribute_path="AttributeName(\"node_info\").ElementKeyInt(0).AttributeName(\"mgmt_physical_setting\")" tf_rpc=PlanResourceChange tf_resource_type=nios_grid_member
2026-03-03T16:32:27.342+0530 [DEBUG] sdk.framework: marking computed attribute that is null in the config as unknown: tf_resource_type=nios_grid_member tf_req_id=efd60483-7838-18e9-01c9-e58744af44fe tf_provider_addr=registry.terraform.io/hashicorp/nios tf_attribute_path="AttributeName(\"node_info\").ElementKeyInt(0).AttributeName(\"v6_mgmt_network_setting\").AttributeName(\"vlan_id\")" tf_rpc=PlanResourceChange
2026-03-03T16:32:27.342+0530 [DEBUG] sdk.framework: marking computed attribute that is null in the config as unknown: tf_attribute_path="AttributeName(\"node_info\").ElementKeyInt(0).AttributeName(\"v6_mgmt_network_setting\").AttributeName(\"enabled\")" tf_rpc=PlanResourceChange tf_resource_type=nios_grid_member tf_req_id=efd60483-7838-18e9-01c9-e58744af44fe tf_provider_addr=registry.terraform.io/hashicorp/nios
2026-03-03T16:32:27.342+0530 [DEBUG] sdk.framework: marking computed attribute that is null in the config as unknown: tf_attribute_path="AttributeName(\"node_info\").ElementKeyInt(0).AttributeName(\"v6_mgmt_network_setting\").AttributeName(\"virtual_ip\")" tf_rpc=PlanResourceChange tf_resource_type=nios_grid_member tf_req_id=efd60483-7838-18e9-01c9-e58744af44fe tf_provider_addr=registry.terraform.io/hashicorp/nios
2026-03-03T16:32:27.342+0530 [DEBUG] sdk.framework: marking computed attribute that is null in the config as unknown: tf_provider_addr=registry.terraform.io/hashicorp/nios tf_attribute_path="AttributeName(\"node_info\").ElementKeyInt(0).AttributeName(\"v6_mgmt_network_setting\").AttributeName(\"use_dscp\")" tf_rpc=PlanResourceChange tf_resource_type=nios_grid_member tf_req_id=efd60483-7838-18e9-01c9-e58744af44fe
2026-03-03T16:32:27.342+0530 [DEBUG] sdk.framework: marking computed attribute that is null in the config as unknown: tf_provider_addr=registry.terraform.io/hashicorp/nios tf_attribute_path="AttributeName(\"node_info\").ElementKeyInt(0).AttributeName(\"v6_mgmt_network_setting\").AttributeName(\"auto_router_config_enabled\")" tf_rpc=PlanResourceChange tf_resource_type=nios_grid_member tf_req_id=efd60483-7838-18e9-01c9-e58744af44fe
2026-03-03T16:32:27.342+0530 [DEBUG] sdk.framework: marking computed attribute that is null in the config as unknown: tf_attribute_path="AttributeName(\"node_info\").ElementKeyInt(0).AttributeName(\"v6_mgmt_network_setting\").AttributeName(\"cidr_prefix\")" tf_rpc=PlanResourceChange tf_resource_type=nios_grid_member tf_req_id=efd60483-7838-18e9-01c9-e58744af44fe tf_provider_addr=registry.terraform.io/hashicorp/nios
2026-03-03T16:32:27.342+0530 [DEBUG] sdk.framework: marking computed attribute that is null in the config as unknown: tf_rpc=PlanResourceChange tf_resource_type=nios_grid_member tf_req_id=efd60483-7838-18e9-01c9-e58744af44fe tf_provider_addr=registry.terraform.io/hashicorp/nios tf_attribute_path="AttributeName(\"node_info\").ElementKeyInt(0).AttributeName(\"v6_mgmt_network_setting\").AttributeName(\"primary\")"
2026-03-03T16:32:27.342+0530 [DEBUG] sdk.framework: marking computed attribute that is null in the config as unknown: tf_provider_addr=registry.terraform.io/hashicorp/nios tf_attribute_path="AttributeName(\"node_info\").ElementKeyInt(0).AttributeName(\"v6_mgmt_network_setting\").AttributeName(\"gateway\")" tf_rpc=PlanResourceChange tf_resource_type=nios_grid_member tf_req_id=efd60483-7838-18e9-01c9-e58744af44fe
2026-03-03T16:32:27.342+0530 [DEBUG] sdk.framework: marking computed attribute that is null in the config as unknown: tf_resource_type=nios_grid_member tf_req_id=efd60483-7838-18e9-01c9-e58744af44fe tf_provider_addr=registry.terraform.io/hashicorp/nios tf_attribute_path="AttributeName(\"node_info\").ElementKeyInt(0).AttributeName(\"v6_mgmt_network_setting\").AttributeName(\"dscp\")" tf_rpc=PlanResourceChange
2026-03-03T16:32:27.342+0530 [DEBUG] sdk.framework: marking computed attribute that is null in the config as unknown: tf_rpc=PlanResourceChange tf_resource_type=nios_grid_member tf_req_id=efd60483-7838-18e9-01c9-e58744af44fe tf_provider_addr=registry.terraform.io/hashicorp/nios tf_attribute_path="AttributeName(\"node_info\").ElementKeyInt(0).AttributeName(\"v6_mgmt_network_setting\")"
2026-03-03T16:32:27.342+0530 [DEBUG] sdk.framework: marking computed attribute that is null in the config as unknown: tf_attribute_path="AttributeName(\"node_info\")" tf_rpc=PlanResourceChange tf_resource_type=nios_grid_member tf_req_id=efd60483-7838-18e9-01c9-e58744af44fe tf_provider_addr=registry.terraform.io/hashicorp/nios
2026-03-03T16:32:27.342+0530 [DEBUG] sdk.framework: marking computed attribute that is null in the config as unknown: tf_resource_type=nios_grid_member tf_req_id=efd60483-7838-18e9-01c9-e58744af44fe tf_provider_addr=registry.terraform.io/hashicorp/nios tf_attribute_path="AttributeName(\"ref\")" tf_rpc=PlanResourceChange
2026-03-03T16:32:27.342+0530 [DEBUG] sdk.framework: marking computed attribute that is null in the config as unknown: tf_provider_addr=registry.terraform.io/hashicorp/nios tf_attribute_path="AttributeName(\"lom_network_config\").ElementKeyInt(0).AttributeName(\"subnet_mask\")" tf_rpc=PlanResourceChange tf_resource_type=nios_grid_member tf_req_id=efd60483-7838-18e9-01c9-e58744af44fe
2026-03-03T16:32:27.342+0530 [DEBUG] sdk.framework: marking computed attribute that is null in the config as unknown: tf_provider_addr=registry.terraform.io/hashicorp/nios tf_attribute_path="AttributeName(\"lom_network_config\").ElementKeyInt(0).AttributeName(\"address\")" tf_rpc=PlanResourceChange tf_resource_type=nios_grid_member tf_req_id=efd60483-7838-18e9-01c9-e58744af44fe
2026-03-03T16:32:27.342+0530 [DEBUG] sdk.framework: marking computed attribute that is null in the config as unknown: tf_provider_addr=registry.terraform.io/hashicorp/nios tf_attribute_path="AttributeName(\"lom_network_config\").ElementKeyInt(0).AttributeName(\"gateway\")" tf_rpc=PlanResourceChange tf_resource_type=nios_grid_member tf_req_id=efd60483-7838-18e9-01c9-e58744af44fe
2026-03-03T16:32:27.342+0530 [DEBUG] sdk.framework: marking computed attribute that is null in the config as unknown: tf_req_id=efd60483-7838-18e9-01c9-e58744af44fe tf_provider_addr=registry.terraform.io/hashicorp/nios tf_attribute_path="AttributeName(\"lom_network_config\").ElementKeyInt(0).AttributeName(\"is_lom_capable\")" tf_rpc=PlanResourceChange tf_resource_type=nios_grid_member
2026-03-03T16:32:27.342+0530 [DEBUG] sdk.framework: marking computed attribute that is null in the config as unknown: tf_rpc=PlanResourceChange tf_resource_type=nios_grid_member tf_req_id=efd60483-7838-18e9-01c9-e58744af44fe tf_provider_addr=registry.terraform.io/hashicorp/nios tf_attribute_path="AttributeName(\"lom_network_config\")"
2026-03-03T16:32:27.342+0530 [DEBUG] sdk.framework: marking computed attribute that is null in the config as unknown: tf_rpc=PlanResourceChange tf_resource_type=nios_grid_member tf_req_id=efd60483-7838-18e9-01c9-e58744af44fe tf_provider_addr=registry.terraform.io/hashicorp/nios tf_attribute_path="AttributeName(\"csp_member_setting\").AttributeName(\"csp_https_proxy\")"
2026-03-03T16:32:27.342+0530 [DEBUG] sdk.framework: marking computed attribute that is null in the config as unknown: tf_rpc=PlanResourceChange tf_resource_type=nios_grid_member tf_req_id=efd60483-7838-18e9-01c9-e58744af44fe tf_provider_addr=registry.terraform.io/hashicorp/nios tf_attribute_path="AttributeName(\"csp_member_setting\").AttributeName(\"csp_join_token\")"
2026-03-03T16:32:27.342+0530 [DEBUG] sdk.framework: marking computed attribute that is null in the config as unknown: tf_resource_type=nios_grid_member tf_req_id=efd60483-7838-18e9-01c9-e58744af44fe tf_provider_addr=registry.terraform.io/hashicorp/nios tf_attribute_path="AttributeName(\"csp_member_setting\").AttributeName(\"csp_dns_resolver\")" tf_rpc=PlanResourceChange
2026-03-03T16:32:27.342+0530 [DEBUG] sdk.framework: marking computed attribute that is null in the config as unknown: tf_provider_addr=registry.terraform.io/hashicorp/nios tf_attribute_path="AttributeName(\"csp_member_setting\")" tf_rpc=PlanResourceChange tf_resource_type=nios_grid_member tf_req_id=efd60483-7838-18e9-01c9-e58744af44fe
2026-03-03T16:32:27.342+0530 [DEBUG] sdk.framework: marking computed attribute that is null in the config as unknown: tf_req_id=efd60483-7838-18e9-01c9-e58744af44fe tf_provider_addr=registry.terraform.io/hashicorp/nios tf_attribute_path="AttributeName(\"extattrs_all\")" tf_rpc=PlanResourceChange tf_resource_type=nios_grid_member
2026-03-03T16:32:27.342+0530 [DEBUG] sdk.framework: marking computed attribute that is null in the config as unknown: tf_req_id=efd60483-7838-18e9-01c9-e58744af44fe tf_provider_addr=registry.terraform.io/hashicorp/nios tf_attribute_path="AttributeName(\"member_service_communication\")" tf_rpc=PlanResourceChange tf_resource_type=nios_grid_member
2026-03-03T16:32:27.342+0530 [DEBUG] sdk.framework: marking computed attribute that is null in the config as unknown: tf_provider_addr=registry.terraform.io/hashicorp/nios tf_attribute_path="AttributeName(\"lom_users\")" tf_rpc=PlanResourceChange tf_resource_type=nios_grid_member tf_req_id=efd60483-7838-18e9-01c9-e58744af44fe
2026-03-03T16:32:27.342+0530 [DEBUG] sdk.framework: marking computed attribute that is null in the config as unknown: tf_req_id=efd60483-7838-18e9-01c9-e58744af44fe tf_provider_addr=registry.terraform.io/hashicorp/nios tf_attribute_path="AttributeName(\"is_dscp_capable\")" tf_rpc=PlanResourceChange tf_resource_type=nios_grid_member
2026-03-03T16:32:27.342+0530 [DEBUG] sdk.framework: marking computed attribute that is null in the config as unknown: tf_provider_addr=registry.terraform.io/hashicorp/nios tf_attribute_path="AttributeName(\"additional_ip_list\")" tf_rpc=PlanResourceChange tf_resource_type=nios_grid_member tf_req_id=efd60483-7838-18e9-01c9-e58744af44fe
2026-03-03T16:32:27.342+0530 [DEBUG] sdk.framework: marking computed attribute that is null in the config as unknown: tf_attribute_path="AttributeName(\"static_routes\")" tf_rpc=PlanResourceChange tf_resource_type=nios_grid_member tf_req_id=efd60483-7838-18e9-01c9-e58744af44fe tf_provider_addr=registry.terraform.io/hashicorp/nios
2026-03-03T16:32:27.342+0530 [DEBUG] sdk.framework: marking computed attribute that is null in the config as unknown: tf_provider_addr=registry.terraform.io/hashicorp/nios tf_attribute_path="AttributeName(\"syslog_proxy_setting\").AttributeName(\"tcp_enable\")" tf_rpc=PlanResourceChange tf_resource_type=nios_grid_member tf_req_id=efd60483-7838-18e9-01c9-e58744af44fe
2026-03-03T16:32:27.342+0530 [DEBUG] sdk.framework: marking computed attribute that is null in the config as unknown: tf_attribute_path="AttributeName(\"syslog_proxy_setting\").AttributeName(\"udp_enable\")" tf_rpc=PlanResourceChange tf_resource_type=nios_grid_member tf_req_id=efd60483-7838-18e9-01c9-e58744af44fe tf_provider_addr=registry.terraform.io/hashicorp/nios
2026-03-03T16:32:27.342+0530 [DEBUG] sdk.framework: marking computed attribute that is null in the config as unknown: tf_req_id=efd60483-7838-18e9-01c9-e58744af44fe tf_provider_addr=registry.terraform.io/hashicorp/nios tf_attribute_path="AttributeName(\"syslog_proxy_setting\").AttributeName(\"client_acls\")" tf_rpc=PlanResourceChange tf_resource_type=nios_grid_member
2026-03-03T16:32:27.342+0530 [DEBUG] sdk.framework: marking computed attribute that is null in the config as unknown: tf_attribute_path="AttributeName(\"syslog_proxy_setting\")" tf_rpc=PlanResourceChange tf_resource_type=nios_grid_member tf_req_id=efd60483-7838-18e9-01c9-e58744af44fe tf_provider_addr=registry.terraform.io/hashicorp/nios
2026-03-03T16:32:27.342+0530 [DEBUG] sdk.framework: marking computed attribute that is null in the config as unknown: tf_req_id=efd60483-7838-18e9-01c9-e58744af44fe tf_provider_addr=registry.terraform.io/hashicorp/nios tf_attribute_path="AttributeName(\"active_position\")" tf_rpc=PlanResourceChange tf_resource_type=nios_grid_member
2026-03-03T16:32:27.342+0530 [DEBUG] sdk.framework: marking computed attribute that is null in the config as unknown: tf_rpc=PlanResourceChange tf_resource_type=nios_grid_member tf_req_id=efd60483-7838-18e9-01c9-e58744af44fe tf_provider_addr=registry.terraform.io/hashicorp/nios tf_attribute_path="AttributeName(\"vip_setting\").AttributeName(\"lan_gateway\")"
2026-03-03T16:32:27.342+0530 [DEBUG] sdk.framework: marking computed attribute that is null in the config as unknown: tf_provider_addr=registry.terraform.io/hashicorp/nios tf_attribute_path="AttributeName(\"vip_setting\").AttributeName(\"lan_subnet_mask\")" tf_rpc=PlanResourceChange tf_resource_type=nios_grid_member tf_req_id=efd60483-7838-18e9-01c9-e58744af44fe
2026-03-03T16:32:27.342+0530 [DEBUG] sdk.framework: marking computed attribute that is null in the config as unknown: tf_provider_addr=registry.terraform.io/hashicorp/nios tf_attribute_path="AttributeName(\"nat_setting\").AttributeName(\"group\")" tf_rpc=PlanResourceChange tf_resource_type=nios_grid_member tf_req_id=efd60483-7838-18e9-01c9-e58744af44fe
2026-03-03T16:32:27.342+0530 [DEBUG] sdk.framework: marking computed attribute that is null in the config as unknown: tf_attribute_path="AttributeName(\"nat_setting\").AttributeName(\"enabled\")" tf_rpc=PlanResourceChange tf_resource_type=nios_grid_member tf_req_id=efd60483-7838-18e9-01c9-e58744af44fe tf_provider_addr=registry.terraform.io/hashicorp/nios
2026-03-03T16:32:27.342+0530 [DEBUG] sdk.framework: marking computed attribute that is null in the config as unknown: tf_rpc=PlanResourceChange tf_resource_type=nios_grid_member tf_req_id=efd60483-7838-18e9-01c9-e58744af44fe tf_provider_addr=registry.terraform.io/hashicorp/nios tf_attribute_path="AttributeName(\"nat_setting\").AttributeName(\"external_virtual_ip\")"
2026-03-03T16:32:27.342+0530 [DEBUG] sdk.framework: marking computed attribute that is null in the config as unknown: tf_rpc=PlanResourceChange tf_resource_type=nios_grid_member tf_req_id=efd60483-7838-18e9-01c9-e58744af44fe tf_provider_addr=registry.terraform.io/hashicorp/nios tf_attribute_path="AttributeName(\"nat_setting\")"
2026-03-03T16:32:27.342+0530 [DEBUG] sdk.framework: marking computed attribute that is null in the config as unknown: tf_provider_addr=registry.terraform.io/hashicorp/nios tf_attribute_path="AttributeName(\"ospf_list\")" tf_rpc=PlanResourceChange tf_resource_type=nios_grid_member tf_req_id=efd60483-7838-18e9-01c9-e58744af44fe
2026/03/03 16:32:27 
GET /wapi/v2.13.6/extensibleattributedef?_return_as_object=1&_return_fields%2B=allowed_object_types%2Ccomment%2Cdefault_value%2Cflags%2Clist_values%2Cmax%2Cmin%2Cname%2Cnamespace%2Ctype&name=Terraform+Internal+ID HTTP/1.1
Host: 172.28.83.110
User-Agent: nios-golang-sdk/0.1
Accept: application/json
X-Infoblox-Client: terraform/test#test
X-Infoblox-Sdk: golang-sdk
Accept-Encoding: gzip


2026/03/03 16:32:28 
HTTP/1.1 200 OK
Connection: close
Transfer-Encoding: chunked
Cache-Control: no-cache, no-store
Content-Security-Policy: default-src 'self' blob: *.splunk.com img-src 'self' 'unsafe-inline' 'unsafe-eval' data: https: style-src 'self' 'unsafe-inline' 'unsafe-eval'
Content-Type: application/json
Date: Tue, 03 Mar 2026 11:02:27 GMT
Pragma: no-cache
Referrer-Policy: no-referrer-when-downgrade
Server: Apache
Set-Cookie: ibapauth="ctime=1772535747,user=admin,group=admin-group,auth=LOCAL,client=API,mtime=1772535747,su=1,ip=10.195.21.137,timeout=3600,vvVD8U7EfrE5MAoRwhpnuc5A1sI/OvdmYgE"; HttpOnly; Path=/; secure; SameSite=Lax
Strict-Transport-Security: max-age=31536000; includeSubDomains
X-Content-Type-Options: nosniff
X-Frame-Options: SAMEORIGIN
X-Xss-Protection: 1; mode=block

144
{"result": [{"_ref": "extensibleattributedef/b25lLmV4dGVuc2libGVfYXR0cmlidXRlc19kZWYkLlRlcnJhZm9ybSBJbnRlcm5hbCBJRA:Terraform%20Internal%20ID", "comment": "Internal ID for Terraform Resource", "default_value": null, "flags": "CR", "list_values": [], "name": "Terraform Internal ID", "namespace": "CLOUD", "type": "STRING"}]}
0


2026-03-03T16:32:28.273+0530 [DEBUG] sdk.framework: Detected value change between proposed new state and prior state: tf_provider_addr=registry.terraform.io/hashicorp/nios tf_rpc=PlanResourceChange tf_resource_type=nios_grid_member tf_attribute_path=snmp_setting tf_req_id=679df55c-0315-5b56-d40e-99bc571e2fd9
2026-03-03T16:32:28.273+0530 [DEBUG] sdk.framework: Marking Computed attributes with null configuration values as unknown (known after apply) in the plan to prevent potential Terraform errors: tf_resource_type=nios_grid_member tf_req_id=679df55c-0315-5b56-d40e-99bc571e2fd9 tf_provider_addr=registry.terraform.io/hashicorp/nios tf_rpc=PlanResourceChange
2026-03-03T16:32:28.273+0530 [DEBUG] sdk.framework: marking computed attribute that is null in the config as unknown: tf_attribute_path="AttributeName(\"member_service_communication\")" tf_resource_type=nios_grid_member tf_req_id=679df55c-0315-5b56-d40e-99bc571e2fd9 tf_provider_addr=registry.terraform.io/hashicorp/nios tf_rpc=PlanResourceChange
2026-03-03T16:32:28.273+0530 [DEBUG] sdk.framework: marking computed attribute that is null in the config as unknown: tf_rpc=PlanResourceChange tf_attribute_path="AttributeName(\"trap_notifications\").ElementKeyInt(0).AttributeName(\"trap_type\")" tf_resource_type=nios_grid_member tf_req_id=679df55c-0315-5b56-d40e-99bc571e2fd9 tf_provider_addr=registry.terraform.io/hashicorp/nios
2026-03-03T16:32:28.273+0530 [DEBUG] sdk.framework: marking computed attribute that is null in the config as unknown: tf_attribute_path="AttributeName(\"trap_notifications\").ElementKeyInt(1).AttributeName(\"trap_type\")" tf_resource_type=nios_grid_member tf_req_id=679df55c-0315-5b56-d40e-99bc571e2fd9 tf_provider_addr=registry.terraform.io/hashicorp/nios tf_rpc=PlanResourceChange
2026-03-03T16:32:28.273+0530 [DEBUG] sdk.framework: marking computed attribute that is null in the config as unknown: tf_provider_addr=registry.terraform.io/hashicorp/nios tf_rpc=PlanResourceChange tf_attribute_path="AttributeName(\"trap_notifications\").ElementKeyInt(2).AttributeName(\"trap_type\")" tf_resource_type=nios_grid_member tf_req_id=679df55c-0315-5b56-d40e-99bc571e2fd9
2026-03-03T16:32:28.273+0530 [DEBUG] sdk.framework: marking computed attribute that is null in the config as unknown: tf_attribute_path="AttributeName(\"trap_notifications\").ElementKeyInt(3).AttributeName(\"trap_type\")" tf_resource_type=nios_grid_member tf_req_id=679df55c-0315-5b56-d40e-99bc571e2fd9 tf_provider_addr=registry.terraform.io/hashicorp/nios tf_rpc=PlanResourceChange
2026-03-03T16:32:28.273+0530 [DEBUG] sdk.framework: marking computed attribute that is null in the config as unknown: tf_resource_type=nios_grid_member tf_req_id=679df55c-0315-5b56-d40e-99bc571e2fd9 tf_provider_addr=registry.terraform.io/hashicorp/nios tf_rpc=PlanResourceChange tf_attribute_path="AttributeName(\"trap_notifications\").ElementKeyInt(4).AttributeName(\"trap_type\")"
2026-03-03T16:32:28.273+0530 [DEBUG] sdk.framework: marking computed attribute that is null in the config as unknown: tf_attribute_path="AttributeName(\"trap_notifications\").ElementKeyInt(5).AttributeName(\"trap_type\")" tf_resource_type=nios_grid_member tf_req_id=679df55c-0315-5b56-d40e-99bc571e2fd9 tf_provider_addr=registry.terraform.io/hashicorp/nios tf_rpc=PlanResourceChange
2026-03-03T16:32:28.273+0530 [DEBUG] sdk.framework: marking computed attribute that is null in the config as unknown: tf_req_id=679df55c-0315-5b56-d40e-99bc571e2fd9 tf_provider_addr=registry.terraform.io/hashicorp/nios tf_rpc=PlanResourceChange tf_attribute_path="AttributeName(\"trap_notifications\").ElementKeyInt(6).AttributeName(\"trap_type\")" tf_resource_type=nios_grid_member
2026-03-03T16:32:28.273+0530 [DEBUG] sdk.framework: marking computed attribute that is null in the config as unknown: tf_req_id=679df55c-0315-5b56-d40e-99bc571e2fd9 tf_provider_addr=registry.terraform.io/hashicorp/nios tf_rpc=PlanResourceChange tf_attribute_path="AttributeName(\"trap_notifications\").ElementKeyInt(7).AttributeName(\"trap_type\")" tf_resource_type=nios_grid_member
2026-03-03T16:32:28.273+0530 [DEBUG] sdk.framework: marking computed attribute that is null in the config as unknown: tf_req_id=679df55c-0315-5b56-d40e-99bc571e2fd9 tf_provider_addr=registry.terraform.io/hashicorp/nios tf_rpc=PlanResourceChange tf_attribute_path="AttributeName(\"trap_notifications\").ElementKeyInt(8).AttributeName(\"trap_type\")" tf_resource_type=nios_grid_member
2026-03-03T16:32:28.273+0530 [DEBUG] sdk.framework: marking computed attribute that is null in the config as unknown: tf_rpc=PlanResourceChange tf_attribute_path="AttributeName(\"trap_notifications\").ElementKeyInt(9).AttributeName(\"trap_type\")" tf_resource_type=nios_grid_member tf_req_id=679df55c-0315-5b56-d40e-99bc571e2fd9 tf_provider_addr=registry.terraform.io/hashicorp/nios
2026-03-03T16:32:28.273+0530 [DEBUG] sdk.framework: marking computed attribute that is null in the config as unknown: tf_rpc=PlanResourceChange tf_attribute_path="AttributeName(\"trap_notifications\").ElementKeyInt(10).AttributeName(\"trap_type\")" tf_resource_type=nios_grid_member tf_req_id=679df55c-0315-5b56-d40e-99bc571e2fd9 tf_provider_addr=registry.terraform.io/hashicorp/nios
2026-03-03T16:32:28.273+0530 [DEBUG] sdk.framework: marking computed attribute that is null in the config as unknown: tf_provider_addr=registry.terraform.io/hashicorp/nios tf_rpc=PlanResourceChange tf_attribute_path="AttributeName(\"trap_notifications\").ElementKeyInt(11).AttributeName(\"trap_type\")" tf_resource_type=nios_grid_member tf_req_id=679df55c-0315-5b56-d40e-99bc571e2fd9
2026-03-03T16:32:28.273+0530 [DEBUG] sdk.framework: marking computed attribute that is null in the config as unknown: tf_provider_addr=registry.terraform.io/hashicorp/nios tf_rpc=PlanResourceChange tf_attribute_path="AttributeName(\"trap_notifications\").ElementKeyInt(12).AttributeName(\"trap_type\")" tf_resource_type=nios_grid_member tf_req_id=679df55c-0315-5b56-d40e-99bc571e2fd9
2026-03-03T16:32:28.273+0530 [DEBUG] sdk.framework: marking computed attribute that is null in the config as unknown: tf_resource_type=nios_grid_member tf_req_id=679df55c-0315-5b56-d40e-99bc571e2fd9 tf_provider_addr=registry.terraform.io/hashicorp/nios tf_rpc=PlanResourceChange tf_attribute_path="AttributeName(\"trap_notifications\").ElementKeyInt(13).AttributeName(\"trap_type\")"
2026-03-03T16:32:28.273+0530 [DEBUG] sdk.framework: marking computed attribute that is null in the config as unknown: tf_rpc=PlanResourceChange tf_attribute_path="AttributeName(\"trap_notifications\").ElementKeyInt(14).AttributeName(\"trap_type\")" tf_resource_type=nios_grid_member tf_req_id=679df55c-0315-5b56-d40e-99bc571e2fd9 tf_provider_addr=registry.terraform.io/hashicorp/nios
2026-03-03T16:32:28.273+0530 [DEBUG] sdk.framework: marking computed attribute that is null in the config as unknown: tf_req_id=679df55c-0315-5b56-d40e-99bc571e2fd9 tf_provider_addr=registry.terraform.io/hashicorp/nios tf_rpc=PlanResourceChange tf_attribute_path="AttributeName(\"trap_notifications\").ElementKeyInt(15).AttributeName(\"trap_type\")" tf_resource_type=nios_grid_member
2026-03-03T16:32:28.273+0530 [DEBUG] sdk.framework: marking computed attribute that is null in the config as unknown: tf_attribute_path="AttributeName(\"trap_notifications\").ElementKeyInt(16).AttributeName(\"trap_type\")" tf_resource_type=nios_grid_member tf_req_id=679df55c-0315-5b56-d40e-99bc571e2fd9 tf_provider_addr=registry.terraform.io/hashicorp/nios tf_rpc=PlanResourceChange
2026-03-03T16:32:28.273+0530 [DEBUG] sdk.framework: marking computed attribute that is null in the config as unknown: tf_resource_type=nios_grid_member tf_req_id=679df55c-0315-5b56-d40e-99bc571e2fd9 tf_provider_addr=registry.terraform.io/hashicorp/nios tf_rpc=PlanResourceChange tf_attribute_path="AttributeName(\"trap_notifications\").ElementKeyInt(17).AttributeName(\"trap_type\")"
2026-03-03T16:32:28.273+0530 [DEBUG] sdk.framework: marking computed attribute that is null in the config as unknown: tf_req_id=679df55c-0315-5b56-d40e-99bc571e2fd9 tf_provider_addr=registry.terraform.io/hashicorp/nios tf_rpc=PlanResourceChange tf_attribute_path="AttributeName(\"trap_notifications\").ElementKeyInt(18).AttributeName(\"trap_type\")" tf_resource_type=nios_grid_member
2026-03-03T16:32:28.273+0530 [DEBUG] sdk.framework: marking computed attribute that is null in the config as unknown: tf_rpc=PlanResourceChange tf_attribute_path="AttributeName(\"trap_notifications\").ElementKeyInt(19).AttributeName(\"trap_type\")" tf_resource_type=nios_grid_member tf_req_id=679df55c-0315-5b56-d40e-99bc571e2fd9 tf_provider_addr=registry.terraform.io/hashicorp/nios
2026-03-03T16:32:28.273+0530 [DEBUG] sdk.framework: marking computed attribute that is null in the config as unknown: tf_attribute_path="AttributeName(\"trap_notifications\").ElementKeyInt(20).AttributeName(\"trap_type\")" tf_resource_type=nios_grid_member tf_req_id=679df55c-0315-5b56-d40e-99bc571e2fd9 tf_provider_addr=registry.terraform.io/hashicorp/nios tf_rpc=PlanResourceChange
2026-03-03T16:32:28.273+0530 [DEBUG] sdk.framework: marking computed attribute that is null in the config as unknown: tf_req_id=679df55c-0315-5b56-d40e-99bc571e2fd9 tf_provider_addr=registry.terraform.io/hashicorp/nios tf_rpc=PlanResourceChange tf_attribute_path="AttributeName(\"trap_notifications\").ElementKeyInt(21).AttributeName(\"trap_type\")" tf_resource_type=nios_grid_member
2026-03-03T16:32:28.273+0530 [DEBUG] sdk.framework: marking computed attribute that is null in the config as unknown: tf_rpc=PlanResourceChange tf_attribute_path="AttributeName(\"trap_notifications\").ElementKeyInt(22).AttributeName(\"trap_type\")" tf_resource_type=nios_grid_member tf_req_id=679df55c-0315-5b56-d40e-99bc571e2fd9 tf_provider_addr=registry.terraform.io/hashicorp/nios
2026-03-03T16:32:28.273+0530 [DEBUG] sdk.framework: marking computed attribute that is null in the config as unknown: tf_attribute_path="AttributeName(\"trap_notifications\").ElementKeyInt(23).AttributeName(\"trap_type\")" tf_resource_type=nios_grid_member tf_req_id=679df55c-0315-5b56-d40e-99bc571e2fd9 tf_provider_addr=registry.terraform.io/hashicorp/nios tf_rpc=PlanResourceChange
2026-03-03T16:32:28.273+0530 [DEBUG] sdk.framework: marking computed attribute that is null in the config as unknown: tf_provider_addr=registry.terraform.io/hashicorp/nios tf_rpc=PlanResourceChange tf_attribute_path="AttributeName(\"trap_notifications\").ElementKeyInt(24).AttributeName(\"trap_type\")" tf_resource_type=nios_grid_member tf_req_id=679df55c-0315-5b56-d40e-99bc571e2fd9
2026-03-03T16:32:28.273+0530 [DEBUG] sdk.framework: marking computed attribute that is null in the config as unknown: tf_rpc=PlanResourceChange tf_attribute_path="AttributeName(\"trap_notifications\").ElementKeyInt(25).AttributeName(\"trap_type\")" tf_resource_type=nios_grid_member tf_req_id=679df55c-0315-5b56-d40e-99bc571e2fd9 tf_provider_addr=registry.terraform.io/hashicorp/nios
2026-03-03T16:32:28.273+0530 [DEBUG] sdk.framework: marking computed attribute that is null in the config as unknown: tf_req_id=679df55c-0315-5b56-d40e-99bc571e2fd9 tf_provider_addr=registry.terraform.io/hashicorp/nios tf_rpc=PlanResourceChange tf_attribute_path="AttributeName(\"trap_notifications\").ElementKeyInt(26).AttributeName(\"trap_type\")" tf_resource_type=nios_grid_member
2026-03-03T16:32:28.273+0530 [DEBUG] sdk.framework: marking computed attribute that is null in the config as unknown: tf_req_id=679df55c-0315-5b56-d40e-99bc571e2fd9 tf_provider_addr=registry.terraform.io/hashicorp/nios tf_rpc=PlanResourceChange tf_attribute_path="AttributeName(\"trap_notifications\").ElementKeyInt(27).AttributeName(\"trap_type\")" tf_resource_type=nios_grid_member
2026-03-03T16:32:28.273+0530 [DEBUG] sdk.framework: marking computed attribute that is null in the config as unknown: tf_attribute_path="AttributeName(\"trap_notifications\").ElementKeyInt(28).AttributeName(\"trap_type\")" tf_resource_type=nios_grid_member tf_req_id=679df55c-0315-5b56-d40e-99bc571e2fd9 tf_provider_addr=registry.terraform.io/hashicorp/nios tf_rpc=PlanResourceChange
2026-03-03T16:32:28.273+0530 [DEBUG] sdk.framework: marking computed attribute that is null in the config as unknown: tf_attribute_path="AttributeName(\"trap_notifications\").ElementKeyInt(29).AttributeName(\"trap_type\")" tf_resource_type=nios_grid_member tf_req_id=679df55c-0315-5b56-d40e-99bc571e2fd9 tf_provider_addr=registry.terraform.io/hashicorp/nios tf_rpc=PlanResourceChange
2026-03-03T16:32:28.273+0530 [DEBUG] sdk.framework: marking computed attribute that is null in the config as unknown: tf_resource_type=nios_grid_member tf_req_id=679df55c-0315-5b56-d40e-99bc571e2fd9 tf_provider_addr=registry.terraform.io/hashicorp/nios tf_rpc=PlanResourceChange tf_attribute_path="AttributeName(\"trap_notifications\").ElementKeyInt(30).AttributeName(\"trap_type\")"
2026-03-03T16:32:28.273+0530 [DEBUG] sdk.framework: marking computed attribute that is null in the config as unknown: tf_provider_addr=registry.terraform.io/hashicorp/nios tf_rpc=PlanResourceChange tf_attribute_path="AttributeName(\"trap_notifications\").ElementKeyInt(31).AttributeName(\"trap_type\")" tf_resource_type=nios_grid_member tf_req_id=679df55c-0315-5b56-d40e-99bc571e2fd9
2026-03-03T16:32:28.273+0530 [DEBUG] sdk.framework: marking computed attribute that is null in the config as unknown: tf_resource_type=nios_grid_member tf_req_id=679df55c-0315-5b56-d40e-99bc571e2fd9 tf_provider_addr=registry.terraform.io/hashicorp/nios tf_rpc=PlanResourceChange tf_attribute_path="AttributeName(\"trap_notifications\").ElementKeyInt(32).AttributeName(\"trap_type\")"
2026-03-03T16:32:28.273+0530 [DEBUG] sdk.framework: marking computed attribute that is null in the config as unknown: tf_provider_addr=registry.terraform.io/hashicorp/nios tf_rpc=PlanResourceChange tf_attribute_path="AttributeName(\"trap_notifications\").ElementKeyInt(33).AttributeName(\"trap_type\")" tf_resource_type=nios_grid_member tf_req_id=679df55c-0315-5b56-d40e-99bc571e2fd9
2026-03-03T16:32:28.273+0530 [DEBUG] sdk.framework: marking computed attribute that is null in the config as unknown: tf_rpc=PlanResourceChange tf_attribute_path="AttributeName(\"trap_notifications\").ElementKeyInt(34).AttributeName(\"trap_type\")" tf_resource_type=nios_grid_member tf_req_id=679df55c-0315-5b56-d40e-99bc571e2fd9 tf_provider_addr=registry.terraform.io/hashicorp/nios
2026-03-03T16:32:28.273+0530 [DEBUG] sdk.framework: marking computed attribute that is null in the config as unknown: tf_provider_addr=registry.terraform.io/hashicorp/nios tf_rpc=PlanResourceChange tf_attribute_path="AttributeName(\"trap_notifications\").ElementKeyInt(35).AttributeName(\"trap_type\")" tf_resource_type=nios_grid_member tf_req_id=679df55c-0315-5b56-d40e-99bc571e2fd9
2026-03-03T16:32:28.273+0530 [DEBUG] sdk.framework: marking computed attribute that is null in the config as unknown: tf_resource_type=nios_grid_member tf_req_id=679df55c-0315-5b56-d40e-99bc571e2fd9 tf_provider_addr=registry.terraform.io/hashicorp/nios tf_rpc=PlanResourceChange tf_attribute_path="AttributeName(\"trap_notifications\").ElementKeyInt(36).AttributeName(\"trap_type\")"
2026-03-03T16:32:28.273+0530 [DEBUG] sdk.framework: marking computed attribute that is null in the config as unknown: tf_provider_addr=registry.terraform.io/hashicorp/nios tf_rpc=PlanResourceChange tf_attribute_path="AttributeName(\"trap_notifications\").ElementKeyInt(37).AttributeName(\"trap_type\")" tf_resource_type=nios_grid_member tf_req_id=679df55c-0315-5b56-d40e-99bc571e2fd9
2026-03-03T16:32:28.273+0530 [DEBUG] sdk.framework: marking computed attribute that is null in the config as unknown: tf_attribute_path="AttributeName(\"trap_notifications\").ElementKeyInt(38).AttributeName(\"trap_type\")" tf_resource_type=nios_grid_member tf_req_id=679df55c-0315-5b56-d40e-99bc571e2fd9 tf_provider_addr=registry.terraform.io/hashicorp/nios tf_rpc=PlanResourceChange
2026-03-03T16:32:28.273+0530 [DEBUG] sdk.framework: marking computed attribute that is null in the config as unknown: tf_attribute_path="AttributeName(\"trap_notifications\").ElementKeyInt(39).AttributeName(\"trap_type\")" tf_resource_type=nios_grid_member tf_req_id=679df55c-0315-5b56-d40e-99bc571e2fd9 tf_provider_addr=registry.terraform.io/hashicorp/nios tf_rpc=PlanResourceChange
2026-03-03T16:32:28.273+0530 [DEBUG] sdk.framework: marking computed attribute that is null in the config as unknown: tf_req_id=679df55c-0315-5b56-d40e-99bc571e2fd9 tf_provider_addr=registry.terraform.io/hashicorp/nios tf_rpc=PlanResourceChange tf_attribute_path="AttributeName(\"trap_notifications\").ElementKeyInt(40).AttributeName(\"trap_type\")" tf_resource_type=nios_grid_member
2026-03-03T16:32:28.273+0530 [DEBUG] sdk.framework: marking computed attribute that is null in the config as unknown: tf_req_id=679df55c-0315-5b56-d40e-99bc571e2fd9 tf_provider_addr=registry.terraform.io/hashicorp/nios tf_rpc=PlanResourceChange tf_attribute_path="AttributeName(\"trap_notifications\").ElementKeyInt(41).AttributeName(\"trap_type\")" tf_resource_type=nios_grid_member
2026-03-03T16:32:28.273+0530 [DEBUG] sdk.framework: marking computed attribute that is null in the config as unknown: tf_req_id=679df55c-0315-5b56-d40e-99bc571e2fd9 tf_provider_addr=registry.terraform.io/hashicorp/nios tf_rpc=PlanResourceChange tf_attribute_path="AttributeName(\"trap_notifications\").ElementKeyInt(42).AttributeName(\"trap_type\")" tf_resource_type=nios_grid_member
2026-03-03T16:32:28.273+0530 [DEBUG] sdk.framework: marking computed attribute that is null in the config as unknown: tf_resource_type=nios_grid_member tf_req_id=679df55c-0315-5b56-d40e-99bc571e2fd9 tf_provider_addr=registry.terraform.io/hashicorp/nios tf_rpc=PlanResourceChange tf_attribute_path="AttributeName(\"trap_notifications\").ElementKeyInt(43).AttributeName(\"trap_type\")"
2026-03-03T16:32:28.273+0530 [DEBUG] sdk.framework: marking computed attribute that is null in the config as unknown: tf_resource_type=nios_grid_member tf_req_id=679df55c-0315-5b56-d40e-99bc571e2fd9 tf_provider_addr=registry.terraform.io/hashicorp/nios tf_rpc=PlanResourceChange tf_attribute_path="AttributeName(\"trap_notifications\").ElementKeyInt(44).AttributeName(\"trap_type\")"
2026-03-03T16:32:28.273+0530 [DEBUG] sdk.framework: marking computed attribute that is null in the config as unknown: tf_rpc=PlanResourceChange tf_attribute_path="AttributeName(\"trap_notifications\").ElementKeyInt(45).AttributeName(\"trap_type\")" tf_resource_type=nios_grid_member tf_req_id=679df55c-0315-5b56-d40e-99bc571e2fd9 tf_provider_addr=registry.terraform.io/hashicorp/nios
2026-03-03T16:32:28.274+0530 [DEBUG] sdk.framework: marking computed attribute that is null in the config as unknown: tf_rpc=PlanResourceChange tf_attribute_path="AttributeName(\"trap_notifications\").ElementKeyInt(46).AttributeName(\"trap_type\")" tf_resource_type=nios_grid_member tf_req_id=679df55c-0315-5b56-d40e-99bc571e2fd9 tf_provider_addr=registry.terraform.io/hashicorp/nios
2026-03-03T16:32:28.274+0530 [DEBUG] sdk.framework: marking computed attribute that is null in the config as unknown: tf_attribute_path="AttributeName(\"trap_notifications\").ElementKeyInt(47).AttributeName(\"trap_type\")" tf_resource_type=nios_grid_member tf_req_id=679df55c-0315-5b56-d40e-99bc571e2fd9 tf_provider_addr=registry.terraform.io/hashicorp/nios tf_rpc=PlanResourceChange
2026-03-03T16:32:28.274+0530 [DEBUG] sdk.framework: marking computed attribute that is null in the config as unknown: tf_attribute_path="AttributeName(\"trap_notifications\").ElementKeyInt(48).AttributeName(\"trap_type\")" tf_resource_type=nios_grid_member tf_req_id=679df55c-0315-5b56-d40e-99bc571e2fd9 tf_provider_addr=registry.terraform.io/hashicorp/nios tf_rpc=PlanResourceChange
2026-03-03T16:32:28.274+0530 [DEBUG] sdk.framework: marking computed attribute that is null in the config as unknown: tf_rpc=PlanResourceChange tf_attribute_path="AttributeName(\"trap_notifications\").ElementKeyInt(49).AttributeName(\"trap_type\")" tf_resource_type=nios_grid_member tf_req_id=679df55c-0315-5b56-d40e-99bc571e2fd9 tf_provider_addr=registry.terraform.io/hashicorp/nios
2026-03-03T16:32:28.274+0530 [DEBUG] sdk.framework: marking computed attribute that is null in the config as unknown: tf_req_id=679df55c-0315-5b56-d40e-99bc571e2fd9 tf_provider_addr=registry.terraform.io/hashicorp/nios tf_rpc=PlanResourceChange tf_attribute_path="AttributeName(\"trap_notifications\").ElementKeyInt(50).AttributeName(\"trap_type\")" tf_resource_type=nios_grid_member
2026-03-03T16:32:28.274+0530 [DEBUG] sdk.framework: marking computed attribute that is null in the config as unknown: tf_provider_addr=registry.terraform.io/hashicorp/nios tf_rpc=PlanResourceChange tf_attribute_path="AttributeName(\"trap_notifications\").ElementKeyInt(51).AttributeName(\"trap_type\")" tf_resource_type=nios_grid_member tf_req_id=679df55c-0315-5b56-d40e-99bc571e2fd9
2026-03-03T16:32:28.274+0530 [DEBUG] sdk.framework: marking computed attribute that is null in the config as unknown: tf_req_id=679df55c-0315-5b56-d40e-99bc571e2fd9 tf_provider_addr=registry.terraform.io/hashicorp/nios tf_rpc=PlanResourceChange tf_attribute_path="AttributeName(\"trap_notifications\").ElementKeyInt(52).AttributeName(\"trap_type\")" tf_resource_type=nios_grid_member
2026-03-03T16:32:28.274+0530 [DEBUG] sdk.framework: marking computed attribute that is null in the config as unknown: tf_attribute_path="AttributeName(\"trap_notifications\").ElementKeyInt(53).AttributeName(\"trap_type\")" tf_resource_type=nios_grid_member tf_req_id=679df55c-0315-5b56-d40e-99bc571e2fd9 tf_provider_addr=registry.terraform.io/hashicorp/nios tf_rpc=PlanResourceChange
2026-03-03T16:32:28.274+0530 [DEBUG] sdk.framework: marking computed attribute that is null in the config as unknown: tf_attribute_path="AttributeName(\"trap_notifications\").ElementKeyInt(54).AttributeName(\"trap_type\")" tf_resource_type=nios_grid_member tf_req_id=679df55c-0315-5b56-d40e-99bc571e2fd9 tf_provider_addr=registry.terraform.io/hashicorp/nios tf_rpc=PlanResourceChange
2026-03-03T16:32:28.274+0530 [DEBUG] sdk.framework: marking computed attribute that is null in the config as unknown: tf_provider_addr=registry.terraform.io/hashicorp/nios tf_rpc=PlanResourceChange tf_attribute_path="AttributeName(\"trap_notifications\").ElementKeyInt(55).AttributeName(\"trap_type\")" tf_resource_type=nios_grid_member tf_req_id=679df55c-0315-5b56-d40e-99bc571e2fd9
2026-03-03T16:32:28.274+0530 [DEBUG] sdk.framework: marking computed attribute that is null in the config as unknown: tf_attribute_path="AttributeName(\"trap_notifications\").ElementKeyInt(56).AttributeName(\"trap_type\")" tf_resource_type=nios_grid_member tf_req_id=679df55c-0315-5b56-d40e-99bc571e2fd9 tf_provider_addr=registry.terraform.io/hashicorp/nios tf_rpc=PlanResourceChange
2026-03-03T16:32:28.274+0530 [DEBUG] sdk.framework: marking computed attribute that is null in the config as unknown: tf_req_id=679df55c-0315-5b56-d40e-99bc571e2fd9 tf_provider_addr=registry.terraform.io/hashicorp/nios tf_rpc=PlanResourceChange tf_attribute_path="AttributeName(\"trap_notifications\").ElementKeyInt(57).AttributeName(\"trap_type\")" tf_resource_type=nios_grid_member
2026-03-03T16:32:28.274+0530 [DEBUG] sdk.framework: marking computed attribute that is null in the config as unknown: tf_provider_addr=registry.terraform.io/hashicorp/nios tf_rpc=PlanResourceChange tf_attribute_path="AttributeName(\"trap_notifications\").ElementKeyInt(58).AttributeName(\"trap_type\")" tf_resource_type=nios_grid_member tf_req_id=679df55c-0315-5b56-d40e-99bc571e2fd9
2026-03-03T16:32:28.274+0530 [DEBUG] sdk.framework: marking computed attribute that is null in the config as unknown: tf_provider_addr=registry.terraform.io/hashicorp/nios tf_rpc=PlanResourceChange tf_attribute_path="AttributeName(\"trap_notifications\").ElementKeyInt(59).AttributeName(\"trap_type\")" tf_resource_type=nios_grid_member tf_req_id=679df55c-0315-5b56-d40e-99bc571e2fd9
2026-03-03T16:32:28.274+0530 [DEBUG] sdk.framework: marking computed attribute that is null in the config as unknown: tf_rpc=PlanResourceChange tf_attribute_path="AttributeName(\"trap_notifications\").ElementKeyInt(60).AttributeName(\"trap_type\")" tf_resource_type=nios_grid_member tf_req_id=679df55c-0315-5b56-d40e-99bc571e2fd9 tf_provider_addr=registry.terraform.io/hashicorp/nios
2026-03-03T16:32:28.274+0530 [DEBUG] sdk.framework: marking computed attribute that is null in the config as unknown: tf_resource_type=nios_grid_member tf_req_id=679df55c-0315-5b56-d40e-99bc571e2fd9 tf_provider_addr=registry.terraform.io/hashicorp/nios tf_rpc=PlanResourceChange tf_attribute_path="AttributeName(\"trap_notifications\").ElementKeyInt(61).AttributeName(\"trap_type\")"
2026-03-03T16:32:28.274+0530 [DEBUG] sdk.framework: marking computed attribute that is null in the config as unknown: tf_rpc=PlanResourceChange tf_attribute_path="AttributeName(\"trap_notifications\").ElementKeyInt(62).AttributeName(\"trap_type\")" tf_resource_type=nios_grid_member tf_req_id=679df55c-0315-5b56-d40e-99bc571e2fd9 tf_provider_addr=registry.terraform.io/hashicorp/nios
2026-03-03T16:32:28.274+0530 [DEBUG] sdk.framework: marking computed attribute that is null in the config as unknown: tf_req_id=679df55c-0315-5b56-d40e-99bc571e2fd9 tf_provider_addr=registry.terraform.io/hashicorp/nios tf_rpc=PlanResourceChange tf_attribute_path="AttributeName(\"trap_notifications\").ElementKeyInt(63).AttributeName(\"trap_type\")" tf_resource_type=nios_grid_member
2026-03-03T16:32:28.274+0530 [DEBUG] sdk.framework: marking computed attribute that is null in the config as unknown: tf_resource_type=nios_grid_member tf_req_id=679df55c-0315-5b56-d40e-99bc571e2fd9 tf_provider_addr=registry.terraform.io/hashicorp/nios tf_rpc=PlanResourceChange tf_attribute_path="AttributeName(\"trap_notifications\").ElementKeyInt(64).AttributeName(\"trap_type\")"
2026-03-03T16:32:28.274+0530 [DEBUG] sdk.framework: marking computed attribute that is null in the config as unknown: tf_req_id=679df55c-0315-5b56-d40e-99bc571e2fd9 tf_provider_addr=registry.terraform.io/hashicorp/nios tf_rpc=PlanResourceChange tf_attribute_path="AttributeName(\"trap_notifications\").ElementKeyInt(65).AttributeName(\"trap_type\")" tf_resource_type=nios_grid_member
2026-03-03T16:32:28.274+0530 [DEBUG] sdk.framework: marking computed attribute that is null in the config as unknown: tf_req_id=679df55c-0315-5b56-d40e-99bc571e2fd9 tf_provider_addr=registry.terraform.io/hashicorp/nios tf_rpc=PlanResourceChange tf_attribute_path="AttributeName(\"trap_notifications\").ElementKeyInt(66).AttributeName(\"trap_type\")" tf_resource_type=nios_grid_member
2026-03-03T16:32:28.274+0530 [DEBUG] sdk.framework: marking computed attribute that is null in the config as unknown: tf_provider_addr=registry.terraform.io/hashicorp/nios tf_rpc=PlanResourceChange tf_attribute_path="AttributeName(\"trap_notifications\")" tf_resource_type=nios_grid_member tf_req_id=679df55c-0315-5b56-d40e-99bc571e2fd9
2026-03-03T16:32:28.274+0530 [DEBUG] sdk.framework: marking computed attribute that is null in the config as unknown: tf_req_id=679df55c-0315-5b56-d40e-99bc571e2fd9 tf_provider_addr=registry.terraform.io/hashicorp/nios tf_rpc=PlanResourceChange tf_attribute_path="AttributeName(\"dns_resolver_setting\")" tf_resource_type=nios_grid_member
2026-03-03T16:32:28.274+0530 [DEBUG] sdk.framework: marking computed attribute that is null in the config as unknown: tf_req_id=679df55c-0315-5b56-d40e-99bc571e2fd9 tf_provider_addr=registry.terraform.io/hashicorp/nios tf_rpc=PlanResourceChange tf_attribute_path="AttributeName(\"csp_member_setting\").AttributeName(\"csp_dns_resolver\")" tf_resource_type=nios_grid_member
2026-03-03T16:32:28.274+0530 [DEBUG] sdk.framework: marking computed attribute that is null in the config as unknown: tf_rpc=PlanResourceChange tf_attribute_path="AttributeName(\"csp_member_setting\").AttributeName(\"csp_https_proxy\")" tf_resource_type=nios_grid_member tf_req_id=679df55c-0315-5b56-d40e-99bc571e2fd9 tf_provider_addr=registry.terraform.io/hashicorp/nios
2026-03-03T16:32:28.274+0530 [DEBUG] sdk.framework: marking computed attribute that is null in the config as unknown: tf_attribute_path="AttributeName(\"csp_member_setting\").AttributeName(\"csp_join_token\")" tf_resource_type=nios_grid_member tf_req_id=679df55c-0315-5b56-d40e-99bc571e2fd9 tf_provider_addr=registry.terraform.io/hashicorp/nios tf_rpc=PlanResourceChange
2026-03-03T16:32:28.274+0530 [DEBUG] sdk.framework: marking computed attribute that is null in the config as unknown: tf_provider_addr=registry.terraform.io/hashicorp/nios tf_rpc=PlanResourceChange tf_attribute_path="AttributeName(\"csp_member_setting\")" tf_resource_type=nios_grid_member tf_req_id=679df55c-0315-5b56-d40e-99bc571e2fd9
2026-03-03T16:32:28.274+0530 [DEBUG] sdk.framework: marking computed attribute that is null in the config as unknown: tf_provider_addr=registry.terraform.io/hashicorp/nios tf_rpc=PlanResourceChange tf_attribute_path="AttributeName(\"automated_traffic_capture_setting\").AttributeName(\"traffic_capture_directory\")" tf_resource_type=nios_grid_member tf_req_id=679df55c-0315-5b56-d40e-99bc571e2fd9
2026-03-03T16:32:28.274+0530 [DEBUG] sdk.framework: marking computed attribute that is null in the config as unknown: tf_rpc=PlanResourceChange tf_attribute_path="AttributeName(\"automated_traffic_capture_setting\").AttributeName(\"username\")" tf_resource_type=nios_grid_member tf_req_id=679df55c-0315-5b56-d40e-99bc571e2fd9 tf_provider_addr=registry.terraform.io/hashicorp/nios
2026-03-03T16:32:28.274+0530 [DEBUG] sdk.framework: marking computed attribute that is null in the config as unknown: tf_provider_addr=registry.terraform.io/hashicorp/nios tf_rpc=PlanResourceChange tf_attribute_path="AttributeName(\"automated_traffic_capture_setting\").AttributeName(\"support_bundle_directory\")" tf_resource_type=nios_grid_member tf_req_id=679df55c-0315-5b56-d40e-99bc571e2fd9
2026-03-03T16:32:28.274+0530 [DEBUG] sdk.framework: marking computed attribute that is null in the config as unknown: tf_req_id=679df55c-0315-5b56-d40e-99bc571e2fd9 tf_provider_addr=registry.terraform.io/hashicorp/nios tf_rpc=PlanResourceChange tf_attribute_path="AttributeName(\"automated_traffic_capture_setting\").AttributeName(\"destination_host\")" tf_resource_type=nios_grid_member
2026-03-03T16:32:28.274+0530 [DEBUG] sdk.framework: marking computed attribute that is null in the config as unknown: tf_rpc=PlanResourceChange tf_attribute_path="AttributeName(\"automated_traffic_capture_setting\").AttributeName(\"duration\")" tf_resource_type=nios_grid_member tf_req_id=679df55c-0315-5b56-d40e-99bc571e2fd9 tf_provider_addr=registry.terraform.io/hashicorp/nios
2026-03-03T16:32:28.274+0530 [DEBUG] sdk.framework: marking computed attribute that is null in the config as unknown: tf_attribute_path="AttributeName(\"automated_traffic_capture_setting\")" tf_resource_type=nios_grid_member tf_req_id=679df55c-0315-5b56-d40e-99bc571e2fd9 tf_provider_addr=registry.terraform.io/hashicorp/nios tf_rpc=PlanResourceChange
2026-03-03T16:32:28.274+0530 [DEBUG] sdk.framework: marking computed attribute that is null in the config as unknown: tf_req_id=679df55c-0315-5b56-d40e-99bc571e2fd9 tf_provider_addr=registry.terraform.io/hashicorp/nios tf_rpc=PlanResourceChange tf_attribute_path="AttributeName(\"syslog_proxy_setting\").AttributeName(\"tcp_enable\")" tf_resource_type=nios_grid_member
2026-03-03T16:32:28.274+0530 [DEBUG] sdk.framework: marking computed attribute that is null in the config as unknown: tf_req_id=679df55c-0315-5b56-d40e-99bc571e2fd9 tf_provider_addr=registry.terraform.io/hashicorp/nios tf_rpc=PlanResourceChange tf_attribute_path="AttributeName(\"syslog_proxy_setting\").AttributeName(\"udp_enable\")" tf_resource_type=nios_grid_member
2026-03-03T16:32:28.274+0530 [DEBUG] sdk.framework: marking computed attribute that is null in the config as unknown: tf_rpc=PlanResourceChange tf_attribute_path="AttributeName(\"syslog_proxy_setting\").AttributeName(\"client_acls\")" tf_resource_type=nios_grid_member tf_req_id=679df55c-0315-5b56-d40e-99bc571e2fd9 tf_provider_addr=registry.terraform.io/hashicorp/nios
2026-03-03T16:32:28.274+0530 [DEBUG] sdk.framework: marking computed attribute that is null in the config as unknown: tf_attribute_path="AttributeName(\"syslog_proxy_setting\")" tf_resource_type=nios_grid_member tf_req_id=679df55c-0315-5b56-d40e-99bc571e2fd9 tf_provider_addr=registry.terraform.io/hashicorp/nios tf_rpc=PlanResourceChange
2026-03-03T16:32:28.275+0530 [DEBUG] sdk.framework: marking computed attribute that is null in the config as unknown: tf_resource_type=nios_grid_member tf_req_id=679df55c-0315-5b56-d40e-99bc571e2fd9 tf_provider_addr=registry.terraform.io/hashicorp/nios tf_rpc=PlanResourceChange tf_attribute_path="AttributeName(\"nat_setting\").AttributeName(\"enabled\")"
2026-03-03T16:32:28.275+0530 [DEBUG] sdk.framework: marking computed attribute that is null in the config as unknown: tf_attribute_path="AttributeName(\"nat_setting\").AttributeName(\"external_virtual_ip\")" tf_resource_type=nios_grid_member tf_req_id=679df55c-0315-5b56-d40e-99bc571e2fd9 tf_provider_addr=registry.terraform.io/hashicorp/nios tf_rpc=PlanResourceChange
2026-03-03T16:32:28.275+0530 [DEBUG] sdk.framework: marking computed attribute that is null in the config as unknown: tf_provider_addr=registry.terraform.io/hashicorp/nios tf_rpc=PlanResourceChange tf_attribute_path="AttributeName(\"nat_setting\").AttributeName(\"group\")" tf_resource_type=nios_grid_member tf_req_id=679df55c-0315-5b56-d40e-99bc571e2fd9
2026-03-03T16:32:28.275+0530 [DEBUG] sdk.framework: marking computed attribute that is null in the config as unknown: tf_attribute_path="AttributeName(\"nat_setting\")" tf_resource_type=nios_grid_member tf_req_id=679df55c-0315-5b56-d40e-99bc571e2fd9 tf_provider_addr=registry.terraform.io/hashicorp/nios tf_rpc=PlanResourceChange
2026-03-03T16:32:28.275+0530 [DEBUG] sdk.framework: marking computed attribute that is null in the config as unknown: tf_provider_addr=registry.terraform.io/hashicorp/nios tf_rpc=PlanResourceChange tf_attribute_path="AttributeName(\"ipv6_static_routes\")" tf_resource_type=nios_grid_member tf_req_id=679df55c-0315-5b56-d40e-99bc571e2fd9
2026-03-03T16:32:28.275+0530 [DEBUG] sdk.framework: marking computed attribute that is null in the config as unknown: tf_resource_type=nios_grid_member tf_req_id=679df55c-0315-5b56-d40e-99bc571e2fd9 tf_provider_addr=registry.terraform.io/hashicorp/nios tf_rpc=PlanResourceChange tf_attribute_path="AttributeName(\"ha_cloud_platform\")"
2026-03-03T16:32:28.275+0530 [DEBUG] sdk.framework: marking computed attribute that is null in the config as unknown: tf_req_id=679df55c-0315-5b56-d40e-99bc571e2fd9 tf_provider_addr=registry.terraform.io/hashicorp/nios tf_rpc=PlanResourceChange tf_attribute_path="AttributeName(\"traffic_capture_qps_setting\")" tf_resource_type=nios_grid_member
2026-03-03T16:32:28.275+0530 [DEBUG] sdk.framework: marking computed attribute that is null in the config as unknown: tf_attribute_path="AttributeName(\"traffic_capture_auth_dns_setting\").AttributeName(\"auth_dns_latency_listen_on_ip\")" tf_resource_type=nios_grid_member tf_req_id=679df55c-0315-5b56-d40e-99bc571e2fd9 tf_provider_addr=registry.terraform.io/hashicorp/nios tf_rpc=PlanResourceChange
2026-03-03T16:32:28.275+0530 [DEBUG] sdk.framework: marking computed attribute that is null in the config as unknown: tf_req_id=679df55c-0315-5b56-d40e-99bc571e2fd9 tf_provider_addr=registry.terraform.io/hashicorp/nios tf_rpc=PlanResourceChange tf_attribute_path="AttributeName(\"traffic_capture_auth_dns_setting\")" tf_resource_type=nios_grid_member
2026-03-03T16:32:28.275+0530 [DEBUG] sdk.framework: marking computed attribute that is null in the config as unknown: tf_provider_addr=registry.terraform.io/hashicorp/nios tf_rpc=PlanResourceChange tf_attribute_path="AttributeName(\"active_position\")" tf_resource_type=nios_grid_member tf_req_id=679df55c-0315-5b56-d40e-99bc571e2fd9
2026-03-03T16:32:28.275+0530 [DEBUG] sdk.framework: marking computed attribute that is null in the config as unknown: tf_req_id=679df55c-0315-5b56-d40e-99bc571e2fd9 tf_provider_addr=registry.terraform.io/hashicorp/nios tf_rpc=PlanResourceChange tf_attribute_path="AttributeName(\"lom_network_config\").ElementKeyInt(0).AttributeName(\"address\")" tf_resource_type=nios_grid_member
2026-03-03T16:32:28.275+0530 [DEBUG] sdk.framework: marking computed attribute that is null in the config as unknown: tf_provider_addr=registry.terraform.io/hashicorp/nios tf_rpc=PlanResourceChange tf_attribute_path="AttributeName(\"lom_network_config\").ElementKeyInt(0).AttributeName(\"gateway\")" tf_resource_type=nios_grid_member tf_req_id=679df55c-0315-5b56-d40e-99bc571e2fd9
2026-03-03T16:32:28.275+0530 [DEBUG] sdk.framework: marking computed attribute that is null in the config as unknown: tf_provider_addr=registry.terraform.io/hashicorp/nios tf_rpc=PlanResourceChange tf_attribute_path="AttributeName(\"lom_network_config\").ElementKeyInt(0).AttributeName(\"is_lom_capable\")" tf_resource_type=nios_grid_member tf_req_id=679df55c-0315-5b56-d40e-99bc571e2fd9
2026-03-03T16:32:28.275+0530 [DEBUG] sdk.framework: marking computed attribute that is null in the config as unknown: tf_req_id=679df55c-0315-5b56-d40e-99bc571e2fd9 tf_provider_addr=registry.terraform.io/hashicorp/nios tf_rpc=PlanResourceChange tf_attribute_path="AttributeName(\"lom_network_config\").ElementKeyInt(0).AttributeName(\"subnet_mask\")" tf_resource_type=nios_grid_member
2026-03-03T16:32:28.275+0530 [DEBUG] sdk.framework: marking computed attribute that is null in the config as unknown: tf_attribute_path="AttributeName(\"lom_network_config\")" tf_resource_type=nios_grid_member tf_req_id=679df55c-0315-5b56-d40e-99bc571e2fd9 tf_provider_addr=registry.terraform.io/hashicorp/nios tf_rpc=PlanResourceChange
2026-03-03T16:32:28.275+0530 [DEBUG] sdk.framework: marking computed attribute that is null in the config as unknown: tf_attribute_path="AttributeName(\"is_dscp_capable\")" tf_resource_type=nios_grid_member tf_req_id=679df55c-0315-5b56-d40e-99bc571e2fd9 tf_provider_addr=registry.terraform.io/hashicorp/nios tf_rpc=PlanResourceChange
2026-03-03T16:32:28.275+0530 [DEBUG] sdk.framework: marking computed attribute that is null in the config as unknown: tf_attribute_path="AttributeName(\"mmdb_ea_build_time\")" tf_resource_type=nios_grid_member tf_req_id=679df55c-0315-5b56-d40e-99bc571e2fd9 tf_provider_addr=registry.terraform.io/hashicorp/nios tf_rpc=PlanResourceChange
2026-03-03T16:32:28.275+0530 [DEBUG] sdk.framework: marking computed attribute that is null in the config as unknown: tf_req_id=679df55c-0315-5b56-d40e-99bc571e2fd9 tf_provider_addr=registry.terraform.io/hashicorp/nios tf_rpc=PlanResourceChange tf_attribute_path="AttributeName(\"service_status\").ElementKeyInt(0).AttributeName(\"description\")" tf_resource_type=nios_grid_member
2026-03-03T16:32:28.275+0530 [DEBUG] sdk.framework: marking computed attribute that is null in the config as unknown: tf_attribute_path="AttributeName(\"service_status\").ElementKeyInt(0).AttributeName(\"service\")" tf_resource_type=nios_grid_member tf_req_id=679df55c-0315-5b56-d40e-99bc571e2fd9 tf_provider_addr=registry.terraform.io/hashicorp/nios tf_rpc=PlanResourceChange
2026-03-03T16:32:28.275+0530 [DEBUG] sdk.framework: marking computed attribute that is null in the config as unknown: tf_resource_type=nios_grid_member tf_req_id=679df55c-0315-5b56-d40e-99bc571e2fd9 tf_provider_addr=registry.terraform.io/hashicorp/nios tf_rpc=PlanResourceChange tf_attribute_path="AttributeName(\"service_status\").ElementKeyInt(0).AttributeName(\"status\")"
2026-03-03T16:32:28.275+0530 [DEBUG] sdk.framework: marking computed attribute that is null in the config as unknown: tf_provider_addr=registry.terraform.io/hashicorp/nios tf_rpc=PlanResourceChange tf_attribute_path="AttributeName(\"service_status\").ElementKeyInt(1).AttributeName(\"status\")" tf_resource_type=nios_grid_member tf_req_id=679df55c-0315-5b56-d40e-99bc571e2fd9
2026-03-03T16:32:28.275+0530 [DEBUG] sdk.framework: marking computed attribute that is null in the config as unknown: tf_rpc=PlanResourceChange tf_attribute_path="AttributeName(\"service_status\").ElementKeyInt(1).AttributeName(\"description\")" tf_resource_type=nios_grid_member tf_req_id=679df55c-0315-5b56-d40e-99bc571e2fd9 tf_provider_addr=registry.terraform.io/hashicorp/nios
2026-03-03T16:32:28.275+0530 [DEBUG] sdk.framework: marking computed attribute that is null in the config as unknown: tf_rpc=PlanResourceChange tf_attribute_path="AttributeName(\"service_status\").ElementKeyInt(1).AttributeName(\"service\")" tf_resource_type=nios_grid_member tf_req_id=679df55c-0315-5b56-d40e-99bc571e2fd9 tf_provider_addr=registry.terraform.io/hashicorp/nios
2026-03-03T16:32:28.275+0530 [DEBUG] sdk.framework: marking computed attribute that is null in the config as unknown: tf_attribute_path="AttributeName(\"service_status\").ElementKeyInt(2).AttributeName(\"service\")" tf_resource_type=nios_grid_member tf_req_id=679df55c-0315-5b56-d40e-99bc571e2fd9 tf_provider_addr=registry.terraform.io/hashicorp/nios tf_rpc=PlanResourceChange
2026-03-03T16:32:28.275+0530 [DEBUG] sdk.framework: marking computed attribute that is null in the config as unknown: tf_rpc=PlanResourceChange tf_attribute_path="AttributeName(\"service_status\").ElementKeyInt(2).AttributeName(\"status\")" tf_resource_type=nios_grid_member tf_req_id=679df55c-0315-5b56-d40e-99bc571e2fd9 tf_provider_addr=registry.terraform.io/hashicorp/nios
2026-03-03T16:32:28.275+0530 [DEBUG] sdk.framework: marking computed attribute that is null in the config as unknown: tf_provider_addr=registry.terraform.io/hashicorp/nios tf_rpc=PlanResourceChange tf_attribute_path="AttributeName(\"service_status\").ElementKeyInt(2).AttributeName(\"description\")" tf_resource_type=nios_grid_member tf_req_id=679df55c-0315-5b56-d40e-99bc571e2fd9
2026-03-03T16:32:28.275+0530 [DEBUG] sdk.framework: marking computed attribute that is null in the config as unknown: tf_resource_type=nios_grid_member tf_req_id=679df55c-0315-5b56-d40e-99bc571e2fd9 tf_provider_addr=registry.terraform.io/hashicorp/nios tf_rpc=PlanResourceChange tf_attribute_path="AttributeName(\"service_status\").ElementKeyInt(3).AttributeName(\"status\")"
2026-03-03T16:32:28.275+0530 [DEBUG] sdk.framework: marking computed attribute that is null in the config as unknown: tf_resource_type=nios_grid_member tf_req_id=679df55c-0315-5b56-d40e-99bc571e2fd9 tf_provider_addr=registry.terraform.io/hashicorp/nios tf_rpc=PlanResourceChange tf_attribute_path="AttributeName(\"service_status\").ElementKeyInt(3).AttributeName(\"description\")"
2026-03-03T16:32:28.275+0530 [DEBUG] sdk.framework: marking computed attribute that is null in the config as unknown: tf_resource_type=nios_grid_member tf_req_id=679df55c-0315-5b56-d40e-99bc571e2fd9 tf_provider_addr=registry.terraform.io/hashicorp/nios tf_rpc=PlanResourceChange tf_attribute_path="AttributeName(\"service_status\").ElementKeyInt(3).AttributeName(\"service\")"
2026-03-03T16:32:28.275+0530 [DEBUG] sdk.framework: marking computed attribute that is null in the config as unknown: tf_provider_addr=registry.terraform.io/hashicorp/nios tf_rpc=PlanResourceChange tf_attribute_path="AttributeName(\"service_status\").ElementKeyInt(4).AttributeName(\"description\")" tf_resource_type=nios_grid_member tf_req_id=679df55c-0315-5b56-d40e-99bc571e2fd9
2026-03-03T16:32:28.275+0530 [DEBUG] sdk.framework: marking computed attribute that is null in the config as unknown: tf_rpc=PlanResourceChange tf_attribute_path="AttributeName(\"service_status\").ElementKeyInt(4).AttributeName(\"service\")" tf_resource_type=nios_grid_member tf_req_id=679df55c-0315-5b56-d40e-99bc571e2fd9 tf_provider_addr=registry.terraform.io/hashicorp/nios
2026-03-03T16:32:28.275+0530 [DEBUG] sdk.framework: marking computed attribute that is null in the config as unknown: tf_req_id=679df55c-0315-5b56-d40e-99bc571e2fd9 tf_provider_addr=registry.terraform.io/hashicorp/nios tf_rpc=PlanResourceChange tf_attribute_path="AttributeName(\"service_status\").ElementKeyInt(4).AttributeName(\"status\")" tf_resource_type=nios_grid_member
2026-03-03T16:32:28.275+0530 [DEBUG] sdk.framework: marking computed attribute that is null in the config as unknown: tf_rpc=PlanResourceChange tf_attribute_path="AttributeName(\"service_status\").ElementKeyInt(5).AttributeName(\"description\")" tf_resource_type=nios_grid_member tf_req_id=679df55c-0315-5b56-d40e-99bc571e2fd9 tf_provider_addr=registry.terraform.io/hashicorp/nios
2026-03-03T16:32:28.275+0530 [DEBUG] sdk.framework: marking computed attribute that is null in the config as unknown: tf_attribute_path="AttributeName(\"service_status\").ElementKeyInt(5).AttributeName(\"service\")" tf_resource_type=nios_grid_member tf_req_id=679df55c-0315-5b56-d40e-99bc571e2fd9 tf_provider_addr=registry.terraform.io/hashicorp/nios tf_rpc=PlanResourceChange
2026-03-03T16:32:28.275+0530 [DEBUG] sdk.framework: marking computed attribute that is null in the config as unknown: tf_rpc=PlanResourceChange tf_attribute_path="AttributeName(\"service_status\").ElementKeyInt(5).AttributeName(\"status\")" tf_resource_type=nios_grid_member tf_req_id=679df55c-0315-5b56-d40e-99bc571e2fd9 tf_provider_addr=registry.terraform.io/hashicorp/nios
2026-03-03T16:32:28.275+0530 [DEBUG] sdk.framework: marking computed attribute that is null in the config as unknown: tf_resource_type=nios_grid_member tf_req_id=679df55c-0315-5b56-d40e-99bc571e2fd9 tf_provider_addr=registry.terraform.io/hashicorp/nios tf_rpc=PlanResourceChange tf_attribute_path="AttributeName(\"service_status\").ElementKeyInt(6).AttributeName(\"status\")"
2026-03-03T16:32:28.275+0530 [DEBUG] sdk.framework: marking computed attribute that is null in the config as unknown: tf_attribute_path="AttributeName(\"service_status\").ElementKeyInt(6).AttributeName(\"description\")" tf_resource_type=nios_grid_member tf_req_id=679df55c-0315-5b56-d40e-99bc571e2fd9 tf_provider_addr=registry.terraform.io/hashicorp/nios tf_rpc=PlanResourceChange
2026-03-03T16:32:28.275+0530 [DEBUG] sdk.framework: marking computed attribute that is null in the config as unknown: tf_attribute_path="AttributeName(\"service_status\").ElementKeyInt(6).AttributeName(\"service\")" tf_resource_type=nios_grid_member tf_req_id=679df55c-0315-5b56-d40e-99bc571e2fd9 tf_provider_addr=registry.terraform.io/hashicorp/nios tf_rpc=PlanResourceChange
2026-03-03T16:32:28.275+0530 [DEBUG] sdk.framework: marking computed attribute that is null in the config as unknown: tf_resource_type=nios_grid_member tf_req_id=679df55c-0315-5b56-d40e-99bc571e2fd9 tf_provider_addr=registry.terraform.io/hashicorp/nios tf_rpc=PlanResourceChange tf_attribute_path="AttributeName(\"service_status\").ElementKeyInt(7).AttributeName(\"description\")"
2026-03-03T16:32:28.275+0530 [DEBUG] sdk.framework: marking computed attribute that is null in the config as unknown: tf_req_id=679df55c-0315-5b56-d40e-99bc571e2fd9 tf_provider_addr=registry.terraform.io/hashicorp/nios tf_rpc=PlanResourceChange tf_attribute_path="AttributeName(\"service_status\").ElementKeyInt(7).AttributeName(\"service\")" tf_resource_type=nios_grid_member
2026-03-03T16:32:28.275+0530 [DEBUG] sdk.framework: marking computed attribute that is null in the config as unknown: tf_rpc=PlanResourceChange tf_attribute_path="AttributeName(\"service_status\").ElementKeyInt(7).AttributeName(\"status\")" tf_resource_type=nios_grid_member tf_req_id=679df55c-0315-5b56-d40e-99bc571e2fd9 tf_provider_addr=registry.terraform.io/hashicorp/nios
2026-03-03T16:32:28.275+0530 [DEBUG] sdk.framework: marking computed attribute that is null in the config as unknown: tf_req_id=679df55c-0315-5b56-d40e-99bc571e2fd9 tf_provider_addr=registry.terraform.io/hashicorp/nios tf_rpc=PlanResourceChange tf_attribute_path="AttributeName(\"service_status\").ElementKeyInt(8).AttributeName(\"status\")" tf_resource_type=nios_grid_member
2026-03-03T16:32:28.275+0530 [DEBUG] sdk.framework: marking computed attribute that is null in the config as unknown: tf_attribute_path="AttributeName(\"service_status\").ElementKeyInt(8).AttributeName(\"description\")" tf_resource_type=nios_grid_member tf_req_id=679df55c-0315-5b56-d40e-99bc571e2fd9 tf_provider_addr=registry.terraform.io/hashicorp/nios tf_rpc=PlanResourceChange
2026-03-03T16:32:28.275+0530 [DEBUG] sdk.framework: marking computed attribute that is null in the config as unknown: tf_provider_addr=registry.terraform.io/hashicorp/nios tf_rpc=PlanResourceChange tf_attribute_path="AttributeName(\"service_status\").ElementKeyInt(8).AttributeName(\"service\")" tf_resource_type=nios_grid_member tf_req_id=679df55c-0315-5b56-d40e-99bc571e2fd9
2026-03-03T16:32:28.275+0530 [DEBUG] sdk.framework: marking computed attribute that is null in the config as unknown: tf_provider_addr=registry.terraform.io/hashicorp/nios tf_rpc=PlanResourceChange tf_attribute_path="AttributeName(\"service_status\").ElementKeyInt(9).AttributeName(\"status\")" tf_resource_type=nios_grid_member tf_req_id=679df55c-0315-5b56-d40e-99bc571e2fd9
2026-03-03T16:32:28.275+0530 [DEBUG] sdk.framework: marking computed attribute that is null in the config as unknown: tf_provider_addr=registry.terraform.io/hashicorp/nios tf_rpc=PlanResourceChange tf_attribute_path="AttributeName(\"service_status\").ElementKeyInt(9).AttributeName(\"description\")" tf_resource_type=nios_grid_member tf_req_id=679df55c-0315-5b56-d40e-99bc571e2fd9
2026-03-03T16:32:28.275+0530 [DEBUG] sdk.framework: marking computed attribute that is null in the config as unknown: tf_resource_type=nios_grid_member tf_req_id=679df55c-0315-5b56-d40e-99bc571e2fd9 tf_provider_addr=registry.terraform.io/hashicorp/nios tf_rpc=PlanResourceChange tf_attribute_path="AttributeName(\"service_status\").ElementKeyInt(9).AttributeName(\"service\")"
2026-03-03T16:32:28.275+0530 [DEBUG] sdk.framework: marking computed attribute that is null in the config as unknown: tf_provider_addr=registry.terraform.io/hashicorp/nios tf_rpc=PlanResourceChange tf_attribute_path="AttributeName(\"service_status\").ElementKeyInt(10).AttributeName(\"status\")" tf_resource_type=nios_grid_member tf_req_id=679df55c-0315-5b56-d40e-99bc571e2fd9
2026-03-03T16:32:28.275+0530 [DEBUG] sdk.framework: marking computed attribute that is null in the config as unknown: tf_rpc=PlanResourceChange tf_attribute_path="AttributeName(\"service_status\").ElementKeyInt(10).AttributeName(\"description\")" tf_resource_type=nios_grid_member tf_req_id=679df55c-0315-5b56-d40e-99bc571e2fd9 tf_provider_addr=registry.terraform.io/hashicorp/nios
2026-03-03T16:32:28.275+0530 [DEBUG] sdk.framework: marking computed attribute that is null in the config as unknown: tf_req_id=679df55c-0315-5b56-d40e-99bc571e2fd9 tf_provider_addr=registry.terraform.io/hashicorp/nios tf_rpc=PlanResourceChange tf_attribute_path="AttributeName(\"service_status\").ElementKeyInt(10).AttributeName(\"service\")" tf_resource_type=nios_grid_member
2026-03-03T16:32:28.275+0530 [DEBUG] sdk.framework: marking computed attribute that is null in the config as unknown: tf_resource_type=nios_grid_member tf_req_id=679df55c-0315-5b56-d40e-99bc571e2fd9 tf_provider_addr=registry.terraform.io/hashicorp/nios tf_rpc=PlanResourceChange tf_attribute_path="AttributeName(\"service_status\").ElementKeyInt(11).AttributeName(\"status\")"
2026-03-03T16:32:28.275+0530 [DEBUG] sdk.framework: marking computed attribute that is null in the config as unknown: tf_req_id=679df55c-0315-5b56-d40e-99bc571e2fd9 tf_provider_addr=registry.terraform.io/hashicorp/nios tf_rpc=PlanResourceChange tf_attribute_path="AttributeName(\"service_status\").ElementKeyInt(11).AttributeName(\"description\")" tf_resource_type=nios_grid_member
2026-03-03T16:32:28.275+0530 [DEBUG] sdk.framework: marking computed attribute that is null in the config as unknown: tf_resource_type=nios_grid_member tf_req_id=679df55c-0315-5b56-d40e-99bc571e2fd9 tf_provider_addr=registry.terraform.io/hashicorp/nios tf_rpc=PlanResourceChange tf_attribute_path="AttributeName(\"service_status\").ElementKeyInt(11).AttributeName(\"service\")"
2026-03-03T16:32:28.275+0530 [DEBUG] sdk.framework: marking computed attribute that is null in the config as unknown: tf_resource_type=nios_grid_member tf_req_id=679df55c-0315-5b56-d40e-99bc571e2fd9 tf_provider_addr=registry.terraform.io/hashicorp/nios tf_rpc=PlanResourceChange tf_attribute_path="AttributeName(\"service_status\")"
2026-03-03T16:32:28.275+0530 [DEBUG] sdk.framework: marking computed attribute that is null in the config as unknown: tf_rpc=PlanResourceChange tf_attribute_path="AttributeName(\"ntp_setting\").AttributeName(\"ntp_acl\").AttributeName(\"service\")" tf_resource_type=nios_grid_member tf_req_id=679df55c-0315-5b56-d40e-99bc571e2fd9 tf_provider_addr=registry.terraform.io/hashicorp/nios
2026-03-03T16:32:28.275+0530 [DEBUG] sdk.framework: marking computed attribute that is null in the config as unknown: tf_rpc=PlanResourceChange tf_attribute_path="AttributeName(\"ntp_setting\").AttributeName(\"ntp_acl\").AttributeName(\"acl_type\")" tf_resource_type=nios_grid_member tf_req_id=679df55c-0315-5b56-d40e-99bc571e2fd9 tf_provider_addr=registry.terraform.io/hashicorp/nios
2026-03-03T16:32:28.275+0530 [DEBUG] sdk.framework: marking computed attribute that is null in the config as unknown: tf_provider_addr=registry.terraform.io/hashicorp/nios tf_rpc=PlanResourceChange tf_attribute_path="AttributeName(\"ntp_setting\").AttributeName(\"ntp_acl\").AttributeName(\"named_acl\")" tf_resource_type=nios_grid_member tf_req_id=679df55c-0315-5b56-d40e-99bc571e2fd9
2026-03-03T16:32:28.275+0530 [DEBUG] sdk.framework: marking computed attribute that is null in the config as unknown: tf_attribute_path="AttributeName(\"ntp_setting\").AttributeName(\"ntp_acl\")" tf_resource_type=nios_grid_member tf_req_id=679df55c-0315-5b56-d40e-99bc571e2fd9 tf_provider_addr=registry.terraform.io/hashicorp/nios tf_rpc=PlanResourceChange
2026-03-03T16:32:28.275+0530 [DEBUG] sdk.framework: marking computed attribute that is null in the config as unknown: tf_resource_type=nios_grid_member tf_req_id=679df55c-0315-5b56-d40e-99bc571e2fd9 tf_provider_addr=registry.terraform.io/hashicorp/nios tf_rpc=PlanResourceChange tf_attribute_path="AttributeName(\"ntp_setting\").AttributeName(\"ntp_keys\")"
2026-03-03T16:32:28.275+0530 [DEBUG] sdk.framework: marking computed attribute that is null in the config as unknown: tf_resource_type=nios_grid_member tf_req_id=679df55c-0315-5b56-d40e-99bc571e2fd9 tf_provider_addr=registry.terraform.io/hashicorp/nios tf_rpc=PlanResourceChange tf_attribute_path="AttributeName(\"ntp_setting\").AttributeName(\"ntp_servers\")"
2026-03-03T16:32:28.275+0530 [DEBUG] sdk.framework: marking computed attribute that is null in the config as unknown: tf_rpc=PlanResourceChange tf_attribute_path="AttributeName(\"ntp_setting\")" tf_resource_type=nios_grid_member tf_req_id=679df55c-0315-5b56-d40e-99bc571e2fd9 tf_provider_addr=registry.terraform.io/hashicorp/nios
2026-03-03T16:32:28.275+0530 [DEBUG] sdk.framework: marking computed attribute that is null in the config as unknown: tf_provider_addr=registry.terraform.io/hashicorp/nios tf_rpc=PlanResourceChange tf_attribute_path="AttributeName(\"csp_access_key\")" tf_resource_type=nios_grid_member tf_req_id=679df55c-0315-5b56-d40e-99bc571e2fd9
2026-03-03T16:32:28.275+0530 [DEBUG] sdk.framework: marking computed attribute that is null in the config as unknown: tf_rpc=PlanResourceChange tf_attribute_path="AttributeName(\"pre_provisioning\")" tf_resource_type=nios_grid_member tf_req_id=679df55c-0315-5b56-d40e-99bc571e2fd9 tf_provider_addr=registry.terraform.io/hashicorp/nios
2026-03-03T16:32:28.275+0530 [DEBUG] sdk.framework: marking computed attribute that is null in the config as unknown: tf_attribute_path="AttributeName(\"static_routes\")" tf_resource_type=nios_grid_member tf_req_id=679df55c-0315-5b56-d40e-99bc571e2fd9 tf_provider_addr=registry.terraform.io/hashicorp/nios tf_rpc=PlanResourceChange
2026-03-03T16:32:28.275+0530 [DEBUG] sdk.framework: marking computed attribute that is null in the config as unknown: tf_provider_addr=registry.terraform.io/hashicorp/nios tf_rpc=PlanResourceChange tf_attribute_path="AttributeName(\"bgp_as\")" tf_resource_type=nios_grid_member tf_req_id=679df55c-0315-5b56-d40e-99bc571e2fd9
2026-03-03T16:32:28.275+0530 [DEBUG] sdk.framework: marking computed attribute that is null in the config as unknown: tf_req_id=679df55c-0315-5b56-d40e-99bc571e2fd9 tf_provider_addr=registry.terraform.io/hashicorp/nios tf_rpc=PlanResourceChange tf_attribute_path="AttributeName(\"ipv6_setting\").AttributeName(\"virtual_ip\")" tf_resource_type=nios_grid_member
2026-03-03T16:32:28.275+0530 [DEBUG] sdk.framework: marking computed attribute that is null in the config as unknown: tf_rpc=PlanResourceChange tf_attribute_path="AttributeName(\"ipv6_setting\").AttributeName(\"gateway\")" tf_resource_type=nios_grid_member tf_req_id=679df55c-0315-5b56-d40e-99bc571e2fd9 tf_provider_addr=registry.terraform.io/hashicorp/nios
2026-03-03T16:32:28.276+0530 [DEBUG] sdk.framework: marking computed attribute that is null in the config as unknown: tf_rpc=PlanResourceChange tf_attribute_path="AttributeName(\"traffic_capture_rec_queries_setting\")" tf_resource_type=nios_grid_member tf_req_id=679df55c-0315-5b56-d40e-99bc571e2fd9 tf_provider_addr=registry.terraform.io/hashicorp/nios
2026-03-03T16:32:28.276+0530 [DEBUG] sdk.framework: marking computed attribute that is null in the config as unknown: tf_attribute_path="AttributeName(\"traffic_capture_rec_dns_setting\").AttributeName(\"kpi_monitored_domains\")" tf_resource_type=nios_grid_member tf_req_id=679df55c-0315-5b56-d40e-99bc571e2fd9 tf_provider_addr=registry.terraform.io/hashicorp/nios tf_rpc=PlanResourceChange
2026-03-03T16:32:28.276+0530 [DEBUG] sdk.framework: marking computed attribute that is null in the config as unknown: tf_provider_addr=registry.terraform.io/hashicorp/nios tf_rpc=PlanResourceChange tf_attribute_path="AttributeName(\"traffic_capture_rec_dns_setting\").AttributeName(\"rec_dns_latency_listen_on_ip\")" tf_resource_type=nios_grid_member tf_req_id=679df55c-0315-5b56-d40e-99bc571e2fd9
2026-03-03T16:32:28.276+0530 [DEBUG] sdk.framework: marking computed attribute that is null in the config as unknown: tf_provider_addr=registry.terraform.io/hashicorp/nios tf_rpc=PlanResourceChange tf_attribute_path="AttributeName(\"traffic_capture_rec_dns_setting\")" tf_resource_type=nios_grid_member tf_req_id=679df55c-0315-5b56-d40e-99bc571e2fd9
2026-03-03T16:32:28.276+0530 [DEBUG] sdk.framework: marking computed attribute that is null in the config as unknown: tf_rpc=PlanResourceChange tf_attribute_path="AttributeName(\"extattrs_all\")" tf_resource_type=nios_grid_member tf_req_id=679df55c-0315-5b56-d40e-99bc571e2fd9 tf_provider_addr=registry.terraform.io/hashicorp/nios
2026-03-03T16:32:28.276+0530 [DEBUG] sdk.framework: marking computed attribute that is null in the config as unknown: tf_attribute_path="AttributeName(\"additional_ip_list\")" tf_resource_type=nios_grid_member tf_req_id=679df55c-0315-5b56-d40e-99bc571e2fd9 tf_provider_addr=registry.terraform.io/hashicorp/nios tf_rpc=PlanResourceChange
2026-03-03T16:32:28.276+0530 [DEBUG] sdk.framework: marking computed attribute that is null in the config as unknown: tf_rpc=PlanResourceChange tf_attribute_path="AttributeName(\"lom_users\")" tf_resource_type=nios_grid_member tf_req_id=679df55c-0315-5b56-d40e-99bc571e2fd9 tf_provider_addr=registry.terraform.io/hashicorp/nios
2026-03-03T16:32:28.276+0530 [DEBUG] sdk.framework: marking computed attribute that is null in the config as unknown: tf_resource_type=nios_grid_member tf_req_id=679df55c-0315-5b56-d40e-99bc571e2fd9 tf_provider_addr=registry.terraform.io/hashicorp/nios tf_rpc=PlanResourceChange tf_attribute_path="AttributeName(\"mmdb_geoip_build_time\")"
2026-03-03T16:32:28.276+0530 [DEBUG] sdk.framework: marking computed attribute that is null in the config as unknown: tf_rpc=PlanResourceChange tf_attribute_path="AttributeName(\"support_access_info\")" tf_resource_type=nios_grid_member tf_req_id=679df55c-0315-5b56-d40e-99bc571e2fd9 tf_provider_addr=registry.terraform.io/hashicorp/nios
2026-03-03T16:32:28.276+0530 [DEBUG] sdk.framework: marking computed attribute that is null in the config as unknown: tf_rpc=PlanResourceChange tf_attribute_path="AttributeName(\"external_syslog_backup_servers\")" tf_resource_type=nios_grid_member tf_req_id=679df55c-0315-5b56-d40e-99bc571e2fd9 tf_provider_addr=registry.terraform.io/hashicorp/nios
2026-03-03T16:32:28.276+0530 [DEBUG] sdk.framework: marking computed attribute that is null in the config as unknown: tf_rpc=PlanResourceChange tf_attribute_path="AttributeName(\"node_info\").ElementKeyInt(0).AttributeName(\"lan2_physical_setting\").AttributeName(\"speed\")" tf_resource_type=nios_grid_member tf_req_id=679df55c-0315-5b56-d40e-99bc571e2fd9 tf_provider_addr=registry.terraform.io/hashicorp/nios
2026-03-03T16:32:28.276+0530 [DEBUG] sdk.framework: marking computed attribute that is null in the config as unknown: tf_rpc=PlanResourceChange tf_attribute_path="AttributeName(\"node_info\").ElementKeyInt(0).AttributeName(\"lan2_physical_setting\").AttributeName(\"auto_port_setting_enabled\")" tf_resource_type=nios_grid_member tf_req_id=679df55c-0315-5b56-d40e-99bc571e2fd9 tf_provider_addr=registry.terraform.io/hashicorp/nios
2026-03-03T16:32:28.276+0530 [DEBUG] sdk.framework: marking computed attribute that is null in the config as unknown: tf_attribute_path="AttributeName(\"node_info\").ElementKeyInt(0).AttributeName(\"lan2_physical_setting\").AttributeName(\"duplex\")" tf_resource_type=nios_grid_member tf_req_id=679df55c-0315-5b56-d40e-99bc571e2fd9 tf_provider_addr=registry.terraform.io/hashicorp/nios tf_rpc=PlanResourceChange
2026-03-03T16:32:28.276+0530 [DEBUG] sdk.framework: marking computed attribute that is null in the config as unknown: tf_attribute_path="AttributeName(\"node_info\").ElementKeyInt(0).AttributeName(\"lan2_physical_setting\")" tf_resource_type=nios_grid_member tf_req_id=679df55c-0315-5b56-d40e-99bc571e2fd9 tf_provider_addr=registry.terraform.io/hashicorp/nios tf_rpc=PlanResourceChange
2026-03-03T16:32:28.276+0530 [DEBUG] sdk.framework: marking computed attribute that is null in the config as unknown: tf_attribute_path="AttributeName(\"node_info\").ElementKeyInt(0).AttributeName(\"mgmt_network_setting\")" tf_resource_type=nios_grid_member tf_req_id=679df55c-0315-5b56-d40e-99bc571e2fd9 tf_provider_addr=registry.terraform.io/hashicorp/nios tf_rpc=PlanResourceChange
2026-03-03T16:32:28.276+0530 [DEBUG] sdk.framework: marking computed attribute that is null in the config as unknown: tf_req_id=679df55c-0315-5b56-d40e-99bc571e2fd9 tf_provider_addr=registry.terraform.io/hashicorp/nios tf_rpc=PlanResourceChange tf_attribute_path="AttributeName(\"node_info\").ElementKeyInt(0).AttributeName(\"hwmodel\")" tf_resource_type=nios_grid_member
2026-03-03T16:32:28.276+0530 [DEBUG] sdk.framework: marking computed attribute that is null in the config as unknown: tf_resource_type=nios_grid_member tf_req_id=679df55c-0315-5b56-d40e-99bc571e2fd9 tf_provider_addr=registry.terraform.io/hashicorp/nios tf_rpc=PlanResourceChange tf_attribute_path="AttributeName(\"node_info\").ElementKeyInt(0).AttributeName(\"mgmt_physical_setting\").AttributeName(\"auto_port_setting_enabled\")"
2026-03-03T16:32:28.276+0530 [DEBUG] sdk.framework: marking computed attribute that is null in the config as unknown: tf_provider_addr=registry.terraform.io/hashicorp/nios tf_rpc=PlanResourceChange tf_attribute_path="AttributeName(\"node_info\").ElementKeyInt(0).AttributeName(\"mgmt_physical_setting\").AttributeName(\"duplex\")" tf_resource_type=nios_grid_member tf_req_id=679df55c-0315-5b56-d40e-99bc571e2fd9
2026-03-03T16:32:28.276+0530 [DEBUG] sdk.framework: marking computed attribute that is null in the config as unknown: tf_resource_type=nios_grid_member tf_req_id=679df55c-0315-5b56-d40e-99bc571e2fd9 tf_provider_addr=registry.terraform.io/hashicorp/nios tf_rpc=PlanResourceChange tf_attribute_path="AttributeName(\"node_info\").ElementKeyInt(0).AttributeName(\"mgmt_physical_setting\").AttributeName(\"speed\")"
2026-03-03T16:32:28.276+0530 [DEBUG] sdk.framework: marking computed attribute that is null in the config as unknown: tf_rpc=PlanResourceChange tf_attribute_path="AttributeName(\"node_info\").ElementKeyInt(0).AttributeName(\"mgmt_physical_setting\")" tf_resource_type=nios_grid_member tf_req_id=679df55c-0315-5b56-d40e-99bc571e2fd9 tf_provider_addr=registry.terraform.io/hashicorp/nios
2026-03-03T16:32:28.276+0530 [DEBUG] sdk.framework: marking computed attribute that is null in the config as unknown: tf_attribute_path="AttributeName(\"node_info\").ElementKeyInt(0).AttributeName(\"service_status\")" tf_resource_type=nios_grid_member tf_req_id=679df55c-0315-5b56-d40e-99bc571e2fd9 tf_provider_addr=registry.terraform.io/hashicorp/nios tf_rpc=PlanResourceChange
2026-03-03T16:32:28.276+0530 [DEBUG] sdk.framework: marking computed attribute that is null in the config as unknown: tf_req_id=679df55c-0315-5b56-d40e-99bc571e2fd9 tf_provider_addr=registry.terraform.io/hashicorp/nios tf_rpc=PlanResourceChange tf_attribute_path="AttributeName(\"node_info\").ElementKeyInt(0).AttributeName(\"paid_nios\")" tf_resource_type=nios_grid_member
2026-03-03T16:32:28.276+0530 [DEBUG] sdk.framework: marking computed attribute that is null in the config as unknown: tf_attribute_path="AttributeName(\"node_info\").ElementKeyInt(0).AttributeName(\"host_platform\")" tf_resource_type=nios_grid_member tf_req_id=679df55c-0315-5b56-d40e-99bc571e2fd9 tf_provider_addr=registry.terraform.io/hashicorp/nios tf_rpc=PlanResourceChange
2026-03-03T16:32:28.276+0530 [DEBUG] sdk.framework: marking computed attribute that is null in the config as unknown: tf_rpc=PlanResourceChange tf_attribute_path="AttributeName(\"node_info\").ElementKeyInt(0).AttributeName(\"lan_ha_port_setting\").AttributeName(\"ha_port_setting\").AttributeName(\"duplex\")" tf_resource_type=nios_grid_member tf_req_id=679df55c-0315-5b56-d40e-99bc571e2fd9 tf_provider_addr=registry.terraform.io/hashicorp/nios
2026-03-03T16:32:28.276+0530 [DEBUG] sdk.framework: marking computed attribute that is null in the config as unknown: tf_req_id=679df55c-0315-5b56-d40e-99bc571e2fd9 tf_provider_addr=registry.terraform.io/hashicorp/nios tf_rpc=PlanResourceChange tf_attribute_path="AttributeName(\"node_info\").ElementKeyInt(0).AttributeName(\"lan_ha_port_setting\").AttributeName(\"ha_port_setting\").AttributeName(\"speed\")" tf_resource_type=nios_grid_member
2026-03-03T16:32:28.276+0530 [DEBUG] sdk.framework: marking computed attribute that is null in the config as unknown: tf_attribute_path="AttributeName(\"node_info\").ElementKeyInt(0).AttributeName(\"lan_ha_port_setting\").AttributeName(\"ha_port_setting\").AttributeName(\"auto_port_setting_enabled\")" tf_resource_type=nios_grid_member tf_req_id=679df55c-0315-5b56-d40e-99bc571e2fd9 tf_provider_addr=registry.terraform.io/hashicorp/nios tf_rpc=PlanResourceChange
2026-03-03T16:32:28.276+0530 [DEBUG] sdk.framework: marking computed attribute that is null in the config as unknown: tf_attribute_path="AttributeName(\"node_info\").ElementKeyInt(0).AttributeName(\"lan_ha_port_setting\").AttributeName(\"ha_port_setting\")" tf_resource_type=nios_grid_member tf_req_id=679df55c-0315-5b56-d40e-99bc571e2fd9 tf_provider_addr=registry.terraform.io/hashicorp/nios tf_rpc=PlanResourceChange
2026-03-03T16:32:28.276+0530 [DEBUG] sdk.framework: marking computed attribute that is null in the config as unknown: tf_resource_type=nios_grid_member tf_req_id=679df55c-0315-5b56-d40e-99bc571e2fd9 tf_provider_addr=registry.terraform.io/hashicorp/nios tf_rpc=PlanResourceChange tf_attribute_path="AttributeName(\"node_info\").ElementKeyInt(0).AttributeName(\"lan_ha_port_setting\").AttributeName(\"lan_port_setting\").AttributeName(\"speed\")"
2026-03-03T16:32:28.276+0530 [DEBUG] sdk.framework: marking computed attribute that is null in the config as unknown: tf_rpc=PlanResourceChange tf_attribute_path="AttributeName(\"node_info\").ElementKeyInt(0).AttributeName(\"lan_ha_port_setting\").AttributeName(\"lan_port_setting\").AttributeName(\"auto_port_setting_enabled\")" tf_resource_type=nios_grid_member tf_req_id=679df55c-0315-5b56-d40e-99bc571e2fd9 tf_provider_addr=registry.terraform.io/hashicorp/nios
2026-03-03T16:32:28.276+0530 [DEBUG] sdk.framework: marking computed attribute that is null in the config as unknown: tf_attribute_path="AttributeName(\"node_info\").ElementKeyInt(0).AttributeName(\"lan_ha_port_setting\").AttributeName(\"lan_port_setting\").AttributeName(\"duplex\")" tf_resource_type=nios_grid_member tf_req_id=679df55c-0315-5b56-d40e-99bc571e2fd9 tf_provider_addr=registry.terraform.io/hashicorp/nios tf_rpc=PlanResourceChange
2026-03-03T16:32:28.276+0530 [DEBUG] sdk.framework: marking computed attribute that is null in the config as unknown: tf_attribute_path="AttributeName(\"node_info\").ElementKeyInt(0).AttributeName(\"lan_ha_port_setting\").AttributeName(\"lan_port_setting\")" tf_resource_type=nios_grid_member tf_req_id=679df55c-0315-5b56-d40e-99bc571e2fd9 tf_provider_addr=registry.terraform.io/hashicorp/nios tf_rpc=PlanResourceChange
2026-03-03T16:32:28.276+0530 [DEBUG] sdk.framework: marking computed attribute that is null in the config as unknown: tf_resource_type=nios_grid_member tf_req_id=679df55c-0315-5b56-d40e-99bc571e2fd9 tf_provider_addr=registry.terraform.io/hashicorp/nios tf_rpc=PlanResourceChange tf_attribute_path="AttributeName(\"node_info\").ElementKeyInt(0).AttributeName(\"lan_ha_port_setting\").AttributeName(\"mgmt_ipv6addr\")"
2026-03-03T16:32:28.276+0530 [DEBUG] sdk.framework: marking computed attribute that is null in the config as unknown: tf_attribute_path="AttributeName(\"node_info\").ElementKeyInt(0).AttributeName(\"lan_ha_port_setting\").AttributeName(\"mgmt_lan\")" tf_resource_type=nios_grid_member tf_req_id=679df55c-0315-5b56-d40e-99bc571e2fd9 tf_provider_addr=registry.terraform.io/hashicorp/nios tf_rpc=PlanResourceChange
2026-03-03T16:32:28.276+0530 [DEBUG] sdk.framework: marking computed attribute that is null in the config as unknown: tf_rpc=PlanResourceChange tf_attribute_path="AttributeName(\"node_info\").ElementKeyInt(0).AttributeName(\"lan_ha_port_setting\").AttributeName(\"ha_ip_address\")" tf_resource_type=nios_grid_member tf_req_id=679df55c-0315-5b56-d40e-99bc571e2fd9 tf_provider_addr=registry.terraform.io/hashicorp/nios
2026-03-03T16:32:28.276+0530 [DEBUG] sdk.framework: marking computed attribute that is null in the config as unknown: tf_rpc=PlanResourceChange tf_attribute_path="AttributeName(\"node_info\").ElementKeyInt(0).AttributeName(\"lan_ha_port_setting\")" tf_resource_type=nios_grid_member tf_req_id=679df55c-0315-5b56-d40e-99bc571e2fd9 tf_provider_addr=registry.terraform.io/hashicorp/nios
2026-03-03T16:32:28.276+0530 [DEBUG] sdk.framework: marking computed attribute that is null in the config as unknown: tf_attribute_path="AttributeName(\"node_info\").ElementKeyInt(0).AttributeName(\"physical_oid\")" tf_resource_type=nios_grid_member tf_req_id=679df55c-0315-5b56-d40e-99bc571e2fd9 tf_provider_addr=registry.terraform.io/hashicorp/nios tf_rpc=PlanResourceChange
2026-03-03T16:32:28.276+0530 [DEBUG] sdk.framework: marking computed attribute that is null in the config as unknown: tf_req_id=679df55c-0315-5b56-d40e-99bc571e2fd9 tf_provider_addr=registry.terraform.io/hashicorp/nios tf_rpc=PlanResourceChange tf_attribute_path="AttributeName(\"node_info\").ElementKeyInt(0).AttributeName(\"nat_external_ip\")" tf_resource_type=nios_grid_member
2026-03-03T16:32:28.276+0530 [DEBUG] sdk.framework: marking computed attribute that is null in the config as unknown: tf_resource_type=nios_grid_member tf_req_id=679df55c-0315-5b56-d40e-99bc571e2fd9 tf_provider_addr=registry.terraform.io/hashicorp/nios tf_rpc=PlanResourceChange tf_attribute_path="AttributeName(\"node_info\").ElementKeyInt(0).AttributeName(\"hwtype\")"
2026-03-03T16:32:28.276+0530 [DEBUG] sdk.framework: marking computed attribute that is null in the config as unknown: tf_provider_addr=registry.terraform.io/hashicorp/nios tf_rpc=PlanResourceChange tf_attribute_path="AttributeName(\"node_info\").ElementKeyInt(0).AttributeName(\"v6_mgmt_network_setting\").AttributeName(\"cidr_prefix\")" tf_resource_type=nios_grid_member tf_req_id=679df55c-0315-5b56-d40e-99bc571e2fd9
2026-03-03T16:32:28.276+0530 [DEBUG] sdk.framework: marking computed attribute that is null in the config as unknown: tf_rpc=PlanResourceChange tf_attribute_path="AttributeName(\"node_info\").ElementKeyInt(0).AttributeName(\"v6_mgmt_network_setting\").AttributeName(\"virtual_ip\")" tf_resource_type=nios_grid_member tf_req_id=679df55c-0315-5b56-d40e-99bc571e2fd9 tf_provider_addr=registry.terraform.io/hashicorp/nios
2026-03-03T16:32:28.276+0530 [DEBUG] sdk.framework: marking computed attribute that is null in the config as unknown: tf_req_id=679df55c-0315-5b56-d40e-99bc571e2fd9 tf_provider_addr=registry.terraform.io/hashicorp/nios tf_rpc=PlanResourceChange tf_attribute_path="AttributeName(\"node_info\").ElementKeyInt(0).AttributeName(\"v6_mgmt_network_setting\").AttributeName(\"gateway\")" tf_resource_type=nios_grid_member
2026-03-03T16:32:28.276+0530 [DEBUG] sdk.framework: marking computed attribute that is null in the config as unknown: tf_rpc=PlanResourceChange tf_attribute_path="AttributeName(\"node_info\").ElementKeyInt(0).AttributeName(\"v6_mgmt_network_setting\").AttributeName(\"primary\")" tf_resource_type=nios_grid_member tf_req_id=679df55c-0315-5b56-d40e-99bc571e2fd9 tf_provider_addr=registry.terraform.io/hashicorp/nios
2026-03-03T16:32:28.276+0530 [DEBUG] sdk.framework: marking computed attribute that is null in the config as unknown: tf_resource_type=nios_grid_member tf_req_id=679df55c-0315-5b56-d40e-99bc571e2fd9 tf_provider_addr=registry.terraform.io/hashicorp/nios tf_rpc=PlanResourceChange tf_attribute_path="AttributeName(\"node_info\").ElementKeyInt(0).AttributeName(\"v6_mgmt_network_setting\").AttributeName(\"enabled\")"
2026-03-03T16:32:28.276+0530 [DEBUG] sdk.framework: marking computed attribute that is null in the config as unknown: tf_rpc=PlanResourceChange tf_attribute_path="AttributeName(\"node_info\").ElementKeyInt(0).AttributeName(\"v6_mgmt_network_setting\").AttributeName(\"vlan_id\")" tf_resource_type=nios_grid_member tf_req_id=679df55c-0315-5b56-d40e-99bc571e2fd9 tf_provider_addr=registry.terraform.io/hashicorp/nios
2026-03-03T16:32:28.276+0530 [DEBUG] sdk.framework: marking computed attribute that is null in the config as unknown: tf_resource_type=nios_grid_member tf_req_id=679df55c-0315-5b56-d40e-99bc571e2fd9 tf_provider_addr=registry.terraform.io/hashicorp/nios tf_rpc=PlanResourceChange tf_attribute_path="AttributeName(\"node_info\").ElementKeyInt(0).AttributeName(\"v6_mgmt_network_setting\").AttributeName(\"dscp\")"
2026-03-03T16:32:28.276+0530 [DEBUG] sdk.framework: marking computed attribute that is null in the config as unknown: tf_resource_type=nios_grid_member tf_req_id=679df55c-0315-5b56-d40e-99bc571e2fd9 tf_provider_addr=registry.terraform.io/hashicorp/nios tf_rpc=PlanResourceChange tf_attribute_path="AttributeName(\"node_info\").ElementKeyInt(0).AttributeName(\"v6_mgmt_network_setting\").AttributeName(\"auto_router_config_enabled\")"
2026-03-03T16:32:28.276+0530 [DEBUG] sdk.framework: marking computed attribute that is null in the config as unknown: tf_provider_addr=registry.terraform.io/hashicorp/nios tf_rpc=PlanResourceChange tf_attribute_path="AttributeName(\"node_info\").ElementKeyInt(0).AttributeName(\"v6_mgmt_network_setting\").AttributeName(\"use_dscp\")" tf_resource_type=nios_grid_member tf_req_id=679df55c-0315-5b56-d40e-99bc571e2fd9
2026-03-03T16:32:28.276+0530 [DEBUG] sdk.framework: marking computed attribute that is null in the config as unknown: tf_req_id=679df55c-0315-5b56-d40e-99bc571e2fd9 tf_provider_addr=registry.terraform.io/hashicorp/nios tf_rpc=PlanResourceChange tf_attribute_path="AttributeName(\"node_info\").ElementKeyInt(0).AttributeName(\"v6_mgmt_network_setting\")" tf_resource_type=nios_grid_member
2026-03-03T16:32:28.276+0530 [DEBUG] sdk.framework: marking computed attribute that is null in the config as unknown: tf_provider_addr=registry.terraform.io/hashicorp/nios tf_rpc=PlanResourceChange tf_attribute_path="AttributeName(\"node_info\").ElementKeyInt(0).AttributeName(\"hypervisor\")" tf_resource_type=nios_grid_member tf_req_id=679df55c-0315-5b56-d40e-99bc571e2fd9
2026-03-03T16:32:28.276+0530 [DEBUG] sdk.framework: marking computed attribute that is null in the config as unknown: tf_provider_addr=registry.terraform.io/hashicorp/nios tf_rpc=PlanResourceChange tf_attribute_path="AttributeName(\"node_info\").ElementKeyInt(0).AttributeName(\"hwid\")" tf_resource_type=nios_grid_member tf_req_id=679df55c-0315-5b56-d40e-99bc571e2fd9
2026-03-03T16:32:28.276+0530 [DEBUG] sdk.framework: marking computed attribute that is null in the config as unknown: tf_req_id=679df55c-0315-5b56-d40e-99bc571e2fd9 tf_provider_addr=registry.terraform.io/hashicorp/nios tf_rpc=PlanResourceChange tf_attribute_path="AttributeName(\"node_info\").ElementKeyInt(0).AttributeName(\"ha_status\")" tf_resource_type=nios_grid_member
2026-03-03T16:32:28.276+0530 [DEBUG] sdk.framework: marking computed attribute that is null in the config as unknown: tf_req_id=679df55c-0315-5b56-d40e-99bc571e2fd9 tf_provider_addr=registry.terraform.io/hashicorp/nios tf_rpc=PlanResourceChange tf_attribute_path="AttributeName(\"node_info\")" tf_resource_type=nios_grid_member
2026-03-03T16:32:28.276+0530 [DEBUG] sdk.framework: marking computed attribute that is null in the config as unknown: tf_rpc=PlanResourceChange tf_attribute_path="AttributeName(\"ref\")" tf_resource_type=nios_grid_member tf_req_id=679df55c-0315-5b56-d40e-99bc571e2fd9 tf_provider_addr=registry.terraform.io/hashicorp/nios
2026-03-03T16:32:28.276+0530 [DEBUG] sdk.framework: marking computed attribute that is null in the config as unknown: tf_provider_addr=registry.terraform.io/hashicorp/nios tf_rpc=PlanResourceChange tf_attribute_path="AttributeName(\"mgmt_port_setting\")" tf_resource_type=nios_grid_member tf_req_id=679df55c-0315-5b56-d40e-99bc571e2fd9
2026-03-03T16:32:28.276+0530 [DEBUG] sdk.framework: marking computed attribute that is null in the config as unknown: tf_provider_addr=registry.terraform.io/hashicorp/nios tf_rpc=PlanResourceChange tf_attribute_path="AttributeName(\"traffic_capture_chr_setting\")" tf_resource_type=nios_grid_member tf_req_id=679df55c-0315-5b56-d40e-99bc571e2fd9
2026-03-03T16:32:28.276+0530 [DEBUG] sdk.framework: marking computed attribute that is null in the config as unknown: tf_resource_type=nios_grid_member tf_req_id=679df55c-0315-5b56-d40e-99bc571e2fd9 tf_provider_addr=registry.terraform.io/hashicorp/nios tf_rpc=PlanResourceChange tf_attribute_path="AttributeName(\"snmp_setting\").AttributeName(\"queries_community_string\")"
2026-03-03T16:32:28.276+0530 [DEBUG] sdk.framework: marking computed attribute that is null in the config as unknown: tf_req_id=679df55c-0315-5b56-d40e-99bc571e2fd9 tf_provider_addr=registry.terraform.io/hashicorp/nios tf_rpc=PlanResourceChange tf_attribute_path="AttributeName(\"snmp_setting\").AttributeName(\"trap_receivers\")" tf_resource_type=nios_grid_member
2026-03-03T16:32:28.276+0530 [DEBUG] sdk.framework: marking computed attribute that is null in the config as unknown: tf_req_id=679df55c-0315-5b56-d40e-99bc571e2fd9 tf_provider_addr=registry.terraform.io/hashicorp/nios tf_rpc=PlanResourceChange tf_attribute_path="AttributeName(\"snmp_setting\").AttributeName(\"syscontact\")" tf_resource_type=nios_grid_member
2026-03-03T16:32:28.276+0530 [DEBUG] sdk.framework: marking computed attribute that is null in the config as unknown: tf_provider_addr=registry.terraform.io/hashicorp/nios tf_rpc=PlanResourceChange tf_attribute_path="AttributeName(\"snmp_setting\").AttributeName(\"sysdescr\")" tf_resource_type=nios_grid_member tf_req_id=679df55c-0315-5b56-d40e-99bc571e2fd9
2026-03-03T16:32:28.276+0530 [DEBUG] sdk.framework: marking computed attribute that is null in the config as unknown: tf_provider_addr=registry.terraform.io/hashicorp/nios tf_rpc=PlanResourceChange tf_attribute_path="AttributeName(\"snmp_setting\").AttributeName(\"traps_community_string\")" tf_resource_type=nios_grid_member tf_req_id=679df55c-0315-5b56-d40e-99bc571e2fd9
2026-03-03T16:32:28.276+0530 [DEBUG] sdk.framework: marking computed attribute that is null in the config as unknown: tf_req_id=679df55c-0315-5b56-d40e-99bc571e2fd9 tf_provider_addr=registry.terraform.io/hashicorp/nios tf_rpc=PlanResourceChange tf_attribute_path="AttributeName(\"snmp_setting\").AttributeName(\"sysname\")" tf_resource_type=nios_grid_member
2026-03-03T16:32:28.276+0530 [DEBUG] sdk.framework: marking computed attribute that is null in the config as unknown: tf_resource_type=nios_grid_member tf_req_id=679df55c-0315-5b56-d40e-99bc571e2fd9 tf_provider_addr=registry.terraform.io/hashicorp/nios tf_rpc=PlanResourceChange tf_attribute_path="AttributeName(\"snmp_setting\").AttributeName(\"syslocation\")"
2026-03-03T16:32:28.276+0530 [DEBUG] sdk.framework: marking computed attribute that is null in the config as unknown: tf_provider_addr=registry.terraform.io/hashicorp/nios tf_rpc=PlanResourceChange tf_attribute_path="AttributeName(\"snmp_setting\").AttributeName(\"engine_id\")" tf_resource_type=nios_grid_member tf_req_id=679df55c-0315-5b56-d40e-99bc571e2fd9
2026-03-03T16:32:28.276+0530 [DEBUG] sdk.framework: marking computed attribute that is null in the config as unknown: tf_provider_addr=registry.terraform.io/hashicorp/nios tf_rpc=PlanResourceChange tf_attribute_path="AttributeName(\"snmp_setting\").AttributeName(\"snmpv3_queries_users\")" tf_resource_type=nios_grid_member tf_req_id=679df55c-0315-5b56-d40e-99bc571e2fd9
2026-03-03T16:32:28.276+0530 [DEBUG] sdk.framework: marking computed attribute that is null in the config as unknown: tf_rpc=PlanResourceChange tf_attribute_path="AttributeName(\"email_setting\").AttributeName(\"address\")" tf_resource_type=nios_grid_member tf_req_id=679df55c-0315-5b56-d40e-99bc571e2fd9 tf_provider_addr=registry.terraform.io/hashicorp/nios
2026-03-03T16:32:28.276+0530 [DEBUG] sdk.framework: marking computed attribute that is null in the config as unknown: tf_provider_addr=registry.terraform.io/hashicorp/nios tf_rpc=PlanResourceChange tf_attribute_path="AttributeName(\"email_setting\").AttributeName(\"relay\")" tf_resource_type=nios_grid_member tf_req_id=679df55c-0315-5b56-d40e-99bc571e2fd9
2026-03-03T16:32:28.276+0530 [DEBUG] sdk.framework: marking computed attribute that is null in the config as unknown: tf_req_id=679df55c-0315-5b56-d40e-99bc571e2fd9 tf_provider_addr=registry.terraform.io/hashicorp/nios tf_rpc=PlanResourceChange tf_attribute_path="AttributeName(\"email_setting\").AttributeName(\"password\")" tf_resource_type=nios_grid_member
2026-03-03T16:32:28.276+0530 [DEBUG] sdk.framework: marking computed attribute that is null in the config as unknown: tf_attribute_path="AttributeName(\"email_setting\").AttributeName(\"from_address\")" tf_resource_type=nios_grid_member tf_req_id=679df55c-0315-5b56-d40e-99bc571e2fd9 tf_provider_addr=registry.terraform.io/hashicorp/nios tf_rpc=PlanResourceChange
2026-03-03T16:32:28.276+0530 [DEBUG] sdk.framework: marking computed attribute that is null in the config as unknown: tf_provider_addr=registry.terraform.io/hashicorp/nios tf_rpc=PlanResourceChange tf_attribute_path="AttributeName(\"email_setting\")" tf_resource_type=nios_grid_member tf_req_id=679df55c-0315-5b56-d40e-99bc571e2fd9
2026-03-03T16:32:28.276+0530 [DEBUG] sdk.framework: marking computed attribute that is null in the config as unknown: tf_req_id=679df55c-0315-5b56-d40e-99bc571e2fd9 tf_provider_addr=registry.terraform.io/hashicorp/nios tf_rpc=PlanResourceChange tf_attribute_path="AttributeName(\"threshold_traps\").ElementKeyInt(0).AttributeName(\"trap_trigger\")" tf_resource_type=nios_grid_member
2026-03-03T16:32:28.276+0530 [DEBUG] sdk.framework: marking computed attribute that is null in the config as unknown: tf_attribute_path="AttributeName(\"threshold_traps\").ElementKeyInt(0).AttributeName(\"trap_type\")" tf_resource_type=nios_grid_member tf_req_id=679df55c-0315-5b56-d40e-99bc571e2fd9 tf_provider_addr=registry.terraform.io/hashicorp/nios tf_rpc=PlanResourceChange
2026-03-03T16:32:28.276+0530 [DEBUG] sdk.framework: marking computed attribute that is null in the config as unknown: tf_provider_addr=registry.terraform.io/hashicorp/nios tf_rpc=PlanResourceChange tf_attribute_path="AttributeName(\"threshold_traps\").ElementKeyInt(0).AttributeName(\"trap_reset\")" tf_resource_type=nios_grid_member tf_req_id=679df55c-0315-5b56-d40e-99bc571e2fd9
2026-03-03T16:32:28.276+0530 [DEBUG] sdk.framework: marking computed attribute that is null in the config as unknown: tf_req_id=679df55c-0315-5b56-d40e-99bc571e2fd9 tf_provider_addr=registry.terraform.io/hashicorp/nios tf_rpc=PlanResourceChange tf_attribute_path="AttributeName(\"threshold_traps\").ElementKeyInt(1).AttributeName(\"trap_type\")" tf_resource_type=nios_grid_member
2026-03-03T16:32:28.276+0530 [DEBUG] sdk.framework: marking computed attribute that is null in the config as unknown: tf_req_id=679df55c-0315-5b56-d40e-99bc571e2fd9 tf_provider_addr=registry.terraform.io/hashicorp/nios tf_rpc=PlanResourceChange tf_attribute_path="AttributeName(\"threshold_traps\").ElementKeyInt(1).AttributeName(\"trap_reset\")" tf_resource_type=nios_grid_member
2026-03-03T16:32:28.276+0530 [DEBUG] sdk.framework: marking computed attribute that is null in the config as unknown: tf_provider_addr=registry.terraform.io/hashicorp/nios tf_rpc=PlanResourceChange tf_attribute_path="AttributeName(\"threshold_traps\").ElementKeyInt(1).AttributeName(\"trap_trigger\")" tf_resource_type=nios_grid_member tf_req_id=679df55c-0315-5b56-d40e-99bc571e2fd9
2026-03-03T16:32:28.277+0530 [DEBUG] sdk.framework: marking computed attribute that is null in the config as unknown: tf_provider_addr=registry.terraform.io/hashicorp/nios tf_rpc=PlanResourceChange tf_attribute_path="AttributeName(\"threshold_traps\").ElementKeyInt(2).AttributeName(\"trap_reset\")" tf_resource_type=nios_grid_member tf_req_id=679df55c-0315-5b56-d40e-99bc571e2fd9
2026-03-03T16:32:28.277+0530 [DEBUG] sdk.framework: marking computed attribute that is null in the config as unknown: tf_attribute_path="AttributeName(\"threshold_traps\").ElementKeyInt(2).AttributeName(\"trap_trigger\")" tf_resource_type=nios_grid_member tf_req_id=679df55c-0315-5b56-d40e-99bc571e2fd9 tf_provider_addr=registry.terraform.io/hashicorp/nios tf_rpc=PlanResourceChange
2026-03-03T16:32:28.277+0530 [DEBUG] sdk.framework: marking computed attribute that is null in the config as unknown: tf_resource_type=nios_grid_member tf_req_id=679df55c-0315-5b56-d40e-99bc571e2fd9 tf_provider_addr=registry.terraform.io/hashicorp/nios tf_rpc=PlanResourceChange tf_attribute_path="AttributeName(\"threshold_traps\").ElementKeyInt(2).AttributeName(\"trap_type\")"
2026-03-03T16:32:28.277+0530 [DEBUG] sdk.framework: marking computed attribute that is null in the config as unknown: tf_rpc=PlanResourceChange tf_attribute_path="AttributeName(\"threshold_traps\").ElementKeyInt(3).AttributeName(\"trap_reset\")" tf_resource_type=nios_grid_member tf_req_id=679df55c-0315-5b56-d40e-99bc571e2fd9 tf_provider_addr=registry.terraform.io/hashicorp/nios
2026-03-03T16:32:28.277+0530 [DEBUG] sdk.framework: marking computed attribute that is null in the config as unknown: tf_attribute_path="AttributeName(\"threshold_traps\").ElementKeyInt(3).AttributeName(\"trap_trigger\")" tf_resource_type=nios_grid_member tf_req_id=679df55c-0315-5b56-d40e-99bc571e2fd9 tf_provider_addr=registry.terraform.io/hashicorp/nios tf_rpc=PlanResourceChange
2026-03-03T16:32:28.277+0530 [DEBUG] sdk.framework: marking computed attribute that is null in the config as unknown: tf_resource_type=nios_grid_member tf_req_id=679df55c-0315-5b56-d40e-99bc571e2fd9 tf_provider_addr=registry.terraform.io/hashicorp/nios tf_rpc=PlanResourceChange tf_attribute_path="AttributeName(\"threshold_traps\").ElementKeyInt(3).AttributeName(\"trap_type\")"
2026-03-03T16:32:28.277+0530 [DEBUG] sdk.framework: marking computed attribute that is null in the config as unknown: tf_resource_type=nios_grid_member tf_req_id=679df55c-0315-5b56-d40e-99bc571e2fd9 tf_provider_addr=registry.terraform.io/hashicorp/nios tf_rpc=PlanResourceChange tf_attribute_path="AttributeName(\"threshold_traps\").ElementKeyInt(4).AttributeName(\"trap_trigger\")"
2026-03-03T16:32:28.277+0530 [DEBUG] sdk.framework: marking computed attribute that is null in the config as unknown: tf_resource_type=nios_grid_member tf_req_id=679df55c-0315-5b56-d40e-99bc571e2fd9 tf_provider_addr=registry.terraform.io/hashicorp/nios tf_rpc=PlanResourceChange tf_attribute_path="AttributeName(\"threshold_traps\").ElementKeyInt(4).AttributeName(\"trap_type\")"
2026-03-03T16:32:28.277+0530 [DEBUG] sdk.framework: marking computed attribute that is null in the config as unknown: tf_rpc=PlanResourceChange tf_attribute_path="AttributeName(\"threshold_traps\").ElementKeyInt(4).AttributeName(\"trap_reset\")" tf_resource_type=nios_grid_member tf_req_id=679df55c-0315-5b56-d40e-99bc571e2fd9 tf_provider_addr=registry.terraform.io/hashicorp/nios
2026-03-03T16:32:28.277+0530 [DEBUG] sdk.framework: marking computed attribute that is null in the config as unknown: tf_resource_type=nios_grid_member tf_req_id=679df55c-0315-5b56-d40e-99bc571e2fd9 tf_provider_addr=registry.terraform.io/hashicorp/nios tf_rpc=PlanResourceChange tf_attribute_path="AttributeName(\"threshold_traps\").ElementKeyInt(5).AttributeName(\"trap_type\")"
2026-03-03T16:32:28.277+0530 [DEBUG] sdk.framework: marking computed attribute that is null in the config as unknown: tf_rpc=PlanResourceChange tf_attribute_path="AttributeName(\"threshold_traps\").ElementKeyInt(5).AttributeName(\"trap_reset\")" tf_resource_type=nios_grid_member tf_req_id=679df55c-0315-5b56-d40e-99bc571e2fd9 tf_provider_addr=registry.terraform.io/hashicorp/nios
2026-03-03T16:32:28.277+0530 [DEBUG] sdk.framework: marking computed attribute that is null in the config as unknown: tf_rpc=PlanResourceChange tf_attribute_path="AttributeName(\"threshold_traps\").ElementKeyInt(5).AttributeName(\"trap_trigger\")" tf_resource_type=nios_grid_member tf_req_id=679df55c-0315-5b56-d40e-99bc571e2fd9 tf_provider_addr=registry.terraform.io/hashicorp/nios
2026-03-03T16:32:28.277+0530 [DEBUG] sdk.framework: marking computed attribute that is null in the config as unknown: tf_req_id=679df55c-0315-5b56-d40e-99bc571e2fd9 tf_provider_addr=registry.terraform.io/hashicorp/nios tf_rpc=PlanResourceChange tf_attribute_path="AttributeName(\"threshold_traps\").ElementKeyInt(6).AttributeName(\"trap_reset\")" tf_resource_type=nios_grid_member
2026-03-03T16:32:28.277+0530 [DEBUG] sdk.framework: marking computed attribute that is null in the config as unknown: tf_attribute_path="AttributeName(\"threshold_traps\").ElementKeyInt(6).AttributeName(\"trap_trigger\")" tf_resource_type=nios_grid_member tf_req_id=679df55c-0315-5b56-d40e-99bc571e2fd9 tf_provider_addr=registry.terraform.io/hashicorp/nios tf_rpc=PlanResourceChange
2026-03-03T16:32:28.277+0530 [DEBUG] sdk.framework: marking computed attribute that is null in the config as unknown: tf_provider_addr=registry.terraform.io/hashicorp/nios tf_rpc=PlanResourceChange tf_attribute_path="AttributeName(\"threshold_traps\").ElementKeyInt(6).AttributeName(\"trap_type\")" tf_resource_type=nios_grid_member tf_req_id=679df55c-0315-5b56-d40e-99bc571e2fd9
2026-03-03T16:32:28.277+0530 [DEBUG] sdk.framework: marking computed attribute that is null in the config as unknown: tf_req_id=679df55c-0315-5b56-d40e-99bc571e2fd9 tf_provider_addr=registry.terraform.io/hashicorp/nios tf_rpc=PlanResourceChange tf_attribute_path="AttributeName(\"threshold_traps\").ElementKeyInt(7).AttributeName(\"trap_trigger\")" tf_resource_type=nios_grid_member
2026-03-03T16:32:28.277+0530 [DEBUG] sdk.framework: marking computed attribute that is null in the config as unknown: tf_attribute_path="AttributeName(\"threshold_traps\").ElementKeyInt(7).AttributeName(\"trap_type\")" tf_resource_type=nios_grid_member tf_req_id=679df55c-0315-5b56-d40e-99bc571e2fd9 tf_provider_addr=registry.terraform.io/hashicorp/nios tf_rpc=PlanResourceChange
2026-03-03T16:32:28.277+0530 [DEBUG] sdk.framework: marking computed attribute that is null in the config as unknown: tf_provider_addr=registry.terraform.io/hashicorp/nios tf_rpc=PlanResourceChange tf_attribute_path="AttributeName(\"threshold_traps\").ElementKeyInt(7).AttributeName(\"trap_reset\")" tf_resource_type=nios_grid_member tf_req_id=679df55c-0315-5b56-d40e-99bc571e2fd9
2026-03-03T16:32:28.277+0530 [DEBUG] sdk.framework: marking computed attribute that is null in the config as unknown: tf_resource_type=nios_grid_member tf_req_id=679df55c-0315-5b56-d40e-99bc571e2fd9 tf_provider_addr=registry.terraform.io/hashicorp/nios tf_rpc=PlanResourceChange tf_attribute_path="AttributeName(\"threshold_traps\").ElementKeyInt(8).AttributeName(\"trap_trigger\")"
2026-03-03T16:32:28.277+0530 [DEBUG] sdk.framework: marking computed attribute that is null in the config as unknown: tf_provider_addr=registry.terraform.io/hashicorp/nios tf_rpc=PlanResourceChange tf_attribute_path="AttributeName(\"threshold_traps\").ElementKeyInt(8).AttributeName(\"trap_type\")" tf_resource_type=nios_grid_member tf_req_id=679df55c-0315-5b56-d40e-99bc571e2fd9
2026-03-03T16:32:28.277+0530 [DEBUG] sdk.framework: marking computed attribute that is null in the config as unknown: tf_provider_addr=registry.terraform.io/hashicorp/nios tf_rpc=PlanResourceChange tf_attribute_path="AttributeName(\"threshold_traps\").ElementKeyInt(8).AttributeName(\"trap_reset\")" tf_resource_type=nios_grid_member tf_req_id=679df55c-0315-5b56-d40e-99bc571e2fd9
2026-03-03T16:32:28.277+0530 [DEBUG] sdk.framework: marking computed attribute that is null in the config as unknown: tf_provider_addr=registry.terraform.io/hashicorp/nios tf_rpc=PlanResourceChange tf_attribute_path="AttributeName(\"threshold_traps\").ElementKeyInt(9).AttributeName(\"trap_trigger\")" tf_resource_type=nios_grid_member tf_req_id=679df55c-0315-5b56-d40e-99bc571e2fd9
2026-03-03T16:32:28.277+0530 [DEBUG] sdk.framework: marking computed attribute that is null in the config as unknown: tf_req_id=679df55c-0315-5b56-d40e-99bc571e2fd9 tf_provider_addr=registry.terraform.io/hashicorp/nios tf_rpc=PlanResourceChange tf_attribute_path="AttributeName(\"threshold_traps\").ElementKeyInt(9).AttributeName(\"trap_type\")" tf_resource_type=nios_grid_member
2026-03-03T16:32:28.277+0530 [DEBUG] sdk.framework: marking computed attribute that is null in the config as unknown: tf_resource_type=nios_grid_member tf_req_id=679df55c-0315-5b56-d40e-99bc571e2fd9 tf_provider_addr=registry.terraform.io/hashicorp/nios tf_rpc=PlanResourceChange tf_attribute_path="AttributeName(\"threshold_traps\").ElementKeyInt(9).AttributeName(\"trap_reset\")"
2026-03-03T16:32:28.277+0530 [DEBUG] sdk.framework: marking computed attribute that is null in the config as unknown: tf_rpc=PlanResourceChange tf_attribute_path="AttributeName(\"threshold_traps\").ElementKeyInt(10).AttributeName(\"trap_trigger\")" tf_resource_type=nios_grid_member tf_req_id=679df55c-0315-5b56-d40e-99bc571e2fd9 tf_provider_addr=registry.terraform.io/hashicorp/nios
2026-03-03T16:32:28.277+0530 [DEBUG] sdk.framework: marking computed attribute that is null in the config as unknown: tf_req_id=679df55c-0315-5b56-d40e-99bc571e2fd9 tf_provider_addr=registry.terraform.io/hashicorp/nios tf_rpc=PlanResourceChange tf_attribute_path="AttributeName(\"threshold_traps\").ElementKeyInt(10).AttributeName(\"trap_type\")" tf_resource_type=nios_grid_member
2026-03-03T16:32:28.277+0530 [DEBUG] sdk.framework: marking computed attribute that is null in the config as unknown: tf_provider_addr=registry.terraform.io/hashicorp/nios tf_rpc=PlanResourceChange tf_attribute_path="AttributeName(\"threshold_traps\").ElementKeyInt(10).AttributeName(\"trap_reset\")" tf_resource_type=nios_grid_member tf_req_id=679df55c-0315-5b56-d40e-99bc571e2fd9
2026-03-03T16:32:28.277+0530 [DEBUG] sdk.framework: marking computed attribute that is null in the config as unknown: tf_req_id=679df55c-0315-5b56-d40e-99bc571e2fd9 tf_provider_addr=registry.terraform.io/hashicorp/nios tf_rpc=PlanResourceChange tf_attribute_path="AttributeName(\"threshold_traps\").ElementKeyInt(11).AttributeName(\"trap_trigger\")" tf_resource_type=nios_grid_member
2026-03-03T16:32:28.277+0530 [DEBUG] sdk.framework: marking computed attribute that is null in the config as unknown: tf_attribute_path="AttributeName(\"threshold_traps\").ElementKeyInt(11).AttributeName(\"trap_type\")" tf_resource_type=nios_grid_member tf_req_id=679df55c-0315-5b56-d40e-99bc571e2fd9 tf_provider_addr=registry.terraform.io/hashicorp/nios tf_rpc=PlanResourceChange
2026-03-03T16:32:28.277+0530 [DEBUG] sdk.framework: marking computed attribute that is null in the config as unknown: tf_req_id=679df55c-0315-5b56-d40e-99bc571e2fd9 tf_provider_addr=registry.terraform.io/hashicorp/nios tf_rpc=PlanResourceChange tf_attribute_path="AttributeName(\"threshold_traps\").ElementKeyInt(11).AttributeName(\"trap_reset\")" tf_resource_type=nios_grid_member
2026-03-03T16:32:28.277+0530 [DEBUG] sdk.framework: marking computed attribute that is null in the config as unknown: tf_provider_addr=registry.terraform.io/hashicorp/nios tf_rpc=PlanResourceChange tf_attribute_path="AttributeName(\"threshold_traps\").ElementKeyInt(12).AttributeName(\"trap_trigger\")" tf_resource_type=nios_grid_member tf_req_id=679df55c-0315-5b56-d40e-99bc571e2fd9
2026-03-03T16:32:28.277+0530 [DEBUG] sdk.framework: marking computed attribute that is null in the config as unknown: tf_attribute_path="AttributeName(\"threshold_traps\").ElementKeyInt(12).AttributeName(\"trap_type\")" tf_resource_type=nios_grid_member tf_req_id=679df55c-0315-5b56-d40e-99bc571e2fd9 tf_provider_addr=registry.terraform.io/hashicorp/nios tf_rpc=PlanResourceChange
2026-03-03T16:32:28.277+0530 [DEBUG] sdk.framework: marking computed attribute that is null in the config as unknown: tf_req_id=679df55c-0315-5b56-d40e-99bc571e2fd9 tf_provider_addr=registry.terraform.io/hashicorp/nios tf_rpc=PlanResourceChange tf_attribute_path="AttributeName(\"threshold_traps\").ElementKeyInt(12).AttributeName(\"trap_reset\")" tf_resource_type=nios_grid_member
2026-03-03T16:32:28.277+0530 [DEBUG] sdk.framework: marking computed attribute that is null in the config as unknown: tf_attribute_path="AttributeName(\"threshold_traps\").ElementKeyInt(13).AttributeName(\"trap_trigger\")" tf_resource_type=nios_grid_member tf_req_id=679df55c-0315-5b56-d40e-99bc571e2fd9 tf_provider_addr=registry.terraform.io/hashicorp/nios tf_rpc=PlanResourceChange
2026-03-03T16:32:28.277+0530 [DEBUG] sdk.framework: marking computed attribute that is null in the config as unknown: tf_resource_type=nios_grid_member tf_req_id=679df55c-0315-5b56-d40e-99bc571e2fd9 tf_provider_addr=registry.terraform.io/hashicorp/nios tf_rpc=PlanResourceChange tf_attribute_path="AttributeName(\"threshold_traps\").ElementKeyInt(13).AttributeName(\"trap_type\")"
2026-03-03T16:32:28.277+0530 [DEBUG] sdk.framework: marking computed attribute that is null in the config as unknown: tf_rpc=PlanResourceChange tf_attribute_path="AttributeName(\"threshold_traps\").ElementKeyInt(13).AttributeName(\"trap_reset\")" tf_resource_type=nios_grid_member tf_req_id=679df55c-0315-5b56-d40e-99bc571e2fd9 tf_provider_addr=registry.terraform.io/hashicorp/nios
2026-03-03T16:32:28.277+0530 [DEBUG] sdk.framework: marking computed attribute that is null in the config as unknown: tf_resource_type=nios_grid_member tf_req_id=679df55c-0315-5b56-d40e-99bc571e2fd9 tf_provider_addr=registry.terraform.io/hashicorp/nios tf_rpc=PlanResourceChange tf_attribute_path="AttributeName(\"threshold_traps\").ElementKeyInt(14).AttributeName(\"trap_type\")"
2026-03-03T16:32:28.277+0530 [DEBUG] sdk.framework: marking computed attribute that is null in the config as unknown: tf_rpc=PlanResourceChange tf_attribute_path="AttributeName(\"threshold_traps\").ElementKeyInt(14).AttributeName(\"trap_reset\")" tf_resource_type=nios_grid_member tf_req_id=679df55c-0315-5b56-d40e-99bc571e2fd9 tf_provider_addr=registry.terraform.io/hashicorp/nios
2026-03-03T16:32:28.277+0530 [DEBUG] sdk.framework: marking computed attribute that is null in the config as unknown: tf_attribute_path="AttributeName(\"threshold_traps\").ElementKeyInt(14).AttributeName(\"trap_trigger\")" tf_resource_type=nios_grid_member tf_req_id=679df55c-0315-5b56-d40e-99bc571e2fd9 tf_provider_addr=registry.terraform.io/hashicorp/nios tf_rpc=PlanResourceChange
2026-03-03T16:32:28.277+0530 [DEBUG] sdk.framework: marking computed attribute that is null in the config as unknown: tf_provider_addr=registry.terraform.io/hashicorp/nios tf_rpc=PlanResourceChange tf_attribute_path="AttributeName(\"threshold_traps\").ElementKeyInt(15).AttributeName(\"trap_type\")" tf_resource_type=nios_grid_member tf_req_id=679df55c-0315-5b56-d40e-99bc571e2fd9
2026-03-03T16:32:28.277+0530 [DEBUG] sdk.framework: marking computed attribute that is null in the config as unknown: tf_attribute_path="AttributeName(\"threshold_traps\").ElementKeyInt(15).AttributeName(\"trap_reset\")" tf_resource_type=nios_grid_member tf_req_id=679df55c-0315-5b56-d40e-99bc571e2fd9 tf_provider_addr=registry.terraform.io/hashicorp/nios tf_rpc=PlanResourceChange
2026-03-03T16:32:28.277+0530 [DEBUG] sdk.framework: marking computed attribute that is null in the config as unknown: tf_resource_type=nios_grid_member tf_req_id=679df55c-0315-5b56-d40e-99bc571e2fd9 tf_provider_addr=registry.terraform.io/hashicorp/nios tf_rpc=PlanResourceChange tf_attribute_path="AttributeName(\"threshold_traps\").ElementKeyInt(15).AttributeName(\"trap_trigger\")"
2026-03-03T16:32:28.277+0530 [DEBUG] sdk.framework: marking computed attribute that is null in the config as unknown: tf_req_id=679df55c-0315-5b56-d40e-99bc571e2fd9 tf_provider_addr=registry.terraform.io/hashicorp/nios tf_rpc=PlanResourceChange tf_attribute_path="AttributeName(\"threshold_traps\").ElementKeyInt(16).AttributeName(\"trap_trigger\")" tf_resource_type=nios_grid_member
2026-03-03T16:32:28.277+0530 [DEBUG] sdk.framework: marking computed attribute that is null in the config as unknown: tf_req_id=679df55c-0315-5b56-d40e-99bc571e2fd9 tf_provider_addr=registry.terraform.io/hashicorp/nios tf_rpc=PlanResourceChange tf_attribute_path="AttributeName(\"threshold_traps\").ElementKeyInt(16).AttributeName(\"trap_type\")" tf_resource_type=nios_grid_member
2026-03-03T16:32:28.277+0530 [DEBUG] sdk.framework: marking computed attribute that is null in the config as unknown: tf_rpc=PlanResourceChange tf_attribute_path="AttributeName(\"threshold_traps\").ElementKeyInt(16).AttributeName(\"trap_reset\")" tf_resource_type=nios_grid_member tf_req_id=679df55c-0315-5b56-d40e-99bc571e2fd9 tf_provider_addr=registry.terraform.io/hashicorp/nios
2026-03-03T16:32:28.277+0530 [DEBUG] sdk.framework: marking computed attribute that is null in the config as unknown: tf_resource_type=nios_grid_member tf_req_id=679df55c-0315-5b56-d40e-99bc571e2fd9 tf_provider_addr=registry.terraform.io/hashicorp/nios tf_rpc=PlanResourceChange tf_attribute_path="AttributeName(\"threshold_traps\").ElementKeyInt(17).AttributeName(\"trap_reset\")"
2026-03-03T16:32:28.277+0530 [DEBUG] sdk.framework: marking computed attribute that is null in the config as unknown: tf_req_id=679df55c-0315-5b56-d40e-99bc571e2fd9 tf_provider_addr=registry.terraform.io/hashicorp/nios tf_rpc=PlanResourceChange tf_attribute_path="AttributeName(\"threshold_traps\").ElementKeyInt(17).AttributeName(\"trap_trigger\")" tf_resource_type=nios_grid_member
2026-03-03T16:32:28.277+0530 [DEBUG] sdk.framework: marking computed attribute that is null in the config as unknown: tf_rpc=PlanResourceChange tf_attribute_path="AttributeName(\"threshold_traps\").ElementKeyInt(17).AttributeName(\"trap_type\")" tf_resource_type=nios_grid_member tf_req_id=679df55c-0315-5b56-d40e-99bc571e2fd9 tf_provider_addr=registry.terraform.io/hashicorp/nios
2026-03-03T16:32:28.277+0530 [DEBUG] sdk.framework: marking computed attribute that is null in the config as unknown: tf_rpc=PlanResourceChange tf_attribute_path="AttributeName(\"threshold_traps\").ElementKeyInt(18).AttributeName(\"trap_trigger\")" tf_resource_type=nios_grid_member tf_req_id=679df55c-0315-5b56-d40e-99bc571e2fd9 tf_provider_addr=registry.terraform.io/hashicorp/nios
2026-03-03T16:32:28.277+0530 [DEBUG] sdk.framework: marking computed attribute that is null in the config as unknown: tf_attribute_path="AttributeName(\"threshold_traps\").ElementKeyInt(18).AttributeName(\"trap_type\")" tf_resource_type=nios_grid_member tf_req_id=679df55c-0315-5b56-d40e-99bc571e2fd9 tf_provider_addr=registry.terraform.io/hashicorp/nios tf_rpc=PlanResourceChange
2026-03-03T16:32:28.277+0530 [DEBUG] sdk.framework: marking computed attribute that is null in the config as unknown: tf_rpc=PlanResourceChange tf_attribute_path="AttributeName(\"threshold_traps\").ElementKeyInt(18).AttributeName(\"trap_reset\")" tf_resource_type=nios_grid_member tf_req_id=679df55c-0315-5b56-d40e-99bc571e2fd9 tf_provider_addr=registry.terraform.io/hashicorp/nios
2026-03-03T16:32:28.277+0530 [DEBUG] sdk.framework: marking computed attribute that is null in the config as unknown: tf_rpc=PlanResourceChange tf_attribute_path="AttributeName(\"threshold_traps\")" tf_resource_type=nios_grid_member tf_req_id=679df55c-0315-5b56-d40e-99bc571e2fd9 tf_provider_addr=registry.terraform.io/hashicorp/nios
2026-03-03T16:32:28.277+0530 [DEBUG] sdk.framework: marking computed attribute that is null in the config as unknown: tf_req_id=679df55c-0315-5b56-d40e-99bc571e2fd9 tf_provider_addr=registry.terraform.io/hashicorp/nios tf_rpc=PlanResourceChange tf_attribute_path="AttributeName(\"vip_setting\").AttributeName(\"lan_subnet_mask\")" tf_resource_type=nios_grid_member
2026-03-03T16:32:28.277+0530 [DEBUG] sdk.framework: marking computed attribute that is null in the config as unknown: tf_provider_addr=registry.terraform.io/hashicorp/nios tf_rpc=PlanResourceChange tf_attribute_path="AttributeName(\"vip_setting\").AttributeName(\"lan_gateway\")" tf_resource_type=nios_grid_member tf_req_id=679df55c-0315-5b56-d40e-99bc571e2fd9
2026-03-03T16:32:28.277+0530 [DEBUG] sdk.framework: marking computed attribute that is null in the config as unknown: tf_provider_addr=registry.terraform.io/hashicorp/nios tf_rpc=PlanResourceChange tf_attribute_path="AttributeName(\"lan2_port_setting\").AttributeName(\"network_setting\")" tf_resource_type=nios_grid_member tf_req_id=679df55c-0315-5b56-d40e-99bc571e2fd9
2026-03-03T16:32:28.277+0530 [DEBUG] sdk.framework: marking computed attribute that is null in the config as unknown: tf_resource_type=nios_grid_member tf_req_id=679df55c-0315-5b56-d40e-99bc571e2fd9 tf_provider_addr=registry.terraform.io/hashicorp/nios tf_rpc=PlanResourceChange tf_attribute_path="AttributeName(\"lan2_port_setting\").AttributeName(\"v6_network_setting\")"
2026-03-03T16:32:28.277+0530 [DEBUG] sdk.framework: marking computed attribute that is null in the config as unknown: tf_rpc=PlanResourceChange tf_attribute_path="AttributeName(\"lan2_port_setting\")" tf_resource_type=nios_grid_member tf_req_id=679df55c-0315-5b56-d40e-99bc571e2fd9 tf_provider_addr=registry.terraform.io/hashicorp/nios
2026-03-03T16:32:28.277+0530 [DEBUG] sdk.framework: marking computed attribute that is null in the config as unknown: tf_resource_type=nios_grid_member tf_req_id=679df55c-0315-5b56-d40e-99bc571e2fd9 tf_provider_addr=registry.terraform.io/hashicorp/nios tf_rpc=PlanResourceChange tf_attribute_path="AttributeName(\"syslog_servers\")"
2026-03-03T16:32:28.277+0530 [DEBUG] sdk.framework: marking computed attribute that is null in the config as unknown: tf_rpc=PlanResourceChange tf_attribute_path="AttributeName(\"ospf_list\")" tf_resource_type=nios_grid_member tf_req_id=679df55c-0315-5b56-d40e-99bc571e2fd9 tf_provider_addr=registry.terraform.io/hashicorp/nios
2026/03/03 16:32:28 
PUT /wapi/v2.13.6/member/b25lLnZpcnR1YWxfbm9kZSQyMw:infoblox-wxgoem.localdomain?_return_as_object=1&_return_fields%2B=active_position%2Cadditional_ip_list%2Cautomated_traffic_capture_setting%2Cbgp_as%2Ccomment%2Cconfig_addr_type%2Ccsp_access_key%2Ccsp_member_setting%2Cdns_resolver_setting%2Cdscp%2Cemail_setting%2Cenable_ha%2Cenable_lom%2Cenable_member_redirect%2Cenable_ro_api_access%2Cextattrs%2Cexternal_syslog_backup_servers%2Cexternal_syslog_server_enable%2Cha_cloud_platform%2Cha_on_cloud%2Chost_name%2Cipv6_setting%2Cipv6_static_routes%2Cis_dscp_capable%2Clan2_enabled%2Clan2_port_setting%2Clom_network_config%2Clom_users%2Cmaster_candidate%2Cmember_service_communication%2Cmgmt_port_setting%2Cmmdb_ea_build_time%2Cmmdb_geoip_build_time%2Cnat_setting%2Cnode_info%2Cntp_setting%2Cospf_list%2Cpassive_ha_arp_enabled%2Cplatform%2Cpre_provisioning%2Cpreserve_if_owns_delegation%2Cremote_console_access_enable%2Crouter_id%2Cservice_status%2Cservice_type_configuration%2Csnmp_setting%2Cstatic_routes%2Csupport_access_enable%2Csupport_access_info%2Csyslog_proxy_setting%2Csyslog_servers%2Csyslog_size%2Cthreshold_traps%2Ctime_zone%2Ctraffic_capture_auth_dns_setting%2Ctraffic_capture_chr_setting%2Ctraffic_capture_qps_setting%2Ctraffic_capture_rec_dns_setting%2Ctraffic_capture_rec_queries_setting%2Ctrap_notifications%2Cupgrade_group%2Cuse_automated_traffic_capture%2Cuse_dns_resolver_setting%2Cuse_dscp%2Cuse_email_setting%2Cuse_enable_lom%2Cuse_enable_member_redirect%2Cuse_external_syslog_backup_servers%2Cuse_remote_console_access_enable%2Cuse_snmp_setting%2Cuse_support_access_enable%2Cuse_syslog_proxy_setting%2Cuse_threshold_traps%2Cuse_time_zone%2Cuse_traffic_capture_auth_dns%2Cuse_traffic_capture_chr%2Cuse_traffic_capture_qps%2Cuse_traffic_capture_rec_dns%2Cuse_traffic_capture_rec_queries%2Cuse_trap_notifications%2Cuse_v4_vrrp%2Cvip_setting%2Cvpn_mtu HTTP/1.1
Host: 172.28.83.110
User-Agent: nios-golang-sdk/0.1
Content-Length: 2019
Accept: application/json
Content-Type: application/json
X-Infoblox-Client: terraform/test#test
X-Infoblox-Sdk: golang-sdk
Accept-Encoding: gzip

{"additional_ip_list":[],"bgp_as":[],"comment":"","config_addr_type":"IPV4","dscp":0,"enable_ha":false,"enable_lom":true,"enable_member_redirect":false,"enable_ro_api_access":false,"extattrs":{"Terraform Internal ID":{"value":"cb9dbc67-f620-7708-3969-17df59ee8d3d"}},"external_syslog_backup_servers":[],"external_syslog_server_enable":false,"ha_on_cloud":false,"host_name":"infoblox-wxgoem.localdomain","ipv6_setting":{"auto_router_config_enabled":false,"dscp":0,"enabled":false,"primary":true,"use_dscp":false},"ipv6_static_routes":[],"lan2_enabled":false,"lom_network_config":[],"lom_users":[],"master_candidate":false,"member_service_communication":[],"node_info":[],"ospf_list":[],"passive_ha_arp_enabled":false,"platform":"VNIOS","preserve_if_owns_delegation":false,"remote_console_access_enable":false,"service_type_configuration":"ALL_V4","snmp_setting":{"queries_enable":true,"snmpv3_queries_enable":true,"snmpv3_queries_users":[],"snmpv3_traps_enable":true,"syscontact":[],"sysdescr":[],"syslocation":[],"sysname":[],"trap_receivers":[],"traps_enable":true},"static_routes":[],"support_access_enable":false,"syslog_servers":[],"syslog_size":300,"threshold_traps":[],"time_zone":"UTC","trap_notifications":[],"upgrade_group":"Default","use_automated_traffic_capture":false,"use_dns_resolver_setting":false,"use_dscp":false,"use_email_setting":false,"use_enable_lom":false,"use_enable_member_redirect":false,"use_external_syslog_backup_servers":false,"use_remote_console_access_enable":false,"use_snmp_setting":true,"use_support_access_enable":false,"use_syslog_proxy_setting":false,"use_threshold_traps":false,"use_time_zone":false,"use_traffic_capture_auth_dns":false,"use_traffic_capture_chr":false,"use_traffic_capture_qps":false,"use_traffic_capture_rec_dns":false,"use_traffic_capture_rec_queries":false,"use_trap_notifications":false,"use_v4_vrrp":true,"vip_setting":{"address":"172.28.83.17","dscp":0,"gateway":"172.28.82.1","primary":true,"subnet_mask":"255.255.254.0","use_dscp":false},"vpn_mtu":1450}

2026/03/03 16:32:29 
HTTP/1.1 400 Bad Request
Connection: close
Transfer-Encoding: chunked
Cache-Control: no-cache, no-store
Content-Security-Policy: default-src 'self' blob: *.splunk.com img-src 'self' 'unsafe-inline' 'unsafe-eval' data: https: style-src 'self' 'unsafe-inline' 'unsafe-eval'
Content-Type: application/json
Date: Tue, 03 Mar 2026 11:02:28 GMT
Pragma: no-cache
Referrer-Policy: no-referrer-when-downgrade
Server: Apache
Strict-Transport-Security: max-age=31536000; includeSubDomains
X-Content-Type-Options: nosniff
X-Frame-Options: SAMEORIGIN
X-Xss-Protection: 1; mode=block

ee
{ "Error": "AdmConDataError: None (IBDataConflictError: IB.Data.Conflict:Add at least one SNMPv3 User to enable SNMPv3 queries.)",
  "code": "Client.Ibap.Data.Conflict",
  "text": "Add at least one SNMPv3 User to enable SNMPv3 queries."
}
0


2026-03-03T16:32:29.693+0530 [ERROR] sdk.proto: Response contains error diagnostic: tf_provider_addr=registry.terraform.io/hashicorp/nios tf_proto_version=6.10 tf_resource_type=nios_grid_member diagnostic_severity=ERROR diagnostic_summary="Client Error"
  diagnostic_detail=
  | Unable to update Member, got error: 400 Bad Request, '{ "Error": "AdmConDataError: None (IBDataConflictError: IB.Data.Conflict:Add at least one SNMPv3 User to enable SNMPv3 queries.)",
  |   "code": "Client.Ibap.Data.Conflict",
  |   "text": "Add at least one SNMPv3 User to enable SNMPv3 queries."
  | }'
   tf_rpc=ApplyResourceChange tf_req_id=067346ba-9c98-5be8-1d30-44c62f418c04
2026-03-03T16:32:29.711+0530 [WARN]  sdk.helper_resource: Error running Terraform CLI command: test_working_directory=/var/folders/6m/7j_mmff502l5vfc9jp_db0l40000gp/T/plugintest2853927804 test_step_number=2 test_name=TestAccMemberResource_SnmpSetting test_terraform_path=/usr/local/bin/terraform
  error=
  | exit status 1
  | 
  | Error: Client Error
  | 
  |   with nios_grid_member.test_snmp_setting,
  |   on terraform_plugin_test.tf line 12, in resource "nios_grid_member" "test_snmp_setting":
  |   12: resource "nios_grid_member" "test_snmp_setting" {
  | 
  | Unable to update Member, got error: 400 Bad Request, '{ "Error":
  | "AdmConDataError: None (IBDataConflictError: IB.Data.Conflict:Add at least
  | one SNMPv3 User to enable SNMPv3 queries.)",
  |   "code": "Client.Ibap.Data.Conflict",
  |   "text": "Add at least one SNMPv3 User to enable SNMPv3 queries."
  | }'
  
2026-03-03T16:32:29.712+0530 [ERROR] sdk.helper_resource: Unexpected error: test_working_directory=/var/folders/6m/7j_mmff502l5vfc9jp_db0l40000gp/T/plugintest2853927804 test_step_number=2 test_name=TestAccMemberResource_SnmpSetting test_terraform_path=/usr/local/bin/terraform
  error=
  | Error running apply: exit status 1
  | 
  | Error: Client Error
  | 
  |   with nios_grid_member.test_snmp_setting,
  |   on terraform_plugin_test.tf line 12, in resource "nios_grid_member" "test_snmp_setting":
  |   12: resource "nios_grid_member" "test_snmp_setting" {
  | 
  | Unable to update Member, got error: 400 Bad Request, '{ "Error":
  | "AdmConDataError: None (IBDataConflictError: IB.Data.Conflict:Add at least
  | one SNMPv3 User to enable SNMPv3 queries.)",
  |   "code": "Client.Ibap.Data.Conflict",
  |   "text": "Add at least one SNMPv3 User to enable SNMPv3 queries."
  | }'
  
    member_resource_test.go:2017: Step 2/2 error: Error running apply: exit status 1
        
        Error: Client Error
        
          with nios_grid_member.test_snmp_setting,
          on terraform_plugin_test.tf line 12, in resource "nios_grid_member" "test_snmp_setting":
          12: resource "nios_grid_member" "test_snmp_setting" {
        
        Unable to update Member, got error: 400 Bad Request, '{ "Error":
        "AdmConDataError: None (IBDataConflictError: IB.Data.Conflict:Add at least
        one SNMPv3 User to enable SNMPv3 queries.)",
          "code": "Client.Ibap.Data.Conflict",
          "text": "Add at least one SNMPv3 User to enable SNMPv3 queries."
        }'
2026/03/03 16:32:34 
GET /wapi/v2.13.6/extensibleattributedef?_return_as_object=1&_return_fields%2B=allowed_object_types%2Ccomment%2Cdefault_value%2Cflags%2Clist_values%2Cmax%2Cmin%2Cname%2Cnamespace%2Ctype&name=Terraform+Internal+ID HTTP/1.1
Host: 172.28.83.110
User-Agent: nios-golang-sdk/0.1
Accept: application/json
X-Infoblox-Client: terraform/test#test
X-Infoblox-Sdk: golang-sdk
Accept-Encoding: gzip


2026/03/03 16:32:35 
HTTP/1.1 200 OK
Connection: close
Transfer-Encoding: chunked
Cache-Control: no-cache, no-store
Content-Security-Policy: default-src 'self' blob: *.splunk.com img-src 'self' 'unsafe-inline' 'unsafe-eval' data: https: style-src 'self' 'unsafe-inline' 'unsafe-eval'
Content-Type: application/json
Date: Tue, 03 Mar 2026 11:02:34 GMT
Pragma: no-cache
Referrer-Policy: no-referrer-when-downgrade
Server: Apache
Set-Cookie: ibapauth="ctime=1772535754,user=admin,group=admin-group,auth=LOCAL,client=API,mtime=1772535754,su=1,ip=10.195.21.137,timeout=3600,g3bXWhM95SJRSblZS5AY6RDzDo3VJonKu9g"; HttpOnly; Path=/; secure; SameSite=Lax
Strict-Transport-Security: max-age=31536000; includeSubDomains
X-Content-Type-Options: nosniff
X-Frame-Options: SAMEORIGIN
X-Xss-Protection: 1; mode=block

144
{"result": [{"_ref": "extensibleattributedef/b25lLmV4dGVuc2libGVfYXR0cmlidXRlc19kZWYkLlRlcnJhZm9ybSBJbnRlcm5hbCBJRA:Terraform%20Internal%20ID", "comment": "Internal ID for Terraform Resource", "default_value": null, "flags": "CR", "list_values": [], "name": "Terraform Internal ID", "namespace": "CLOUD", "type": "STRING"}]}
0


2026/03/03 16:32:35 
GET /wapi/v2.13.6/extensibleattributedef?_return_as_object=1&_return_fields%2B=allowed_object_types%2Ccomment%2Cdefault_value%2Cflags%2Clist_values%2Cmax%2Cmin%2Cname%2Cnamespace%2Ctype&name=Terraform+Internal+ID HTTP/1.1
Host: 172.28.83.110
User-Agent: nios-golang-sdk/0.1
Accept: application/json
X-Infoblox-Client: terraform/test#test
X-Infoblox-Sdk: golang-sdk
Accept-Encoding: gzip


2026/03/03 16:32:35 
HTTP/1.1 200 OK
Connection: close
Transfer-Encoding: chunked
Cache-Control: no-cache, no-store
Content-Security-Policy: default-src 'self' blob: *.splunk.com img-src 'self' 'unsafe-inline' 'unsafe-eval' data: https: style-src 'self' 'unsafe-inline' 'unsafe-eval'
Content-Type: application/json
Date: Tue, 03 Mar 2026 11:02:34 GMT
Pragma: no-cache
Referrer-Policy: no-referrer-when-downgrade
Server: Apache
Set-Cookie: ibapauth="ctime=1772535754,user=admin,group=admin-group,auth=LOCAL,client=API,mtime=1772535754,su=1,ip=10.195.21.137,timeout=3600,A396HH3XUm96c6fI269u9i6E9G8nJ7HmK0k"; HttpOnly; Path=/; secure; SameSite=Lax
Strict-Transport-Security: max-age=31536000; includeSubDomains
X-Content-Type-Options: nosniff
X-Frame-Options: SAMEORIGIN
X-Xss-Protection: 1; mode=block

144
{"result": [{"_ref": "extensibleattributedef/b25lLmV4dGVuc2libGVfYXR0cmlidXRlc19kZWYkLlRlcnJhZm9ybSBJbnRlcm5hbCBJRA:Terraform%20Internal%20ID", "comment": "Internal ID for Terraform Resource", "default_value": null, "flags": "CR", "list_values": [], "name": "Terraform Internal ID", "namespace": "CLOUD", "type": "STRING"}]}
0


2026/03/03 16:32:35 
DELETE /wapi/v2.13.6/member/b25lLnZpcnR1YWxfbm9kZSQyMw:infoblox-wxgoem.localdomain HTTP/1.1
Host: 172.28.83.110
User-Agent: nios-golang-sdk/0.1
X-Infoblox-Client: terraform/test#test
X-Infoblox-Sdk: golang-sdk
Accept-Encoding: gzip


2026/03/03 16:32:36 
HTTP/1.1 200 OK
Connection: close
Transfer-Encoding: chunked
Cache-Control: no-cache, no-store
Content-Security-Policy: default-src 'self' blob: *.splunk.com img-src 'self' 'unsafe-inline' 'unsafe-eval' data: https: style-src 'self' 'unsafe-inline' 'unsafe-eval'
Content-Type: application/json
Date: Tue, 03 Mar 2026 11:02:35 GMT
Pragma: no-cache
Referrer-Policy: no-referrer-when-downgrade
Server: Apache
Strict-Transport-Security: max-age=31536000; includeSubDomains
X-Content-Type-Options: nosniff
X-Frame-Options: SAMEORIGIN
X-Xss-Protection: 1; mode=block

3f
"member/b25lLnZpcnR1YWxfbm9kZSQyMw:infoblox-wxgoem.localdomain"
0


--- FAIL: TestAccMemberResource_SnmpSetting (20.37s)
FAIL
FAIL	github.com/infobloxopen/terraform-provider-nios/internal/service/grid	21.007s
FAIL
